============================= test session starts =============================
platform win32 -- Python 3.14.2, pytest-9.0.2, pluggy-1.6.0 -- C:\Projects\gpp_plataform2.0\.venv\Scripts\python.exe
cachedir: .pytest_cache
django: version: 5.2, settings: config.settings.development (from ini)
rootdir: C:\Projects\gpp_plataform2.0
configfile: pytest.ini
plugins: cov-6.1.0, django-4.12.0
collecting ... collected 347 items

apps/accounts/tests/policies/test_application_policy.py::TestCanViewApplication::test_portal_admin_can_view_blocked_app PASSED [  0%]
apps/accounts/tests/policies/test_application_policy.py::TestCanViewApplication::test_portal_admin_can_view_not_ready_app PASSED [  0%]
apps/accounts/tests/policies/test_application_policy.py::TestCanViewApplication::test_superuser_can_view_blocked_app PASSED [  0%]
apps/accounts/tests/policies/test_application_policy.py::TestCanViewApplication::test_regular_user_with_role_can_view_ready_app PASSED [  1%]
apps/accounts/tests/policies/test_application_policy.py::TestCanViewApplication::test_regular_user_cannot_view_blocked_app PASSED [  1%]
apps/accounts/tests/policies/test_application_policy.py::TestCanViewApplication::test_regular_user_cannot_view_not_ready_app PASSED [  1%]
apps/accounts/tests/policies/test_application_policy.py::TestCanViewApplication::test_regular_user_without_role_cannot_view_app PASSED [  2%]
apps/accounts/tests/policies/test_application_policy.py::TestCanManageApplication::test_portal_admin_can_manage PASSED [  2%]
apps/accounts/tests/policies/test_application_policy.py::TestCanManageApplication::test_superuser_can_manage PASSED [  2%]
apps/accounts/tests/policies/test_application_policy.py::TestCanManageApplication::test_regular_user_cannot_manage PASSED [  2%]
apps/accounts/tests/policies/test_application_policy.py::TestCanBlockApplication::test_portal_admin_can_block_regular_app PASSED [  3%]
apps/accounts/tests/policies/test_application_policy.py::TestCanBlockApplication::test_superuser_can_block_regular_app PASSED [  3%]
apps/accounts/tests/policies/test_application_policy.py::TestCanBlockApplication::test_cannot_block_portal_app PASSED [  3%]
apps/accounts/tests/policies/test_application_policy.py::TestCanBlockApplication::test_regular_user_cannot_block PASSED [  4%]
apps/accounts/tests/policies/test_application_policy.py::TestCanSetProductionReady::test_portal_admin_can_set_production_ready PASSED [  4%]
apps/accounts/tests/policies/test_application_policy.py::TestCanSetProductionReady::test_superuser_can_set_production_ready PASSED [  4%]
apps/accounts/tests/policies/test_application_policy.py::TestCanSetProductionReady::test_regular_user_cannot_set_production_ready PASSED [  4%]
apps/accounts/tests/policies/test_application_policy.py::TestCanAssignRole::test_portal_admin_can_assign_role_in_ready_app PASSED [  5%]
apps/accounts/tests/policies/test_application_policy.py::TestCanAssignRole::test_portal_admin_cannot_assign_role_in_blocked_app PASSED [  5%]
apps/accounts/tests/policies/test_application_policy.py::TestCanAssignRole::test_portal_admin_cannot_assign_role_in_not_ready_app PASSED [  5%]
apps/accounts/tests/policies/test_application_policy.py::TestCanAssignRole::test_regular_user_cannot_assign_role PASSED [  6%]
apps/accounts/tests/policies/test_application_policy.py::TestCanRemoveRole::test_portal_admin_can_remove_role_even_from_blocked_app PASSED [  6%]
apps/accounts/tests/policies/test_application_policy.py::TestCanRemoveRole::test_regular_user_cannot_remove_role PASSED [  6%]
apps/accounts/tests/policies/test_application_policy.py::TestInstanceCache::test_is_portal_admin_consulted_only_once PASSED [  6%]
apps/accounts/tests/policies/test_application_policy.py::TestInstanceCache::test_user_role_in_app_consulted_only_once PASSED [  7%]
apps/accounts/tests/policies/test_attribute_policy.py::TestCanViewAttribute::test_portal_admin_can_view_any_attribute PASSED [  7%]
apps/accounts/tests/policies/test_attribute_policy.py::TestCanViewAttribute::test_superuser_can_view_any_attribute PASSED [  7%]
apps/accounts/tests/policies/test_attribute_policy.py::TestCanViewAttribute::test_user_can_view_own_attribute PASSED [  8%]
apps/accounts/tests/policies/test_attribute_policy.py::TestCanViewAttribute::test_gestor_can_view_attribute_of_user_in_same_app PASSED [  8%]
apps/accounts/tests/policies/test_attribute_policy.py::TestCanViewAttribute::test_regular_user_cannot_view_other_attribute PASSED [  8%]
apps/accounts/tests/policies/test_attribute_policy.py::TestCanCreateAttribute::test_portal_admin_can_create_attribute_in_ready_app PASSED [  8%]
apps/accounts/tests/policies/test_attribute_policy.py::TestCanCreateAttribute::test_portal_admin_cannot_create_in_blocked_app PASSED [  9%]
apps/accounts/tests/policies/test_attribute_policy.py::TestCanCreateAttribute::test_portal_admin_cannot_create_in_not_ready_app PASSED [  9%]
apps/accounts/tests/policies/test_attribute_policy.py::TestCanCreateAttribute::test_portal_admin_can_create_attribute_without_app PASSED [  9%]
apps/accounts/tests/policies/test_attribute_policy.py::TestCanCreateAttribute::test_regular_user_cannot_create_attribute PASSED [ 10%]
apps/accounts/tests/policies/test_attribute_policy.py::TestCanEditAndDeleteAttribute::test_portal_admin_can_edit_attribute PASSED [ 10%]
apps/accounts/tests/policies/test_attribute_policy.py::TestCanEditAndDeleteAttribute::test_superuser_can_edit_attribute PASSED [ 10%]
apps/accounts/tests/policies/test_attribute_policy.py::TestCanEditAndDeleteAttribute::test_regular_user_cannot_edit_attribute PASSED [ 10%]
apps/accounts/tests/policies/test_attribute_policy.py::TestCanEditAndDeleteAttribute::test_portal_admin_can_delete_attribute PASSED [ 11%]
apps/accounts/tests/policies/test_attribute_policy.py::TestCanEditAndDeleteAttribute::test_regular_user_cannot_delete_attribute PASSED [ 11%]
apps/accounts/tests/policies/test_cross_policy_accounts.py::TestBlockedAppCoherence::test_blocked_app_denies_view_in_application_and_role_policies PASSED [ 11%]
apps/accounts/tests/policies/test_cross_policy_accounts.py::TestBlockedAppCoherence::test_blocked_app_denies_new_userrole_but_allows_deletion PASSED [ 12%]
apps/accounts/tests/policies/test_cross_policy_accounts.py::TestBlockedAppCoherence::test_blocked_app_denies_attribute_creation PASSED [ 12%]
apps/accounts/tests/policies/test_cross_policy_accounts.py::TestStagingAppCoherence::test_staging_app_denies_userrole_creation PASSED [ 12%]
apps/accounts/tests/policies/test_cross_policy_accounts.py::TestStagingAppCoherence::test_staging_app_still_allows_deletion_of_existing_userrole PASSED [ 12%]
apps/accounts/tests/policies/test_cross_policy_accounts.py::TestStagingAppCoherence::test_staging_app_visible_to_portal_admin_but_not_regular_user PASSED [ 13%]
apps/accounts/tests/policies/test_cross_policy_accounts.py::TestPortalAdminRootProtection::test_portal_admin_role_cannot_be_deleted_anywhere PASSED [ 13%]
apps/accounts/tests/policies/test_cross_policy_accounts.py::TestPortalAdminRootProtection::test_portal_admin_role_cannot_be_assigned_by_portal_admin PASSED [ 13%]
apps/accounts/tests/policies/test_cross_policy_accounts.py::TestPortalAdminRootProtection::test_superuser_can_assign_portal_admin_role PASSED [ 14%]
apps/accounts/tests/policies/test_cross_policy_accounts.py::TestPortalAdminRootProtection::test_nobody_can_revoke_own_role PASSED [ 14%]
apps/accounts/tests/policies/test_cross_policy_accounts.py::TestGestorScopeCoherence::test_gestor_can_view_profile_and_userroles_of_user_in_same_app PASSED [ 14%]
apps/accounts/tests/policies/test_cross_policy_accounts.py::TestGestorScopeCoherence::test_gestor_cannot_view_profile_or_userroles_of_isolated_user PASSED [ 14%]
apps/accounts/tests/policies/test_cross_policy_accounts.py::TestGestorScopeCoherence::test_gestor_cannot_change_classificacao_or_status_even_in_same_app PASSED [ 15%]
apps/accounts/tests/policies/test_cross_policy_accounts.py::TestGestorScopeCoherence::test_gestor_cannot_create_or_delete_userroles PASSED [ 15%]
apps/accounts/tests/policies/test_cross_policy_accounts.py::TestSessionIsolation::test_user_cannot_see_session_of_another_user PASSED [ 15%]
apps/accounts/tests/policies/test_cross_policy_accounts.py::TestSessionIsolation::test_portal_admin_can_revoke_session_of_any_user PASSED [ 16%]
apps/accounts/tests/policies/test_role_policy.py::TestCanViewRole::test_portal_admin_can_view_any_role PASSED [ 16%]
apps/accounts/tests/policies/test_role_policy.py::TestCanViewRole::test_superuser_can_view_any_role PASSED [ 16%]
apps/accounts/tests/policies/test_role_policy.py::TestCanViewRole::test_user_with_role_in_app_can_view_role_of_same_app PASSED [ 17%]
apps/accounts/tests/policies/test_role_policy.py::TestCanViewRole::test_user_without_role_cannot_view_role PASSED [ 17%]
apps/accounts/tests/policies/test_role_policy.py::TestCanViewRole::test_user_cannot_view_role_of_blocked_app PASSED [ 17%]
apps/accounts/tests/policies/test_role_policy.py::TestCanCreateRole::test_portal_admin_can_create_role PASSED [ 17%]
apps/accounts/tests/policies/test_role_policy.py::TestCanCreateRole::test_superuser_can_create_role PASSED [ 18%]
apps/accounts/tests/policies/test_role_policy.py::TestCanCreateRole::test_regular_user_cannot_create_role PASSED [ 18%]
apps/accounts/tests/policies/test_role_policy.py::TestCanEditRole::test_portal_admin_can_edit_regular_role PASSED [ 18%]
apps/accounts/tests/policies/test_role_policy.py::TestCanEditRole::test_superuser_can_edit_regular_role PASSED [ 19%]
apps/accounts/tests/policies/test_role_policy.py::TestCanEditRole::test_portal_admin_cannot_edit_portal_admin_role PASSED [ 19%]
apps/accounts/tests/policies/test_role_policy.py::TestCanEditRole::test_superuser_can_edit_portal_admin_role PASSED [ 19%]
apps/accounts/tests/policies/test_role_policy.py::TestCanEditRole::test_regular_user_cannot_edit_any_role PASSED [ 19%]
apps/accounts/tests/policies/test_role_policy.py::TestCanDeleteRole::test_portal_admin_can_delete_regular_role PASSED [ 20%]
apps/accounts/tests/policies/test_role_policy.py::TestCanDeleteRole::test_superuser_cannot_delete_portal_admin_role PASSED [ 20%]
apps/accounts/tests/policies/test_role_policy.py::TestCanDeleteRole::test_portal_admin_cannot_delete_portal_admin_role PASSED [ 20%]
apps/accounts/tests/policies/test_role_policy.py::TestCanDeleteRole::test_regular_user_cannot_delete_any_role PASSED [ 21%]
apps/accounts/tests/policies/test_role_policy.py::TestCanAssignRole::test_portal_admin_can_assign_regular_role_in_ready_app PASSED [ 21%]
apps/accounts/tests/policies/test_role_policy.py::TestCanAssignRole::test_portal_admin_cannot_assign_portal_admin_role PASSED [ 21%]
apps/accounts/tests/policies/test_role_policy.py::TestCanAssignRole::test_superuser_can_assign_portal_admin_role PASSED [ 21%]
apps/accounts/tests/policies/test_role_policy.py::TestCanAssignRole::test_portal_admin_cannot_assign_role_in_blocked_app PASSED [ 22%]
apps/accounts/tests/policies/test_role_policy.py::TestCanAssignRole::test_portal_admin_cannot_assign_role_in_not_ready_app PASSED [ 22%]
apps/accounts/tests/policies/test_role_policy.py::TestCanAssignRole::test_regular_user_cannot_assign_any_role PASSED [ 22%]
apps/accounts/tests/policies/test_role_policy.py::TestCanAssignRole::test_portal_admin_can_assign_global_role PASSED [ 23%]
apps/accounts/tests/policies/test_role_policy.py::TestCanRevokeRole::test_portal_admin_can_revoke_regular_role_from_other_user PASSED [ 23%]
apps/accounts/tests/policies/test_role_policy.py::TestCanRevokeRole::test_cannot_revoke_own_role_regular_user PASSED [ 23%]
apps/accounts/tests/policies/test_role_policy.py::TestCanRevokeRole::test_cannot_revoke_own_role_portal_admin PASSED [ 23%]
apps/accounts/tests/policies/test_role_policy.py::TestCanRevokeRole::test_portal_admin_cannot_revoke_portal_admin_role PASSED [ 24%]
apps/accounts/tests/policies/test_role_policy.py::TestCanRevokeRole::test_superuser_can_revoke_portal_admin_role_from_other_user PASSED [ 24%]
apps/accounts/tests/policies/test_role_policy.py::TestCanRevokeRole::test_portal_admin_can_revoke_role_even_from_blocked_app PASSED [ 24%]
apps/accounts/tests/policies/test_role_policy.py::TestCanRevokeRole::test_regular_user_cannot_revoke_any_role PASSED [ 25%]
apps/accounts/tests/policies/test_session_policy.py::TestCanViewSession::test_portal_admin_can_view_any_session PASSED [ 25%]
apps/accounts/tests/policies/test_session_policy.py::TestCanViewSession::test_superuser_can_view_any_session PASSED [ 25%]
apps/accounts/tests/policies/test_session_policy.py::TestCanViewSession::test_user_can_view_own_session PASSED [ 25%]
apps/accounts/tests/policies/test_session_policy.py::TestCanViewSession::test_user_cannot_view_other_session PASSED [ 26%]
apps/accounts/tests/policies/test_session_policy.py::TestCanRevokeSession::test_portal_admin_can_revoke_any_session PASSED [ 26%]
apps/accounts/tests/policies/test_session_policy.py::TestCanRevokeSession::test_user_can_revoke_own_session PASSED [ 26%]
apps/accounts/tests/policies/test_session_policy.py::TestCanRevokeSession::test_user_cannot_revoke_other_session PASSED [ 27%]
apps/accounts/tests/policies/test_session_policy.py::TestCanRevokeSession::test_cannot_revoke_already_revoked_session PASSED [ 27%]
apps/accounts/tests/policies/test_session_policy.py::TestCanRevokeSession::test_portal_admin_cannot_revoke_already_revoked_session PASSED [ 27%]
apps/accounts/tests/policies/test_session_policy.py::TestCanRevokeAllSessions::test_portal_admin_can_revoke_all_sessions_of_any_user PASSED [ 27%]
apps/accounts/tests/policies/test_session_policy.py::TestCanRevokeAllSessions::test_user_can_revoke_all_own_sessions PASSED [ 28%]
apps/accounts/tests/policies/test_session_policy.py::TestCanRevokeAllSessions::test_regular_user_cannot_revoke_all_sessions_of_other_user PASSED [ 28%]
apps/accounts/tests/policies/test_user_policy.py::TestCanCreateUser::test_can_create_user_portal_admin_returns_true PASSED [ 28%]
apps/accounts/tests/policies/test_user_policy.py::TestCanCreateUser::test_can_create_user_no_classificacao_returns_false PASSED [ 29%]
apps/accounts/tests/policies/test_user_policy.py::TestCanCreateUser::test_can_create_user_classificacao_pode_criar_true_returns_true PASSED [ 29%]
apps/accounts/tests/policies/test_user_policy.py::TestCanCreateUser::test_can_create_user_classificacao_pode_criar_false_returns_false PASSED [ 29%]
apps/accounts/tests/policies/test_user_policy.py::TestCanEditUser::test_can_edit_user_portal_admin_returns_true PASSED [ 29%]
apps/accounts/tests/policies/test_user_policy.py::TestCanEditUser::test_can_edit_user_no_classificacao_returns_false PASSED [ 30%]
apps/accounts/tests/policies/test_user_policy.py::TestCanEditUser::test_can_edit_user_classificacao_pode_editar_true_returns_true PASSED [ 30%]
apps/accounts/tests/policies/test_user_policy.py::TestCanEditUser::test_can_edit_user_classificacao_pode_editar_false_returns_false PASSED [ 30%]
apps/accounts/tests/policies/test_user_policy.py::TestCanCreateUserInApplication::test_portal_admin_returns_true_without_checking_userrole PASSED [ 31%]
apps/accounts/tests/policies/test_user_policy.py::TestCanCreateUserInApplication::test_no_create_permission_returns_false_immediately PASSED [ 31%]
apps/accounts/tests/policies/test_user_policy.py::TestCanCreateUserInApplication::test_has_role_in_app_returns_true PASSED [ 31%]
apps/accounts/tests/policies/test_user_policy.py::TestCanCreateUserInApplication::test_no_role_in_app_returns_false PASSED [ 31%]
apps/accounts/tests/policies/test_user_policy.py::TestCanCreateUserInApplication::test_aplicacao_sem_codigointerno_usa_str_no_log PASSED [ 32%]
apps/accounts/tests/policies/test_user_policy.py::TestCanEditTargetUser::test_portal_admin_returns_true PASSED [ 32%]
apps/accounts/tests/policies/test_user_policy.py::TestCanEditTargetUser::test_no_edit_permission_returns_false_immediately PASSED [ 32%]
apps/accounts/tests/policies/test_user_policy.py::TestCanEditTargetUser::test_with_intersection_returns_true PASSED [ 33%]
apps/accounts/tests/policies/test_user_policy.py::TestCanEditTargetUser::test_without_intersection_returns_false PASSED [ 33%]
apps/accounts/tests/policies/test_user_policy.py::TestCanManageTargetUser::test_portal_admin_returns_true PASSED [ 33%]
apps/accounts/tests/policies/test_user_policy.py::TestCanManageTargetUser::test_no_edit_permission_returns_false_immediately PASSED [ 34%]
apps/accounts/tests/policies/test_user_policy.py::TestCanManageTargetUser::test_with_intersection_returns_true PASSED [ 34%]
apps/accounts/tests/policies/test_user_policy.py::TestCanManageTargetUser::test_without_intersection_returns_false PASSED [ 34%]
apps/accounts/tests/policies/test_user_policy.py::TestHelpers::test_is_portal_admin_cache_hit_filter_called_once PASSED [ 34%]
apps/accounts/tests/policies/test_user_policy.py::TestHelpers::test_get_classificacao_returns_profile_classificacao PASSED [ 35%]
apps/accounts/tests/policies/test_user_policy.py::TestHelpers::test_get_classificacao_returns_none_on_attribute_error PASSED [ 35%]
apps/accounts/tests/policies/test_user_policy.py::TestHelpers::test_get_user_applications_cache_hit_no_second_db_call PASSED [ 35%]
apps/accounts/tests/policies/test_user_policy.py::TestHelpers::test_get_user_applications_returns_set_of_ids PASSED [ 36%]
apps/accounts/tests/policies/test_user_policy.py::TestHelpers::test_has_application_intersection_shared_app_returns_true PASSED [ 36%]
apps/accounts/tests/policies/test_user_policy.py::TestHelpers::test_has_application_intersection_no_shared_app_returns_false PASSED [ 36%]
apps/accounts/tests/policies/test_user_policy.py::TestHelpers::test_has_application_intersection_empty_actor_apps_returns_false PASSED [ 36%]
apps/accounts/tests/policies/test_user_policy.py::TestCanCreateUserPortalAdminDB::test_portal_admin_db_can_create_user PASSED [ 37%]
apps/accounts/tests/policies/test_user_policy.py::TestCanCreateUserPortalAdminDB::test_regular_user_without_classificacao_db_cannot_create PASSED [ 37%]
apps/accounts/tests/policies/test_user_policy.py::TestCanEditUserDB::test_portal_admin_db_can_edit_user PASSED [ 37%]
apps/accounts/tests/policies/test_user_policy.py::TestCanEditUserDB::test_gestor_db_can_edit_user PASSED [ 38%]
apps/accounts/tests/policies/test_user_policy.py::TestCanEditUserDB::test_regular_user_db_cannot_edit_user PASSED [ 38%]
apps/accounts/tests/policies/test_user_policy.py::TestCanCreateUserInApplicationDB::test_gestor_with_role_in_app_can_create PASSED [ 38%]
apps/accounts/tests/policies/test_user_policy.py::TestCanCreateUserInApplicationDB::test_portal_admin_db_can_create_in_any_app PASSED [ 38%]
apps/accounts/tests/policies/test_user_policy.py::TestCanEditTargetUserDB::test_gestor_can_edit_target_in_same_app PASSED [ 39%]
apps/accounts/tests/policies/test_user_policy.py::TestCanEditTargetUserDB::test_gestor_cannot_edit_target_in_other_app PASSED [ 39%]
apps/accounts/tests/policies/test_user_policy.py::TestCanEditTargetUserDB::test_portal_admin_db_can_edit_any_target PASSED [ 39%]
apps/accounts/tests/policies/test_user_policy.py::TestCanManageTargetUserDB::test_gestor_can_manage_target_in_same_app PASSED [ 40%]
apps/accounts/tests/policies/test_user_policy.py::TestCanManageTargetUserDB::test_gestor_cannot_manage_target_in_other_app PASSED [ 40%]
apps/accounts/tests/policies/test_user_policy.py::TestCanManageTargetUserDB::test_portal_admin_db_can_manage_any_target PASSED [ 40%]
apps/accounts/tests/policies/test_user_policy.py::TestIsPortalAdminCacheDB::test_is_portal_admin_cache_hit_real_db PASSED [ 40%]
apps/accounts/tests/policies/test_user_policy.py::TestGetUserApplicationsCacheDB::test_get_user_applications_cache_hit_real_db PASSED [ 41%]
apps/accounts/tests/policies/test_userprofile_policy.py::TestCanViewProfile::test_portal_admin_can_view_any_profile PASSED [ 41%]
apps/accounts/tests/policies/test_userprofile_policy.py::TestCanViewProfile::test_superuser_can_view_any_profile PASSED [ 41%]
apps/accounts/tests/policies/test_userprofile_policy.py::TestCanViewProfile::test_user_can_view_own_profile PASSED [ 42%]
apps/accounts/tests/policies/test_userprofile_policy.py::TestCanViewProfile::test_gestor_can_view_profile_in_same_app PASSED [ 42%]
apps/accounts/tests/policies/test_userprofile_policy.py::TestCanViewProfile::test_gestor_cannot_view_profile_of_other_app PASSED [ 42%]
apps/accounts/tests/policies/test_userprofile_policy.py::TestCanViewProfile::test_regular_user_cannot_view_other_profile PASSED [ 42%]
apps/accounts/tests/policies/test_userprofile_policy.py::TestCanViewProfile::test_actor_without_classificacao_cannot_view_other_profile PASSED [ 43%]
apps/accounts/tests/policies/test_userprofile_policy.py::TestCanEditProfile::test_portal_admin_can_edit_any_profile PASSED [ 43%]
apps/accounts/tests/policies/test_userprofile_policy.py::TestCanEditProfile::test_user_can_edit_own_profile PASSED [ 43%]
apps/accounts/tests/policies/test_userprofile_policy.py::TestCanEditProfile::test_gestor_can_edit_profile_in_same_app PASSED [ 44%]
apps/accounts/tests/policies/test_userprofile_policy.py::TestCanEditProfile::test_gestor_cannot_edit_profile_of_other_app PASSED [ 44%]
apps/accounts/tests/policies/test_userprofile_policy.py::TestCanEditProfile::test_regular_user_cannot_edit_other_profile PASSED [ 44%]
apps/accounts/tests/policies/test_userprofile_policy.py::TestCanChangeClassificacao::test_portal_admin_can_change_classificacao PASSED [ 44%]
apps/accounts/tests/policies/test_userprofile_policy.py::TestCanChangeClassificacao::test_superuser_can_change_classificacao PASSED [ 45%]
apps/accounts/tests/policies/test_userprofile_policy.py::TestCanChangeClassificacao::test_gestor_cannot_change_classificacao PASSED [ 45%]
apps/accounts/tests/policies/test_userprofile_policy.py::TestCanChangeClassificacao::test_regular_user_cannot_change_classificacao PASSED [ 45%]
apps/accounts/tests/policies/test_userprofile_policy.py::TestCanChangeStatus::test_portal_admin_can_change_status PASSED [ 46%]
apps/accounts/tests/policies/test_userprofile_policy.py::TestCanChangeStatus::test_superuser_can_change_status PASSED [ 46%]
apps/accounts/tests/policies/test_userprofile_policy.py::TestCanChangeStatus::test_gestor_cannot_change_status PASSED [ 46%]
apps/accounts/tests/policies/test_userprofile_policy.py::TestCanViewAllProfiles::test_portal_admin_can_view_all PASSED [ 46%]
apps/accounts/tests/policies/test_userprofile_policy.py::TestCanViewAllProfiles::test_superuser_can_view_all PASSED [ 47%]
apps/accounts/tests/policies/test_userprofile_policy.py::TestCanViewAllProfiles::test_regular_user_cannot_view_all PASSED [ 47%]
apps/accounts/tests/policies/test_userprofile_policy.py::TestHasApplicationIntersection::test_gestor_with_real_db_intersection_can_view_profile PASSED [ 47%]
apps/accounts/tests/policies/test_userprofile_policy.py::TestHasApplicationIntersection::test_gestor_without_real_db_intersection_cannot_view_profile PASSED [ 48%]
apps/accounts/tests/policies/test_userrole_policy.py::TestCanViewUserrole::test_portal_admin_can_view_any_userrole PASSED [ 48%]
apps/accounts/tests/policies/test_userrole_policy.py::TestCanViewUserrole::test_superuser_can_view_any_userrole PASSED [ 48%]
apps/accounts/tests/policies/test_userrole_policy.py::TestCanViewUserrole::test_user_can_view_own_userrole PASSED [ 48%]
apps/accounts/tests/policies/test_userrole_policy.py::TestCanViewUserrole::test_gestor_can_view_userrole_in_same_app PASSED [ 49%]
apps/accounts/tests/policies/test_userrole_policy.py::TestCanViewUserrole::test_regular_user_cannot_view_other_userrole PASSED [ 49%]
apps/accounts/tests/policies/test_userrole_policy.py::TestCanViewUserrole::test_gestor_without_role_in_same_app_cannot_view_userrole PASSED [ 49%]
apps/accounts/tests/policies/test_userrole_policy.py::TestCanCreateUserrole::test_portal_admin_can_create_in_ready_unblocked_app PASSED [ 50%]
apps/accounts/tests/policies/test_userrole_policy.py::TestCanCreateUserrole::test_portal_admin_cannot_create_in_blocked_app PASSED [ 50%]
apps/accounts/tests/policies/test_userrole_policy.py::TestCanCreateUserrole::test_portal_admin_cannot_create_in_not_ready_app PASSED [ 50%]
apps/accounts/tests/policies/test_userrole_policy.py::TestCanCreateUserrole::test_portal_admin_cannot_assign_admin_role PASSED [ 51%]
apps/accounts/tests/policies/test_userrole_policy.py::TestCanCreateUserrole::test_superuser_can_assign_admin_role PASSED [ 51%]
apps/accounts/tests/policies/test_userrole_policy.py::TestCanCreateUserrole::test_regular_user_cannot_create_userrole PASSED [ 51%]
apps/accounts/tests/policies/test_userrole_policy.py::TestCanCreateUserrole::test_portal_admin_can_create_global_userrole PASSED [ 51%]
apps/accounts/tests/policies/test_userrole_policy.py::TestCanDeleteUserrole::test_portal_admin_can_delete_userrole_of_other_user PASSED [ 52%]
apps/accounts/tests/policies/test_userrole_policy.py::TestCanDeleteUserrole::test_portal_admin_cannot_delete_own_userrole PASSED [ 52%]
apps/accounts/tests/policies/test_userrole_policy.py::TestCanDeleteUserrole::test_portal_admin_cannot_revoke_admin_role PASSED [ 52%]
apps/accounts/tests/policies/test_userrole_policy.py::TestCanDeleteUserrole::test_superuser_can_revoke_admin_role_of_other_user PASSED [ 53%]
apps/accounts/tests/policies/test_userrole_policy.py::TestCanDeleteUserrole::test_portal_admin_can_delete_userrole_even_in_blocked_app PASSED [ 53%]
apps/accounts/tests/policies/test_userrole_policy.py::TestCanDeleteUserrole::test_regular_user_cannot_delete_userrole PASSED [ 53%]
apps/accounts/tests/policies/test_userrole_policy.py::TestCanViewUserrolesOfUser::test_portal_admin_can_view_all_userroles_of_any_user PASSED [ 53%]
apps/accounts/tests/policies/test_userrole_policy.py::TestCanViewUserrolesOfUser::test_user_can_view_own_userroles PASSED [ 54%]
apps/accounts/tests/policies/test_userrole_policy.py::TestCanViewUserrolesOfUser::test_gestor_can_view_userroles_of_user_in_same_app PASSED [ 54%]
apps/accounts/tests/policies/test_userrole_policy.py::TestCanViewUserrolesOfUser::test_gestor_cannot_view_userroles_of_user_in_other_app PASSED [ 54%]
apps/accounts/tests/policies/test_userrole_policy.py::TestCanViewUserrolesOfUser::test_regular_user_cannot_view_userroles_of_other_user PASSED [ 55%]
apps/accounts/tests/test_aplicacoes.py::TestAplicacoesPortalAdmin::test_portal_admin_recebe_200 PASSED [ 55%]
apps/accounts/tests/test_aplicacoes.py::TestAplicacoesPortalAdmin::test_portal_admin_ve_pelo_menos_3_apps PASSED [ 55%]
apps/accounts/tests/test_aplicacoes.py::TestAplicacoesPortalAdmin::test_portal_admin_ve_apps_principais PASSED [ 55%]
apps/accounts/tests/test_aplicacoes.py::TestAplicacoesPortalAdmin::test_portal_admin_ve_app_bloqueada PASSED [ 56%]
apps/accounts/tests/test_aplicacoes.py::TestAplicacoesPortalAdmin::test_portal_admin_ve_app_nao_pronta PASSED [ 56%]
apps/accounts/tests/test_aplicacoes.py::TestAplicacoesPortalAdmin::test_portal_admin_ve_flags_internos PASSED [ 56%]
apps/accounts/tests/test_aplicacoes.py::TestAplicacoesPortalAdmin::test_superuser_tambem_ve_todas_as_apps PASSED [ 57%]
apps/accounts/tests/test_aplicacoes.py::TestAplicacoesUsuarioComum::test_gestor_recebe_200 PASSED [ 57%]
apps/accounts/tests/test_aplicacoes.py::TestAplicacoesUsuarioComum::test_gestor_ve_acoes_pngi PASSED [ 57%]
apps/accounts/tests/test_aplicacoes.py::TestAplicacoesUsuarioComum::test_gestor_nao_ve_portal PASSED [ 57%]
apps/accounts/tests/test_aplicacoes.py::TestAplicacoesUsuarioComum::test_gestor_nao_ve_carga_org_lot PASSED [ 58%]
apps/accounts/tests/test_aplicacoes.py::TestAplicacoesUsuarioComum::test_gestor_nao_ve_app_bloqueada PASSED [ 58%]
apps/accounts/tests/test_aplicacoes.py::TestAplicacoesUsuarioComum::test_gestor_nao_ve_app_nao_pronta PASSED [ 58%]
apps/accounts/tests/test_aplicacoes.py::TestAplicacoesUsuarioComum::test_coordenador_ve_acoes_pngi PASSED [ 59%]
apps/accounts/tests/test_aplicacoes.py::TestAplicacoesUsuarioComum::test_operador_ve_acoes_pngi PASSED [ 59%]
apps/accounts/tests/test_aplicacoes.py::TestAplicacoesUsuarioComum::test_gestor_carga_ve_carga_org_lot PASSED [ 59%]
apps/accounts/tests/test_aplicacoes.py::TestAplicacoesUsuarioComum::test_gestor_carga_nao_ve_acoes_pngi PASSED [ 59%]
apps/accounts/tests/test_aplicacoes.py::TestAplicacoesNaoAutenticado::test_get_sem_autenticacao_retorna_401_ou_403 PASSED [ 60%]
apps/accounts/tests/test_aplicacoes.py::TestAplicacoesReadOnly::test_post_retorna_405 PASSED [ 60%]
apps/accounts/tests/test_aplicacoes.py::TestAplicacoesReadOnly::test_put_retorna_405 PASSED [ 60%]
apps/accounts/tests/test_aplicacoes.py::TestAplicacoesReadOnly::test_delete_retorna_405 PASSED [ 61%]
apps/accounts/tests/test_auth_aplicacoes.py::TestAuthAplicacoesPublico::test_anonimo_recebe_200 PASSED [ 61%]
apps/accounts/tests/test_auth_aplicacoes.py::TestAuthAplicacoesPublico::test_retorna_lista PASSED [ 61%]
apps/accounts/tests/test_auth_aplicacoes.py::TestAuthAplicacoesPublico::test_retorna_pelo_menos_3_apps PASSED [ 61%]
apps/accounts/tests/test_auth_aplicacoes.py::TestAuthAplicacoesPublico::test_apps_principais_estao_presentes PASSED [ 62%]
apps/accounts/tests/test_auth_aplicacoes.py::TestAuthAplicacoesFiltragem::test_app_bloqueada_nao_aparece PASSED [ 62%]
apps/accounts/tests/test_auth_aplicacoes.py::TestAuthAplicacoesFiltragem::test_app_nao_pronta_nao_aparece PASSED [ 62%]
apps/accounts/tests/test_auth_aplicacoes.py::TestAuthAplicacoesCampos::test_campo_codigointerno_presente PASSED [ 63%]
apps/accounts/tests/test_auth_aplicacoes.py::TestAuthAplicacoesCampos::test_campo_nomeaplicacao_presente PASSED [ 63%]
apps/accounts/tests/test_auth_aplicacoes.py::TestAuthAplicacoesCampos::test_flag_isappbloqueada_nao_exposto PASSED [ 63%]
apps/accounts/tests/test_auth_aplicacoes.py::TestAuthAplicacoesCampos::test_flag_isappproductionready_nao_exposto PASSED [ 63%]
apps/accounts/tests/test_auth_aplicacoes.py::TestAuthAplicacoesCampos::test_idaplicacao_nao_exposto PASSED [ 64%]
apps/accounts/tests/test_auth_aplicacoes.py::TestAuthAplicacoesDetalhe::test_detalhe_portal_retorna_200 PASSED [ 64%]
apps/accounts/tests/test_auth_aplicacoes.py::TestAuthAplicacoesDetalhe::test_detalhe_portal_campos_corretos PASSED [ 64%]
apps/accounts/tests/test_auth_aplicacoes.py::TestAuthAplicacoesDetalhe::test_detalhe_app_bloqueada_retorna_404 PASSED [ 65%]
apps/accounts/tests/test_auth_aplicacoes.py::TestAuthAplicacoesDetalhe::test_detalhe_app_inexistente_retorna_404 PASSED [ 65%]
apps/accounts/tests/test_auth_aplicacoes.py::TestAuthAplicacoesReadOnly::test_post_retorna_405 PASSED [ 65%]
apps/accounts/tests/test_auth_aplicacoes.py::TestAuthAplicacoesReadOnly::test_put_retorna_405 PASSED [ 65%]
apps/accounts/tests/test_auth_aplicacoes.py::TestAuthAplicacoesReadOnly::test_delete_retorna_405 PASSED [ 66%]
apps/accounts/tests/test_authorization_service.py::TestCanCreateUser::test_classificacao_sem_permissao_retorna_false PASSED [ 66%]
apps/accounts/tests/test_authorization_service.py::TestCanCreateUser::test_classificacao_com_permissao_retorna_true PASSED [ 66%]
apps/accounts/tests/test_authorization_service.py::TestCanCreateUser::test_portal_admin_pode_criar PASSED [ 67%]
apps/accounts/tests/test_authorization_service.py::TestCanEditUser::test_classificacao_sem_permissao_editar_retorna_false PASSED [ 67%]
apps/accounts/tests/test_authorization_service.py::TestCanEditUser::test_classificacao_com_permissao_editar_retorna_true PASSED [ 67%]
apps/accounts/tests/test_authorization_service.py::TestCanEditUser::test_portal_admin_pode_editar PASSED [ 68%]
apps/accounts/tests/test_authorization_service.py::TestUserCanManageTargetUser::test_usuarios_com_app_em_comum PASSED [ 68%]
apps/accounts/tests/test_authorization_service.py::TestUserCanManageTargetUser::test_usuarios_sem_app_em_comum PASSED [ 68%]
apps/accounts/tests/test_authorization_service.py::TestUserCanManageTargetUser::test_superuser_pode_gerenciar_qualquer_usuario PASSED [ 68%]
apps/accounts/tests/test_authorization_service.py::TestUserCanManageTargetUser::test_usuario_sem_role_nao_gerencia_ninguem PASSED [ 69%]
apps/accounts/tests/test_authorization_service.py::TestUserCanCreateUserInApplication::test_gestor_pode_criar_na_propria_app PASSED [ 69%]
apps/accounts/tests/test_authorization_service.py::TestUserCanCreateUserInApplication::test_gestor_nao_pode_criar_em_app_alheia PASSED [ 69%]
apps/accounts/tests/test_authorization_service.py::TestUserCanCreateUserInApplication::test_superuser_pode_criar_em_qualquer_app PASSED [ 70%]
apps/accounts/tests/test_authorization_service.py::TestUserCanCreateUserInApplication::test_usuario_sem_role_nao_pode_criar_em_nenhuma_app PASSED [ 70%]
apps/accounts/tests/test_authorization_service.py::TestGetUserRolesForApp::test_retorna_roles_do_usuario_para_app PASSED [ 70%]
apps/accounts/tests/test_authorization_service.py::TestGetUserRolesForApp::test_retorna_vazio_quando_sem_role_na_app PASSED [ 70%]
apps/accounts/tests/test_authorization_service.py::TestGetUserRolesForApp::test_retorna_role_correta_pelo_codigoperfil PASSED [ 71%]
apps/accounts/tests/test_roles.py::TestRolesPortalAdmin::test_lista_retorna_200 PASSED [ 71%]
apps/accounts/tests/test_roles.py::TestRolesPortalAdmin::test_lista_tem_pelo_menos_4_roles PASSED [ 71%]
apps/accounts/tests/test_roles.py::TestRolesPortalAdmin::test_filtra_por_aplicacao_id_acoes_pngi PASSED [ 72%]
apps/accounts/tests/test_roles.py::TestRolesPortalAdmin::test_filtra_por_aplicacao_id_portal PASSED [ 72%]
apps/accounts/tests/test_roles.py::TestRolesPortalAdmin::test_aplicacao_id_string_invalido_retorna_lista_vazia PASSED [ 72%]
apps/accounts/tests/test_roles.py::TestRolesPortalAdmin::test_aplicacao_id_inexistente_retorna_lista_vazia PASSED [ 72%]
apps/accounts/tests/test_roles.py::TestRolesPortalAdmin::test_roles_pngi_contem_codigosperfil_corretos PASSED [ 73%]
apps/accounts/tests/test_roles.py::TestRolesAcessoNegado::test_gestor_pngi_retorna_403 PASSED [ 73%]
apps/accounts/tests/test_roles.py::TestRolesAcessoNegado::test_coordenador_pngi_retorna_403 PASSED [ 73%]
apps/accounts/tests/test_roles.py::TestRolesAcessoNegado::test_operador_acao_retorna_403 PASSED [ 74%]
apps/accounts/tests/test_roles.py::TestRolesAcessoNegado::test_anonimo_retorna_401_ou_403 PASSED [ 74%]
apps/accounts/tests/test_userroles.py::TestUserRoleAssign::test_portal_admin_atribui_role_retorna_201 PASSED [ 74%]
apps/accounts/tests/test_userroles.py::TestUserRoleAssign::test_assign_cria_userrole_no_banco PASSED [ 74%]
apps/accounts/tests/test_userroles.py::TestUserRoleAssign::test_assign_sincroniza_permissoes_do_group PASSED [ 75%]
apps/accounts/tests/test_userroles.py::TestUserRoleAssign::test_assign_duplicado_retorna_400_ou_409 PASSED [ 75%]
apps/accounts/tests/test_userroles.py::TestUserRoleAssign::test_assign_role_de_app_diferente_retorna_400 PASSED [ 75%]
apps/accounts/tests/test_userroles.py::TestUserRoleAssignAcessoNegado::test_gestor_nao_pode_atribuir_role PASSED [ 76%]
apps/accounts/tests/test_userroles.py::TestUserRoleAssignAcessoNegado::test_coordenador_nao_pode_atribuir_role PASSED [ 76%]
apps/accounts/tests/test_userroles.py::TestUserRoleAssignAcessoNegado::test_operador_nao_pode_atribuir_role PASSED [ 76%]
apps/accounts/tests/test_userroles.py::TestUserRoleAssignAcessoNegado::test_anonimo_nao_pode_atribuir_role PASSED [ 76%]
apps/accounts/tests/test_userroles.py::TestUserRoleRevoke::test_portal_admin_revoga_role_retorna_204 PASSED [ 77%]
apps/accounts/tests/test_userroles.py::TestUserRoleRevoke::test_revoke_remove_userrole_do_banco PASSED [ 77%]
apps/accounts/tests/test_userroles.py::TestUserRoleRevoke::test_revoke_remove_permissoes_exclusivas_do_group PASSED [ 77%]
apps/accounts/tests/test_userroles.py::TestUserRoleRevoke::test_gestor_nao_pode_revogar_role PASSED [ 78%]
apps/accounts/tests/test_userroles.py::TestUserRoleRevoke::test_coordenador_nao_pode_revogar_role PASSED [ 78%]
apps/accounts/tests/test_userroles.py::TestUserRoleRevoke::test_anonimo_nao_pode_revogar_role PASSED [ 78%]
apps/accounts/tests/test_users.py::TestUserCreate::test_portal_admin_cria_usuario_retorna_201 PASSED [ 78%]
apps/accounts/tests/test_users.py::TestUserCreate::test_criacao_gera_user_no_banco PASSED [ 79%]
apps/accounts/tests/test_users.py::TestUserCreate::test_criacao_gera_userprofile PASSED [ 79%]
apps/accounts/tests/test_users.py::TestUserCreate::test_username_duplicado_retorna_400 PASSED [ 79%]
apps/accounts/tests/test_users.py::TestUserCreate::test_gestor_sem_permissao_criar_retorna_403 FAILED [ 80%]
apps/accounts/tests/test_users.py::TestUserCreate::test_nao_autenticado_retorna_401_ou_403 PASSED [ 80%]
apps/accounts/tests/test_users.py::TestUserCreateWithRole::test_portal_admin_cria_user_com_role_retorna_201 PASSED [ 80%]
apps/accounts/tests/test_users.py::TestUserCreateWithRole::test_cria_user_no_banco PASSED [ 80%]
apps/accounts/tests/test_users.py::TestUserCreateWithRole::test_cria_userrole_no_banco PASSED [ 81%]
apps/accounts/tests/test_users.py::TestUserCreateWithRole::test_resposta_contem_permissions_added PASSED [ 81%]
apps/accounts/tests/test_users.py::TestUserCreateWithRole::test_payload_invalido_nao_cria_objeto_parcial PASSED [ 81%]
apps/accounts/tests/test_users.py::TestUserCreateWithRole::test_app_bloqueada_retorna_400_ou_403 SKIPPED [ 82%]
apps/accounts/tests/test_users.py::TestUserCreateWithRole::test_gestor_nao_pode_criar_user_com_role FAILED [ 82%]
apps/accounts/tests/test_users.py::TestUserProfilePatch::test_usuario_edita_proprio_profile PASSED [ 82%]
apps/accounts/tests/test_users.py::TestUserProfilePatch::test_usuario_nao_edita_profile_alheio PASSED [ 82%]
apps/accounts/tests/test_users.py::TestUserProfilePatch::test_usuario_comum_nao_altera_classificacao PASSED [ 83%]
apps/accounts/tests/test_users.py::TestUserProfilePatch::test_portal_admin_altera_classificacao PASSED [ 83%]
apps/accounts/tests/test_users.py::TestUserProfilePatch::test_usuario_comum_nao_altera_status PASSED [ 83%]
apps/accounts/tests/test_users.py::TestUserProfilePatch::test_portal_admin_altera_status FAILED [ 84%]
apps/accounts/tests/test_users.py::TestUserProfilePatch::test_nao_autenticado_retorna_401_ou_403 PASSED [ 84%]
apps/core/tests/test_application_context_middleware.py::ApplicationContextMiddlewareTest::test_application_never_none_when_portal_exists PASSED [ 84%]
apps/core/tests/test_application_context_middleware.py::ApplicationContextMiddlewareTest::test_fallback_log_emitted PASSED [ 85%]
apps/core/tests/test_application_context_middleware.py::ApplicationContextMiddlewareTest::test_fallback_to_portal PASSED [ 85%]
apps/core/tests/test_application_context_middleware.py::ApplicationContextMiddlewareTest::test_resolve_by_domain PASSED [ 85%]
apps/core/tests/test_application_context_middleware.py::ApplicationContextMiddlewareTest::test_resolve_by_header PASSED [ 85%]
apps/core/tests/test_application_context_middleware.py::ApplicationContextMiddlewareTest::test_resolve_by_url_prefix PASSED [ 86%]
apps/core/tests/test_authorization_middleware.py::AuthorizationMiddlewareTest::test_anonymous_user_returns_401 PASSED [ 86%]
apps/core/tests/test_authorization_middleware.py::AuthorizationMiddlewareTest::test_authenticated_user_with_roles_passes PASSED [ 86%]
apps/core/tests/test_authorization_middleware.py::AuthorizationMiddlewareTest::test_exempt_path_always_passes PASSED [ 87%]
apps/core/tests/test_authorization_middleware.py::AuthorizationMiddlewareTest::test_no_roles_returns_403 PASSED [ 87%]
apps/core/tests/test_authorization_middleware.py::AuthorizationMiddlewareTest::test_portal_admin_always_passes PASSED [ 87%]
apps/core/tests/test_authorization_middleware.py::AuthorizationMiddlewareTest::test_required_roles_blocks_when_user_lacks_role PASSED [ 87%]
apps/core/tests/test_authorization_middleware.py::AuthorizationMiddlewareTest::test_required_roles_passes_when_user_has_role PASSED [ 88%]
apps/core/tests/test_role_context_middleware.py::RoleContextMiddlewareTest::test_anonymous_user_gets_empty_roles PASSED [ 88%]
apps/core/tests/test_role_context_middleware.py::RoleContextMiddlewareTest::test_portal_admin_role_sets_flag PASSED [ 88%]
apps/core/tests/test_role_context_middleware.py::RoleContextMiddlewareTest::test_role_switch_logged FAILED [ 89%]
apps/core/tests/test_role_context_middleware.py::RoleContextMiddlewareTest::test_roles_loaded_from_cache PASSED [ 89%]
apps/core/tests/test_role_context_middleware.py::RoleContextMiddlewareTest::test_roles_loaded_from_db_on_cache_miss PASSED [ 89%]
apps/core/tests/test_role_context_middleware.py::RoleContextMiddlewareTest::test_user_roles_never_none PASSED [ 89%]
apps/portal/tests/test_views.py::AplicacoesListTest::test_aplicacoes_list_authenticated PASSED [ 90%]
apps/portal/tests/test_views.py::AplicacoesListTest::test_aplicacoes_list_unauthenticated_returns_401 PASSED [ 90%]
apps/portal/tests/test_views.py::DashboardTest::test_dashboard_returns_user_roles PASSED [ 90%]
apps/accounts/tests/test_auth_session.py::TestLogin::test_login_sucesso_acoes_pngi PASSED [ 91%]
apps/accounts/tests/test_auth_session.py::TestLogin::test_login_sucesso_acoes_pngi ERROR [ 91%]
apps/accounts/tests/test_auth_session.py::TestLogin::test_login_cria_accounts_session PASSED [ 91%]
apps/accounts/tests/test_auth_session.py::TestLogin::test_login_cria_accounts_session ERROR [ 91%]
apps/accounts/tests/test_auth_session.py::TestLogin::test_login_credenciais_invalidas PASSED [ 91%]
apps/accounts/tests/test_auth_session.py::TestLogin::test_login_credenciais_invalidas ERROR [ 91%]
apps/accounts/tests/test_auth_session.py::TestLogin::test_login_campos_ausentes_retorna_400 PASSED [ 91%]
apps/accounts/tests/test_auth_session.py::TestLogin::test_login_campos_ausentes_retorna_400 ERROR [ 91%]
apps/accounts/tests/test_auth_session.py::TestLogin::test_login_app_context_inexistente PASSED [ 92%]
apps/accounts/tests/test_auth_session.py::TestLogin::test_login_app_context_inexistente ERROR [ 92%]
apps/accounts/tests/test_auth_session.py::TestLogin::test_login_usuario_sem_role_na_app PASSED [ 92%]
apps/accounts/tests/test_auth_session.py::TestLogin::test_login_usuario_sem_role_na_app ERROR [ 92%]
apps/accounts/tests/test_auth_session.py::TestLogin::test_login_portal_rejeita_usuario_comum PASSED [ 92%]
apps/accounts/tests/test_auth_session.py::TestLogin::test_login_portal_rejeita_usuario_comum ERROR [ 92%]
apps/accounts/tests/test_auth_session.py::TestLogin::test_login_portal_admin_acessa_portal PASSED [ 93%]
apps/accounts/tests/test_auth_session.py::TestLogin::test_login_portal_admin_acessa_portal ERROR [ 93%]
apps/accounts/tests/test_auth_session.py::TestLogin::test_login_superuser_acessa_portal PASSED [ 93%]
apps/accounts/tests/test_auth_session.py::TestLogin::test_login_superuser_acessa_portal ERROR [ 93%]
apps/accounts/tests/test_auth_session.py::TestLogin::test_login_coordenador_pngi PASSED [ 93%]
apps/accounts/tests/test_auth_session.py::TestLogin::test_login_coordenador_pngi ERROR [ 93%]
apps/accounts/tests/test_auth_session.py::TestLogin::test_login_operador_acao PASSED [ 93%]
apps/accounts/tests/test_auth_session.py::TestLogin::test_login_operador_acao ERROR [ 93%]
apps/accounts/tests/test_auth_session.py::TestLogin::test_login_gestor_carga PASSED [ 94%]
apps/accounts/tests/test_auth_session.py::TestLogin::test_login_gestor_carga ERROR [ 94%]
apps/accounts/tests/test_auth_session.py::TestLogout::test_logout_retorna_200 PASSED [ 94%]
apps/accounts/tests/test_auth_session.py::TestLogout::test_logout_retorna_200 ERROR [ 94%]
apps/accounts/tests/test_auth_session.py::TestLogout::test_logout_revoga_accounts_session FAILED [ 94%]
apps/accounts/tests/test_auth_session.py::TestLogout::test_logout_revoga_accounts_session ERROR [ 94%]
apps/accounts/tests/test_auth_session.py::TestLogout::test_logout_sem_autenticacao_retorna_401_ou_403 PASSED [ 95%]
apps/accounts/tests/test_auth_session.py::TestLogout::test_logout_sem_autenticacao_retorna_401_ou_403 ERROR [ 95%]
apps/accounts/tests/test_auth_session.py::TestSwitchApp::test_switch_app_cria_nova_session PASSED [ 95%]
apps/accounts/tests/test_auth_session.py::TestSwitchApp::test_switch_app_cria_nova_session ERROR [ 95%]
apps/accounts/tests/test_auth_session.py::TestSwitchApp::test_switch_app_revoga_session_anterior FAILED [ 95%]
apps/accounts/tests/test_auth_session.py::TestSwitchApp::test_switch_app_revoga_session_anterior ERROR [ 95%]
apps/accounts/tests/test_auth_session.py::TestSwitchApp::test_switch_app_sem_acesso_retorna_403 FAILED [ 95%]
apps/accounts/tests/test_auth_session.py::TestSwitchApp::test_switch_app_sem_acesso_retorna_403 ERROR [ 95%]
apps/accounts/tests/test_auth_session.py::TestSwitchApp::test_switch_app_invalida_retorna_403 PASSED [ 96%]
apps/accounts/tests/test_auth_session.py::TestSwitchApp::test_switch_app_invalida_retorna_403 ERROR [ 96%]
apps/accounts/tests/test_auth_session.py::TestSwitchApp::test_switch_app_sem_autenticacao_retorna_401_ou_403 PASSED [ 96%]
apps/accounts/tests/test_auth_session.py::TestSwitchApp::test_switch_app_sem_autenticacao_retorna_401_ou_403 ERROR [ 96%]
apps/accounts/tests/test_auth_session.py::TestMeView::test_me_retorna_200 PASSED [ 96%]
apps/accounts/tests/test_auth_session.py::TestMeView::test_me_retorna_200 ERROR [ 96%]
apps/accounts/tests/test_auth_session.py::TestMeView::test_me_retorna_username_correto PASSED [ 97%]
apps/accounts/tests/test_auth_session.py::TestMeView::test_me_retorna_username_correto ERROR [ 97%]
apps/accounts/tests/test_auth_session.py::TestMeView::test_me_contem_campo_roles_ou_user_roles PASSED [ 97%]
apps/accounts/tests/test_auth_session.py::TestMeView::test_me_contem_campo_roles_ou_user_roles ERROR [ 97%]
apps/accounts/tests/test_auth_session.py::TestMeView::test_me_coordenador_retorna_dados_corretos PASSED [ 97%]
apps/accounts/tests/test_auth_session.py::TestMeView::test_me_coordenador_retorna_dados_corretos ERROR [ 97%]
apps/accounts/tests/test_auth_session.py::TestMeView::test_me_nao_autenticado_retorna_401_ou_403 PASSED [ 97%]
apps/accounts/tests/test_auth_session.py::TestMeView::test_me_nao_autenticado_retorna_401_ou_403 ERROR [ 97%]
apps/accounts/tests/test_constraints.py::TestRoleConstraints::test_codigoperfil_duplicado_mesma_app_gera_integrity_error PASSED [ 98%]
apps/accounts/tests/test_constraints.py::TestRoleConstraints::test_codigoperfil_duplicado_mesma_app_gera_integrity_error ERROR [ 98%]
apps/accounts/tests/test_constraints.py::TestRoleConstraints::test_mesmo_codigoperfil_em_apps_diferentes_e_permitido PASSED [ 98%]
apps/accounts/tests/test_constraints.py::TestRoleConstraints::test_mesmo_codigoperfil_em_apps_diferentes_e_permitido ERROR [ 98%]
apps/accounts/tests/test_constraints.py::TestUserRoleConstraints::test_usuario_com_dois_roles_mesma_app_gera_integrity_error PASSED [ 98%]
apps/accounts/tests/test_constraints.py::TestUserRoleConstraints::test_usuario_com_dois_roles_mesma_app_gera_integrity_error ERROR [ 98%]
apps/accounts/tests/test_constraints.py::TestUserRoleConstraints::test_usuario_pode_ter_roles_em_apps_diferentes FAILED [ 99%]
apps/accounts/tests/test_constraints.py::TestUserRoleConstraints::test_usuario_pode_ter_roles_em_apps_diferentes ERROR [ 99%]
apps/accounts/tests/test_constraints.py::TestAttributeConstraints::test_atributo_duplicado_gera_integrity_error PASSED [ 99%]
apps/accounts/tests/test_constraints.py::TestAttributeConstraints::test_atributo_duplicado_gera_integrity_error ERROR [ 99%]
apps/accounts/tests/test_constraints.py::TestAttributeConstraints::test_mesma_key_em_app_diferente_e_permitido FAILED [ 99%]
apps/accounts/tests/test_constraints.py::TestAttributeConstraints::test_mesma_key_em_app_diferente_e_permitido ERROR [ 99%]
apps/accounts/tests/test_constraints.py::TestAttributeConstraints::test_key_diferente_mesma_app_e_permitido FAILED [100%]
apps/accounts/tests/test_constraints.py::TestAttributeConstraints::test_key_diferente_mesma_app_e_permitido ERROR [100%]

=================================== ERRORS ====================================
________ ERROR at teardown of TestLogin.test_login_sucesso_acoes_pngi _________

self = <django.db.backends.utils.CursorWrapper object at 0x0000028346DEEA50>
sql = 'TRUNCATE "auth_group", "auth_user_user_permissions", "accounts_userrole", "tblusuario", "tbltipousuario", "accounts_a... "tblstatususuario", "auth_group_permissions", "tblaplicacao", "accounts_session", "auth_permission", "accounts_role";'
params = None
ignored_wrapper_args = (False, {'connection': <DatabaseWrapper vendor='postgresql' alias='default'>, 'cursor': <django.db.backends.utils.CursorWrapper object at 0x0000028346DEEA50>})

    def _execute(self, sql, params, *ignored_wrapper_args):
        # Raise a warning during app initialization (stored_app_configs is only
        # ever set during testing).
        if not apps.ready and not apps.stored_app_configs:
            warnings.warn(self.APPS_NOT_READY_WARNING_MSG, category=RuntimeWarning)
        self.db.validate_no_broken_transaction()
        with self.db.wrap_database_errors:
            if params is None:
                # params default might be backend specific.
>               return self.cursor.execute(sql)
                       ^^^^^^^^^^^^^^^^^^^^^^^^

.venv\Lib\site-packages\django\db\backends\utils.py:103: 
_ _ _ _ _ _ _ _ _ _ _ _ _ _ _ _ _ _ _ _ _ _ _ _ _ _ _ _ _ _ _ _ _ _ _ _ _ _ _ _

self = <django.db.backends.postgresql.base.Cursor [closed] [IDLE] (host=localhost user=postgres database=test_gpp_plataform) at 0x28346ef0460>
query = 'TRUNCATE "auth_group", "auth_user_user_permissions", "accounts_userrole", "tblusuario", "tbltipousuario", "accounts_a... "tblstatususuario", "auth_group_permissions", "tblaplicacao", "accounts_session", "auth_permission", "accounts_role";'
params = None

    def execute(
        self,
        query: Query,
        params: Params | None = None,
        *,
        prepare: bool | None = None,
        binary: bool | None = None,
    ) -> Self:
        """
        Execute a query or command to the database.
        """
        try:
            with self._conn.lock:
                self._conn.wait(
                    self._execute_gen(query, params, prepare=prepare, binary=binary)
                )
        except e._NO_TRACEBACK as ex:
>           raise ex.with_traceback(None)
E           psycopg.errors.FeatureNotSupported: nÒo Ú possÝvel truncar uma tabela referenciada em uma restriþÒo de chave estrangeira
E           DETAIL:  Tabela "tblusuarioresponsavel" referencia "auth_user".
E           HINT:  Trunque a tabela "tblusuarioresponsavel" ao mesmo tempo, ou use TRUNCATE ... CASCADE.

.venv\Lib\site-packages\psycopg\cursor.py:117: FeatureNotSupported

The above exception was the direct cause of the following exception:

self = <django.core.management.commands.flush.Command object at 0x00000283453BBB60>
options = {'allow_cascade': False, 'database': 'default', 'force_color': False, 'inhibit_post_migrate': False, ...}
database = 'default'
connection = <DatabaseWrapper vendor='postgresql' alias='default'>
verbosity = 0, interactive = False, reset_sequences = False
allow_cascade = False, inhibit_post_migrate = False

        def handle(self, **options):
            database = options["database"]
            connection = connections[database]
            verbosity = options["verbosity"]
            interactive = options["interactive"]
            # The following are stealth options used by Django's internals.
            reset_sequences = options.get("reset_sequences", True)
            allow_cascade = options.get("allow_cascade", False)
            inhibit_post_migrate = options.get("inhibit_post_migrate", False)
    
            self.style = no_style()
    
            # Import the 'management' module within each installed app, to register
            # dispatcher events.
            for app_config in apps.get_app_configs():
                try:
                    import_module(".management", app_config.name)
                except ImportError:
                    pass
    
            sql_list = sql_flush(
                self.style,
                connection,
                reset_sequences=reset_sequences,
                allow_cascade=allow_cascade,
            )
    
            if interactive:
                confirm = input(
                    """You have requested a flush of the database.
    This will IRREVERSIBLY DESTROY all data currently in the "%s" database,
    and return each table to an empty state.
    Are you sure you want to do this?
    
        Type 'yes' to continue, or 'no' to cancel: """
                    % connection.settings_dict["NAME"]
                )
            else:
                confirm = "yes"
    
            if confirm == "yes":
                try:
>                   connection.ops.execute_sql_flush(sql_list)

.venv\Lib\site-packages\django\core\management\commands\flush.py:74: 
_ _ _ _ _ _ _ _ _ _ _ _ _ _ _ _ _ _ _ _ _ _ _ _ _ _ _ _ _ _ _ _ _ _ _ _ _ _ _ _
.venv\Lib\site-packages\django\db\backends\base\operations.py:473: in execute_sql_flush
    cursor.execute(sql)
.venv\Lib\site-packages\django\db\backends\utils.py:79: in execute
    return self._execute_with_wrappers(
.venv\Lib\site-packages\django\db\backends\utils.py:92: in _execute_with_wrappers
    return executor(sql, params, many, context)
           ^^^^^^^^^^^^^^^^^^^^^^^^^^^^^^^^^^^^
.venv\Lib\site-packages\django\db\backends\utils.py:100: in _execute
    with self.db.wrap_database_errors:
         ^^^^^^^^^^^^^^^^^^^^^^^^^^^^
.venv\Lib\site-packages\django\db\utils.py:91: in __exit__
    raise dj_exc_value.with_traceback(traceback) from exc_value
.venv\Lib\site-packages\django\db\backends\utils.py:103: in _execute
    return self.cursor.execute(sql)
           ^^^^^^^^^^^^^^^^^^^^^^^^
_ _ _ _ _ _ _ _ _ _ _ _ _ _ _ _ _ _ _ _ _ _ _ _ _ _ _ _ _ _ _ _ _ _ _ _ _ _ _ _

self = <django.db.backends.postgresql.base.Cursor [closed] [IDLE] (host=localhost user=postgres database=test_gpp_plataform) at 0x28346ef0460>
query = 'TRUNCATE "auth_group", "auth_user_user_permissions", "accounts_userrole", "tblusuario", "tbltipousuario", "accounts_a... "tblstatususuario", "auth_group_permissions", "tblaplicacao", "accounts_session", "auth_permission", "accounts_role";'
params = None

    def execute(
        self,
        query: Query,
        params: Params | None = None,
        *,
        prepare: bool | None = None,
        binary: bool | None = None,
    ) -> Self:
        """
        Execute a query or command to the database.
        """
        try:
            with self._conn.lock:
                self._conn.wait(
                    self._execute_gen(query, params, prepare=prepare, binary=binary)
                )
        except e._NO_TRACEBACK as ex:
>           raise ex.with_traceback(None)
E           django.db.utils.NotSupportedError: nÒo Ú possÝvel truncar uma tabela referenciada em uma restriþÒo de chave estrangeira
E           DETAIL:  Tabela "tblusuarioresponsavel" referencia "auth_user".
E           HINT:  Trunque a tabela "tblusuarioresponsavel" ao mesmo tempo, ou use TRUNCATE ... CASCADE.

.venv\Lib\site-packages\psycopg\cursor.py:117: NotSupportedError

The above exception was the direct cause of the following exception:

request = <SubRequest '_django_db_helper' for <Function test_login_sucesso_acoes_pngi>>
django_db_setup = None
django_db_blocker = <pytest_django.plugin.DjangoDbBlocker object at 0x0000028342085FD0>

    @pytest.fixture
    def _django_db_helper(
        request: pytest.FixtureRequest,
        django_db_setup: None,  # noqa: ARG001
        django_db_blocker: DjangoDbBlocker,
    ) -> Generator[None, None, None]:
        if is_django_unittest(request):
            yield
            return
    
        marker = request.node.get_closest_marker("django_db")
        if marker:
            (
                transactional,
                reset_sequences,
                databases,
                serialized_rollback,
                available_apps,
            ) = validate_django_db(marker)
        else:
            (
                transactional,
                reset_sequences,
                databases,
                serialized_rollback,
                available_apps,
            ) = False, False, None, False, None
    
        transactional = (
            transactional
            or reset_sequences
            or ("transactional_db" in request.fixturenames or "live_server" in request.fixturenames)
        )
        reset_sequences = reset_sequences or ("django_db_reset_sequences" in request.fixturenames)
        serialized_rollback = serialized_rollback or (
            "django_db_serialized_rollback" in request.fixturenames
        )
    
        with django_db_blocker.unblock():
            import django.db
            import django.test
    
            if transactional:
                test_case_class = django.test.TransactionTestCase
            else:
                test_case_class = django.test.TestCase
    
            _reset_sequences = reset_sequences
            _serialized_rollback = serialized_rollback
            _databases = databases
            _available_apps = available_apps
    
            class PytestDjangoTestCase(test_case_class):  # type: ignore[misc,valid-type]
                reset_sequences = _reset_sequences
                serialized_rollback = _serialized_rollback
                if _databases is not None:
                    databases = _databases
                if _available_apps is not None:
                    available_apps = _available_apps
    
                # For non-transactional tests, skip executing `django.test.TestCase`'s
                # `setUpClass`/`tearDownClass`, only execute the super class ones.
                #
                # `TestCase`'s class setup manages the `setUpTestData`/class-level
                # transaction functionality. We don't use it; instead we (will) offer
                # our own alternatives. So it only adds overhead, and does some things
                # which conflict with our (planned) functionality, particularly, it
                # closes all database connections in `tearDownClass` which inhibits
                # wrapping tests in higher-scoped transactions.
                #
                # It's possible a new version of Django will add some unrelated
                # functionality to these methods, in which case skipping them completely
                # would not be desirable. Let's cross that bridge when we get there...
                if not transactional:
    
                    @classmethod
                    def setUpClass(cls) -> None:
                        super(django.test.TestCase, cls).setUpClass()
    
                    @classmethod
                    def tearDownClass(cls) -> None:
                        super(django.test.TestCase, cls).tearDownClass()
    
            PytestDjangoTestCase.setUpClass()
    
            test_case = PytestDjangoTestCase(methodName="__init__")
            test_case._pre_setup()
    
            yield
    
>           test_case._post_teardown()

.venv\Lib\site-packages\pytest_django\fixtures.py:296: 
_ _ _ _ _ _ _ _ _ _ _ _ _ _ _ _ _ _ _ _ _ _ _ _ _ _ _ _ _ _ _ _ _ _ _ _ _ _ _ _
.venv\Lib\site-packages\django\test\testcases.py:1227: in _post_teardown
    self._fixture_teardown()
.venv\Lib\site-packages\django\test\testcases.py:1262: in _fixture_teardown
    call_command(
.venv\Lib\site-packages\django\core\management\__init__.py:194: in call_command
    return command.execute(*args, **defaults)
           ^^^^^^^^^^^^^^^^^^^^^^^^^^^^^^^^^^
.venv\Lib\site-packages\django\core\management\base.py:460: in execute
    output = self.handle(*args, **options)
             ^^^^^^^^^^^^^^^^^^^^^^^^^^^^^
_ _ _ _ _ _ _ _ _ _ _ _ _ _ _ _ _ _ _ _ _ _ _ _ _ _ _ _ _ _ _ _ _ _ _ _ _ _ _ _

self = <django.core.management.commands.flush.Command object at 0x00000283453BBB60>
options = {'allow_cascade': False, 'database': 'default', 'force_color': False, 'inhibit_post_migrate': False, ...}
database = 'default'
connection = <DatabaseWrapper vendor='postgresql' alias='default'>
verbosity = 0, interactive = False, reset_sequences = False
allow_cascade = False, inhibit_post_migrate = False

        def handle(self, **options):
            database = options["database"]
            connection = connections[database]
            verbosity = options["verbosity"]
            interactive = options["interactive"]
            # The following are stealth options used by Django's internals.
            reset_sequences = options.get("reset_sequences", True)
            allow_cascade = options.get("allow_cascade", False)
            inhibit_post_migrate = options.get("inhibit_post_migrate", False)
    
            self.style = no_style()
    
            # Import the 'management' module within each installed app, to register
            # dispatcher events.
            for app_config in apps.get_app_configs():
                try:
                    import_module(".management", app_config.name)
                except ImportError:
                    pass
    
            sql_list = sql_flush(
                self.style,
                connection,
                reset_sequences=reset_sequences,
                allow_cascade=allow_cascade,
            )
    
            if interactive:
                confirm = input(
                    """You have requested a flush of the database.
    This will IRREVERSIBLY DESTROY all data currently in the "%s" database,
    and return each table to an empty state.
    Are you sure you want to do this?
    
        Type 'yes' to continue, or 'no' to cancel: """
                    % connection.settings_dict["NAME"]
                )
            else:
                confirm = "yes"
    
            if confirm == "yes":
                try:
                    connection.ops.execute_sql_flush(sql_list)
                except Exception as exc:
>                   raise CommandError(
                        "Database %s couldn't be flushed. Possible reasons:\n"
                        "  * The database isn't running or isn't configured correctly.\n"
                        "  * At least one of the expected database tables doesn't exist.\n"
                        "  * The SQL was invalid.\n"
                        "Hint: Look at the output of 'django-admin sqlflush'. "
                        "That's the SQL this command wasn't able to run."
                        % (connection.settings_dict["NAME"],)
                    ) from exc
E                   django.core.management.base.CommandError: Database test_gpp_plataform couldn't be flushed. Possible reasons:
E                     * The database isn't running or isn't configured correctly.
E                     * At least one of the expected database tables doesn't exist.
E                     * The SQL was invalid.
E                   Hint: Look at the output of 'django-admin sqlflush'. That's the SQL this command wasn't able to run.

.venv\Lib\site-packages\django\core\management\commands\flush.py:76: CommandError
---------------------------- Captured stderr setup ----------------------------
2026-03-23 15:05:31,841 [INFO] gpp.security:48 | APP_REGISTRY_INVALIDATED
2026-03-23 15:05:31,841 [INFO] gpp.security:114 | APP_REGISTRY_INVALIDATED_BY_SIGNAL app=PORTAL
2026-03-23 15:05:31,842 [INFO] gpp.security:48 | APP_REGISTRY_INVALIDATED
2026-03-23 15:05:31,843 [INFO] gpp.security:114 | APP_REGISTRY_INVALIDATED_BY_SIGNAL app=ACOES_PNGI
2026-03-23 15:05:31,844 [INFO] gpp.security:48 | APP_REGISTRY_INVALIDATED
2026-03-23 15:05:31,844 [INFO] gpp.security:114 | APP_REGISTRY_INVALIDATED_BY_SIGNAL app=CARGA_ORG_LOT
2026-03-23 15:05:31,846 [INFO] gpp.security:48 | APP_REGISTRY_INVALIDATED
2026-03-23 15:05:31,846 [INFO] gpp.security:114 | APP_REGISTRY_INVALIDATED_BY_SIGNAL app=APP_BLOQUEADA
2026-03-23 15:05:31,848 [INFO] gpp.security:48 | APP_REGISTRY_INVALIDATED
2026-03-23 15:05:31,848 [INFO] gpp.security:114 | APP_REGISTRY_INVALIDATED_BY_SIGNAL app=APP_NAO_PRONTA
2026-03-23 15:05:32,189 [INFO] gpp.security:56 | CACHE_VERSION_BUMPED user_id=176
2026-03-23 15:05:32,189 [WARNING] gpp.security:69 | USERROLE_CHANGED user_id=176 role_id=2 app=ACOES_PNGI
----------------------------- Captured log setup ------------------------------
INFO     gpp.security:application_registry.py:48 APP_REGISTRY_INVALIDATED
INFO     gpp.security:signals.py:114 APP_REGISTRY_INVALIDATED_BY_SIGNAL app=PORTAL
INFO     gpp.security:application_registry.py:48 APP_REGISTRY_INVALIDATED
INFO     gpp.security:signals.py:114 APP_REGISTRY_INVALIDATED_BY_SIGNAL app=ACOES_PNGI
INFO     gpp.security:application_registry.py:48 APP_REGISTRY_INVALIDATED
INFO     gpp.security:signals.py:114 APP_REGISTRY_INVALIDATED_BY_SIGNAL app=CARGA_ORG_LOT
INFO     gpp.security:application_registry.py:48 APP_REGISTRY_INVALIDATED
INFO     gpp.security:signals.py:114 APP_REGISTRY_INVALIDATED_BY_SIGNAL app=APP_BLOQUEADA
INFO     gpp.security:application_registry.py:48 APP_REGISTRY_INVALIDATED
INFO     gpp.security:signals.py:114 APP_REGISTRY_INVALIDATED_BY_SIGNAL app=APP_NAO_PRONTA
INFO     gpp.security:signals.py:56 CACHE_VERSION_BUMPED user_id=176
WARNING  gpp.security:signals.py:69 USERROLE_CHANGED user_id=176 role_id=2 app=ACOES_PNGI
---------------------------- Captured stderr call -----------------------------
2026-03-23 15:05:32,193 [INFO] gpp.security:64 | APP_REGISTRY_LOADED count=5
2026-03-23 15:05:32,193 [WARNING] gpp.security:38 | APP_CONTEXT_NONE path=/api/accounts/login/ ù application could not be resolved, leaving as None
2026-03-23 15:05:32,513 [INFO] gpp.security:153 | LOGIN_SUCCESS user_id=176 username=gestor_test app_context=ACOES_PNGI session_key=e5uoes6h6y360y9li9ks4baluq7teyx3
------------------------------ Captured log call ------------------------------
INFO     gpp.security:application_registry.py:64 APP_REGISTRY_LOADED count=5
WARNING  gpp.security:application_context.py:38 APP_CONTEXT_NONE path=/api/accounts/login/ ù application could not be resolved, leaving as None
INFO     gpp.security:views.py:153 LOGIN_SUCCESS user_id=176 username=gestor_test app_context=ACOES_PNGI session_key=e5uoes6h6y360y9li9ks4baluq7teyx3
_______ ERROR at teardown of TestLogin.test_login_cria_accounts_session _______

self = <django.db.backends.utils.CursorWrapper object at 0x0000028346DBA750>
sql = 'TRUNCATE "auth_group", "auth_user_user_permissions", "accounts_userrole", "tblusuario", "tbltipousuario", "accounts_a... "tblstatususuario", "auth_group_permissions", "tblaplicacao", "accounts_session", "auth_permission", "accounts_role";'
params = None
ignored_wrapper_args = (False, {'connection': <DatabaseWrapper vendor='postgresql' alias='default'>, 'cursor': <django.db.backends.utils.CursorWrapper object at 0x0000028346DBA750>})

    def _execute(self, sql, params, *ignored_wrapper_args):
        # Raise a warning during app initialization (stored_app_configs is only
        # ever set during testing).
        if not apps.ready and not apps.stored_app_configs:
            warnings.warn(self.APPS_NOT_READY_WARNING_MSG, category=RuntimeWarning)
        self.db.validate_no_broken_transaction()
        with self.db.wrap_database_errors:
            if params is None:
                # params default might be backend specific.
>               return self.cursor.execute(sql)
                       ^^^^^^^^^^^^^^^^^^^^^^^^

.venv\Lib\site-packages\django\db\backends\utils.py:103: 
_ _ _ _ _ _ _ _ _ _ _ _ _ _ _ _ _ _ _ _ _ _ _ _ _ _ _ _ _ _ _ _ _ _ _ _ _ _ _ _

self = <django.db.backends.postgresql.base.Cursor [closed] [IDLE] (host=localhost user=postgres database=test_gpp_plataform) at 0x283471c14a0>
query = 'TRUNCATE "auth_group", "auth_user_user_permissions", "accounts_userrole", "tblusuario", "tbltipousuario", "accounts_a... "tblstatususuario", "auth_group_permissions", "tblaplicacao", "accounts_session", "auth_permission", "accounts_role";'
params = None

    def execute(
        self,
        query: Query,
        params: Params | None = None,
        *,
        prepare: bool | None = None,
        binary: bool | None = None,
    ) -> Self:
        """
        Execute a query or command to the database.
        """
        try:
            with self._conn.lock:
                self._conn.wait(
                    self._execute_gen(query, params, prepare=prepare, binary=binary)
                )
        except e._NO_TRACEBACK as ex:
>           raise ex.with_traceback(None)
E           psycopg.errors.FeatureNotSupported: nÒo Ú possÝvel truncar uma tabela referenciada em uma restriþÒo de chave estrangeira
E           DETAIL:  Tabela "tblusuarioresponsavel" referencia "auth_user".
E           HINT:  Trunque a tabela "tblusuarioresponsavel" ao mesmo tempo, ou use TRUNCATE ... CASCADE.

.venv\Lib\site-packages\psycopg\cursor.py:117: FeatureNotSupported

The above exception was the direct cause of the following exception:

self = <django.core.management.commands.flush.Command object at 0x0000028344BE8A50>
options = {'allow_cascade': False, 'database': 'default', 'force_color': False, 'inhibit_post_migrate': False, ...}
database = 'default'
connection = <DatabaseWrapper vendor='postgresql' alias='default'>
verbosity = 0, interactive = False, reset_sequences = False
allow_cascade = False, inhibit_post_migrate = False

        def handle(self, **options):
            database = options["database"]
            connection = connections[database]
            verbosity = options["verbosity"]
            interactive = options["interactive"]
            # The following are stealth options used by Django's internals.
            reset_sequences = options.get("reset_sequences", True)
            allow_cascade = options.get("allow_cascade", False)
            inhibit_post_migrate = options.get("inhibit_post_migrate", False)
    
            self.style = no_style()
    
            # Import the 'management' module within each installed app, to register
            # dispatcher events.
            for app_config in apps.get_app_configs():
                try:
                    import_module(".management", app_config.name)
                except ImportError:
                    pass
    
            sql_list = sql_flush(
                self.style,
                connection,
                reset_sequences=reset_sequences,
                allow_cascade=allow_cascade,
            )
    
            if interactive:
                confirm = input(
                    """You have requested a flush of the database.
    This will IRREVERSIBLY DESTROY all data currently in the "%s" database,
    and return each table to an empty state.
    Are you sure you want to do this?
    
        Type 'yes' to continue, or 'no' to cancel: """
                    % connection.settings_dict["NAME"]
                )
            else:
                confirm = "yes"
    
            if confirm == "yes":
                try:
>                   connection.ops.execute_sql_flush(sql_list)

.venv\Lib\site-packages\django\core\management\commands\flush.py:74: 
_ _ _ _ _ _ _ _ _ _ _ _ _ _ _ _ _ _ _ _ _ _ _ _ _ _ _ _ _ _ _ _ _ _ _ _ _ _ _ _
.venv\Lib\site-packages\django\db\backends\base\operations.py:473: in execute_sql_flush
    cursor.execute(sql)
.venv\Lib\site-packages\django\db\backends\utils.py:79: in execute
    return self._execute_with_wrappers(
.venv\Lib\site-packages\django\db\backends\utils.py:92: in _execute_with_wrappers
    return executor(sql, params, many, context)
           ^^^^^^^^^^^^^^^^^^^^^^^^^^^^^^^^^^^^
.venv\Lib\site-packages\django\db\backends\utils.py:100: in _execute
    with self.db.wrap_database_errors:
         ^^^^^^^^^^^^^^^^^^^^^^^^^^^^
.venv\Lib\site-packages\django\db\utils.py:91: in __exit__
    raise dj_exc_value.with_traceback(traceback) from exc_value
.venv\Lib\site-packages\django\db\backends\utils.py:103: in _execute
    return self.cursor.execute(sql)
           ^^^^^^^^^^^^^^^^^^^^^^^^
_ _ _ _ _ _ _ _ _ _ _ _ _ _ _ _ _ _ _ _ _ _ _ _ _ _ _ _ _ _ _ _ _ _ _ _ _ _ _ _

self = <django.db.backends.postgresql.base.Cursor [closed] [IDLE] (host=localhost user=postgres database=test_gpp_plataform) at 0x283471c14a0>
query = 'TRUNCATE "auth_group", "auth_user_user_permissions", "accounts_userrole", "tblusuario", "tbltipousuario", "accounts_a... "tblstatususuario", "auth_group_permissions", "tblaplicacao", "accounts_session", "auth_permission", "accounts_role";'
params = None

    def execute(
        self,
        query: Query,
        params: Params | None = None,
        *,
        prepare: bool | None = None,
        binary: bool | None = None,
    ) -> Self:
        """
        Execute a query or command to the database.
        """
        try:
            with self._conn.lock:
                self._conn.wait(
                    self._execute_gen(query, params, prepare=prepare, binary=binary)
                )
        except e._NO_TRACEBACK as ex:
>           raise ex.with_traceback(None)
E           django.db.utils.NotSupportedError: nÒo Ú possÝvel truncar uma tabela referenciada em uma restriþÒo de chave estrangeira
E           DETAIL:  Tabela "tblusuarioresponsavel" referencia "auth_user".
E           HINT:  Trunque a tabela "tblusuarioresponsavel" ao mesmo tempo, ou use TRUNCATE ... CASCADE.

.venv\Lib\site-packages\psycopg\cursor.py:117: NotSupportedError

The above exception was the direct cause of the following exception:

request = <SubRequest '_django_db_helper' for <Function test_login_cria_accounts_session>>
django_db_setup = None
django_db_blocker = <pytest_django.plugin.DjangoDbBlocker object at 0x0000028342085FD0>

    @pytest.fixture
    def _django_db_helper(
        request: pytest.FixtureRequest,
        django_db_setup: None,  # noqa: ARG001
        django_db_blocker: DjangoDbBlocker,
    ) -> Generator[None, None, None]:
        if is_django_unittest(request):
            yield
            return
    
        marker = request.node.get_closest_marker("django_db")
        if marker:
            (
                transactional,
                reset_sequences,
                databases,
                serialized_rollback,
                available_apps,
            ) = validate_django_db(marker)
        else:
            (
                transactional,
                reset_sequences,
                databases,
                serialized_rollback,
                available_apps,
            ) = False, False, None, False, None
    
        transactional = (
            transactional
            or reset_sequences
            or ("transactional_db" in request.fixturenames or "live_server" in request.fixturenames)
        )
        reset_sequences = reset_sequences or ("django_db_reset_sequences" in request.fixturenames)
        serialized_rollback = serialized_rollback or (
            "django_db_serialized_rollback" in request.fixturenames
        )
    
        with django_db_blocker.unblock():
            import django.db
            import django.test
    
            if transactional:
                test_case_class = django.test.TransactionTestCase
            else:
                test_case_class = django.test.TestCase
    
            _reset_sequences = reset_sequences
            _serialized_rollback = serialized_rollback
            _databases = databases
            _available_apps = available_apps
    
            class PytestDjangoTestCase(test_case_class):  # type: ignore[misc,valid-type]
                reset_sequences = _reset_sequences
                serialized_rollback = _serialized_rollback
                if _databases is not None:
                    databases = _databases
                if _available_apps is not None:
                    available_apps = _available_apps
    
                # For non-transactional tests, skip executing `django.test.TestCase`'s
                # `setUpClass`/`tearDownClass`, only execute the super class ones.
                #
                # `TestCase`'s class setup manages the `setUpTestData`/class-level
                # transaction functionality. We don't use it; instead we (will) offer
                # our own alternatives. So it only adds overhead, and does some things
                # which conflict with our (planned) functionality, particularly, it
                # closes all database connections in `tearDownClass` which inhibits
                # wrapping tests in higher-scoped transactions.
                #
                # It's possible a new version of Django will add some unrelated
                # functionality to these methods, in which case skipping them completely
                # would not be desirable. Let's cross that bridge when we get there...
                if not transactional:
    
                    @classmethod
                    def setUpClass(cls) -> None:
                        super(django.test.TestCase, cls).setUpClass()
    
                    @classmethod
                    def tearDownClass(cls) -> None:
                        super(django.test.TestCase, cls).tearDownClass()
    
            PytestDjangoTestCase.setUpClass()
    
            test_case = PytestDjangoTestCase(methodName="__init__")
            test_case._pre_setup()
    
            yield
    
>           test_case._post_teardown()

.venv\Lib\site-packages\pytest_django\fixtures.py:296: 
_ _ _ _ _ _ _ _ _ _ _ _ _ _ _ _ _ _ _ _ _ _ _ _ _ _ _ _ _ _ _ _ _ _ _ _ _ _ _ _
.venv\Lib\site-packages\django\test\testcases.py:1227: in _post_teardown
    self._fixture_teardown()
.venv\Lib\site-packages\django\test\testcases.py:1262: in _fixture_teardown
    call_command(
.venv\Lib\site-packages\django\core\management\__init__.py:194: in call_command
    return command.execute(*args, **defaults)
           ^^^^^^^^^^^^^^^^^^^^^^^^^^^^^^^^^^
.venv\Lib\site-packages\django\core\management\base.py:460: in execute
    output = self.handle(*args, **options)
             ^^^^^^^^^^^^^^^^^^^^^^^^^^^^^
_ _ _ _ _ _ _ _ _ _ _ _ _ _ _ _ _ _ _ _ _ _ _ _ _ _ _ _ _ _ _ _ _ _ _ _ _ _ _ _

self = <django.core.management.commands.flush.Command object at 0x0000028344BE8A50>
options = {'allow_cascade': False, 'database': 'default', 'force_color': False, 'inhibit_post_migrate': False, ...}
database = 'default'
connection = <DatabaseWrapper vendor='postgresql' alias='default'>
verbosity = 0, interactive = False, reset_sequences = False
allow_cascade = False, inhibit_post_migrate = False

        def handle(self, **options):
            database = options["database"]
            connection = connections[database]
            verbosity = options["verbosity"]
            interactive = options["interactive"]
            # The following are stealth options used by Django's internals.
            reset_sequences = options.get("reset_sequences", True)
            allow_cascade = options.get("allow_cascade", False)
            inhibit_post_migrate = options.get("inhibit_post_migrate", False)
    
            self.style = no_style()
    
            # Import the 'management' module within each installed app, to register
            # dispatcher events.
            for app_config in apps.get_app_configs():
                try:
                    import_module(".management", app_config.name)
                except ImportError:
                    pass
    
            sql_list = sql_flush(
                self.style,
                connection,
                reset_sequences=reset_sequences,
                allow_cascade=allow_cascade,
            )
    
            if interactive:
                confirm = input(
                    """You have requested a flush of the database.
    This will IRREVERSIBLY DESTROY all data currently in the "%s" database,
    and return each table to an empty state.
    Are you sure you want to do this?
    
        Type 'yes' to continue, or 'no' to cancel: """
                    % connection.settings_dict["NAME"]
                )
            else:
                confirm = "yes"
    
            if confirm == "yes":
                try:
                    connection.ops.execute_sql_flush(sql_list)
                except Exception as exc:
>                   raise CommandError(
                        "Database %s couldn't be flushed. Possible reasons:\n"
                        "  * The database isn't running or isn't configured correctly.\n"
                        "  * At least one of the expected database tables doesn't exist.\n"
                        "  * The SQL was invalid.\n"
                        "Hint: Look at the output of 'django-admin sqlflush'. "
                        "That's the SQL this command wasn't able to run."
                        % (connection.settings_dict["NAME"],)
                    ) from exc
E                   django.core.management.base.CommandError: Database test_gpp_plataform couldn't be flushed. Possible reasons:
E                     * The database isn't running or isn't configured correctly.
E                     * At least one of the expected database tables doesn't exist.
E                     * The SQL was invalid.
E                   Hint: Look at the output of 'django-admin sqlflush'. That's the SQL this command wasn't able to run.

.venv\Lib\site-packages\django\core\management\commands\flush.py:76: CommandError
---------------------------- Captured stderr call -----------------------------
2026-03-23 15:05:32,917 [WARNING] gpp.security:38 | APP_CONTEXT_NONE path=/api/accounts/login/ ù application could not be resolved, leaving as None
2026-03-23 15:05:33,240 [INFO] gpp.security:153 | LOGIN_SUCCESS user_id=176 username=gestor_test app_context=ACOES_PNGI session_key=gu0b0dllfqrl9oyfx5k0zmw49mj4par9
------------------------------ Captured log call ------------------------------
WARNING  gpp.security:application_context.py:38 APP_CONTEXT_NONE path=/api/accounts/login/ ù application could not be resolved, leaving as None
INFO     gpp.security:views.py:153 LOGIN_SUCCESS user_id=176 username=gestor_test app_context=ACOES_PNGI session_key=gu0b0dllfqrl9oyfx5k0zmw49mj4par9
_______ ERROR at teardown of TestLogin.test_login_credenciais_invalidas _______

self = <django.db.backends.utils.CursorWrapper object at 0x0000028346D7C770>
sql = 'TRUNCATE "auth_group", "auth_user_user_permissions", "accounts_userrole", "tblusuario", "tbltipousuario", "accounts_a... "tblstatususuario", "auth_group_permissions", "tblaplicacao", "accounts_session", "auth_permission", "accounts_role";'
params = None
ignored_wrapper_args = (False, {'connection': <DatabaseWrapper vendor='postgresql' alias='default'>, 'cursor': <django.db.backends.utils.CursorWrapper object at 0x0000028346D7C770>})

    def _execute(self, sql, params, *ignored_wrapper_args):
        # Raise a warning during app initialization (stored_app_configs is only
        # ever set during testing).
        if not apps.ready and not apps.stored_app_configs:
            warnings.warn(self.APPS_NOT_READY_WARNING_MSG, category=RuntimeWarning)
        self.db.validate_no_broken_transaction()
        with self.db.wrap_database_errors:
            if params is None:
                # params default might be backend specific.
>               return self.cursor.execute(sql)
                       ^^^^^^^^^^^^^^^^^^^^^^^^

.venv\Lib\site-packages\django\db\backends\utils.py:103: 
_ _ _ _ _ _ _ _ _ _ _ _ _ _ _ _ _ _ _ _ _ _ _ _ _ _ _ _ _ _ _ _ _ _ _ _ _ _ _ _

self = <django.db.backends.postgresql.base.Cursor [closed] [IDLE] (host=localhost user=postgres database=test_gpp_plataform) at 0x28344b79f30>
query = 'TRUNCATE "auth_group", "auth_user_user_permissions", "accounts_userrole", "tblusuario", "tbltipousuario", "accounts_a... "tblstatususuario", "auth_group_permissions", "tblaplicacao", "accounts_session", "auth_permission", "accounts_role";'
params = None

    def execute(
        self,
        query: Query,
        params: Params | None = None,
        *,
        prepare: bool | None = None,
        binary: bool | None = None,
    ) -> Self:
        """
        Execute a query or command to the database.
        """
        try:
            with self._conn.lock:
                self._conn.wait(
                    self._execute_gen(query, params, prepare=prepare, binary=binary)
                )
        except e._NO_TRACEBACK as ex:
>           raise ex.with_traceback(None)
E           psycopg.errors.FeatureNotSupported: nÒo Ú possÝvel truncar uma tabela referenciada em uma restriþÒo de chave estrangeira
E           DETAIL:  Tabela "tblusuarioresponsavel" referencia "auth_user".
E           HINT:  Trunque a tabela "tblusuarioresponsavel" ao mesmo tempo, ou use TRUNCATE ... CASCADE.

.venv\Lib\site-packages\psycopg\cursor.py:117: FeatureNotSupported

The above exception was the direct cause of the following exception:

self = <django.core.management.commands.flush.Command object at 0x000002834512C7D0>
options = {'allow_cascade': False, 'database': 'default', 'force_color': False, 'inhibit_post_migrate': False, ...}
database = 'default'
connection = <DatabaseWrapper vendor='postgresql' alias='default'>
verbosity = 0, interactive = False, reset_sequences = False
allow_cascade = False, inhibit_post_migrate = False

        def handle(self, **options):
            database = options["database"]
            connection = connections[database]
            verbosity = options["verbosity"]
            interactive = options["interactive"]
            # The following are stealth options used by Django's internals.
            reset_sequences = options.get("reset_sequences", True)
            allow_cascade = options.get("allow_cascade", False)
            inhibit_post_migrate = options.get("inhibit_post_migrate", False)
    
            self.style = no_style()
    
            # Import the 'management' module within each installed app, to register
            # dispatcher events.
            for app_config in apps.get_app_configs():
                try:
                    import_module(".management", app_config.name)
                except ImportError:
                    pass
    
            sql_list = sql_flush(
                self.style,
                connection,
                reset_sequences=reset_sequences,
                allow_cascade=allow_cascade,
            )
    
            if interactive:
                confirm = input(
                    """You have requested a flush of the database.
    This will IRREVERSIBLY DESTROY all data currently in the "%s" database,
    and return each table to an empty state.
    Are you sure you want to do this?
    
        Type 'yes' to continue, or 'no' to cancel: """
                    % connection.settings_dict["NAME"]
                )
            else:
                confirm = "yes"
    
            if confirm == "yes":
                try:
>                   connection.ops.execute_sql_flush(sql_list)

.venv\Lib\site-packages\django\core\management\commands\flush.py:74: 
_ _ _ _ _ _ _ _ _ _ _ _ _ _ _ _ _ _ _ _ _ _ _ _ _ _ _ _ _ _ _ _ _ _ _ _ _ _ _ _
.venv\Lib\site-packages\django\db\backends\base\operations.py:473: in execute_sql_flush
    cursor.execute(sql)
.venv\Lib\site-packages\django\db\backends\utils.py:79: in execute
    return self._execute_with_wrappers(
.venv\Lib\site-packages\django\db\backends\utils.py:92: in _execute_with_wrappers
    return executor(sql, params, many, context)
           ^^^^^^^^^^^^^^^^^^^^^^^^^^^^^^^^^^^^
.venv\Lib\site-packages\django\db\backends\utils.py:100: in _execute
    with self.db.wrap_database_errors:
         ^^^^^^^^^^^^^^^^^^^^^^^^^^^^
.venv\Lib\site-packages\django\db\utils.py:91: in __exit__
    raise dj_exc_value.with_traceback(traceback) from exc_value
.venv\Lib\site-packages\django\db\backends\utils.py:103: in _execute
    return self.cursor.execute(sql)
           ^^^^^^^^^^^^^^^^^^^^^^^^
_ _ _ _ _ _ _ _ _ _ _ _ _ _ _ _ _ _ _ _ _ _ _ _ _ _ _ _ _ _ _ _ _ _ _ _ _ _ _ _

self = <django.db.backends.postgresql.base.Cursor [closed] [IDLE] (host=localhost user=postgres database=test_gpp_plataform) at 0x28344b79f30>
query = 'TRUNCATE "auth_group", "auth_user_user_permissions", "accounts_userrole", "tblusuario", "tbltipousuario", "accounts_a... "tblstatususuario", "auth_group_permissions", "tblaplicacao", "accounts_session", "auth_permission", "accounts_role";'
params = None

    def execute(
        self,
        query: Query,
        params: Params | None = None,
        *,
        prepare: bool | None = None,
        binary: bool | None = None,
    ) -> Self:
        """
        Execute a query or command to the database.
        """
        try:
            with self._conn.lock:
                self._conn.wait(
                    self._execute_gen(query, params, prepare=prepare, binary=binary)
                )
        except e._NO_TRACEBACK as ex:
>           raise ex.with_traceback(None)
E           django.db.utils.NotSupportedError: nÒo Ú possÝvel truncar uma tabela referenciada em uma restriþÒo de chave estrangeira
E           DETAIL:  Tabela "tblusuarioresponsavel" referencia "auth_user".
E           HINT:  Trunque a tabela "tblusuarioresponsavel" ao mesmo tempo, ou use TRUNCATE ... CASCADE.

.venv\Lib\site-packages\psycopg\cursor.py:117: NotSupportedError

The above exception was the direct cause of the following exception:

request = <SubRequest '_django_db_helper' for <Function test_login_credenciais_invalidas>>
django_db_setup = None
django_db_blocker = <pytest_django.plugin.DjangoDbBlocker object at 0x0000028342085FD0>

    @pytest.fixture
    def _django_db_helper(
        request: pytest.FixtureRequest,
        django_db_setup: None,  # noqa: ARG001
        django_db_blocker: DjangoDbBlocker,
    ) -> Generator[None, None, None]:
        if is_django_unittest(request):
            yield
            return
    
        marker = request.node.get_closest_marker("django_db")
        if marker:
            (
                transactional,
                reset_sequences,
                databases,
                serialized_rollback,
                available_apps,
            ) = validate_django_db(marker)
        else:
            (
                transactional,
                reset_sequences,
                databases,
                serialized_rollback,
                available_apps,
            ) = False, False, None, False, None
    
        transactional = (
            transactional
            or reset_sequences
            or ("transactional_db" in request.fixturenames or "live_server" in request.fixturenames)
        )
        reset_sequences = reset_sequences or ("django_db_reset_sequences" in request.fixturenames)
        serialized_rollback = serialized_rollback or (
            "django_db_serialized_rollback" in request.fixturenames
        )
    
        with django_db_blocker.unblock():
            import django.db
            import django.test
    
            if transactional:
                test_case_class = django.test.TransactionTestCase
            else:
                test_case_class = django.test.TestCase
    
            _reset_sequences = reset_sequences
            _serialized_rollback = serialized_rollback
            _databases = databases
            _available_apps = available_apps
    
            class PytestDjangoTestCase(test_case_class):  # type: ignore[misc,valid-type]
                reset_sequences = _reset_sequences
                serialized_rollback = _serialized_rollback
                if _databases is not None:
                    databases = _databases
                if _available_apps is not None:
                    available_apps = _available_apps
    
                # For non-transactional tests, skip executing `django.test.TestCase`'s
                # `setUpClass`/`tearDownClass`, only execute the super class ones.
                #
                # `TestCase`'s class setup manages the `setUpTestData`/class-level
                # transaction functionality. We don't use it; instead we (will) offer
                # our own alternatives. So it only adds overhead, and does some things
                # which conflict with our (planned) functionality, particularly, it
                # closes all database connections in `tearDownClass` which inhibits
                # wrapping tests in higher-scoped transactions.
                #
                # It's possible a new version of Django will add some unrelated
                # functionality to these methods, in which case skipping them completely
                # would not be desirable. Let's cross that bridge when we get there...
                if not transactional:
    
                    @classmethod
                    def setUpClass(cls) -> None:
                        super(django.test.TestCase, cls).setUpClass()
    
                    @classmethod
                    def tearDownClass(cls) -> None:
                        super(django.test.TestCase, cls).tearDownClass()
    
            PytestDjangoTestCase.setUpClass()
    
            test_case = PytestDjangoTestCase(methodName="__init__")
            test_case._pre_setup()
    
            yield
    
>           test_case._post_teardown()

.venv\Lib\site-packages\pytest_django\fixtures.py:296: 
_ _ _ _ _ _ _ _ _ _ _ _ _ _ _ _ _ _ _ _ _ _ _ _ _ _ _ _ _ _ _ _ _ _ _ _ _ _ _ _
.venv\Lib\site-packages\django\test\testcases.py:1227: in _post_teardown
    self._fixture_teardown()
.venv\Lib\site-packages\django\test\testcases.py:1262: in _fixture_teardown
    call_command(
.venv\Lib\site-packages\django\core\management\__init__.py:194: in call_command
    return command.execute(*args, **defaults)
           ^^^^^^^^^^^^^^^^^^^^^^^^^^^^^^^^^^
.venv\Lib\site-packages\django\core\management\base.py:460: in execute
    output = self.handle(*args, **options)
             ^^^^^^^^^^^^^^^^^^^^^^^^^^^^^
_ _ _ _ _ _ _ _ _ _ _ _ _ _ _ _ _ _ _ _ _ _ _ _ _ _ _ _ _ _ _ _ _ _ _ _ _ _ _ _

self = <django.core.management.commands.flush.Command object at 0x000002834512C7D0>
options = {'allow_cascade': False, 'database': 'default', 'force_color': False, 'inhibit_post_migrate': False, ...}
database = 'default'
connection = <DatabaseWrapper vendor='postgresql' alias='default'>
verbosity = 0, interactive = False, reset_sequences = False
allow_cascade = False, inhibit_post_migrate = False

        def handle(self, **options):
            database = options["database"]
            connection = connections[database]
            verbosity = options["verbosity"]
            interactive = options["interactive"]
            # The following are stealth options used by Django's internals.
            reset_sequences = options.get("reset_sequences", True)
            allow_cascade = options.get("allow_cascade", False)
            inhibit_post_migrate = options.get("inhibit_post_migrate", False)
    
            self.style = no_style()
    
            # Import the 'management' module within each installed app, to register
            # dispatcher events.
            for app_config in apps.get_app_configs():
                try:
                    import_module(".management", app_config.name)
                except ImportError:
                    pass
    
            sql_list = sql_flush(
                self.style,
                connection,
                reset_sequences=reset_sequences,
                allow_cascade=allow_cascade,
            )
    
            if interactive:
                confirm = input(
                    """You have requested a flush of the database.
    This will IRREVERSIBLY DESTROY all data currently in the "%s" database,
    and return each table to an empty state.
    Are you sure you want to do this?
    
        Type 'yes' to continue, or 'no' to cancel: """
                    % connection.settings_dict["NAME"]
                )
            else:
                confirm = "yes"
    
            if confirm == "yes":
                try:
                    connection.ops.execute_sql_flush(sql_list)
                except Exception as exc:
>                   raise CommandError(
                        "Database %s couldn't be flushed. Possible reasons:\n"
                        "  * The database isn't running or isn't configured correctly.\n"
                        "  * At least one of the expected database tables doesn't exist.\n"
                        "  * The SQL was invalid.\n"
                        "Hint: Look at the output of 'django-admin sqlflush'. "
                        "That's the SQL this command wasn't able to run."
                        % (connection.settings_dict["NAME"],)
                    ) from exc
E                   django.core.management.base.CommandError: Database test_gpp_plataform couldn't be flushed. Possible reasons:
E                     * The database isn't running or isn't configured correctly.
E                     * At least one of the expected database tables doesn't exist.
E                     * The SQL was invalid.
E                   Hint: Look at the output of 'django-admin sqlflush'. That's the SQL this command wasn't able to run.

.venv\Lib\site-packages\django\core\management\commands\flush.py:76: CommandError
---------------------------- Captured stderr call -----------------------------
2026-03-23 15:05:33,639 [WARNING] gpp.security:38 | APP_CONTEXT_NONE path=/api/accounts/login/ ù application could not be resolved, leaving as None
2026-03-23 15:05:33,965 [WARNING] django.request:248 | Unauthorized: /api/accounts/login/
------------------------------ Captured log call ------------------------------
WARNING  gpp.security:application_context.py:38 APP_CONTEXT_NONE path=/api/accounts/login/ ù application could not be resolved, leaving as None
WARNING  django.request:log.py:248 Unauthorized: /api/accounts/login/
____ ERROR at teardown of TestLogin.test_login_campos_ausentes_retorna_400 ____

self = <django.db.backends.utils.CursorWrapper object at 0x000002834503EB10>
sql = 'TRUNCATE "auth_group", "auth_user_user_permissions", "accounts_userrole", "tblusuario", "tbltipousuario", "accounts_a... "tblstatususuario", "auth_group_permissions", "tblaplicacao", "accounts_session", "auth_permission", "accounts_role";'
params = None
ignored_wrapper_args = (False, {'connection': <DatabaseWrapper vendor='postgresql' alias='default'>, 'cursor': <django.db.backends.utils.CursorWrapper object at 0x000002834503EB10>})

    def _execute(self, sql, params, *ignored_wrapper_args):
        # Raise a warning during app initialization (stored_app_configs is only
        # ever set during testing).
        if not apps.ready and not apps.stored_app_configs:
            warnings.warn(self.APPS_NOT_READY_WARNING_MSG, category=RuntimeWarning)
        self.db.validate_no_broken_transaction()
        with self.db.wrap_database_errors:
            if params is None:
                # params default might be backend specific.
>               return self.cursor.execute(sql)
                       ^^^^^^^^^^^^^^^^^^^^^^^^

.venv\Lib\site-packages\django\db\backends\utils.py:103: 
_ _ _ _ _ _ _ _ _ _ _ _ _ _ _ _ _ _ _ _ _ _ _ _ _ _ _ _ _ _ _ _ _ _ _ _ _ _ _ _

self = <django.db.backends.postgresql.base.Cursor [closed] [IDLE] (host=localhost user=postgres database=test_gpp_plataform) at 0x2834519ce20>
query = 'TRUNCATE "auth_group", "auth_user_user_permissions", "accounts_userrole", "tblusuario", "tbltipousuario", "accounts_a... "tblstatususuario", "auth_group_permissions", "tblaplicacao", "accounts_session", "auth_permission", "accounts_role";'
params = None

    def execute(
        self,
        query: Query,
        params: Params | None = None,
        *,
        prepare: bool | None = None,
        binary: bool | None = None,
    ) -> Self:
        """
        Execute a query or command to the database.
        """
        try:
            with self._conn.lock:
                self._conn.wait(
                    self._execute_gen(query, params, prepare=prepare, binary=binary)
                )
        except e._NO_TRACEBACK as ex:
>           raise ex.with_traceback(None)
E           psycopg.errors.FeatureNotSupported: nÒo Ú possÝvel truncar uma tabela referenciada em uma restriþÒo de chave estrangeira
E           DETAIL:  Tabela "tblusuarioresponsavel" referencia "auth_user".
E           HINT:  Trunque a tabela "tblusuarioresponsavel" ao mesmo tempo, ou use TRUNCATE ... CASCADE.

.venv\Lib\site-packages\psycopg\cursor.py:117: FeatureNotSupported

The above exception was the direct cause of the following exception:

self = <django.core.management.commands.flush.Command object at 0x0000028346B575C0>
options = {'allow_cascade': False, 'database': 'default', 'force_color': False, 'inhibit_post_migrate': False, ...}
database = 'default'
connection = <DatabaseWrapper vendor='postgresql' alias='default'>
verbosity = 0, interactive = False, reset_sequences = False
allow_cascade = False, inhibit_post_migrate = False

        def handle(self, **options):
            database = options["database"]
            connection = connections[database]
            verbosity = options["verbosity"]
            interactive = options["interactive"]
            # The following are stealth options used by Django's internals.
            reset_sequences = options.get("reset_sequences", True)
            allow_cascade = options.get("allow_cascade", False)
            inhibit_post_migrate = options.get("inhibit_post_migrate", False)
    
            self.style = no_style()
    
            # Import the 'management' module within each installed app, to register
            # dispatcher events.
            for app_config in apps.get_app_configs():
                try:
                    import_module(".management", app_config.name)
                except ImportError:
                    pass
    
            sql_list = sql_flush(
                self.style,
                connection,
                reset_sequences=reset_sequences,
                allow_cascade=allow_cascade,
            )
    
            if interactive:
                confirm = input(
                    """You have requested a flush of the database.
    This will IRREVERSIBLY DESTROY all data currently in the "%s" database,
    and return each table to an empty state.
    Are you sure you want to do this?
    
        Type 'yes' to continue, or 'no' to cancel: """
                    % connection.settings_dict["NAME"]
                )
            else:
                confirm = "yes"
    
            if confirm == "yes":
                try:
>                   connection.ops.execute_sql_flush(sql_list)

.venv\Lib\site-packages\django\core\management\commands\flush.py:74: 
_ _ _ _ _ _ _ _ _ _ _ _ _ _ _ _ _ _ _ _ _ _ _ _ _ _ _ _ _ _ _ _ _ _ _ _ _ _ _ _
.venv\Lib\site-packages\django\db\backends\base\operations.py:473: in execute_sql_flush
    cursor.execute(sql)
.venv\Lib\site-packages\django\db\backends\utils.py:79: in execute
    return self._execute_with_wrappers(
.venv\Lib\site-packages\django\db\backends\utils.py:92: in _execute_with_wrappers
    return executor(sql, params, many, context)
           ^^^^^^^^^^^^^^^^^^^^^^^^^^^^^^^^^^^^
.venv\Lib\site-packages\django\db\backends\utils.py:100: in _execute
    with self.db.wrap_database_errors:
         ^^^^^^^^^^^^^^^^^^^^^^^^^^^^
.venv\Lib\site-packages\django\db\utils.py:91: in __exit__
    raise dj_exc_value.with_traceback(traceback) from exc_value
.venv\Lib\site-packages\django\db\backends\utils.py:103: in _execute
    return self.cursor.execute(sql)
           ^^^^^^^^^^^^^^^^^^^^^^^^
_ _ _ _ _ _ _ _ _ _ _ _ _ _ _ _ _ _ _ _ _ _ _ _ _ _ _ _ _ _ _ _ _ _ _ _ _ _ _ _

self = <django.db.backends.postgresql.base.Cursor [closed] [IDLE] (host=localhost user=postgres database=test_gpp_plataform) at 0x2834519ce20>
query = 'TRUNCATE "auth_group", "auth_user_user_permissions", "accounts_userrole", "tblusuario", "tbltipousuario", "accounts_a... "tblstatususuario", "auth_group_permissions", "tblaplicacao", "accounts_session", "auth_permission", "accounts_role";'
params = None

    def execute(
        self,
        query: Query,
        params: Params | None = None,
        *,
        prepare: bool | None = None,
        binary: bool | None = None,
    ) -> Self:
        """
        Execute a query or command to the database.
        """
        try:
            with self._conn.lock:
                self._conn.wait(
                    self._execute_gen(query, params, prepare=prepare, binary=binary)
                )
        except e._NO_TRACEBACK as ex:
>           raise ex.with_traceback(None)
E           django.db.utils.NotSupportedError: nÒo Ú possÝvel truncar uma tabela referenciada em uma restriþÒo de chave estrangeira
E           DETAIL:  Tabela "tblusuarioresponsavel" referencia "auth_user".
E           HINT:  Trunque a tabela "tblusuarioresponsavel" ao mesmo tempo, ou use TRUNCATE ... CASCADE.

.venv\Lib\site-packages\psycopg\cursor.py:117: NotSupportedError

The above exception was the direct cause of the following exception:

request = <SubRequest '_django_db_helper' for <Function test_login_campos_ausentes_retorna_400>>
django_db_setup = None
django_db_blocker = <pytest_django.plugin.DjangoDbBlocker object at 0x0000028342085FD0>

    @pytest.fixture
    def _django_db_helper(
        request: pytest.FixtureRequest,
        django_db_setup: None,  # noqa: ARG001
        django_db_blocker: DjangoDbBlocker,
    ) -> Generator[None, None, None]:
        if is_django_unittest(request):
            yield
            return
    
        marker = request.node.get_closest_marker("django_db")
        if marker:
            (
                transactional,
                reset_sequences,
                databases,
                serialized_rollback,
                available_apps,
            ) = validate_django_db(marker)
        else:
            (
                transactional,
                reset_sequences,
                databases,
                serialized_rollback,
                available_apps,
            ) = False, False, None, False, None
    
        transactional = (
            transactional
            or reset_sequences
            or ("transactional_db" in request.fixturenames or "live_server" in request.fixturenames)
        )
        reset_sequences = reset_sequences or ("django_db_reset_sequences" in request.fixturenames)
        serialized_rollback = serialized_rollback or (
            "django_db_serialized_rollback" in request.fixturenames
        )
    
        with django_db_blocker.unblock():
            import django.db
            import django.test
    
            if transactional:
                test_case_class = django.test.TransactionTestCase
            else:
                test_case_class = django.test.TestCase
    
            _reset_sequences = reset_sequences
            _serialized_rollback = serialized_rollback
            _databases = databases
            _available_apps = available_apps
    
            class PytestDjangoTestCase(test_case_class):  # type: ignore[misc,valid-type]
                reset_sequences = _reset_sequences
                serialized_rollback = _serialized_rollback
                if _databases is not None:
                    databases = _databases
                if _available_apps is not None:
                    available_apps = _available_apps
    
                # For non-transactional tests, skip executing `django.test.TestCase`'s
                # `setUpClass`/`tearDownClass`, only execute the super class ones.
                #
                # `TestCase`'s class setup manages the `setUpTestData`/class-level
                # transaction functionality. We don't use it; instead we (will) offer
                # our own alternatives. So it only adds overhead, and does some things
                # which conflict with our (planned) functionality, particularly, it
                # closes all database connections in `tearDownClass` which inhibits
                # wrapping tests in higher-scoped transactions.
                #
                # It's possible a new version of Django will add some unrelated
                # functionality to these methods, in which case skipping them completely
                # would not be desirable. Let's cross that bridge when we get there...
                if not transactional:
    
                    @classmethod
                    def setUpClass(cls) -> None:
                        super(django.test.TestCase, cls).setUpClass()
    
                    @classmethod
                    def tearDownClass(cls) -> None:
                        super(django.test.TestCase, cls).tearDownClass()
    
            PytestDjangoTestCase.setUpClass()
    
            test_case = PytestDjangoTestCase(methodName="__init__")
            test_case._pre_setup()
    
            yield
    
>           test_case._post_teardown()

.venv\Lib\site-packages\pytest_django\fixtures.py:296: 
_ _ _ _ _ _ _ _ _ _ _ _ _ _ _ _ _ _ _ _ _ _ _ _ _ _ _ _ _ _ _ _ _ _ _ _ _ _ _ _
.venv\Lib\site-packages\django\test\testcases.py:1227: in _post_teardown
    self._fixture_teardown()
.venv\Lib\site-packages\django\test\testcases.py:1262: in _fixture_teardown
    call_command(
.venv\Lib\site-packages\django\core\management\__init__.py:194: in call_command
    return command.execute(*args, **defaults)
           ^^^^^^^^^^^^^^^^^^^^^^^^^^^^^^^^^^
.venv\Lib\site-packages\django\core\management\base.py:460: in execute
    output = self.handle(*args, **options)
             ^^^^^^^^^^^^^^^^^^^^^^^^^^^^^
_ _ _ _ _ _ _ _ _ _ _ _ _ _ _ _ _ _ _ _ _ _ _ _ _ _ _ _ _ _ _ _ _ _ _ _ _ _ _ _

self = <django.core.management.commands.flush.Command object at 0x0000028346B575C0>
options = {'allow_cascade': False, 'database': 'default', 'force_color': False, 'inhibit_post_migrate': False, ...}
database = 'default'
connection = <DatabaseWrapper vendor='postgresql' alias='default'>
verbosity = 0, interactive = False, reset_sequences = False
allow_cascade = False, inhibit_post_migrate = False

        def handle(self, **options):
            database = options["database"]
            connection = connections[database]
            verbosity = options["verbosity"]
            interactive = options["interactive"]
            # The following are stealth options used by Django's internals.
            reset_sequences = options.get("reset_sequences", True)
            allow_cascade = options.get("allow_cascade", False)
            inhibit_post_migrate = options.get("inhibit_post_migrate", False)
    
            self.style = no_style()
    
            # Import the 'management' module within each installed app, to register
            # dispatcher events.
            for app_config in apps.get_app_configs():
                try:
                    import_module(".management", app_config.name)
                except ImportError:
                    pass
    
            sql_list = sql_flush(
                self.style,
                connection,
                reset_sequences=reset_sequences,
                allow_cascade=allow_cascade,
            )
    
            if interactive:
                confirm = input(
                    """You have requested a flush of the database.
    This will IRREVERSIBLY DESTROY all data currently in the "%s" database,
    and return each table to an empty state.
    Are you sure you want to do this?
    
        Type 'yes' to continue, or 'no' to cancel: """
                    % connection.settings_dict["NAME"]
                )
            else:
                confirm = "yes"
    
            if confirm == "yes":
                try:
                    connection.ops.execute_sql_flush(sql_list)
                except Exception as exc:
>                   raise CommandError(
                        "Database %s couldn't be flushed. Possible reasons:\n"
                        "  * The database isn't running or isn't configured correctly.\n"
                        "  * At least one of the expected database tables doesn't exist.\n"
                        "  * The SQL was invalid.\n"
                        "Hint: Look at the output of 'django-admin sqlflush'. "
                        "That's the SQL this command wasn't able to run."
                        % (connection.settings_dict["NAME"],)
                    ) from exc
E                   django.core.management.base.CommandError: Database test_gpp_plataform couldn't be flushed. Possible reasons:
E                     * The database isn't running or isn't configured correctly.
E                     * At least one of the expected database tables doesn't exist.
E                     * The SQL was invalid.
E                   Hint: Look at the output of 'django-admin sqlflush'. That's the SQL this command wasn't able to run.

.venv\Lib\site-packages\django\core\management\commands\flush.py:76: CommandError
---------------------------- Captured stderr call -----------------------------
2026-03-23 15:05:34,050 [WARNING] gpp.security:38 | APP_CONTEXT_NONE path=/api/accounts/login/ ù application could not be resolved, leaving as None
2026-03-23 15:05:34,050 [WARNING] django.request:248 | Bad Request: /api/accounts/login/
------------------------------ Captured log call ------------------------------
WARNING  gpp.security:application_context.py:38 APP_CONTEXT_NONE path=/api/accounts/login/ ù application could not be resolved, leaving as None
WARNING  django.request:log.py:248 Bad Request: /api/accounts/login/
______ ERROR at teardown of TestLogin.test_login_app_context_inexistente ______

self = <django.db.backends.utils.CursorWrapper object at 0x000002834509E390>
sql = 'TRUNCATE "auth_group", "auth_user_user_permissions", "accounts_userrole", "tblusuario", "tbltipousuario", "accounts_a... "tblstatususuario", "auth_group_permissions", "tblaplicacao", "accounts_session", "auth_permission", "accounts_role";'
params = None
ignored_wrapper_args = (False, {'connection': <DatabaseWrapper vendor='postgresql' alias='default'>, 'cursor': <django.db.backends.utils.CursorWrapper object at 0x000002834509E390>})

    def _execute(self, sql, params, *ignored_wrapper_args):
        # Raise a warning during app initialization (stored_app_configs is only
        # ever set during testing).
        if not apps.ready and not apps.stored_app_configs:
            warnings.warn(self.APPS_NOT_READY_WARNING_MSG, category=RuntimeWarning)
        self.db.validate_no_broken_transaction()
        with self.db.wrap_database_errors:
            if params is None:
                # params default might be backend specific.
>               return self.cursor.execute(sql)
                       ^^^^^^^^^^^^^^^^^^^^^^^^

.venv\Lib\site-packages\django\db\backends\utils.py:103: 
_ _ _ _ _ _ _ _ _ _ _ _ _ _ _ _ _ _ _ _ _ _ _ _ _ _ _ _ _ _ _ _ _ _ _ _ _ _ _ _

self = <django.db.backends.postgresql.base.Cursor [closed] [IDLE] (host=localhost user=postgres database=test_gpp_plataform) at 0x2834519f450>
query = 'TRUNCATE "auth_group", "auth_user_user_permissions", "accounts_userrole", "tblusuario", "tbltipousuario", "accounts_a... "tblstatususuario", "auth_group_permissions", "tblaplicacao", "accounts_session", "auth_permission", "accounts_role";'
params = None

    def execute(
        self,
        query: Query,
        params: Params | None = None,
        *,
        prepare: bool | None = None,
        binary: bool | None = None,
    ) -> Self:
        """
        Execute a query or command to the database.
        """
        try:
            with self._conn.lock:
                self._conn.wait(
                    self._execute_gen(query, params, prepare=prepare, binary=binary)
                )
        except e._NO_TRACEBACK as ex:
>           raise ex.with_traceback(None)
E           psycopg.errors.FeatureNotSupported: nÒo Ú possÝvel truncar uma tabela referenciada em uma restriþÒo de chave estrangeira
E           DETAIL:  Tabela "tblusuarioresponsavel" referencia "auth_user".
E           HINT:  Trunque a tabela "tblusuarioresponsavel" ao mesmo tempo, ou use TRUNCATE ... CASCADE.

.venv\Lib\site-packages\psycopg\cursor.py:117: FeatureNotSupported

The above exception was the direct cause of the following exception:

self = <django.core.management.commands.flush.Command object at 0x0000028346B57820>
options = {'allow_cascade': False, 'database': 'default', 'force_color': False, 'inhibit_post_migrate': False, ...}
database = 'default'
connection = <DatabaseWrapper vendor='postgresql' alias='default'>
verbosity = 0, interactive = False, reset_sequences = False
allow_cascade = False, inhibit_post_migrate = False

        def handle(self, **options):
            database = options["database"]
            connection = connections[database]
            verbosity = options["verbosity"]
            interactive = options["interactive"]
            # The following are stealth options used by Django's internals.
            reset_sequences = options.get("reset_sequences", True)
            allow_cascade = options.get("allow_cascade", False)
            inhibit_post_migrate = options.get("inhibit_post_migrate", False)
    
            self.style = no_style()
    
            # Import the 'management' module within each installed app, to register
            # dispatcher events.
            for app_config in apps.get_app_configs():
                try:
                    import_module(".management", app_config.name)
                except ImportError:
                    pass
    
            sql_list = sql_flush(
                self.style,
                connection,
                reset_sequences=reset_sequences,
                allow_cascade=allow_cascade,
            )
    
            if interactive:
                confirm = input(
                    """You have requested a flush of the database.
    This will IRREVERSIBLY DESTROY all data currently in the "%s" database,
    and return each table to an empty state.
    Are you sure you want to do this?
    
        Type 'yes' to continue, or 'no' to cancel: """
                    % connection.settings_dict["NAME"]
                )
            else:
                confirm = "yes"
    
            if confirm == "yes":
                try:
>                   connection.ops.execute_sql_flush(sql_list)

.venv\Lib\site-packages\django\core\management\commands\flush.py:74: 
_ _ _ _ _ _ _ _ _ _ _ _ _ _ _ _ _ _ _ _ _ _ _ _ _ _ _ _ _ _ _ _ _ _ _ _ _ _ _ _
.venv\Lib\site-packages\django\db\backends\base\operations.py:473: in execute_sql_flush
    cursor.execute(sql)
.venv\Lib\site-packages\django\db\backends\utils.py:79: in execute
    return self._execute_with_wrappers(
.venv\Lib\site-packages\django\db\backends\utils.py:92: in _execute_with_wrappers
    return executor(sql, params, many, context)
           ^^^^^^^^^^^^^^^^^^^^^^^^^^^^^^^^^^^^
.venv\Lib\site-packages\django\db\backends\utils.py:100: in _execute
    with self.db.wrap_database_errors:
         ^^^^^^^^^^^^^^^^^^^^^^^^^^^^
.venv\Lib\site-packages\django\db\utils.py:91: in __exit__
    raise dj_exc_value.with_traceback(traceback) from exc_value
.venv\Lib\site-packages\django\db\backends\utils.py:103: in _execute
    return self.cursor.execute(sql)
           ^^^^^^^^^^^^^^^^^^^^^^^^
_ _ _ _ _ _ _ _ _ _ _ _ _ _ _ _ _ _ _ _ _ _ _ _ _ _ _ _ _ _ _ _ _ _ _ _ _ _ _ _

self = <django.db.backends.postgresql.base.Cursor [closed] [IDLE] (host=localhost user=postgres database=test_gpp_plataform) at 0x2834519f450>
query = 'TRUNCATE "auth_group", "auth_user_user_permissions", "accounts_userrole", "tblusuario", "tbltipousuario", "accounts_a... "tblstatususuario", "auth_group_permissions", "tblaplicacao", "accounts_session", "auth_permission", "accounts_role";'
params = None

    def execute(
        self,
        query: Query,
        params: Params | None = None,
        *,
        prepare: bool | None = None,
        binary: bool | None = None,
    ) -> Self:
        """
        Execute a query or command to the database.
        """
        try:
            with self._conn.lock:
                self._conn.wait(
                    self._execute_gen(query, params, prepare=prepare, binary=binary)
                )
        except e._NO_TRACEBACK as ex:
>           raise ex.with_traceback(None)
E           django.db.utils.NotSupportedError: nÒo Ú possÝvel truncar uma tabela referenciada em uma restriþÒo de chave estrangeira
E           DETAIL:  Tabela "tblusuarioresponsavel" referencia "auth_user".
E           HINT:  Trunque a tabela "tblusuarioresponsavel" ao mesmo tempo, ou use TRUNCATE ... CASCADE.

.venv\Lib\site-packages\psycopg\cursor.py:117: NotSupportedError

The above exception was the direct cause of the following exception:

request = <SubRequest '_django_db_helper' for <Function test_login_app_context_inexistente>>
django_db_setup = None
django_db_blocker = <pytest_django.plugin.DjangoDbBlocker object at 0x0000028342085FD0>

    @pytest.fixture
    def _django_db_helper(
        request: pytest.FixtureRequest,
        django_db_setup: None,  # noqa: ARG001
        django_db_blocker: DjangoDbBlocker,
    ) -> Generator[None, None, None]:
        if is_django_unittest(request):
            yield
            return
    
        marker = request.node.get_closest_marker("django_db")
        if marker:
            (
                transactional,
                reset_sequences,
                databases,
                serialized_rollback,
                available_apps,
            ) = validate_django_db(marker)
        else:
            (
                transactional,
                reset_sequences,
                databases,
                serialized_rollback,
                available_apps,
            ) = False, False, None, False, None
    
        transactional = (
            transactional
            or reset_sequences
            or ("transactional_db" in request.fixturenames or "live_server" in request.fixturenames)
        )
        reset_sequences = reset_sequences or ("django_db_reset_sequences" in request.fixturenames)
        serialized_rollback = serialized_rollback or (
            "django_db_serialized_rollback" in request.fixturenames
        )
    
        with django_db_blocker.unblock():
            import django.db
            import django.test
    
            if transactional:
                test_case_class = django.test.TransactionTestCase
            else:
                test_case_class = django.test.TestCase
    
            _reset_sequences = reset_sequences
            _serialized_rollback = serialized_rollback
            _databases = databases
            _available_apps = available_apps
    
            class PytestDjangoTestCase(test_case_class):  # type: ignore[misc,valid-type]
                reset_sequences = _reset_sequences
                serialized_rollback = _serialized_rollback
                if _databases is not None:
                    databases = _databases
                if _available_apps is not None:
                    available_apps = _available_apps
    
                # For non-transactional tests, skip executing `django.test.TestCase`'s
                # `setUpClass`/`tearDownClass`, only execute the super class ones.
                #
                # `TestCase`'s class setup manages the `setUpTestData`/class-level
                # transaction functionality. We don't use it; instead we (will) offer
                # our own alternatives. So it only adds overhead, and does some things
                # which conflict with our (planned) functionality, particularly, it
                # closes all database connections in `tearDownClass` which inhibits
                # wrapping tests in higher-scoped transactions.
                #
                # It's possible a new version of Django will add some unrelated
                # functionality to these methods, in which case skipping them completely
                # would not be desirable. Let's cross that bridge when we get there...
                if not transactional:
    
                    @classmethod
                    def setUpClass(cls) -> None:
                        super(django.test.TestCase, cls).setUpClass()
    
                    @classmethod
                    def tearDownClass(cls) -> None:
                        super(django.test.TestCase, cls).tearDownClass()
    
            PytestDjangoTestCase.setUpClass()
    
            test_case = PytestDjangoTestCase(methodName="__init__")
            test_case._pre_setup()
    
            yield
    
>           test_case._post_teardown()

.venv\Lib\site-packages\pytest_django\fixtures.py:296: 
_ _ _ _ _ _ _ _ _ _ _ _ _ _ _ _ _ _ _ _ _ _ _ _ _ _ _ _ _ _ _ _ _ _ _ _ _ _ _ _
.venv\Lib\site-packages\django\test\testcases.py:1227: in _post_teardown
    self._fixture_teardown()
.venv\Lib\site-packages\django\test\testcases.py:1262: in _fixture_teardown
    call_command(
.venv\Lib\site-packages\django\core\management\__init__.py:194: in call_command
    return command.execute(*args, **defaults)
           ^^^^^^^^^^^^^^^^^^^^^^^^^^^^^^^^^^
.venv\Lib\site-packages\django\core\management\base.py:460: in execute
    output = self.handle(*args, **options)
             ^^^^^^^^^^^^^^^^^^^^^^^^^^^^^
_ _ _ _ _ _ _ _ _ _ _ _ _ _ _ _ _ _ _ _ _ _ _ _ _ _ _ _ _ _ _ _ _ _ _ _ _ _ _ _

self = <django.core.management.commands.flush.Command object at 0x0000028346B57820>
options = {'allow_cascade': False, 'database': 'default', 'force_color': False, 'inhibit_post_migrate': False, ...}
database = 'default'
connection = <DatabaseWrapper vendor='postgresql' alias='default'>
verbosity = 0, interactive = False, reset_sequences = False
allow_cascade = False, inhibit_post_migrate = False

        def handle(self, **options):
            database = options["database"]
            connection = connections[database]
            verbosity = options["verbosity"]
            interactive = options["interactive"]
            # The following are stealth options used by Django's internals.
            reset_sequences = options.get("reset_sequences", True)
            allow_cascade = options.get("allow_cascade", False)
            inhibit_post_migrate = options.get("inhibit_post_migrate", False)
    
            self.style = no_style()
    
            # Import the 'management' module within each installed app, to register
            # dispatcher events.
            for app_config in apps.get_app_configs():
                try:
                    import_module(".management", app_config.name)
                except ImportError:
                    pass
    
            sql_list = sql_flush(
                self.style,
                connection,
                reset_sequences=reset_sequences,
                allow_cascade=allow_cascade,
            )
    
            if interactive:
                confirm = input(
                    """You have requested a flush of the database.
    This will IRREVERSIBLY DESTROY all data currently in the "%s" database,
    and return each table to an empty state.
    Are you sure you want to do this?
    
        Type 'yes' to continue, or 'no' to cancel: """
                    % connection.settings_dict["NAME"]
                )
            else:
                confirm = "yes"
    
            if confirm == "yes":
                try:
                    connection.ops.execute_sql_flush(sql_list)
                except Exception as exc:
>                   raise CommandError(
                        "Database %s couldn't be flushed. Possible reasons:\n"
                        "  * The database isn't running or isn't configured correctly.\n"
                        "  * At least one of the expected database tables doesn't exist.\n"
                        "  * The SQL was invalid.\n"
                        "Hint: Look at the output of 'django-admin sqlflush'. "
                        "That's the SQL this command wasn't able to run."
                        % (connection.settings_dict["NAME"],)
                    ) from exc
E                   django.core.management.base.CommandError: Database test_gpp_plataform couldn't be flushed. Possible reasons:
E                     * The database isn't running or isn't configured correctly.
E                     * At least one of the expected database tables doesn't exist.
E                     * The SQL was invalid.
E                   Hint: Look at the output of 'django-admin sqlflush'. That's the SQL this command wasn't able to run.

.venv\Lib\site-packages\django\core\management\commands\flush.py:76: CommandError
---------------------------- Captured stderr call -----------------------------
2026-03-23 15:05:34,463 [WARNING] gpp.security:38 | APP_CONTEXT_NONE path=/api/accounts/login/ ù application could not be resolved, leaving as None
2026-03-23 15:05:34,771 [WARNING] django.request:248 | Forbidden: /api/accounts/login/
------------------------------ Captured log call ------------------------------
WARNING  gpp.security:application_context.py:38 APP_CONTEXT_NONE path=/api/accounts/login/ ù application could not be resolved, leaving as None
WARNING  django.request:log.py:248 Forbidden: /api/accounts/login/
______ ERROR at teardown of TestLogin.test_login_usuario_sem_role_na_app ______

self = <django.db.backends.utils.CursorWrapper object at 0x000002834517C3B0>
sql = 'TRUNCATE "auth_group", "auth_user_user_permissions", "accounts_userrole", "tblusuario", "tbltipousuario", "accounts_a... "tblstatususuario", "auth_group_permissions", "tblaplicacao", "accounts_session", "auth_permission", "accounts_role";'
params = None
ignored_wrapper_args = (False, {'connection': <DatabaseWrapper vendor='postgresql' alias='default'>, 'cursor': <django.db.backends.utils.CursorWrapper object at 0x000002834517C3B0>})

    def _execute(self, sql, params, *ignored_wrapper_args):
        # Raise a warning during app initialization (stored_app_configs is only
        # ever set during testing).
        if not apps.ready and not apps.stored_app_configs:
            warnings.warn(self.APPS_NOT_READY_WARNING_MSG, category=RuntimeWarning)
        self.db.validate_no_broken_transaction()
        with self.db.wrap_database_errors:
            if params is None:
                # params default might be backend specific.
>               return self.cursor.execute(sql)
                       ^^^^^^^^^^^^^^^^^^^^^^^^

.venv\Lib\site-packages\django\db\backends\utils.py:103: 
_ _ _ _ _ _ _ _ _ _ _ _ _ _ _ _ _ _ _ _ _ _ _ _ _ _ _ _ _ _ _ _ _ _ _ _ _ _ _ _

self = <django.db.backends.postgresql.base.Cursor [closed] [IDLE] (host=localhost user=postgres database=test_gpp_plataform) at 0x28344c07450>
query = 'TRUNCATE "auth_group", "auth_user_user_permissions", "accounts_userrole", "tblusuario", "tbltipousuario", "accounts_a... "tblstatususuario", "auth_group_permissions", "tblaplicacao", "accounts_session", "auth_permission", "accounts_role";'
params = None

    def execute(
        self,
        query: Query,
        params: Params | None = None,
        *,
        prepare: bool | None = None,
        binary: bool | None = None,
    ) -> Self:
        """
        Execute a query or command to the database.
        """
        try:
            with self._conn.lock:
                self._conn.wait(
                    self._execute_gen(query, params, prepare=prepare, binary=binary)
                )
        except e._NO_TRACEBACK as ex:
>           raise ex.with_traceback(None)
E           psycopg.errors.FeatureNotSupported: nÒo Ú possÝvel truncar uma tabela referenciada em uma restriþÒo de chave estrangeira
E           DETAIL:  Tabela "tblusuarioresponsavel" referencia "auth_user".
E           HINT:  Trunque a tabela "tblusuarioresponsavel" ao mesmo tempo, ou use TRUNCATE ... CASCADE.

.venv\Lib\site-packages\psycopg\cursor.py:117: FeatureNotSupported

The above exception was the direct cause of the following exception:

self = <django.core.management.commands.flush.Command object at 0x000002834518C170>
options = {'allow_cascade': False, 'database': 'default', 'force_color': False, 'inhibit_post_migrate': False, ...}
database = 'default'
connection = <DatabaseWrapper vendor='postgresql' alias='default'>
verbosity = 0, interactive = False, reset_sequences = False
allow_cascade = False, inhibit_post_migrate = False

        def handle(self, **options):
            database = options["database"]
            connection = connections[database]
            verbosity = options["verbosity"]
            interactive = options["interactive"]
            # The following are stealth options used by Django's internals.
            reset_sequences = options.get("reset_sequences", True)
            allow_cascade = options.get("allow_cascade", False)
            inhibit_post_migrate = options.get("inhibit_post_migrate", False)
    
            self.style = no_style()
    
            # Import the 'management' module within each installed app, to register
            # dispatcher events.
            for app_config in apps.get_app_configs():
                try:
                    import_module(".management", app_config.name)
                except ImportError:
                    pass
    
            sql_list = sql_flush(
                self.style,
                connection,
                reset_sequences=reset_sequences,
                allow_cascade=allow_cascade,
            )
    
            if interactive:
                confirm = input(
                    """You have requested a flush of the database.
    This will IRREVERSIBLY DESTROY all data currently in the "%s" database,
    and return each table to an empty state.
    Are you sure you want to do this?
    
        Type 'yes' to continue, or 'no' to cancel: """
                    % connection.settings_dict["NAME"]
                )
            else:
                confirm = "yes"
    
            if confirm == "yes":
                try:
>                   connection.ops.execute_sql_flush(sql_list)

.venv\Lib\site-packages\django\core\management\commands\flush.py:74: 
_ _ _ _ _ _ _ _ _ _ _ _ _ _ _ _ _ _ _ _ _ _ _ _ _ _ _ _ _ _ _ _ _ _ _ _ _ _ _ _
.venv\Lib\site-packages\django\db\backends\base\operations.py:473: in execute_sql_flush
    cursor.execute(sql)
.venv\Lib\site-packages\django\db\backends\utils.py:79: in execute
    return self._execute_with_wrappers(
.venv\Lib\site-packages\django\db\backends\utils.py:92: in _execute_with_wrappers
    return executor(sql, params, many, context)
           ^^^^^^^^^^^^^^^^^^^^^^^^^^^^^^^^^^^^
.venv\Lib\site-packages\django\db\backends\utils.py:100: in _execute
    with self.db.wrap_database_errors:
         ^^^^^^^^^^^^^^^^^^^^^^^^^^^^
.venv\Lib\site-packages\django\db\utils.py:91: in __exit__
    raise dj_exc_value.with_traceback(traceback) from exc_value
.venv\Lib\site-packages\django\db\backends\utils.py:103: in _execute
    return self.cursor.execute(sql)
           ^^^^^^^^^^^^^^^^^^^^^^^^
_ _ _ _ _ _ _ _ _ _ _ _ _ _ _ _ _ _ _ _ _ _ _ _ _ _ _ _ _ _ _ _ _ _ _ _ _ _ _ _

self = <django.db.backends.postgresql.base.Cursor [closed] [IDLE] (host=localhost user=postgres database=test_gpp_plataform) at 0x28344c07450>
query = 'TRUNCATE "auth_group", "auth_user_user_permissions", "accounts_userrole", "tblusuario", "tbltipousuario", "accounts_a... "tblstatususuario", "auth_group_permissions", "tblaplicacao", "accounts_session", "auth_permission", "accounts_role";'
params = None

    def execute(
        self,
        query: Query,
        params: Params | None = None,
        *,
        prepare: bool | None = None,
        binary: bool | None = None,
    ) -> Self:
        """
        Execute a query or command to the database.
        """
        try:
            with self._conn.lock:
                self._conn.wait(
                    self._execute_gen(query, params, prepare=prepare, binary=binary)
                )
        except e._NO_TRACEBACK as ex:
>           raise ex.with_traceback(None)
E           django.db.utils.NotSupportedError: nÒo Ú possÝvel truncar uma tabela referenciada em uma restriþÒo de chave estrangeira
E           DETAIL:  Tabela "tblusuarioresponsavel" referencia "auth_user".
E           HINT:  Trunque a tabela "tblusuarioresponsavel" ao mesmo tempo, ou use TRUNCATE ... CASCADE.

.venv\Lib\site-packages\psycopg\cursor.py:117: NotSupportedError

The above exception was the direct cause of the following exception:

request = <SubRequest '_django_db_helper' for <Function test_login_usuario_sem_role_na_app>>
django_db_setup = None
django_db_blocker = <pytest_django.plugin.DjangoDbBlocker object at 0x0000028342085FD0>

    @pytest.fixture
    def _django_db_helper(
        request: pytest.FixtureRequest,
        django_db_setup: None,  # noqa: ARG001
        django_db_blocker: DjangoDbBlocker,
    ) -> Generator[None, None, None]:
        if is_django_unittest(request):
            yield
            return
    
        marker = request.node.get_closest_marker("django_db")
        if marker:
            (
                transactional,
                reset_sequences,
                databases,
                serialized_rollback,
                available_apps,
            ) = validate_django_db(marker)
        else:
            (
                transactional,
                reset_sequences,
                databases,
                serialized_rollback,
                available_apps,
            ) = False, False, None, False, None
    
        transactional = (
            transactional
            or reset_sequences
            or ("transactional_db" in request.fixturenames or "live_server" in request.fixturenames)
        )
        reset_sequences = reset_sequences or ("django_db_reset_sequences" in request.fixturenames)
        serialized_rollback = serialized_rollback or (
            "django_db_serialized_rollback" in request.fixturenames
        )
    
        with django_db_blocker.unblock():
            import django.db
            import django.test
    
            if transactional:
                test_case_class = django.test.TransactionTestCase
            else:
                test_case_class = django.test.TestCase
    
            _reset_sequences = reset_sequences
            _serialized_rollback = serialized_rollback
            _databases = databases
            _available_apps = available_apps
    
            class PytestDjangoTestCase(test_case_class):  # type: ignore[misc,valid-type]
                reset_sequences = _reset_sequences
                serialized_rollback = _serialized_rollback
                if _databases is not None:
                    databases = _databases
                if _available_apps is not None:
                    available_apps = _available_apps
    
                # For non-transactional tests, skip executing `django.test.TestCase`'s
                # `setUpClass`/`tearDownClass`, only execute the super class ones.
                #
                # `TestCase`'s class setup manages the `setUpTestData`/class-level
                # transaction functionality. We don't use it; instead we (will) offer
                # our own alternatives. So it only adds overhead, and does some things
                # which conflict with our (planned) functionality, particularly, it
                # closes all database connections in `tearDownClass` which inhibits
                # wrapping tests in higher-scoped transactions.
                #
                # It's possible a new version of Django will add some unrelated
                # functionality to these methods, in which case skipping them completely
                # would not be desirable. Let's cross that bridge when we get there...
                if not transactional:
    
                    @classmethod
                    def setUpClass(cls) -> None:
                        super(django.test.TestCase, cls).setUpClass()
    
                    @classmethod
                    def tearDownClass(cls) -> None:
                        super(django.test.TestCase, cls).tearDownClass()
    
            PytestDjangoTestCase.setUpClass()
    
            test_case = PytestDjangoTestCase(methodName="__init__")
            test_case._pre_setup()
    
            yield
    
>           test_case._post_teardown()

.venv\Lib\site-packages\pytest_django\fixtures.py:296: 
_ _ _ _ _ _ _ _ _ _ _ _ _ _ _ _ _ _ _ _ _ _ _ _ _ _ _ _ _ _ _ _ _ _ _ _ _ _ _ _
.venv\Lib\site-packages\django\test\testcases.py:1227: in _post_teardown
    self._fixture_teardown()
.venv\Lib\site-packages\django\test\testcases.py:1262: in _fixture_teardown
    call_command(
.venv\Lib\site-packages\django\core\management\__init__.py:194: in call_command
    return command.execute(*args, **defaults)
           ^^^^^^^^^^^^^^^^^^^^^^^^^^^^^^^^^^
.venv\Lib\site-packages\django\core\management\base.py:460: in execute
    output = self.handle(*args, **options)
             ^^^^^^^^^^^^^^^^^^^^^^^^^^^^^
_ _ _ _ _ _ _ _ _ _ _ _ _ _ _ _ _ _ _ _ _ _ _ _ _ _ _ _ _ _ _ _ _ _ _ _ _ _ _ _

self = <django.core.management.commands.flush.Command object at 0x000002834518C170>
options = {'allow_cascade': False, 'database': 'default', 'force_color': False, 'inhibit_post_migrate': False, ...}
database = 'default'
connection = <DatabaseWrapper vendor='postgresql' alias='default'>
verbosity = 0, interactive = False, reset_sequences = False
allow_cascade = False, inhibit_post_migrate = False

        def handle(self, **options):
            database = options["database"]
            connection = connections[database]
            verbosity = options["verbosity"]
            interactive = options["interactive"]
            # The following are stealth options used by Django's internals.
            reset_sequences = options.get("reset_sequences", True)
            allow_cascade = options.get("allow_cascade", False)
            inhibit_post_migrate = options.get("inhibit_post_migrate", False)
    
            self.style = no_style()
    
            # Import the 'management' module within each installed app, to register
            # dispatcher events.
            for app_config in apps.get_app_configs():
                try:
                    import_module(".management", app_config.name)
                except ImportError:
                    pass
    
            sql_list = sql_flush(
                self.style,
                connection,
                reset_sequences=reset_sequences,
                allow_cascade=allow_cascade,
            )
    
            if interactive:
                confirm = input(
                    """You have requested a flush of the database.
    This will IRREVERSIBLY DESTROY all data currently in the "%s" database,
    and return each table to an empty state.
    Are you sure you want to do this?
    
        Type 'yes' to continue, or 'no' to cancel: """
                    % connection.settings_dict["NAME"]
                )
            else:
                confirm = "yes"
    
            if confirm == "yes":
                try:
                    connection.ops.execute_sql_flush(sql_list)
                except Exception as exc:
>                   raise CommandError(
                        "Database %s couldn't be flushed. Possible reasons:\n"
                        "  * The database isn't running or isn't configured correctly.\n"
                        "  * At least one of the expected database tables doesn't exist.\n"
                        "  * The SQL was invalid.\n"
                        "Hint: Look at the output of 'django-admin sqlflush'. "
                        "That's the SQL this command wasn't able to run."
                        % (connection.settings_dict["NAME"],)
                    ) from exc
E                   django.core.management.base.CommandError: Database test_gpp_plataform couldn't be flushed. Possible reasons:
E                     * The database isn't running or isn't configured correctly.
E                     * At least one of the expected database tables doesn't exist.
E                     * The SQL was invalid.
E                   Hint: Look at the output of 'django-admin sqlflush'. That's the SQL this command wasn't able to run.

.venv\Lib\site-packages\django\core\management\commands\flush.py:76: CommandError
---------------------------- Captured stderr call -----------------------------
2026-03-23 15:05:35,161 [WARNING] gpp.security:38 | APP_CONTEXT_NONE path=/api/accounts/login/ ù application could not be resolved, leaving as None
2026-03-23 15:05:35,476 [WARNING] gpp.security:127 | LOGIN_DENIED user_id=177 app_context=ACOES_PNGI reason=no_role
2026-03-23 15:05:35,477 [WARNING] django.request:248 | Forbidden: /api/accounts/login/
------------------------------ Captured log call ------------------------------
WARNING  gpp.security:application_context.py:38 APP_CONTEXT_NONE path=/api/accounts/login/ ù application could not be resolved, leaving as None
WARNING  gpp.security:views.py:127 LOGIN_DENIED user_id=177 app_context=ACOES_PNGI reason=no_role
WARNING  django.request:log.py:248 Forbidden: /api/accounts/login/
___ ERROR at teardown of TestLogin.test_login_portal_rejeita_usuario_comum ____

self = <django.db.backends.utils.CursorWrapper object at 0x00000283451E9C10>
sql = 'TRUNCATE "auth_group", "auth_user_user_permissions", "accounts_userrole", "tblusuario", "tbltipousuario", "accounts_a... "tblstatususuario", "auth_group_permissions", "tblaplicacao", "accounts_session", "auth_permission", "accounts_role";'
params = None
ignored_wrapper_args = (False, {'connection': <DatabaseWrapper vendor='postgresql' alias='default'>, 'cursor': <django.db.backends.utils.CursorWrapper object at 0x00000283451E9C10>})

    def _execute(self, sql, params, *ignored_wrapper_args):
        # Raise a warning during app initialization (stored_app_configs is only
        # ever set during testing).
        if not apps.ready and not apps.stored_app_configs:
            warnings.warn(self.APPS_NOT_READY_WARNING_MSG, category=RuntimeWarning)
        self.db.validate_no_broken_transaction()
        with self.db.wrap_database_errors:
            if params is None:
                # params default might be backend specific.
>               return self.cursor.execute(sql)
                       ^^^^^^^^^^^^^^^^^^^^^^^^

.venv\Lib\site-packages\django\db\backends\utils.py:103: 
_ _ _ _ _ _ _ _ _ _ _ _ _ _ _ _ _ _ _ _ _ _ _ _ _ _ _ _ _ _ _ _ _ _ _ _ _ _ _ _

self = <django.db.backends.postgresql.base.Cursor [closed] [IDLE] (host=localhost user=postgres database=test_gpp_plataform) at 0x28344c06f70>
query = 'TRUNCATE "auth_group", "auth_user_user_permissions", "accounts_userrole", "tblusuario", "tbltipousuario", "accounts_a... "tblstatususuario", "auth_group_permissions", "tblaplicacao", "accounts_session", "auth_permission", "accounts_role";'
params = None

    def execute(
        self,
        query: Query,
        params: Params | None = None,
        *,
        prepare: bool | None = None,
        binary: bool | None = None,
    ) -> Self:
        """
        Execute a query or command to the database.
        """
        try:
            with self._conn.lock:
                self._conn.wait(
                    self._execute_gen(query, params, prepare=prepare, binary=binary)
                )
        except e._NO_TRACEBACK as ex:
>           raise ex.with_traceback(None)
E           psycopg.errors.FeatureNotSupported: nÒo Ú possÝvel truncar uma tabela referenciada em uma restriþÒo de chave estrangeira
E           DETAIL:  Tabela "tblusuarioresponsavel" referencia "auth_user".
E           HINT:  Trunque a tabela "tblusuarioresponsavel" ao mesmo tempo, ou use TRUNCATE ... CASCADE.

.venv\Lib\site-packages\psycopg\cursor.py:117: FeatureNotSupported

The above exception was the direct cause of the following exception:

self = <django.core.management.commands.flush.Command object at 0x0000028346B8C160>
options = {'allow_cascade': False, 'database': 'default', 'force_color': False, 'inhibit_post_migrate': False, ...}
database = 'default'
connection = <DatabaseWrapper vendor='postgresql' alias='default'>
verbosity = 0, interactive = False, reset_sequences = False
allow_cascade = False, inhibit_post_migrate = False

        def handle(self, **options):
            database = options["database"]
            connection = connections[database]
            verbosity = options["verbosity"]
            interactive = options["interactive"]
            # The following are stealth options used by Django's internals.
            reset_sequences = options.get("reset_sequences", True)
            allow_cascade = options.get("allow_cascade", False)
            inhibit_post_migrate = options.get("inhibit_post_migrate", False)
    
            self.style = no_style()
    
            # Import the 'management' module within each installed app, to register
            # dispatcher events.
            for app_config in apps.get_app_configs():
                try:
                    import_module(".management", app_config.name)
                except ImportError:
                    pass
    
            sql_list = sql_flush(
                self.style,
                connection,
                reset_sequences=reset_sequences,
                allow_cascade=allow_cascade,
            )
    
            if interactive:
                confirm = input(
                    """You have requested a flush of the database.
    This will IRREVERSIBLY DESTROY all data currently in the "%s" database,
    and return each table to an empty state.
    Are you sure you want to do this?
    
        Type 'yes' to continue, or 'no' to cancel: """
                    % connection.settings_dict["NAME"]
                )
            else:
                confirm = "yes"
    
            if confirm == "yes":
                try:
>                   connection.ops.execute_sql_flush(sql_list)

.venv\Lib\site-packages\django\core\management\commands\flush.py:74: 
_ _ _ _ _ _ _ _ _ _ _ _ _ _ _ _ _ _ _ _ _ _ _ _ _ _ _ _ _ _ _ _ _ _ _ _ _ _ _ _
.venv\Lib\site-packages\django\db\backends\base\operations.py:473: in execute_sql_flush
    cursor.execute(sql)
.venv\Lib\site-packages\django\db\backends\utils.py:79: in execute
    return self._execute_with_wrappers(
.venv\Lib\site-packages\django\db\backends\utils.py:92: in _execute_with_wrappers
    return executor(sql, params, many, context)
           ^^^^^^^^^^^^^^^^^^^^^^^^^^^^^^^^^^^^
.venv\Lib\site-packages\django\db\backends\utils.py:100: in _execute
    with self.db.wrap_database_errors:
         ^^^^^^^^^^^^^^^^^^^^^^^^^^^^
.venv\Lib\site-packages\django\db\utils.py:91: in __exit__
    raise dj_exc_value.with_traceback(traceback) from exc_value
.venv\Lib\site-packages\django\db\backends\utils.py:103: in _execute
    return self.cursor.execute(sql)
           ^^^^^^^^^^^^^^^^^^^^^^^^
_ _ _ _ _ _ _ _ _ _ _ _ _ _ _ _ _ _ _ _ _ _ _ _ _ _ _ _ _ _ _ _ _ _ _ _ _ _ _ _

self = <django.db.backends.postgresql.base.Cursor [closed] [IDLE] (host=localhost user=postgres database=test_gpp_plataform) at 0x28344c06f70>
query = 'TRUNCATE "auth_group", "auth_user_user_permissions", "accounts_userrole", "tblusuario", "tbltipousuario", "accounts_a... "tblstatususuario", "auth_group_permissions", "tblaplicacao", "accounts_session", "auth_permission", "accounts_role";'
params = None

    def execute(
        self,
        query: Query,
        params: Params | None = None,
        *,
        prepare: bool | None = None,
        binary: bool | None = None,
    ) -> Self:
        """
        Execute a query or command to the database.
        """
        try:
            with self._conn.lock:
                self._conn.wait(
                    self._execute_gen(query, params, prepare=prepare, binary=binary)
                )
        except e._NO_TRACEBACK as ex:
>           raise ex.with_traceback(None)
E           django.db.utils.NotSupportedError: nÒo Ú possÝvel truncar uma tabela referenciada em uma restriþÒo de chave estrangeira
E           DETAIL:  Tabela "tblusuarioresponsavel" referencia "auth_user".
E           HINT:  Trunque a tabela "tblusuarioresponsavel" ao mesmo tempo, ou use TRUNCATE ... CASCADE.

.venv\Lib\site-packages\psycopg\cursor.py:117: NotSupportedError

The above exception was the direct cause of the following exception:

request = <SubRequest '_django_db_helper' for <Function test_login_portal_rejeita_usuario_comum>>
django_db_setup = None
django_db_blocker = <pytest_django.plugin.DjangoDbBlocker object at 0x0000028342085FD0>

    @pytest.fixture
    def _django_db_helper(
        request: pytest.FixtureRequest,
        django_db_setup: None,  # noqa: ARG001
        django_db_blocker: DjangoDbBlocker,
    ) -> Generator[None, None, None]:
        if is_django_unittest(request):
            yield
            return
    
        marker = request.node.get_closest_marker("django_db")
        if marker:
            (
                transactional,
                reset_sequences,
                databases,
                serialized_rollback,
                available_apps,
            ) = validate_django_db(marker)
        else:
            (
                transactional,
                reset_sequences,
                databases,
                serialized_rollback,
                available_apps,
            ) = False, False, None, False, None
    
        transactional = (
            transactional
            or reset_sequences
            or ("transactional_db" in request.fixturenames or "live_server" in request.fixturenames)
        )
        reset_sequences = reset_sequences or ("django_db_reset_sequences" in request.fixturenames)
        serialized_rollback = serialized_rollback or (
            "django_db_serialized_rollback" in request.fixturenames
        )
    
        with django_db_blocker.unblock():
            import django.db
            import django.test
    
            if transactional:
                test_case_class = django.test.TransactionTestCase
            else:
                test_case_class = django.test.TestCase
    
            _reset_sequences = reset_sequences
            _serialized_rollback = serialized_rollback
            _databases = databases
            _available_apps = available_apps
    
            class PytestDjangoTestCase(test_case_class):  # type: ignore[misc,valid-type]
                reset_sequences = _reset_sequences
                serialized_rollback = _serialized_rollback
                if _databases is not None:
                    databases = _databases
                if _available_apps is not None:
                    available_apps = _available_apps
    
                # For non-transactional tests, skip executing `django.test.TestCase`'s
                # `setUpClass`/`tearDownClass`, only execute the super class ones.
                #
                # `TestCase`'s class setup manages the `setUpTestData`/class-level
                # transaction functionality. We don't use it; instead we (will) offer
                # our own alternatives. So it only adds overhead, and does some things
                # which conflict with our (planned) functionality, particularly, it
                # closes all database connections in `tearDownClass` which inhibits
                # wrapping tests in higher-scoped transactions.
                #
                # It's possible a new version of Django will add some unrelated
                # functionality to these methods, in which case skipping them completely
                # would not be desirable. Let's cross that bridge when we get there...
                if not transactional:
    
                    @classmethod
                    def setUpClass(cls) -> None:
                        super(django.test.TestCase, cls).setUpClass()
    
                    @classmethod
                    def tearDownClass(cls) -> None:
                        super(django.test.TestCase, cls).tearDownClass()
    
            PytestDjangoTestCase.setUpClass()
    
            test_case = PytestDjangoTestCase(methodName="__init__")
            test_case._pre_setup()
    
            yield
    
>           test_case._post_teardown()

.venv\Lib\site-packages\pytest_django\fixtures.py:296: 
_ _ _ _ _ _ _ _ _ _ _ _ _ _ _ _ _ _ _ _ _ _ _ _ _ _ _ _ _ _ _ _ _ _ _ _ _ _ _ _
.venv\Lib\site-packages\django\test\testcases.py:1227: in _post_teardown
    self._fixture_teardown()
.venv\Lib\site-packages\django\test\testcases.py:1262: in _fixture_teardown
    call_command(
.venv\Lib\site-packages\django\core\management\__init__.py:194: in call_command
    return command.execute(*args, **defaults)
           ^^^^^^^^^^^^^^^^^^^^^^^^^^^^^^^^^^
.venv\Lib\site-packages\django\core\management\base.py:460: in execute
    output = self.handle(*args, **options)
             ^^^^^^^^^^^^^^^^^^^^^^^^^^^^^
_ _ _ _ _ _ _ _ _ _ _ _ _ _ _ _ _ _ _ _ _ _ _ _ _ _ _ _ _ _ _ _ _ _ _ _ _ _ _ _

self = <django.core.management.commands.flush.Command object at 0x0000028346B8C160>
options = {'allow_cascade': False, 'database': 'default', 'force_color': False, 'inhibit_post_migrate': False, ...}
database = 'default'
connection = <DatabaseWrapper vendor='postgresql' alias='default'>
verbosity = 0, interactive = False, reset_sequences = False
allow_cascade = False, inhibit_post_migrate = False

        def handle(self, **options):
            database = options["database"]
            connection = connections[database]
            verbosity = options["verbosity"]
            interactive = options["interactive"]
            # The following are stealth options used by Django's internals.
            reset_sequences = options.get("reset_sequences", True)
            allow_cascade = options.get("allow_cascade", False)
            inhibit_post_migrate = options.get("inhibit_post_migrate", False)
    
            self.style = no_style()
    
            # Import the 'management' module within each installed app, to register
            # dispatcher events.
            for app_config in apps.get_app_configs():
                try:
                    import_module(".management", app_config.name)
                except ImportError:
                    pass
    
            sql_list = sql_flush(
                self.style,
                connection,
                reset_sequences=reset_sequences,
                allow_cascade=allow_cascade,
            )
    
            if interactive:
                confirm = input(
                    """You have requested a flush of the database.
    This will IRREVERSIBLY DESTROY all data currently in the "%s" database,
    and return each table to an empty state.
    Are you sure you want to do this?
    
        Type 'yes' to continue, or 'no' to cancel: """
                    % connection.settings_dict["NAME"]
                )
            else:
                confirm = "yes"
    
            if confirm == "yes":
                try:
                    connection.ops.execute_sql_flush(sql_list)
                except Exception as exc:
>                   raise CommandError(
                        "Database %s couldn't be flushed. Possible reasons:\n"
                        "  * The database isn't running or isn't configured correctly.\n"
                        "  * At least one of the expected database tables doesn't exist.\n"
                        "  * The SQL was invalid.\n"
                        "Hint: Look at the output of 'django-admin sqlflush'. "
                        "That's the SQL this command wasn't able to run."
                        % (connection.settings_dict["NAME"],)
                    ) from exc
E                   django.core.management.base.CommandError: Database test_gpp_plataform couldn't be flushed. Possible reasons:
E                     * The database isn't running or isn't configured correctly.
E                     * At least one of the expected database tables doesn't exist.
E                     * The SQL was invalid.
E                   Hint: Look at the output of 'django-admin sqlflush'. That's the SQL this command wasn't able to run.

.venv\Lib\site-packages\django\core\management\commands\flush.py:76: CommandError
---------------------------- Captured stderr call -----------------------------
2026-03-23 15:05:35,873 [WARNING] gpp.security:38 | APP_CONTEXT_NONE path=/api/accounts/login/ ù application could not be resolved, leaving as None
2026-03-23 15:05:36,182 [WARNING] gpp.security:127 | LOGIN_DENIED user_id=176 app_context=PORTAL reason=not_portal_admin
2026-03-23 15:05:36,182 [WARNING] django.request:248 | Forbidden: /api/accounts/login/
------------------------------ Captured log call ------------------------------
WARNING  gpp.security:application_context.py:38 APP_CONTEXT_NONE path=/api/accounts/login/ ù application could not be resolved, leaving as None
WARNING  gpp.security:views.py:127 LOGIN_DENIED user_id=176 app_context=PORTAL reason=not_portal_admin
WARNING  django.request:log.py:248 Forbidden: /api/accounts/login/
____ ERROR at teardown of TestLogin.test_login_portal_admin_acessa_portal _____

self = <django.db.backends.utils.CursorWrapper object at 0x0000028346DCBFB0>
sql = 'TRUNCATE "auth_group", "auth_user_user_permissions", "accounts_userrole", "tblusuario", "tbltipousuario", "accounts_a... "tblstatususuario", "auth_group_permissions", "tblaplicacao", "accounts_session", "auth_permission", "accounts_role";'
params = None
ignored_wrapper_args = (False, {'connection': <DatabaseWrapper vendor='postgresql' alias='default'>, 'cursor': <django.db.backends.utils.CursorWrapper object at 0x0000028346DCBFB0>})

    def _execute(self, sql, params, *ignored_wrapper_args):
        # Raise a warning during app initialization (stored_app_configs is only
        # ever set during testing).
        if not apps.ready and not apps.stored_app_configs:
            warnings.warn(self.APPS_NOT_READY_WARNING_MSG, category=RuntimeWarning)
        self.db.validate_no_broken_transaction()
        with self.db.wrap_database_errors:
            if params is None:
                # params default might be backend specific.
>               return self.cursor.execute(sql)
                       ^^^^^^^^^^^^^^^^^^^^^^^^

.venv\Lib\site-packages\django\db\backends\utils.py:103: 
_ _ _ _ _ _ _ _ _ _ _ _ _ _ _ _ _ _ _ _ _ _ _ _ _ _ _ _ _ _ _ _ _ _ _ _ _ _ _ _

self = <django.db.backends.postgresql.base.Cursor [closed] [IDLE] (host=localhost user=postgres database=test_gpp_plataform) at 0x28346ef0c80>
query = 'TRUNCATE "auth_group", "auth_user_user_permissions", "accounts_userrole", "tblusuario", "tbltipousuario", "accounts_a... "tblstatususuario", "auth_group_permissions", "tblaplicacao", "accounts_session", "auth_permission", "accounts_role";'
params = None

    def execute(
        self,
        query: Query,
        params: Params | None = None,
        *,
        prepare: bool | None = None,
        binary: bool | None = None,
    ) -> Self:
        """
        Execute a query or command to the database.
        """
        try:
            with self._conn.lock:
                self._conn.wait(
                    self._execute_gen(query, params, prepare=prepare, binary=binary)
                )
        except e._NO_TRACEBACK as ex:
>           raise ex.with_traceback(None)
E           psycopg.errors.FeatureNotSupported: nÒo Ú possÝvel truncar uma tabela referenciada em uma restriþÒo de chave estrangeira
E           DETAIL:  Tabela "tblusuarioresponsavel" referencia "auth_user".
E           HINT:  Trunque a tabela "tblusuarioresponsavel" ao mesmo tempo, ou use TRUNCATE ... CASCADE.

.venv\Lib\site-packages\psycopg\cursor.py:117: FeatureNotSupported

The above exception was the direct cause of the following exception:

self = <django.core.management.commands.flush.Command object at 0x0000028346B8D260>
options = {'allow_cascade': False, 'database': 'default', 'force_color': False, 'inhibit_post_migrate': False, ...}
database = 'default'
connection = <DatabaseWrapper vendor='postgresql' alias='default'>
verbosity = 0, interactive = False, reset_sequences = False
allow_cascade = False, inhibit_post_migrate = False

        def handle(self, **options):
            database = options["database"]
            connection = connections[database]
            verbosity = options["verbosity"]
            interactive = options["interactive"]
            # The following are stealth options used by Django's internals.
            reset_sequences = options.get("reset_sequences", True)
            allow_cascade = options.get("allow_cascade", False)
            inhibit_post_migrate = options.get("inhibit_post_migrate", False)
    
            self.style = no_style()
    
            # Import the 'management' module within each installed app, to register
            # dispatcher events.
            for app_config in apps.get_app_configs():
                try:
                    import_module(".management", app_config.name)
                except ImportError:
                    pass
    
            sql_list = sql_flush(
                self.style,
                connection,
                reset_sequences=reset_sequences,
                allow_cascade=allow_cascade,
            )
    
            if interactive:
                confirm = input(
                    """You have requested a flush of the database.
    This will IRREVERSIBLY DESTROY all data currently in the "%s" database,
    and return each table to an empty state.
    Are you sure you want to do this?
    
        Type 'yes' to continue, or 'no' to cancel: """
                    % connection.settings_dict["NAME"]
                )
            else:
                confirm = "yes"
    
            if confirm == "yes":
                try:
>                   connection.ops.execute_sql_flush(sql_list)

.venv\Lib\site-packages\django\core\management\commands\flush.py:74: 
_ _ _ _ _ _ _ _ _ _ _ _ _ _ _ _ _ _ _ _ _ _ _ _ _ _ _ _ _ _ _ _ _ _ _ _ _ _ _ _
.venv\Lib\site-packages\django\db\backends\base\operations.py:473: in execute_sql_flush
    cursor.execute(sql)
.venv\Lib\site-packages\django\db\backends\utils.py:79: in execute
    return self._execute_with_wrappers(
.venv\Lib\site-packages\django\db\backends\utils.py:92: in _execute_with_wrappers
    return executor(sql, params, many, context)
           ^^^^^^^^^^^^^^^^^^^^^^^^^^^^^^^^^^^^
.venv\Lib\site-packages\django\db\backends\utils.py:100: in _execute
    with self.db.wrap_database_errors:
         ^^^^^^^^^^^^^^^^^^^^^^^^^^^^
.venv\Lib\site-packages\django\db\utils.py:91: in __exit__
    raise dj_exc_value.with_traceback(traceback) from exc_value
.venv\Lib\site-packages\django\db\backends\utils.py:103: in _execute
    return self.cursor.execute(sql)
           ^^^^^^^^^^^^^^^^^^^^^^^^
_ _ _ _ _ _ _ _ _ _ _ _ _ _ _ _ _ _ _ _ _ _ _ _ _ _ _ _ _ _ _ _ _ _ _ _ _ _ _ _

self = <django.db.backends.postgresql.base.Cursor [closed] [IDLE] (host=localhost user=postgres database=test_gpp_plataform) at 0x28346ef0c80>
query = 'TRUNCATE "auth_group", "auth_user_user_permissions", "accounts_userrole", "tblusuario", "tbltipousuario", "accounts_a... "tblstatususuario", "auth_group_permissions", "tblaplicacao", "accounts_session", "auth_permission", "accounts_role";'
params = None

    def execute(
        self,
        query: Query,
        params: Params | None = None,
        *,
        prepare: bool | None = None,
        binary: bool | None = None,
    ) -> Self:
        """
        Execute a query or command to the database.
        """
        try:
            with self._conn.lock:
                self._conn.wait(
                    self._execute_gen(query, params, prepare=prepare, binary=binary)
                )
        except e._NO_TRACEBACK as ex:
>           raise ex.with_traceback(None)
E           django.db.utils.NotSupportedError: nÒo Ú possÝvel truncar uma tabela referenciada em uma restriþÒo de chave estrangeira
E           DETAIL:  Tabela "tblusuarioresponsavel" referencia "auth_user".
E           HINT:  Trunque a tabela "tblusuarioresponsavel" ao mesmo tempo, ou use TRUNCATE ... CASCADE.

.venv\Lib\site-packages\psycopg\cursor.py:117: NotSupportedError

The above exception was the direct cause of the following exception:

request = <SubRequest '_django_db_helper' for <Function test_login_portal_admin_acessa_portal>>
django_db_setup = None
django_db_blocker = <pytest_django.plugin.DjangoDbBlocker object at 0x0000028342085FD0>

    @pytest.fixture
    def _django_db_helper(
        request: pytest.FixtureRequest,
        django_db_setup: None,  # noqa: ARG001
        django_db_blocker: DjangoDbBlocker,
    ) -> Generator[None, None, None]:
        if is_django_unittest(request):
            yield
            return
    
        marker = request.node.get_closest_marker("django_db")
        if marker:
            (
                transactional,
                reset_sequences,
                databases,
                serialized_rollback,
                available_apps,
            ) = validate_django_db(marker)
        else:
            (
                transactional,
                reset_sequences,
                databases,
                serialized_rollback,
                available_apps,
            ) = False, False, None, False, None
    
        transactional = (
            transactional
            or reset_sequences
            or ("transactional_db" in request.fixturenames or "live_server" in request.fixturenames)
        )
        reset_sequences = reset_sequences or ("django_db_reset_sequences" in request.fixturenames)
        serialized_rollback = serialized_rollback or (
            "django_db_serialized_rollback" in request.fixturenames
        )
    
        with django_db_blocker.unblock():
            import django.db
            import django.test
    
            if transactional:
                test_case_class = django.test.TransactionTestCase
            else:
                test_case_class = django.test.TestCase
    
            _reset_sequences = reset_sequences
            _serialized_rollback = serialized_rollback
            _databases = databases
            _available_apps = available_apps
    
            class PytestDjangoTestCase(test_case_class):  # type: ignore[misc,valid-type]
                reset_sequences = _reset_sequences
                serialized_rollback = _serialized_rollback
                if _databases is not None:
                    databases = _databases
                if _available_apps is not None:
                    available_apps = _available_apps
    
                # For non-transactional tests, skip executing `django.test.TestCase`'s
                # `setUpClass`/`tearDownClass`, only execute the super class ones.
                #
                # `TestCase`'s class setup manages the `setUpTestData`/class-level
                # transaction functionality. We don't use it; instead we (will) offer
                # our own alternatives. So it only adds overhead, and does some things
                # which conflict with our (planned) functionality, particularly, it
                # closes all database connections in `tearDownClass` which inhibits
                # wrapping tests in higher-scoped transactions.
                #
                # It's possible a new version of Django will add some unrelated
                # functionality to these methods, in which case skipping them completely
                # would not be desirable. Let's cross that bridge when we get there...
                if not transactional:
    
                    @classmethod
                    def setUpClass(cls) -> None:
                        super(django.test.TestCase, cls).setUpClass()
    
                    @classmethod
                    def tearDownClass(cls) -> None:
                        super(django.test.TestCase, cls).tearDownClass()
    
            PytestDjangoTestCase.setUpClass()
    
            test_case = PytestDjangoTestCase(methodName="__init__")
            test_case._pre_setup()
    
            yield
    
>           test_case._post_teardown()

.venv\Lib\site-packages\pytest_django\fixtures.py:296: 
_ _ _ _ _ _ _ _ _ _ _ _ _ _ _ _ _ _ _ _ _ _ _ _ _ _ _ _ _ _ _ _ _ _ _ _ _ _ _ _
.venv\Lib\site-packages\django\test\testcases.py:1227: in _post_teardown
    self._fixture_teardown()
.venv\Lib\site-packages\django\test\testcases.py:1262: in _fixture_teardown
    call_command(
.venv\Lib\site-packages\django\core\management\__init__.py:194: in call_command
    return command.execute(*args, **defaults)
           ^^^^^^^^^^^^^^^^^^^^^^^^^^^^^^^^^^
.venv\Lib\site-packages\django\core\management\base.py:460: in execute
    output = self.handle(*args, **options)
             ^^^^^^^^^^^^^^^^^^^^^^^^^^^^^
_ _ _ _ _ _ _ _ _ _ _ _ _ _ _ _ _ _ _ _ _ _ _ _ _ _ _ _ _ _ _ _ _ _ _ _ _ _ _ _

self = <django.core.management.commands.flush.Command object at 0x0000028346B8D260>
options = {'allow_cascade': False, 'database': 'default', 'force_color': False, 'inhibit_post_migrate': False, ...}
database = 'default'
connection = <DatabaseWrapper vendor='postgresql' alias='default'>
verbosity = 0, interactive = False, reset_sequences = False
allow_cascade = False, inhibit_post_migrate = False

        def handle(self, **options):
            database = options["database"]
            connection = connections[database]
            verbosity = options["verbosity"]
            interactive = options["interactive"]
            # The following are stealth options used by Django's internals.
            reset_sequences = options.get("reset_sequences", True)
            allow_cascade = options.get("allow_cascade", False)
            inhibit_post_migrate = options.get("inhibit_post_migrate", False)
    
            self.style = no_style()
    
            # Import the 'management' module within each installed app, to register
            # dispatcher events.
            for app_config in apps.get_app_configs():
                try:
                    import_module(".management", app_config.name)
                except ImportError:
                    pass
    
            sql_list = sql_flush(
                self.style,
                connection,
                reset_sequences=reset_sequences,
                allow_cascade=allow_cascade,
            )
    
            if interactive:
                confirm = input(
                    """You have requested a flush of the database.
    This will IRREVERSIBLY DESTROY all data currently in the "%s" database,
    and return each table to an empty state.
    Are you sure you want to do this?
    
        Type 'yes' to continue, or 'no' to cancel: """
                    % connection.settings_dict["NAME"]
                )
            else:
                confirm = "yes"
    
            if confirm == "yes":
                try:
                    connection.ops.execute_sql_flush(sql_list)
                except Exception as exc:
>                   raise CommandError(
                        "Database %s couldn't be flushed. Possible reasons:\n"
                        "  * The database isn't running or isn't configured correctly.\n"
                        "  * At least one of the expected database tables doesn't exist.\n"
                        "  * The SQL was invalid.\n"
                        "Hint: Look at the output of 'django-admin sqlflush'. "
                        "That's the SQL this command wasn't able to run."
                        % (connection.settings_dict["NAME"],)
                    ) from exc
E                   django.core.management.base.CommandError: Database test_gpp_plataform couldn't be flushed. Possible reasons:
E                     * The database isn't running or isn't configured correctly.
E                     * At least one of the expected database tables doesn't exist.
E                     * The SQL was invalid.
E                   Hint: Look at the output of 'django-admin sqlflush'. That's the SQL this command wasn't able to run.

.venv\Lib\site-packages\django\core\management\commands\flush.py:76: CommandError
---------------------------- Captured stderr setup ----------------------------
2026-03-23 15:05:36,581 [INFO] gpp.security:56 | CACHE_VERSION_BUMPED user_id=178
2026-03-23 15:05:36,582 [WARNING] gpp.security:69 | USERROLE_CHANGED user_id=178 role_id=1 app=PORTAL
----------------------------- Captured log setup ------------------------------
INFO     gpp.security:signals.py:56 CACHE_VERSION_BUMPED user_id=178
WARNING  gpp.security:signals.py:69 USERROLE_CHANGED user_id=178 role_id=1 app=PORTAL
---------------------------- Captured stderr call -----------------------------
2026-03-23 15:05:36,584 [WARNING] gpp.security:38 | APP_CONTEXT_NONE path=/api/accounts/login/ ù application could not be resolved, leaving as None
2026-03-23 15:05:36,905 [INFO] gpp.security:153 | LOGIN_SUCCESS user_id=178 username=portal_admin_test app_context=PORTAL session_key=n7mitzbip5s0pfb5p2rfdj94ra5d71sx
------------------------------ Captured log call ------------------------------
WARNING  gpp.security:application_context.py:38 APP_CONTEXT_NONE path=/api/accounts/login/ ù application could not be resolved, leaving as None
INFO     gpp.security:views.py:153 LOGIN_SUCCESS user_id=178 username=portal_admin_test app_context=PORTAL session_key=n7mitzbip5s0pfb5p2rfdj94ra5d71sx
______ ERROR at teardown of TestLogin.test_login_superuser_acessa_portal ______

self = <django.db.backends.utils.CursorWrapper object at 0x0000028346DCB710>
sql = 'TRUNCATE "auth_group", "auth_user_user_permissions", "accounts_userrole", "tblusuario", "tbltipousuario", "accounts_a... "tblstatususuario", "auth_group_permissions", "tblaplicacao", "accounts_session", "auth_permission", "accounts_role";'
params = None
ignored_wrapper_args = (False, {'connection': <DatabaseWrapper vendor='postgresql' alias='default'>, 'cursor': <django.db.backends.utils.CursorWrapper object at 0x0000028346DCB710>})

    def _execute(self, sql, params, *ignored_wrapper_args):
        # Raise a warning during app initialization (stored_app_configs is only
        # ever set during testing).
        if not apps.ready and not apps.stored_app_configs:
            warnings.warn(self.APPS_NOT_READY_WARNING_MSG, category=RuntimeWarning)
        self.db.validate_no_broken_transaction()
        with self.db.wrap_database_errors:
            if params is None:
                # params default might be backend specific.
>               return self.cursor.execute(sql)
                       ^^^^^^^^^^^^^^^^^^^^^^^^

.venv\Lib\site-packages\django\db\backends\utils.py:103: 
_ _ _ _ _ _ _ _ _ _ _ _ _ _ _ _ _ _ _ _ _ _ _ _ _ _ _ _ _ _ _ _ _ _ _ _ _ _ _ _

self = <django.db.backends.postgresql.base.Cursor [closed] [IDLE] (host=localhost user=postgres database=test_gpp_plataform) at 0x28346d74050>
query = 'TRUNCATE "auth_group", "auth_user_user_permissions", "accounts_userrole", "tblusuario", "tbltipousuario", "accounts_a... "tblstatususuario", "auth_group_permissions", "tblaplicacao", "accounts_session", "auth_permission", "accounts_role";'
params = None

    def execute(
        self,
        query: Query,
        params: Params | None = None,
        *,
        prepare: bool | None = None,
        binary: bool | None = None,
    ) -> Self:
        """
        Execute a query or command to the database.
        """
        try:
            with self._conn.lock:
                self._conn.wait(
                    self._execute_gen(query, params, prepare=prepare, binary=binary)
                )
        except e._NO_TRACEBACK as ex:
>           raise ex.with_traceback(None)
E           psycopg.errors.FeatureNotSupported: nÒo Ú possÝvel truncar uma tabela referenciada em uma restriþÒo de chave estrangeira
E           DETAIL:  Tabela "tblusuarioresponsavel" referencia "auth_user".
E           HINT:  Trunque a tabela "tblusuarioresponsavel" ao mesmo tempo, ou use TRUNCATE ... CASCADE.

.venv\Lib\site-packages\psycopg\cursor.py:117: FeatureNotSupported

The above exception was the direct cause of the following exception:

self = <django.core.management.commands.flush.Command object at 0x0000028346E22E50>
options = {'allow_cascade': False, 'database': 'default', 'force_color': False, 'inhibit_post_migrate': False, ...}
database = 'default'
connection = <DatabaseWrapper vendor='postgresql' alias='default'>
verbosity = 0, interactive = False, reset_sequences = False
allow_cascade = False, inhibit_post_migrate = False

        def handle(self, **options):
            database = options["database"]
            connection = connections[database]
            verbosity = options["verbosity"]
            interactive = options["interactive"]
            # The following are stealth options used by Django's internals.
            reset_sequences = options.get("reset_sequences", True)
            allow_cascade = options.get("allow_cascade", False)
            inhibit_post_migrate = options.get("inhibit_post_migrate", False)
    
            self.style = no_style()
    
            # Import the 'management' module within each installed app, to register
            # dispatcher events.
            for app_config in apps.get_app_configs():
                try:
                    import_module(".management", app_config.name)
                except ImportError:
                    pass
    
            sql_list = sql_flush(
                self.style,
                connection,
                reset_sequences=reset_sequences,
                allow_cascade=allow_cascade,
            )
    
            if interactive:
                confirm = input(
                    """You have requested a flush of the database.
    This will IRREVERSIBLY DESTROY all data currently in the "%s" database,
    and return each table to an empty state.
    Are you sure you want to do this?
    
        Type 'yes' to continue, or 'no' to cancel: """
                    % connection.settings_dict["NAME"]
                )
            else:
                confirm = "yes"
    
            if confirm == "yes":
                try:
>                   connection.ops.execute_sql_flush(sql_list)

.venv\Lib\site-packages\django\core\management\commands\flush.py:74: 
_ _ _ _ _ _ _ _ _ _ _ _ _ _ _ _ _ _ _ _ _ _ _ _ _ _ _ _ _ _ _ _ _ _ _ _ _ _ _ _
.venv\Lib\site-packages\django\db\backends\base\operations.py:473: in execute_sql_flush
    cursor.execute(sql)
.venv\Lib\site-packages\django\db\backends\utils.py:79: in execute
    return self._execute_with_wrappers(
.venv\Lib\site-packages\django\db\backends\utils.py:92: in _execute_with_wrappers
    return executor(sql, params, many, context)
           ^^^^^^^^^^^^^^^^^^^^^^^^^^^^^^^^^^^^
.venv\Lib\site-packages\django\db\backends\utils.py:100: in _execute
    with self.db.wrap_database_errors:
         ^^^^^^^^^^^^^^^^^^^^^^^^^^^^
.venv\Lib\site-packages\django\db\utils.py:91: in __exit__
    raise dj_exc_value.with_traceback(traceback) from exc_value
.venv\Lib\site-packages\django\db\backends\utils.py:103: in _execute
    return self.cursor.execute(sql)
           ^^^^^^^^^^^^^^^^^^^^^^^^
_ _ _ _ _ _ _ _ _ _ _ _ _ _ _ _ _ _ _ _ _ _ _ _ _ _ _ _ _ _ _ _ _ _ _ _ _ _ _ _

self = <django.db.backends.postgresql.base.Cursor [closed] [IDLE] (host=localhost user=postgres database=test_gpp_plataform) at 0x28346d74050>
query = 'TRUNCATE "auth_group", "auth_user_user_permissions", "accounts_userrole", "tblusuario", "tbltipousuario", "accounts_a... "tblstatususuario", "auth_group_permissions", "tblaplicacao", "accounts_session", "auth_permission", "accounts_role";'
params = None

    def execute(
        self,
        query: Query,
        params: Params | None = None,
        *,
        prepare: bool | None = None,
        binary: bool | None = None,
    ) -> Self:
        """
        Execute a query or command to the database.
        """
        try:
            with self._conn.lock:
                self._conn.wait(
                    self._execute_gen(query, params, prepare=prepare, binary=binary)
                )
        except e._NO_TRACEBACK as ex:
>           raise ex.with_traceback(None)
E           django.db.utils.NotSupportedError: nÒo Ú possÝvel truncar uma tabela referenciada em uma restriþÒo de chave estrangeira
E           DETAIL:  Tabela "tblusuarioresponsavel" referencia "auth_user".
E           HINT:  Trunque a tabela "tblusuarioresponsavel" ao mesmo tempo, ou use TRUNCATE ... CASCADE.

.venv\Lib\site-packages\psycopg\cursor.py:117: NotSupportedError

The above exception was the direct cause of the following exception:

request = <SubRequest '_django_db_helper' for <Function test_login_superuser_acessa_portal>>
django_db_setup = None
django_db_blocker = <pytest_django.plugin.DjangoDbBlocker object at 0x0000028342085FD0>

    @pytest.fixture
    def _django_db_helper(
        request: pytest.FixtureRequest,
        django_db_setup: None,  # noqa: ARG001
        django_db_blocker: DjangoDbBlocker,
    ) -> Generator[None, None, None]:
        if is_django_unittest(request):
            yield
            return
    
        marker = request.node.get_closest_marker("django_db")
        if marker:
            (
                transactional,
                reset_sequences,
                databases,
                serialized_rollback,
                available_apps,
            ) = validate_django_db(marker)
        else:
            (
                transactional,
                reset_sequences,
                databases,
                serialized_rollback,
                available_apps,
            ) = False, False, None, False, None
    
        transactional = (
            transactional
            or reset_sequences
            or ("transactional_db" in request.fixturenames or "live_server" in request.fixturenames)
        )
        reset_sequences = reset_sequences or ("django_db_reset_sequences" in request.fixturenames)
        serialized_rollback = serialized_rollback or (
            "django_db_serialized_rollback" in request.fixturenames
        )
    
        with django_db_blocker.unblock():
            import django.db
            import django.test
    
            if transactional:
                test_case_class = django.test.TransactionTestCase
            else:
                test_case_class = django.test.TestCase
    
            _reset_sequences = reset_sequences
            _serialized_rollback = serialized_rollback
            _databases = databases
            _available_apps = available_apps
    
            class PytestDjangoTestCase(test_case_class):  # type: ignore[misc,valid-type]
                reset_sequences = _reset_sequences
                serialized_rollback = _serialized_rollback
                if _databases is not None:
                    databases = _databases
                if _available_apps is not None:
                    available_apps = _available_apps
    
                # For non-transactional tests, skip executing `django.test.TestCase`'s
                # `setUpClass`/`tearDownClass`, only execute the super class ones.
                #
                # `TestCase`'s class setup manages the `setUpTestData`/class-level
                # transaction functionality. We don't use it; instead we (will) offer
                # our own alternatives. So it only adds overhead, and does some things
                # which conflict with our (planned) functionality, particularly, it
                # closes all database connections in `tearDownClass` which inhibits
                # wrapping tests in higher-scoped transactions.
                #
                # It's possible a new version of Django will add some unrelated
                # functionality to these methods, in which case skipping them completely
                # would not be desirable. Let's cross that bridge when we get there...
                if not transactional:
    
                    @classmethod
                    def setUpClass(cls) -> None:
                        super(django.test.TestCase, cls).setUpClass()
    
                    @classmethod
                    def tearDownClass(cls) -> None:
                        super(django.test.TestCase, cls).tearDownClass()
    
            PytestDjangoTestCase.setUpClass()
    
            test_case = PytestDjangoTestCase(methodName="__init__")
            test_case._pre_setup()
    
            yield
    
>           test_case._post_teardown()

.venv\Lib\site-packages\pytest_django\fixtures.py:296: 
_ _ _ _ _ _ _ _ _ _ _ _ _ _ _ _ _ _ _ _ _ _ _ _ _ _ _ _ _ _ _ _ _ _ _ _ _ _ _ _
.venv\Lib\site-packages\django\test\testcases.py:1227: in _post_teardown
    self._fixture_teardown()
.venv\Lib\site-packages\django\test\testcases.py:1262: in _fixture_teardown
    call_command(
.venv\Lib\site-packages\django\core\management\__init__.py:194: in call_command
    return command.execute(*args, **defaults)
           ^^^^^^^^^^^^^^^^^^^^^^^^^^^^^^^^^^
.venv\Lib\site-packages\django\core\management\base.py:460: in execute
    output = self.handle(*args, **options)
             ^^^^^^^^^^^^^^^^^^^^^^^^^^^^^
_ _ _ _ _ _ _ _ _ _ _ _ _ _ _ _ _ _ _ _ _ _ _ _ _ _ _ _ _ _ _ _ _ _ _ _ _ _ _ _

self = <django.core.management.commands.flush.Command object at 0x0000028346E22E50>
options = {'allow_cascade': False, 'database': 'default', 'force_color': False, 'inhibit_post_migrate': False, ...}
database = 'default'
connection = <DatabaseWrapper vendor='postgresql' alias='default'>
verbosity = 0, interactive = False, reset_sequences = False
allow_cascade = False, inhibit_post_migrate = False

        def handle(self, **options):
            database = options["database"]
            connection = connections[database]
            verbosity = options["verbosity"]
            interactive = options["interactive"]
            # The following are stealth options used by Django's internals.
            reset_sequences = options.get("reset_sequences", True)
            allow_cascade = options.get("allow_cascade", False)
            inhibit_post_migrate = options.get("inhibit_post_migrate", False)
    
            self.style = no_style()
    
            # Import the 'management' module within each installed app, to register
            # dispatcher events.
            for app_config in apps.get_app_configs():
                try:
                    import_module(".management", app_config.name)
                except ImportError:
                    pass
    
            sql_list = sql_flush(
                self.style,
                connection,
                reset_sequences=reset_sequences,
                allow_cascade=allow_cascade,
            )
    
            if interactive:
                confirm = input(
                    """You have requested a flush of the database.
    This will IRREVERSIBLY DESTROY all data currently in the "%s" database,
    and return each table to an empty state.
    Are you sure you want to do this?
    
        Type 'yes' to continue, or 'no' to cancel: """
                    % connection.settings_dict["NAME"]
                )
            else:
                confirm = "yes"
    
            if confirm == "yes":
                try:
                    connection.ops.execute_sql_flush(sql_list)
                except Exception as exc:
>                   raise CommandError(
                        "Database %s couldn't be flushed. Possible reasons:\n"
                        "  * The database isn't running or isn't configured correctly.\n"
                        "  * At least one of the expected database tables doesn't exist.\n"
                        "  * The SQL was invalid.\n"
                        "Hint: Look at the output of 'django-admin sqlflush'. "
                        "That's the SQL this command wasn't able to run."
                        % (connection.settings_dict["NAME"],)
                    ) from exc
E                   django.core.management.base.CommandError: Database test_gpp_plataform couldn't be flushed. Possible reasons:
E                     * The database isn't running or isn't configured correctly.
E                     * At least one of the expected database tables doesn't exist.
E                     * The SQL was invalid.
E                   Hint: Look at the output of 'django-admin sqlflush'. That's the SQL this command wasn't able to run.

.venv\Lib\site-packages\django\core\management\commands\flush.py:76: CommandError
---------------------------- Captured stderr call -----------------------------
2026-03-23 15:05:37,304 [WARNING] gpp.security:38 | APP_CONTEXT_NONE path=/api/accounts/login/ ù application could not be resolved, leaving as None
2026-03-23 15:05:37,630 [INFO] gpp.security:153 | LOGIN_SUCCESS user_id=179 username=superuser_test app_context=PORTAL session_key=1ax9867txitay9iorqr4ciafdqn3rhiw
------------------------------ Captured log call ------------------------------
WARNING  gpp.security:application_context.py:38 APP_CONTEXT_NONE path=/api/accounts/login/ ù application could not be resolved, leaving as None
INFO     gpp.security:views.py:153 LOGIN_SUCCESS user_id=179 username=superuser_test app_context=PORTAL session_key=1ax9867txitay9iorqr4ciafdqn3rhiw
_________ ERROR at teardown of TestLogin.test_login_coordenador_pngi __________

self = <django.db.backends.utils.CursorWrapper object at 0x0000028346D7B110>
sql = 'TRUNCATE "auth_group", "auth_user_user_permissions", "accounts_userrole", "tblusuario", "tbltipousuario", "accounts_a... "tblstatususuario", "auth_group_permissions", "tblaplicacao", "accounts_session", "auth_permission", "accounts_role";'
params = None
ignored_wrapper_args = (False, {'connection': <DatabaseWrapper vendor='postgresql' alias='default'>, 'cursor': <django.db.backends.utils.CursorWrapper object at 0x0000028346D7B110>})

    def _execute(self, sql, params, *ignored_wrapper_args):
        # Raise a warning during app initialization (stored_app_configs is only
        # ever set during testing).
        if not apps.ready and not apps.stored_app_configs:
            warnings.warn(self.APPS_NOT_READY_WARNING_MSG, category=RuntimeWarning)
        self.db.validate_no_broken_transaction()
        with self.db.wrap_database_errors:
            if params is None:
                # params default might be backend specific.
>               return self.cursor.execute(sql)
                       ^^^^^^^^^^^^^^^^^^^^^^^^

.venv\Lib\site-packages\django\db\backends\utils.py:103: 
_ _ _ _ _ _ _ _ _ _ _ _ _ _ _ _ _ _ _ _ _ _ _ _ _ _ _ _ _ _ _ _ _ _ _ _ _ _ _ _

self = <django.db.backends.postgresql.base.Cursor [closed] [IDLE] (host=localhost user=postgres database=test_gpp_plataform) at 0x283471c1980>
query = 'TRUNCATE "auth_group", "auth_user_user_permissions", "accounts_userrole", "tblusuario", "tbltipousuario", "accounts_a... "tblstatususuario", "auth_group_permissions", "tblaplicacao", "accounts_session", "auth_permission", "accounts_role";'
params = None

    def execute(
        self,
        query: Query,
        params: Params | None = None,
        *,
        prepare: bool | None = None,
        binary: bool | None = None,
    ) -> Self:
        """
        Execute a query or command to the database.
        """
        try:
            with self._conn.lock:
                self._conn.wait(
                    self._execute_gen(query, params, prepare=prepare, binary=binary)
                )
        except e._NO_TRACEBACK as ex:
>           raise ex.with_traceback(None)
E           psycopg.errors.FeatureNotSupported: nÒo Ú possÝvel truncar uma tabela referenciada em uma restriþÒo de chave estrangeira
E           DETAIL:  Tabela "tblusuarioresponsavel" referencia "auth_user".
E           HINT:  Trunque a tabela "tblusuarioresponsavel" ao mesmo tempo, ou use TRUNCATE ... CASCADE.

.venv\Lib\site-packages\psycopg\cursor.py:117: FeatureNotSupported

The above exception was the direct cause of the following exception:

self = <django.core.management.commands.flush.Command object at 0x0000028346E23850>
options = {'allow_cascade': False, 'database': 'default', 'force_color': False, 'inhibit_post_migrate': False, ...}
database = 'default'
connection = <DatabaseWrapper vendor='postgresql' alias='default'>
verbosity = 0, interactive = False, reset_sequences = False
allow_cascade = False, inhibit_post_migrate = False

        def handle(self, **options):
            database = options["database"]
            connection = connections[database]
            verbosity = options["verbosity"]
            interactive = options["interactive"]
            # The following are stealth options used by Django's internals.
            reset_sequences = options.get("reset_sequences", True)
            allow_cascade = options.get("allow_cascade", False)
            inhibit_post_migrate = options.get("inhibit_post_migrate", False)
    
            self.style = no_style()
    
            # Import the 'management' module within each installed app, to register
            # dispatcher events.
            for app_config in apps.get_app_configs():
                try:
                    import_module(".management", app_config.name)
                except ImportError:
                    pass
    
            sql_list = sql_flush(
                self.style,
                connection,
                reset_sequences=reset_sequences,
                allow_cascade=allow_cascade,
            )
    
            if interactive:
                confirm = input(
                    """You have requested a flush of the database.
    This will IRREVERSIBLY DESTROY all data currently in the "%s" database,
    and return each table to an empty state.
    Are you sure you want to do this?
    
        Type 'yes' to continue, or 'no' to cancel: """
                    % connection.settings_dict["NAME"]
                )
            else:
                confirm = "yes"
    
            if confirm == "yes":
                try:
>                   connection.ops.execute_sql_flush(sql_list)

.venv\Lib\site-packages\django\core\management\commands\flush.py:74: 
_ _ _ _ _ _ _ _ _ _ _ _ _ _ _ _ _ _ _ _ _ _ _ _ _ _ _ _ _ _ _ _ _ _ _ _ _ _ _ _
.venv\Lib\site-packages\django\db\backends\base\operations.py:473: in execute_sql_flush
    cursor.execute(sql)
.venv\Lib\site-packages\django\db\backends\utils.py:79: in execute
    return self._execute_with_wrappers(
.venv\Lib\site-packages\django\db\backends\utils.py:92: in _execute_with_wrappers
    return executor(sql, params, many, context)
           ^^^^^^^^^^^^^^^^^^^^^^^^^^^^^^^^^^^^
.venv\Lib\site-packages\django\db\backends\utils.py:100: in _execute
    with self.db.wrap_database_errors:
         ^^^^^^^^^^^^^^^^^^^^^^^^^^^^
.venv\Lib\site-packages\django\db\utils.py:91: in __exit__
    raise dj_exc_value.with_traceback(traceback) from exc_value
.venv\Lib\site-packages\django\db\backends\utils.py:103: in _execute
    return self.cursor.execute(sql)
           ^^^^^^^^^^^^^^^^^^^^^^^^
_ _ _ _ _ _ _ _ _ _ _ _ _ _ _ _ _ _ _ _ _ _ _ _ _ _ _ _ _ _ _ _ _ _ _ _ _ _ _ _

self = <django.db.backends.postgresql.base.Cursor [closed] [IDLE] (host=localhost user=postgres database=test_gpp_plataform) at 0x283471c1980>
query = 'TRUNCATE "auth_group", "auth_user_user_permissions", "accounts_userrole", "tblusuario", "tbltipousuario", "accounts_a... "tblstatususuario", "auth_group_permissions", "tblaplicacao", "accounts_session", "auth_permission", "accounts_role";'
params = None

    def execute(
        self,
        query: Query,
        params: Params | None = None,
        *,
        prepare: bool | None = None,
        binary: bool | None = None,
    ) -> Self:
        """
        Execute a query or command to the database.
        """
        try:
            with self._conn.lock:
                self._conn.wait(
                    self._execute_gen(query, params, prepare=prepare, binary=binary)
                )
        except e._NO_TRACEBACK as ex:
>           raise ex.with_traceback(None)
E           django.db.utils.NotSupportedError: nÒo Ú possÝvel truncar uma tabela referenciada em uma restriþÒo de chave estrangeira
E           DETAIL:  Tabela "tblusuarioresponsavel" referencia "auth_user".
E           HINT:  Trunque a tabela "tblusuarioresponsavel" ao mesmo tempo, ou use TRUNCATE ... CASCADE.

.venv\Lib\site-packages\psycopg\cursor.py:117: NotSupportedError

The above exception was the direct cause of the following exception:

request = <SubRequest '_django_db_helper' for <Function test_login_coordenador_pngi>>
django_db_setup = None
django_db_blocker = <pytest_django.plugin.DjangoDbBlocker object at 0x0000028342085FD0>

    @pytest.fixture
    def _django_db_helper(
        request: pytest.FixtureRequest,
        django_db_setup: None,  # noqa: ARG001
        django_db_blocker: DjangoDbBlocker,
    ) -> Generator[None, None, None]:
        if is_django_unittest(request):
            yield
            return
    
        marker = request.node.get_closest_marker("django_db")
        if marker:
            (
                transactional,
                reset_sequences,
                databases,
                serialized_rollback,
                available_apps,
            ) = validate_django_db(marker)
        else:
            (
                transactional,
                reset_sequences,
                databases,
                serialized_rollback,
                available_apps,
            ) = False, False, None, False, None
    
        transactional = (
            transactional
            or reset_sequences
            or ("transactional_db" in request.fixturenames or "live_server" in request.fixturenames)
        )
        reset_sequences = reset_sequences or ("django_db_reset_sequences" in request.fixturenames)
        serialized_rollback = serialized_rollback or (
            "django_db_serialized_rollback" in request.fixturenames
        )
    
        with django_db_blocker.unblock():
            import django.db
            import django.test
    
            if transactional:
                test_case_class = django.test.TransactionTestCase
            else:
                test_case_class = django.test.TestCase
    
            _reset_sequences = reset_sequences
            _serialized_rollback = serialized_rollback
            _databases = databases
            _available_apps = available_apps
    
            class PytestDjangoTestCase(test_case_class):  # type: ignore[misc,valid-type]
                reset_sequences = _reset_sequences
                serialized_rollback = _serialized_rollback
                if _databases is not None:
                    databases = _databases
                if _available_apps is not None:
                    available_apps = _available_apps
    
                # For non-transactional tests, skip executing `django.test.TestCase`'s
                # `setUpClass`/`tearDownClass`, only execute the super class ones.
                #
                # `TestCase`'s class setup manages the `setUpTestData`/class-level
                # transaction functionality. We don't use it; instead we (will) offer
                # our own alternatives. So it only adds overhead, and does some things
                # which conflict with our (planned) functionality, particularly, it
                # closes all database connections in `tearDownClass` which inhibits
                # wrapping tests in higher-scoped transactions.
                #
                # It's possible a new version of Django will add some unrelated
                # functionality to these methods, in which case skipping them completely
                # would not be desirable. Let's cross that bridge when we get there...
                if not transactional:
    
                    @classmethod
                    def setUpClass(cls) -> None:
                        super(django.test.TestCase, cls).setUpClass()
    
                    @classmethod
                    def tearDownClass(cls) -> None:
                        super(django.test.TestCase, cls).tearDownClass()
    
            PytestDjangoTestCase.setUpClass()
    
            test_case = PytestDjangoTestCase(methodName="__init__")
            test_case._pre_setup()
    
            yield
    
>           test_case._post_teardown()

.venv\Lib\site-packages\pytest_django\fixtures.py:296: 
_ _ _ _ _ _ _ _ _ _ _ _ _ _ _ _ _ _ _ _ _ _ _ _ _ _ _ _ _ _ _ _ _ _ _ _ _ _ _ _
.venv\Lib\site-packages\django\test\testcases.py:1227: in _post_teardown
    self._fixture_teardown()
.venv\Lib\site-packages\django\test\testcases.py:1262: in _fixture_teardown
    call_command(
.venv\Lib\site-packages\django\core\management\__init__.py:194: in call_command
    return command.execute(*args, **defaults)
           ^^^^^^^^^^^^^^^^^^^^^^^^^^^^^^^^^^
.venv\Lib\site-packages\django\core\management\base.py:460: in execute
    output = self.handle(*args, **options)
             ^^^^^^^^^^^^^^^^^^^^^^^^^^^^^
_ _ _ _ _ _ _ _ _ _ _ _ _ _ _ _ _ _ _ _ _ _ _ _ _ _ _ _ _ _ _ _ _ _ _ _ _ _ _ _

self = <django.core.management.commands.flush.Command object at 0x0000028346E23850>
options = {'allow_cascade': False, 'database': 'default', 'force_color': False, 'inhibit_post_migrate': False, ...}
database = 'default'
connection = <DatabaseWrapper vendor='postgresql' alias='default'>
verbosity = 0, interactive = False, reset_sequences = False
allow_cascade = False, inhibit_post_migrate = False

        def handle(self, **options):
            database = options["database"]
            connection = connections[database]
            verbosity = options["verbosity"]
            interactive = options["interactive"]
            # The following are stealth options used by Django's internals.
            reset_sequences = options.get("reset_sequences", True)
            allow_cascade = options.get("allow_cascade", False)
            inhibit_post_migrate = options.get("inhibit_post_migrate", False)
    
            self.style = no_style()
    
            # Import the 'management' module within each installed app, to register
            # dispatcher events.
            for app_config in apps.get_app_configs():
                try:
                    import_module(".management", app_config.name)
                except ImportError:
                    pass
    
            sql_list = sql_flush(
                self.style,
                connection,
                reset_sequences=reset_sequences,
                allow_cascade=allow_cascade,
            )
    
            if interactive:
                confirm = input(
                    """You have requested a flush of the database.
    This will IRREVERSIBLY DESTROY all data currently in the "%s" database,
    and return each table to an empty state.
    Are you sure you want to do this?
    
        Type 'yes' to continue, or 'no' to cancel: """
                    % connection.settings_dict["NAME"]
                )
            else:
                confirm = "yes"
    
            if confirm == "yes":
                try:
                    connection.ops.execute_sql_flush(sql_list)
                except Exception as exc:
>                   raise CommandError(
                        "Database %s couldn't be flushed. Possible reasons:\n"
                        "  * The database isn't running or isn't configured correctly.\n"
                        "  * At least one of the expected database tables doesn't exist.\n"
                        "  * The SQL was invalid.\n"
                        "Hint: Look at the output of 'django-admin sqlflush'. "
                        "That's the SQL this command wasn't able to run."
                        % (connection.settings_dict["NAME"],)
                    ) from exc
E                   django.core.management.base.CommandError: Database test_gpp_plataform couldn't be flushed. Possible reasons:
E                     * The database isn't running or isn't configured correctly.
E                     * At least one of the expected database tables doesn't exist.
E                     * The SQL was invalid.
E                   Hint: Look at the output of 'django-admin sqlflush'. That's the SQL this command wasn't able to run.

.venv\Lib\site-packages\django\core\management\commands\flush.py:76: CommandError
---------------------------- Captured stderr setup ----------------------------
2026-03-23 15:05:38,033 [INFO] gpp.security:56 | CACHE_VERSION_BUMPED user_id=180
2026-03-23 15:05:38,034 [WARNING] gpp.security:69 | USERROLE_CHANGED user_id=180 role_id=3 app=ACOES_PNGI
----------------------------- Captured log setup ------------------------------
INFO     gpp.security:signals.py:56 CACHE_VERSION_BUMPED user_id=180
WARNING  gpp.security:signals.py:69 USERROLE_CHANGED user_id=180 role_id=3 app=ACOES_PNGI
---------------------------- Captured stderr call -----------------------------
2026-03-23 15:05:38,037 [WARNING] gpp.security:38 | APP_CONTEXT_NONE path=/api/accounts/login/ ù application could not be resolved, leaving as None
2026-03-23 15:05:38,357 [INFO] gpp.security:153 | LOGIN_SUCCESS user_id=180 username=coordenador_test app_context=ACOES_PNGI session_key=piqjssyk5t9gzge7pujvaefk9p01kr2n
------------------------------ Captured log call ------------------------------
WARNING  gpp.security:application_context.py:38 APP_CONTEXT_NONE path=/api/accounts/login/ ù application could not be resolved, leaving as None
INFO     gpp.security:views.py:153 LOGIN_SUCCESS user_id=180 username=coordenador_test app_context=ACOES_PNGI session_key=piqjssyk5t9gzge7pujvaefk9p01kr2n
___________ ERROR at teardown of TestLogin.test_login_operador_acao ___________

self = <django.db.backends.utils.CursorWrapper object at 0x0000028346D80A70>
sql = 'TRUNCATE "auth_group", "auth_user_user_permissions", "accounts_userrole", "tblusuario", "tbltipousuario", "accounts_a... "tblstatususuario", "auth_group_permissions", "tblaplicacao", "accounts_session", "auth_permission", "accounts_role";'
params = None
ignored_wrapper_args = (False, {'connection': <DatabaseWrapper vendor='postgresql' alias='default'>, 'cursor': <django.db.backends.utils.CursorWrapper object at 0x0000028346D80A70>})

    def _execute(self, sql, params, *ignored_wrapper_args):
        # Raise a warning during app initialization (stored_app_configs is only
        # ever set during testing).
        if not apps.ready and not apps.stored_app_configs:
            warnings.warn(self.APPS_NOT_READY_WARNING_MSG, category=RuntimeWarning)
        self.db.validate_no_broken_transaction()
        with self.db.wrap_database_errors:
            if params is None:
                # params default might be backend specific.
>               return self.cursor.execute(sql)
                       ^^^^^^^^^^^^^^^^^^^^^^^^

.venv\Lib\site-packages\django\db\backends\utils.py:103: 
_ _ _ _ _ _ _ _ _ _ _ _ _ _ _ _ _ _ _ _ _ _ _ _ _ _ _ _ _ _ _ _ _ _ _ _ _ _ _ _

self = <django.db.backends.postgresql.base.Cursor [closed] [IDLE] (host=localhost user=postgres database=test_gpp_plataform) at 0x28346d775f0>
query = 'TRUNCATE "auth_group", "auth_user_user_permissions", "accounts_userrole", "tblusuario", "tbltipousuario", "accounts_a... "tblstatususuario", "auth_group_permissions", "tblaplicacao", "accounts_session", "auth_permission", "accounts_role";'
params = None

    def execute(
        self,
        query: Query,
        params: Params | None = None,
        *,
        prepare: bool | None = None,
        binary: bool | None = None,
    ) -> Self:
        """
        Execute a query or command to the database.
        """
        try:
            with self._conn.lock:
                self._conn.wait(
                    self._execute_gen(query, params, prepare=prepare, binary=binary)
                )
        except e._NO_TRACEBACK as ex:
>           raise ex.with_traceback(None)
E           psycopg.errors.FeatureNotSupported: nÒo Ú possÝvel truncar uma tabela referenciada em uma restriþÒo de chave estrangeira
E           DETAIL:  Tabela "tblusuarioresponsavel" referencia "auth_user".
E           HINT:  Trunque a tabela "tblusuarioresponsavel" ao mesmo tempo, ou use TRUNCATE ... CASCADE.

.venv\Lib\site-packages\psycopg\cursor.py:117: FeatureNotSupported

The above exception was the direct cause of the following exception:

self = <django.core.management.commands.flush.Command object at 0x000002834491CAA0>
options = {'allow_cascade': False, 'database': 'default', 'force_color': False, 'inhibit_post_migrate': False, ...}
database = 'default'
connection = <DatabaseWrapper vendor='postgresql' alias='default'>
verbosity = 0, interactive = False, reset_sequences = False
allow_cascade = False, inhibit_post_migrate = False

        def handle(self, **options):
            database = options["database"]
            connection = connections[database]
            verbosity = options["verbosity"]
            interactive = options["interactive"]
            # The following are stealth options used by Django's internals.
            reset_sequences = options.get("reset_sequences", True)
            allow_cascade = options.get("allow_cascade", False)
            inhibit_post_migrate = options.get("inhibit_post_migrate", False)
    
            self.style = no_style()
    
            # Import the 'management' module within each installed app, to register
            # dispatcher events.
            for app_config in apps.get_app_configs():
                try:
                    import_module(".management", app_config.name)
                except ImportError:
                    pass
    
            sql_list = sql_flush(
                self.style,
                connection,
                reset_sequences=reset_sequences,
                allow_cascade=allow_cascade,
            )
    
            if interactive:
                confirm = input(
                    """You have requested a flush of the database.
    This will IRREVERSIBLY DESTROY all data currently in the "%s" database,
    and return each table to an empty state.
    Are you sure you want to do this?
    
        Type 'yes' to continue, or 'no' to cancel: """
                    % connection.settings_dict["NAME"]
                )
            else:
                confirm = "yes"
    
            if confirm == "yes":
                try:
>                   connection.ops.execute_sql_flush(sql_list)

.venv\Lib\site-packages\django\core\management\commands\flush.py:74: 
_ _ _ _ _ _ _ _ _ _ _ _ _ _ _ _ _ _ _ _ _ _ _ _ _ _ _ _ _ _ _ _ _ _ _ _ _ _ _ _
.venv\Lib\site-packages\django\db\backends\base\operations.py:473: in execute_sql_flush
    cursor.execute(sql)
.venv\Lib\site-packages\django\db\backends\utils.py:79: in execute
    return self._execute_with_wrappers(
.venv\Lib\site-packages\django\db\backends\utils.py:92: in _execute_with_wrappers
    return executor(sql, params, many, context)
           ^^^^^^^^^^^^^^^^^^^^^^^^^^^^^^^^^^^^
.venv\Lib\site-packages\django\db\backends\utils.py:100: in _execute
    with self.db.wrap_database_errors:
         ^^^^^^^^^^^^^^^^^^^^^^^^^^^^
.venv\Lib\site-packages\django\db\utils.py:91: in __exit__
    raise dj_exc_value.with_traceback(traceback) from exc_value
.venv\Lib\site-packages\django\db\backends\utils.py:103: in _execute
    return self.cursor.execute(sql)
           ^^^^^^^^^^^^^^^^^^^^^^^^
_ _ _ _ _ _ _ _ _ _ _ _ _ _ _ _ _ _ _ _ _ _ _ _ _ _ _ _ _ _ _ _ _ _ _ _ _ _ _ _

self = <django.db.backends.postgresql.base.Cursor [closed] [IDLE] (host=localhost user=postgres database=test_gpp_plataform) at 0x28346d775f0>
query = 'TRUNCATE "auth_group", "auth_user_user_permissions", "accounts_userrole", "tblusuario", "tbltipousuario", "accounts_a... "tblstatususuario", "auth_group_permissions", "tblaplicacao", "accounts_session", "auth_permission", "accounts_role";'
params = None

    def execute(
        self,
        query: Query,
        params: Params | None = None,
        *,
        prepare: bool | None = None,
        binary: bool | None = None,
    ) -> Self:
        """
        Execute a query or command to the database.
        """
        try:
            with self._conn.lock:
                self._conn.wait(
                    self._execute_gen(query, params, prepare=prepare, binary=binary)
                )
        except e._NO_TRACEBACK as ex:
>           raise ex.with_traceback(None)
E           django.db.utils.NotSupportedError: nÒo Ú possÝvel truncar uma tabela referenciada em uma restriþÒo de chave estrangeira
E           DETAIL:  Tabela "tblusuarioresponsavel" referencia "auth_user".
E           HINT:  Trunque a tabela "tblusuarioresponsavel" ao mesmo tempo, ou use TRUNCATE ... CASCADE.

.venv\Lib\site-packages\psycopg\cursor.py:117: NotSupportedError

The above exception was the direct cause of the following exception:

request = <SubRequest '_django_db_helper' for <Function test_login_operador_acao>>
django_db_setup = None
django_db_blocker = <pytest_django.plugin.DjangoDbBlocker object at 0x0000028342085FD0>

    @pytest.fixture
    def _django_db_helper(
        request: pytest.FixtureRequest,
        django_db_setup: None,  # noqa: ARG001
        django_db_blocker: DjangoDbBlocker,
    ) -> Generator[None, None, None]:
        if is_django_unittest(request):
            yield
            return
    
        marker = request.node.get_closest_marker("django_db")
        if marker:
            (
                transactional,
                reset_sequences,
                databases,
                serialized_rollback,
                available_apps,
            ) = validate_django_db(marker)
        else:
            (
                transactional,
                reset_sequences,
                databases,
                serialized_rollback,
                available_apps,
            ) = False, False, None, False, None
    
        transactional = (
            transactional
            or reset_sequences
            or ("transactional_db" in request.fixturenames or "live_server" in request.fixturenames)
        )
        reset_sequences = reset_sequences or ("django_db_reset_sequences" in request.fixturenames)
        serialized_rollback = serialized_rollback or (
            "django_db_serialized_rollback" in request.fixturenames
        )
    
        with django_db_blocker.unblock():
            import django.db
            import django.test
    
            if transactional:
                test_case_class = django.test.TransactionTestCase
            else:
                test_case_class = django.test.TestCase
    
            _reset_sequences = reset_sequences
            _serialized_rollback = serialized_rollback
            _databases = databases
            _available_apps = available_apps
    
            class PytestDjangoTestCase(test_case_class):  # type: ignore[misc,valid-type]
                reset_sequences = _reset_sequences
                serialized_rollback = _serialized_rollback
                if _databases is not None:
                    databases = _databases
                if _available_apps is not None:
                    available_apps = _available_apps
    
                # For non-transactional tests, skip executing `django.test.TestCase`'s
                # `setUpClass`/`tearDownClass`, only execute the super class ones.
                #
                # `TestCase`'s class setup manages the `setUpTestData`/class-level
                # transaction functionality. We don't use it; instead we (will) offer
                # our own alternatives. So it only adds overhead, and does some things
                # which conflict with our (planned) functionality, particularly, it
                # closes all database connections in `tearDownClass` which inhibits
                # wrapping tests in higher-scoped transactions.
                #
                # It's possible a new version of Django will add some unrelated
                # functionality to these methods, in which case skipping them completely
                # would not be desirable. Let's cross that bridge when we get there...
                if not transactional:
    
                    @classmethod
                    def setUpClass(cls) -> None:
                        super(django.test.TestCase, cls).setUpClass()
    
                    @classmethod
                    def tearDownClass(cls) -> None:
                        super(django.test.TestCase, cls).tearDownClass()
    
            PytestDjangoTestCase.setUpClass()
    
            test_case = PytestDjangoTestCase(methodName="__init__")
            test_case._pre_setup()
    
            yield
    
>           test_case._post_teardown()

.venv\Lib\site-packages\pytest_django\fixtures.py:296: 
_ _ _ _ _ _ _ _ _ _ _ _ _ _ _ _ _ _ _ _ _ _ _ _ _ _ _ _ _ _ _ _ _ _ _ _ _ _ _ _
.venv\Lib\site-packages\django\test\testcases.py:1227: in _post_teardown
    self._fixture_teardown()
.venv\Lib\site-packages\django\test\testcases.py:1262: in _fixture_teardown
    call_command(
.venv\Lib\site-packages\django\core\management\__init__.py:194: in call_command
    return command.execute(*args, **defaults)
           ^^^^^^^^^^^^^^^^^^^^^^^^^^^^^^^^^^
.venv\Lib\site-packages\django\core\management\base.py:460: in execute
    output = self.handle(*args, **options)
             ^^^^^^^^^^^^^^^^^^^^^^^^^^^^^
_ _ _ _ _ _ _ _ _ _ _ _ _ _ _ _ _ _ _ _ _ _ _ _ _ _ _ _ _ _ _ _ _ _ _ _ _ _ _ _

self = <django.core.management.commands.flush.Command object at 0x000002834491CAA0>
options = {'allow_cascade': False, 'database': 'default', 'force_color': False, 'inhibit_post_migrate': False, ...}
database = 'default'
connection = <DatabaseWrapper vendor='postgresql' alias='default'>
verbosity = 0, interactive = False, reset_sequences = False
allow_cascade = False, inhibit_post_migrate = False

        def handle(self, **options):
            database = options["database"]
            connection = connections[database]
            verbosity = options["verbosity"]
            interactive = options["interactive"]
            # The following are stealth options used by Django's internals.
            reset_sequences = options.get("reset_sequences", True)
            allow_cascade = options.get("allow_cascade", False)
            inhibit_post_migrate = options.get("inhibit_post_migrate", False)
    
            self.style = no_style()
    
            # Import the 'management' module within each installed app, to register
            # dispatcher events.
            for app_config in apps.get_app_configs():
                try:
                    import_module(".management", app_config.name)
                except ImportError:
                    pass
    
            sql_list = sql_flush(
                self.style,
                connection,
                reset_sequences=reset_sequences,
                allow_cascade=allow_cascade,
            )
    
            if interactive:
                confirm = input(
                    """You have requested a flush of the database.
    This will IRREVERSIBLY DESTROY all data currently in the "%s" database,
    and return each table to an empty state.
    Are you sure you want to do this?
    
        Type 'yes' to continue, or 'no' to cancel: """
                    % connection.settings_dict["NAME"]
                )
            else:
                confirm = "yes"
    
            if confirm == "yes":
                try:
                    connection.ops.execute_sql_flush(sql_list)
                except Exception as exc:
>                   raise CommandError(
                        "Database %s couldn't be flushed. Possible reasons:\n"
                        "  * The database isn't running or isn't configured correctly.\n"
                        "  * At least one of the expected database tables doesn't exist.\n"
                        "  * The SQL was invalid.\n"
                        "Hint: Look at the output of 'django-admin sqlflush'. "
                        "That's the SQL this command wasn't able to run."
                        % (connection.settings_dict["NAME"],)
                    ) from exc
E                   django.core.management.base.CommandError: Database test_gpp_plataform couldn't be flushed. Possible reasons:
E                     * The database isn't running or isn't configured correctly.
E                     * At least one of the expected database tables doesn't exist.
E                     * The SQL was invalid.
E                   Hint: Look at the output of 'django-admin sqlflush'. That's the SQL this command wasn't able to run.

.venv\Lib\site-packages\django\core\management\commands\flush.py:76: CommandError
---------------------------- Captured stderr setup ----------------------------
2026-03-23 15:05:38,767 [INFO] gpp.security:56 | CACHE_VERSION_BUMPED user_id=181
2026-03-23 15:05:38,767 [WARNING] gpp.security:69 | USERROLE_CHANGED user_id=181 role_id=4 app=ACOES_PNGI
----------------------------- Captured log setup ------------------------------
INFO     gpp.security:signals.py:56 CACHE_VERSION_BUMPED user_id=181
WARNING  gpp.security:signals.py:69 USERROLE_CHANGED user_id=181 role_id=4 app=ACOES_PNGI
---------------------------- Captured stderr call -----------------------------
2026-03-23 15:05:38,770 [WARNING] gpp.security:38 | APP_CONTEXT_NONE path=/api/accounts/login/ ù application could not be resolved, leaving as None
2026-03-23 15:05:39,089 [INFO] gpp.security:153 | LOGIN_SUCCESS user_id=181 username=operador_test app_context=ACOES_PNGI session_key=880fjolqz0dmysurh7wjlsboqzjjceaz
------------------------------ Captured log call ------------------------------
WARNING  gpp.security:application_context.py:38 APP_CONTEXT_NONE path=/api/accounts/login/ ù application could not be resolved, leaving as None
INFO     gpp.security:views.py:153 LOGIN_SUCCESS user_id=181 username=operador_test app_context=ACOES_PNGI session_key=880fjolqz0dmysurh7wjlsboqzjjceaz
___________ ERROR at teardown of TestLogin.test_login_gestor_carga ____________

self = <django.db.backends.utils.CursorWrapper object at 0x00000283451E91F0>
sql = 'TRUNCATE "auth_group", "auth_user_user_permissions", "accounts_userrole", "tblusuario", "tbltipousuario", "accounts_a... "tblstatususuario", "auth_group_permissions", "tblaplicacao", "accounts_session", "auth_permission", "accounts_role";'
params = None
ignored_wrapper_args = (False, {'connection': <DatabaseWrapper vendor='postgresql' alias='default'>, 'cursor': <django.db.backends.utils.CursorWrapper object at 0x00000283451E91F0>})

    def _execute(self, sql, params, *ignored_wrapper_args):
        # Raise a warning during app initialization (stored_app_configs is only
        # ever set during testing).
        if not apps.ready and not apps.stored_app_configs:
            warnings.warn(self.APPS_NOT_READY_WARNING_MSG, category=RuntimeWarning)
        self.db.validate_no_broken_transaction()
        with self.db.wrap_database_errors:
            if params is None:
                # params default might be backend specific.
>               return self.cursor.execute(sql)
                       ^^^^^^^^^^^^^^^^^^^^^^^^

.venv\Lib\site-packages\django\db\backends\utils.py:103: 
_ _ _ _ _ _ _ _ _ _ _ _ _ _ _ _ _ _ _ _ _ _ _ _ _ _ _ _ _ _ _ _ _ _ _ _ _ _ _ _

self = <django.db.backends.postgresql.base.Cursor [closed] [IDLE] (host=localhost user=postgres database=test_gpp_plataform) at 0x28347228600>
query = 'TRUNCATE "auth_group", "auth_user_user_permissions", "accounts_userrole", "tblusuario", "tbltipousuario", "accounts_a... "tblstatususuario", "auth_group_permissions", "tblaplicacao", "accounts_session", "auth_permission", "accounts_role";'
params = None

    def execute(
        self,
        query: Query,
        params: Params | None = None,
        *,
        prepare: bool | None = None,
        binary: bool | None = None,
    ) -> Self:
        """
        Execute a query or command to the database.
        """
        try:
            with self._conn.lock:
                self._conn.wait(
                    self._execute_gen(query, params, prepare=prepare, binary=binary)
                )
        except e._NO_TRACEBACK as ex:
>           raise ex.with_traceback(None)
E           psycopg.errors.FeatureNotSupported: nÒo Ú possÝvel truncar uma tabela referenciada em uma restriþÒo de chave estrangeira
E           DETAIL:  Tabela "tblusuarioresponsavel" referencia "auth_user".
E           HINT:  Trunque a tabela "tblusuarioresponsavel" ao mesmo tempo, ou use TRUNCATE ... CASCADE.

.venv\Lib\site-packages\psycopg\cursor.py:117: FeatureNotSupported

The above exception was the direct cause of the following exception:

self = <django.core.management.commands.flush.Command object at 0x00000283448A8140>
options = {'allow_cascade': False, 'database': 'default', 'force_color': False, 'inhibit_post_migrate': False, ...}
database = 'default'
connection = <DatabaseWrapper vendor='postgresql' alias='default'>
verbosity = 0, interactive = False, reset_sequences = False
allow_cascade = False, inhibit_post_migrate = False

        def handle(self, **options):
            database = options["database"]
            connection = connections[database]
            verbosity = options["verbosity"]
            interactive = options["interactive"]
            # The following are stealth options used by Django's internals.
            reset_sequences = options.get("reset_sequences", True)
            allow_cascade = options.get("allow_cascade", False)
            inhibit_post_migrate = options.get("inhibit_post_migrate", False)
    
            self.style = no_style()
    
            # Import the 'management' module within each installed app, to register
            # dispatcher events.
            for app_config in apps.get_app_configs():
                try:
                    import_module(".management", app_config.name)
                except ImportError:
                    pass
    
            sql_list = sql_flush(
                self.style,
                connection,
                reset_sequences=reset_sequences,
                allow_cascade=allow_cascade,
            )
    
            if interactive:
                confirm = input(
                    """You have requested a flush of the database.
    This will IRREVERSIBLY DESTROY all data currently in the "%s" database,
    and return each table to an empty state.
    Are you sure you want to do this?
    
        Type 'yes' to continue, or 'no' to cancel: """
                    % connection.settings_dict["NAME"]
                )
            else:
                confirm = "yes"
    
            if confirm == "yes":
                try:
>                   connection.ops.execute_sql_flush(sql_list)

.venv\Lib\site-packages\django\core\management\commands\flush.py:74: 
_ _ _ _ _ _ _ _ _ _ _ _ _ _ _ _ _ _ _ _ _ _ _ _ _ _ _ _ _ _ _ _ _ _ _ _ _ _ _ _
.venv\Lib\site-packages\django\db\backends\base\operations.py:473: in execute_sql_flush
    cursor.execute(sql)
.venv\Lib\site-packages\django\db\backends\utils.py:79: in execute
    return self._execute_with_wrappers(
.venv\Lib\site-packages\django\db\backends\utils.py:92: in _execute_with_wrappers
    return executor(sql, params, many, context)
           ^^^^^^^^^^^^^^^^^^^^^^^^^^^^^^^^^^^^
.venv\Lib\site-packages\django\db\backends\utils.py:100: in _execute
    with self.db.wrap_database_errors:
         ^^^^^^^^^^^^^^^^^^^^^^^^^^^^
.venv\Lib\site-packages\django\db\utils.py:91: in __exit__
    raise dj_exc_value.with_traceback(traceback) from exc_value
.venv\Lib\site-packages\django\db\backends\utils.py:103: in _execute
    return self.cursor.execute(sql)
           ^^^^^^^^^^^^^^^^^^^^^^^^
_ _ _ _ _ _ _ _ _ _ _ _ _ _ _ _ _ _ _ _ _ _ _ _ _ _ _ _ _ _ _ _ _ _ _ _ _ _ _ _

self = <django.db.backends.postgresql.base.Cursor [closed] [IDLE] (host=localhost user=postgres database=test_gpp_plataform) at 0x28347228600>
query = 'TRUNCATE "auth_group", "auth_user_user_permissions", "accounts_userrole", "tblusuario", "tbltipousuario", "accounts_a... "tblstatususuario", "auth_group_permissions", "tblaplicacao", "accounts_session", "auth_permission", "accounts_role";'
params = None

    def execute(
        self,
        query: Query,
        params: Params | None = None,
        *,
        prepare: bool | None = None,
        binary: bool | None = None,
    ) -> Self:
        """
        Execute a query or command to the database.
        """
        try:
            with self._conn.lock:
                self._conn.wait(
                    self._execute_gen(query, params, prepare=prepare, binary=binary)
                )
        except e._NO_TRACEBACK as ex:
>           raise ex.with_traceback(None)
E           django.db.utils.NotSupportedError: nÒo Ú possÝvel truncar uma tabela referenciada em uma restriþÒo de chave estrangeira
E           DETAIL:  Tabela "tblusuarioresponsavel" referencia "auth_user".
E           HINT:  Trunque a tabela "tblusuarioresponsavel" ao mesmo tempo, ou use TRUNCATE ... CASCADE.

.venv\Lib\site-packages\psycopg\cursor.py:117: NotSupportedError

The above exception was the direct cause of the following exception:

request = <SubRequest '_django_db_helper' for <Function test_login_gestor_carga>>
django_db_setup = None
django_db_blocker = <pytest_django.plugin.DjangoDbBlocker object at 0x0000028342085FD0>

    @pytest.fixture
    def _django_db_helper(
        request: pytest.FixtureRequest,
        django_db_setup: None,  # noqa: ARG001
        django_db_blocker: DjangoDbBlocker,
    ) -> Generator[None, None, None]:
        if is_django_unittest(request):
            yield
            return
    
        marker = request.node.get_closest_marker("django_db")
        if marker:
            (
                transactional,
                reset_sequences,
                databases,
                serialized_rollback,
                available_apps,
            ) = validate_django_db(marker)
        else:
            (
                transactional,
                reset_sequences,
                databases,
                serialized_rollback,
                available_apps,
            ) = False, False, None, False, None
    
        transactional = (
            transactional
            or reset_sequences
            or ("transactional_db" in request.fixturenames or "live_server" in request.fixturenames)
        )
        reset_sequences = reset_sequences or ("django_db_reset_sequences" in request.fixturenames)
        serialized_rollback = serialized_rollback or (
            "django_db_serialized_rollback" in request.fixturenames
        )
    
        with django_db_blocker.unblock():
            import django.db
            import django.test
    
            if transactional:
                test_case_class = django.test.TransactionTestCase
            else:
                test_case_class = django.test.TestCase
    
            _reset_sequences = reset_sequences
            _serialized_rollback = serialized_rollback
            _databases = databases
            _available_apps = available_apps
    
            class PytestDjangoTestCase(test_case_class):  # type: ignore[misc,valid-type]
                reset_sequences = _reset_sequences
                serialized_rollback = _serialized_rollback
                if _databases is not None:
                    databases = _databases
                if _available_apps is not None:
                    available_apps = _available_apps
    
                # For non-transactional tests, skip executing `django.test.TestCase`'s
                # `setUpClass`/`tearDownClass`, only execute the super class ones.
                #
                # `TestCase`'s class setup manages the `setUpTestData`/class-level
                # transaction functionality. We don't use it; instead we (will) offer
                # our own alternatives. So it only adds overhead, and does some things
                # which conflict with our (planned) functionality, particularly, it
                # closes all database connections in `tearDownClass` which inhibits
                # wrapping tests in higher-scoped transactions.
                #
                # It's possible a new version of Django will add some unrelated
                # functionality to these methods, in which case skipping them completely
                # would not be desirable. Let's cross that bridge when we get there...
                if not transactional:
    
                    @classmethod
                    def setUpClass(cls) -> None:
                        super(django.test.TestCase, cls).setUpClass()
    
                    @classmethod
                    def tearDownClass(cls) -> None:
                        super(django.test.TestCase, cls).tearDownClass()
    
            PytestDjangoTestCase.setUpClass()
    
            test_case = PytestDjangoTestCase(methodName="__init__")
            test_case._pre_setup()
    
            yield
    
>           test_case._post_teardown()

.venv\Lib\site-packages\pytest_django\fixtures.py:296: 
_ _ _ _ _ _ _ _ _ _ _ _ _ _ _ _ _ _ _ _ _ _ _ _ _ _ _ _ _ _ _ _ _ _ _ _ _ _ _ _
.venv\Lib\site-packages\django\test\testcases.py:1227: in _post_teardown
    self._fixture_teardown()
.venv\Lib\site-packages\django\test\testcases.py:1262: in _fixture_teardown
    call_command(
.venv\Lib\site-packages\django\core\management\__init__.py:194: in call_command
    return command.execute(*args, **defaults)
           ^^^^^^^^^^^^^^^^^^^^^^^^^^^^^^^^^^
.venv\Lib\site-packages\django\core\management\base.py:460: in execute
    output = self.handle(*args, **options)
             ^^^^^^^^^^^^^^^^^^^^^^^^^^^^^
_ _ _ _ _ _ _ _ _ _ _ _ _ _ _ _ _ _ _ _ _ _ _ _ _ _ _ _ _ _ _ _ _ _ _ _ _ _ _ _

self = <django.core.management.commands.flush.Command object at 0x00000283448A8140>
options = {'allow_cascade': False, 'database': 'default', 'force_color': False, 'inhibit_post_migrate': False, ...}
database = 'default'
connection = <DatabaseWrapper vendor='postgresql' alias='default'>
verbosity = 0, interactive = False, reset_sequences = False
allow_cascade = False, inhibit_post_migrate = False

        def handle(self, **options):
            database = options["database"]
            connection = connections[database]
            verbosity = options["verbosity"]
            interactive = options["interactive"]
            # The following are stealth options used by Django's internals.
            reset_sequences = options.get("reset_sequences", True)
            allow_cascade = options.get("allow_cascade", False)
            inhibit_post_migrate = options.get("inhibit_post_migrate", False)
    
            self.style = no_style()
    
            # Import the 'management' module within each installed app, to register
            # dispatcher events.
            for app_config in apps.get_app_configs():
                try:
                    import_module(".management", app_config.name)
                except ImportError:
                    pass
    
            sql_list = sql_flush(
                self.style,
                connection,
                reset_sequences=reset_sequences,
                allow_cascade=allow_cascade,
            )
    
            if interactive:
                confirm = input(
                    """You have requested a flush of the database.
    This will IRREVERSIBLY DESTROY all data currently in the "%s" database,
    and return each table to an empty state.
    Are you sure you want to do this?
    
        Type 'yes' to continue, or 'no' to cancel: """
                    % connection.settings_dict["NAME"]
                )
            else:
                confirm = "yes"
    
            if confirm == "yes":
                try:
                    connection.ops.execute_sql_flush(sql_list)
                except Exception as exc:
>                   raise CommandError(
                        "Database %s couldn't be flushed. Possible reasons:\n"
                        "  * The database isn't running or isn't configured correctly.\n"
                        "  * At least one of the expected database tables doesn't exist.\n"
                        "  * The SQL was invalid.\n"
                        "Hint: Look at the output of 'django-admin sqlflush'. "
                        "That's the SQL this command wasn't able to run."
                        % (connection.settings_dict["NAME"],)
                    ) from exc
E                   django.core.management.base.CommandError: Database test_gpp_plataform couldn't be flushed. Possible reasons:
E                     * The database isn't running or isn't configured correctly.
E                     * At least one of the expected database tables doesn't exist.
E                     * The SQL was invalid.
E                   Hint: Look at the output of 'django-admin sqlflush'. That's the SQL this command wasn't able to run.

.venv\Lib\site-packages\django\core\management\commands\flush.py:76: CommandError
---------------------------- Captured stderr setup ----------------------------
2026-03-23 15:05:39,489 [INFO] gpp.security:56 | CACHE_VERSION_BUMPED user_id=182
2026-03-23 15:05:39,489 [WARNING] gpp.security:69 | USERROLE_CHANGED user_id=182 role_id=6 app=CARGA_ORG_LOT
----------------------------- Captured log setup ------------------------------
INFO     gpp.security:signals.py:56 CACHE_VERSION_BUMPED user_id=182
WARNING  gpp.security:signals.py:69 USERROLE_CHANGED user_id=182 role_id=6 app=CARGA_ORG_LOT
---------------------------- Captured stderr call -----------------------------
2026-03-23 15:05:39,492 [WARNING] gpp.security:38 | APP_CONTEXT_NONE path=/api/accounts/login/ ù application could not be resolved, leaving as None
2026-03-23 15:05:39,811 [INFO] gpp.security:153 | LOGIN_SUCCESS user_id=182 username=gestor_carga_test app_context=CARGA_ORG_LOT session_key=5l366g5cvb3au5q0m49h2wib5727x7ev
------------------------------ Captured log call ------------------------------
WARNING  gpp.security:application_context.py:38 APP_CONTEXT_NONE path=/api/accounts/login/ ù application could not be resolved, leaving as None
INFO     gpp.security:views.py:153 LOGIN_SUCCESS user_id=182 username=gestor_carga_test app_context=CARGA_ORG_LOT session_key=5l366g5cvb3au5q0m49h2wib5727x7ev
___________ ERROR at teardown of TestLogout.test_logout_retorna_200 ___________

self = <django.db.backends.utils.CursorWrapper object at 0x0000028346D3A930>
sql = 'TRUNCATE "auth_group", "auth_user_user_permissions", "accounts_userrole", "tblusuario", "tbltipousuario", "accounts_a... "tblstatususuario", "auth_group_permissions", "tblaplicacao", "accounts_session", "auth_permission", "accounts_role";'
params = None
ignored_wrapper_args = (False, {'connection': <DatabaseWrapper vendor='postgresql' alias='default'>, 'cursor': <django.db.backends.utils.CursorWrapper object at 0x0000028346D3A930>})

    def _execute(self, sql, params, *ignored_wrapper_args):
        # Raise a warning during app initialization (stored_app_configs is only
        # ever set during testing).
        if not apps.ready and not apps.stored_app_configs:
            warnings.warn(self.APPS_NOT_READY_WARNING_MSG, category=RuntimeWarning)
        self.db.validate_no_broken_transaction()
        with self.db.wrap_database_errors:
            if params is None:
                # params default might be backend specific.
>               return self.cursor.execute(sql)
                       ^^^^^^^^^^^^^^^^^^^^^^^^

.venv\Lib\site-packages\django\db\backends\utils.py:103: 
_ _ _ _ _ _ _ _ _ _ _ _ _ _ _ _ _ _ _ _ _ _ _ _ _ _ _ _ _ _ _ _ _ _ _ _ _ _ _ _

self = <django.db.backends.postgresql.base.Cursor [closed] [IDLE] (host=localhost user=postgres database=test_gpp_plataform) at 0x283452aa1a0>
query = 'TRUNCATE "auth_group", "auth_user_user_permissions", "accounts_userrole", "tblusuario", "tbltipousuario", "accounts_a... "tblstatususuario", "auth_group_permissions", "tblaplicacao", "accounts_session", "auth_permission", "accounts_role";'
params = None

    def execute(
        self,
        query: Query,
        params: Params | None = None,
        *,
        prepare: bool | None = None,
        binary: bool | None = None,
    ) -> Self:
        """
        Execute a query or command to the database.
        """
        try:
            with self._conn.lock:
                self._conn.wait(
                    self._execute_gen(query, params, prepare=prepare, binary=binary)
                )
        except e._NO_TRACEBACK as ex:
>           raise ex.with_traceback(None)
E           psycopg.errors.FeatureNotSupported: nÒo Ú possÝvel truncar uma tabela referenciada em uma restriþÒo de chave estrangeira
E           DETAIL:  Tabela "tblusuarioresponsavel" referencia "auth_user".
E           HINT:  Trunque a tabela "tblusuarioresponsavel" ao mesmo tempo, ou use TRUNCATE ... CASCADE.

.venv\Lib\site-packages\psycopg\cursor.py:117: FeatureNotSupported

The above exception was the direct cause of the following exception:

self = <django.core.management.commands.flush.Command object at 0x00000283449AE970>
options = {'allow_cascade': False, 'database': 'default', 'force_color': False, 'inhibit_post_migrate': False, ...}
database = 'default'
connection = <DatabaseWrapper vendor='postgresql' alias='default'>
verbosity = 0, interactive = False, reset_sequences = False
allow_cascade = False, inhibit_post_migrate = False

        def handle(self, **options):
            database = options["database"]
            connection = connections[database]
            verbosity = options["verbosity"]
            interactive = options["interactive"]
            # The following are stealth options used by Django's internals.
            reset_sequences = options.get("reset_sequences", True)
            allow_cascade = options.get("allow_cascade", False)
            inhibit_post_migrate = options.get("inhibit_post_migrate", False)
    
            self.style = no_style()
    
            # Import the 'management' module within each installed app, to register
            # dispatcher events.
            for app_config in apps.get_app_configs():
                try:
                    import_module(".management", app_config.name)
                except ImportError:
                    pass
    
            sql_list = sql_flush(
                self.style,
                connection,
                reset_sequences=reset_sequences,
                allow_cascade=allow_cascade,
            )
    
            if interactive:
                confirm = input(
                    """You have requested a flush of the database.
    This will IRREVERSIBLY DESTROY all data currently in the "%s" database,
    and return each table to an empty state.
    Are you sure you want to do this?
    
        Type 'yes' to continue, or 'no' to cancel: """
                    % connection.settings_dict["NAME"]
                )
            else:
                confirm = "yes"
    
            if confirm == "yes":
                try:
>                   connection.ops.execute_sql_flush(sql_list)

.venv\Lib\site-packages\django\core\management\commands\flush.py:74: 
_ _ _ _ _ _ _ _ _ _ _ _ _ _ _ _ _ _ _ _ _ _ _ _ _ _ _ _ _ _ _ _ _ _ _ _ _ _ _ _
.venv\Lib\site-packages\django\db\backends\base\operations.py:473: in execute_sql_flush
    cursor.execute(sql)
.venv\Lib\site-packages\django\db\backends\utils.py:79: in execute
    return self._execute_with_wrappers(
.venv\Lib\site-packages\django\db\backends\utils.py:92: in _execute_with_wrappers
    return executor(sql, params, many, context)
           ^^^^^^^^^^^^^^^^^^^^^^^^^^^^^^^^^^^^
.venv\Lib\site-packages\django\db\backends\utils.py:100: in _execute
    with self.db.wrap_database_errors:
         ^^^^^^^^^^^^^^^^^^^^^^^^^^^^
.venv\Lib\site-packages\django\db\utils.py:91: in __exit__
    raise dj_exc_value.with_traceback(traceback) from exc_value
.venv\Lib\site-packages\django\db\backends\utils.py:103: in _execute
    return self.cursor.execute(sql)
           ^^^^^^^^^^^^^^^^^^^^^^^^
_ _ _ _ _ _ _ _ _ _ _ _ _ _ _ _ _ _ _ _ _ _ _ _ _ _ _ _ _ _ _ _ _ _ _ _ _ _ _ _

self = <django.db.backends.postgresql.base.Cursor [closed] [IDLE] (host=localhost user=postgres database=test_gpp_plataform) at 0x283452aa1a0>
query = 'TRUNCATE "auth_group", "auth_user_user_permissions", "accounts_userrole", "tblusuario", "tbltipousuario", "accounts_a... "tblstatususuario", "auth_group_permissions", "tblaplicacao", "accounts_session", "auth_permission", "accounts_role";'
params = None

    def execute(
        self,
        query: Query,
        params: Params | None = None,
        *,
        prepare: bool | None = None,
        binary: bool | None = None,
    ) -> Self:
        """
        Execute a query or command to the database.
        """
        try:
            with self._conn.lock:
                self._conn.wait(
                    self._execute_gen(query, params, prepare=prepare, binary=binary)
                )
        except e._NO_TRACEBACK as ex:
>           raise ex.with_traceback(None)
E           django.db.utils.NotSupportedError: nÒo Ú possÝvel truncar uma tabela referenciada em uma restriþÒo de chave estrangeira
E           DETAIL:  Tabela "tblusuarioresponsavel" referencia "auth_user".
E           HINT:  Trunque a tabela "tblusuarioresponsavel" ao mesmo tempo, ou use TRUNCATE ... CASCADE.

.venv\Lib\site-packages\psycopg\cursor.py:117: NotSupportedError

The above exception was the direct cause of the following exception:

request = <SubRequest '_django_db_helper' for <Function test_logout_retorna_200>>
django_db_setup = None
django_db_blocker = <pytest_django.plugin.DjangoDbBlocker object at 0x0000028342085FD0>

    @pytest.fixture
    def _django_db_helper(
        request: pytest.FixtureRequest,
        django_db_setup: None,  # noqa: ARG001
        django_db_blocker: DjangoDbBlocker,
    ) -> Generator[None, None, None]:
        if is_django_unittest(request):
            yield
            return
    
        marker = request.node.get_closest_marker("django_db")
        if marker:
            (
                transactional,
                reset_sequences,
                databases,
                serialized_rollback,
                available_apps,
            ) = validate_django_db(marker)
        else:
            (
                transactional,
                reset_sequences,
                databases,
                serialized_rollback,
                available_apps,
            ) = False, False, None, False, None
    
        transactional = (
            transactional
            or reset_sequences
            or ("transactional_db" in request.fixturenames or "live_server" in request.fixturenames)
        )
        reset_sequences = reset_sequences or ("django_db_reset_sequences" in request.fixturenames)
        serialized_rollback = serialized_rollback or (
            "django_db_serialized_rollback" in request.fixturenames
        )
    
        with django_db_blocker.unblock():
            import django.db
            import django.test
    
            if transactional:
                test_case_class = django.test.TransactionTestCase
            else:
                test_case_class = django.test.TestCase
    
            _reset_sequences = reset_sequences
            _serialized_rollback = serialized_rollback
            _databases = databases
            _available_apps = available_apps
    
            class PytestDjangoTestCase(test_case_class):  # type: ignore[misc,valid-type]
                reset_sequences = _reset_sequences
                serialized_rollback = _serialized_rollback
                if _databases is not None:
                    databases = _databases
                if _available_apps is not None:
                    available_apps = _available_apps
    
                # For non-transactional tests, skip executing `django.test.TestCase`'s
                # `setUpClass`/`tearDownClass`, only execute the super class ones.
                #
                # `TestCase`'s class setup manages the `setUpTestData`/class-level
                # transaction functionality. We don't use it; instead we (will) offer
                # our own alternatives. So it only adds overhead, and does some things
                # which conflict with our (planned) functionality, particularly, it
                # closes all database connections in `tearDownClass` which inhibits
                # wrapping tests in higher-scoped transactions.
                #
                # It's possible a new version of Django will add some unrelated
                # functionality to these methods, in which case skipping them completely
                # would not be desirable. Let's cross that bridge when we get there...
                if not transactional:
    
                    @classmethod
                    def setUpClass(cls) -> None:
                        super(django.test.TestCase, cls).setUpClass()
    
                    @classmethod
                    def tearDownClass(cls) -> None:
                        super(django.test.TestCase, cls).tearDownClass()
    
            PytestDjangoTestCase.setUpClass()
    
            test_case = PytestDjangoTestCase(methodName="__init__")
            test_case._pre_setup()
    
            yield
    
>           test_case._post_teardown()

.venv\Lib\site-packages\pytest_django\fixtures.py:296: 
_ _ _ _ _ _ _ _ _ _ _ _ _ _ _ _ _ _ _ _ _ _ _ _ _ _ _ _ _ _ _ _ _ _ _ _ _ _ _ _
.venv\Lib\site-packages\django\test\testcases.py:1227: in _post_teardown
    self._fixture_teardown()
.venv\Lib\site-packages\django\test\testcases.py:1262: in _fixture_teardown
    call_command(
.venv\Lib\site-packages\django\core\management\__init__.py:194: in call_command
    return command.execute(*args, **defaults)
           ^^^^^^^^^^^^^^^^^^^^^^^^^^^^^^^^^^
.venv\Lib\site-packages\django\core\management\base.py:460: in execute
    output = self.handle(*args, **options)
             ^^^^^^^^^^^^^^^^^^^^^^^^^^^^^
_ _ _ _ _ _ _ _ _ _ _ _ _ _ _ _ _ _ _ _ _ _ _ _ _ _ _ _ _ _ _ _ _ _ _ _ _ _ _ _

self = <django.core.management.commands.flush.Command object at 0x00000283449AE970>
options = {'allow_cascade': False, 'database': 'default', 'force_color': False, 'inhibit_post_migrate': False, ...}
database = 'default'
connection = <DatabaseWrapper vendor='postgresql' alias='default'>
verbosity = 0, interactive = False, reset_sequences = False
allow_cascade = False, inhibit_post_migrate = False

        def handle(self, **options):
            database = options["database"]
            connection = connections[database]
            verbosity = options["verbosity"]
            interactive = options["interactive"]
            # The following are stealth options used by Django's internals.
            reset_sequences = options.get("reset_sequences", True)
            allow_cascade = options.get("allow_cascade", False)
            inhibit_post_migrate = options.get("inhibit_post_migrate", False)
    
            self.style = no_style()
    
            # Import the 'management' module within each installed app, to register
            # dispatcher events.
            for app_config in apps.get_app_configs():
                try:
                    import_module(".management", app_config.name)
                except ImportError:
                    pass
    
            sql_list = sql_flush(
                self.style,
                connection,
                reset_sequences=reset_sequences,
                allow_cascade=allow_cascade,
            )
    
            if interactive:
                confirm = input(
                    """You have requested a flush of the database.
    This will IRREVERSIBLY DESTROY all data currently in the "%s" database,
    and return each table to an empty state.
    Are you sure you want to do this?
    
        Type 'yes' to continue, or 'no' to cancel: """
                    % connection.settings_dict["NAME"]
                )
            else:
                confirm = "yes"
    
            if confirm == "yes":
                try:
                    connection.ops.execute_sql_flush(sql_list)
                except Exception as exc:
>                   raise CommandError(
                        "Database %s couldn't be flushed. Possible reasons:\n"
                        "  * The database isn't running or isn't configured correctly.\n"
                        "  * At least one of the expected database tables doesn't exist.\n"
                        "  * The SQL was invalid.\n"
                        "Hint: Look at the output of 'django-admin sqlflush'. "
                        "That's the SQL this command wasn't able to run."
                        % (connection.settings_dict["NAME"],)
                    ) from exc
E                   django.core.management.base.CommandError: Database test_gpp_plataform couldn't be flushed. Possible reasons:
E                     * The database isn't running or isn't configured correctly.
E                     * At least one of the expected database tables doesn't exist.
E                     * The SQL was invalid.
E                   Hint: Look at the output of 'django-admin sqlflush'. That's the SQL this command wasn't able to run.

.venv\Lib\site-packages\django\core\management\commands\flush.py:76: CommandError
---------------------------- Captured stderr setup ----------------------------
2026-03-23 15:05:40,210 [WARNING] gpp.security:38 | APP_CONTEXT_NONE path=/api/accounts/login/ ù application could not be resolved, leaving as None
2026-03-23 15:05:40,531 [INFO] gpp.security:153 | LOGIN_SUCCESS user_id=176 username=gestor_test app_context=ACOES_PNGI session_key=nlyaq963eg5e99od22yqns0toqmn6f8b
----------------------------- Captured log setup ------------------------------
WARNING  gpp.security:application_context.py:38 APP_CONTEXT_NONE path=/api/accounts/login/ ù application could not be resolved, leaving as None
INFO     gpp.security:views.py:153 LOGIN_SUCCESS user_id=176 username=gestor_test app_context=ACOES_PNGI session_key=nlyaq963eg5e99od22yqns0toqmn6f8b
---------------------------- Captured stderr call -----------------------------
2026-03-23 15:05:40,534 [WARNING] gpp.security:38 | APP_CONTEXT_NONE path=/api/accounts/logout/ ù application could not be resolved, leaving as None
2026-03-23 15:05:40,536 [INFO] gpp.security:116 | ROLES_LOADED user_id=176 app=none roles=['GESTOR_PNGI'] is_admin=False
2026-03-23 15:05:40,537 [INFO] gpp.security:179 | LOGOUT user_id=176 session_key=nlyaq963eg5e99od22yqns0toqmn6f8b
------------------------------ Captured log call ------------------------------
WARNING  gpp.security:application_context.py:38 APP_CONTEXT_NONE path=/api/accounts/logout/ ù application could not be resolved, leaving as None
INFO     gpp.security:role_context.py:116 ROLES_LOADED user_id=176 app=none roles=['GESTOR_PNGI'] is_admin=False
INFO     gpp.security:views.py:179 LOGOUT user_id=176 session_key=nlyaq963eg5e99od22yqns0toqmn6f8b
_____ ERROR at teardown of TestLogout.test_logout_revoga_accounts_session _____

self = <django.db.backends.utils.CursorWrapper object at 0x00000283451EAE70>
sql = 'TRUNCATE "auth_group", "auth_user_user_permissions", "accounts_userrole", "tblusuario", "tbltipousuario", "accounts_a... "tblstatususuario", "auth_group_permissions", "tblaplicacao", "accounts_session", "auth_permission", "accounts_role";'
params = None
ignored_wrapper_args = (False, {'connection': <DatabaseWrapper vendor='postgresql' alias='default'>, 'cursor': <django.db.backends.utils.CursorWrapper object at 0x00000283451EAE70>})

    def _execute(self, sql, params, *ignored_wrapper_args):
        # Raise a warning during app initialization (stored_app_configs is only
        # ever set during testing).
        if not apps.ready and not apps.stored_app_configs:
            warnings.warn(self.APPS_NOT_READY_WARNING_MSG, category=RuntimeWarning)
        self.db.validate_no_broken_transaction()
        with self.db.wrap_database_errors:
            if params is None:
                # params default might be backend specific.
>               return self.cursor.execute(sql)
                       ^^^^^^^^^^^^^^^^^^^^^^^^

.venv\Lib\site-packages\django\db\backends\utils.py:103: 
_ _ _ _ _ _ _ _ _ _ _ _ _ _ _ _ _ _ _ _ _ _ _ _ _ _ _ _ _ _ _ _ _ _ _ _ _ _ _ _

self = <django.db.backends.postgresql.base.Cursor [closed] [IDLE] (host=localhost user=postgres database=test_gpp_plataform) at 0x28347227790>
query = 'TRUNCATE "auth_group", "auth_user_user_permissions", "accounts_userrole", "tblusuario", "tbltipousuario", "accounts_a... "tblstatususuario", "auth_group_permissions", "tblaplicacao", "accounts_session", "auth_permission", "accounts_role";'
params = None

    def execute(
        self,
        query: Query,
        params: Params | None = None,
        *,
        prepare: bool | None = None,
        binary: bool | None = None,
    ) -> Self:
        """
        Execute a query or command to the database.
        """
        try:
            with self._conn.lock:
                self._conn.wait(
                    self._execute_gen(query, params, prepare=prepare, binary=binary)
                )
        except e._NO_TRACEBACK as ex:
>           raise ex.with_traceback(None)
E           psycopg.errors.FeatureNotSupported: nÒo Ú possÝvel truncar uma tabela referenciada em uma restriþÒo de chave estrangeira
E           DETAIL:  Tabela "tblusuarioresponsavel" referencia "auth_user".
E           HINT:  Trunque a tabela "tblusuarioresponsavel" ao mesmo tempo, ou use TRUNCATE ... CASCADE.

.venv\Lib\site-packages\psycopg\cursor.py:117: FeatureNotSupported

The above exception was the direct cause of the following exception:

self = <django.core.management.commands.flush.Command object at 0x0000028344B0D1D0>
options = {'allow_cascade': False, 'database': 'default', 'force_color': False, 'inhibit_post_migrate': False, ...}
database = 'default'
connection = <DatabaseWrapper vendor='postgresql' alias='default'>
verbosity = 0, interactive = False, reset_sequences = False
allow_cascade = False, inhibit_post_migrate = False

        def handle(self, **options):
            database = options["database"]
            connection = connections[database]
            verbosity = options["verbosity"]
            interactive = options["interactive"]
            # The following are stealth options used by Django's internals.
            reset_sequences = options.get("reset_sequences", True)
            allow_cascade = options.get("allow_cascade", False)
            inhibit_post_migrate = options.get("inhibit_post_migrate", False)
    
            self.style = no_style()
    
            # Import the 'management' module within each installed app, to register
            # dispatcher events.
            for app_config in apps.get_app_configs():
                try:
                    import_module(".management", app_config.name)
                except ImportError:
                    pass
    
            sql_list = sql_flush(
                self.style,
                connection,
                reset_sequences=reset_sequences,
                allow_cascade=allow_cascade,
            )
    
            if interactive:
                confirm = input(
                    """You have requested a flush of the database.
    This will IRREVERSIBLY DESTROY all data currently in the "%s" database,
    and return each table to an empty state.
    Are you sure you want to do this?
    
        Type 'yes' to continue, or 'no' to cancel: """
                    % connection.settings_dict["NAME"]
                )
            else:
                confirm = "yes"
    
            if confirm == "yes":
                try:
>                   connection.ops.execute_sql_flush(sql_list)

.venv\Lib\site-packages\django\core\management\commands\flush.py:74: 
_ _ _ _ _ _ _ _ _ _ _ _ _ _ _ _ _ _ _ _ _ _ _ _ _ _ _ _ _ _ _ _ _ _ _ _ _ _ _ _
.venv\Lib\site-packages\django\db\backends\base\operations.py:473: in execute_sql_flush
    cursor.execute(sql)
.venv\Lib\site-packages\django\db\backends\utils.py:79: in execute
    return self._execute_with_wrappers(
.venv\Lib\site-packages\django\db\backends\utils.py:92: in _execute_with_wrappers
    return executor(sql, params, many, context)
           ^^^^^^^^^^^^^^^^^^^^^^^^^^^^^^^^^^^^
.venv\Lib\site-packages\django\db\backends\utils.py:100: in _execute
    with self.db.wrap_database_errors:
         ^^^^^^^^^^^^^^^^^^^^^^^^^^^^
.venv\Lib\site-packages\django\db\utils.py:91: in __exit__
    raise dj_exc_value.with_traceback(traceback) from exc_value
.venv\Lib\site-packages\django\db\backends\utils.py:103: in _execute
    return self.cursor.execute(sql)
           ^^^^^^^^^^^^^^^^^^^^^^^^
_ _ _ _ _ _ _ _ _ _ _ _ _ _ _ _ _ _ _ _ _ _ _ _ _ _ _ _ _ _ _ _ _ _ _ _ _ _ _ _

self = <django.db.backends.postgresql.base.Cursor [closed] [IDLE] (host=localhost user=postgres database=test_gpp_plataform) at 0x28347227790>
query = 'TRUNCATE "auth_group", "auth_user_user_permissions", "accounts_userrole", "tblusuario", "tbltipousuario", "accounts_a... "tblstatususuario", "auth_group_permissions", "tblaplicacao", "accounts_session", "auth_permission", "accounts_role";'
params = None

    def execute(
        self,
        query: Query,
        params: Params | None = None,
        *,
        prepare: bool | None = None,
        binary: bool | None = None,
    ) -> Self:
        """
        Execute a query or command to the database.
        """
        try:
            with self._conn.lock:
                self._conn.wait(
                    self._execute_gen(query, params, prepare=prepare, binary=binary)
                )
        except e._NO_TRACEBACK as ex:
>           raise ex.with_traceback(None)
E           django.db.utils.NotSupportedError: nÒo Ú possÝvel truncar uma tabela referenciada em uma restriþÒo de chave estrangeira
E           DETAIL:  Tabela "tblusuarioresponsavel" referencia "auth_user".
E           HINT:  Trunque a tabela "tblusuarioresponsavel" ao mesmo tempo, ou use TRUNCATE ... CASCADE.

.venv\Lib\site-packages\psycopg\cursor.py:117: NotSupportedError

The above exception was the direct cause of the following exception:

request = <SubRequest '_django_db_helper' for <Function test_logout_revoga_accounts_session>>
django_db_setup = None
django_db_blocker = <pytest_django.plugin.DjangoDbBlocker object at 0x0000028342085FD0>

    @pytest.fixture
    def _django_db_helper(
        request: pytest.FixtureRequest,
        django_db_setup: None,  # noqa: ARG001
        django_db_blocker: DjangoDbBlocker,
    ) -> Generator[None, None, None]:
        if is_django_unittest(request):
            yield
            return
    
        marker = request.node.get_closest_marker("django_db")
        if marker:
            (
                transactional,
                reset_sequences,
                databases,
                serialized_rollback,
                available_apps,
            ) = validate_django_db(marker)
        else:
            (
                transactional,
                reset_sequences,
                databases,
                serialized_rollback,
                available_apps,
            ) = False, False, None, False, None
    
        transactional = (
            transactional
            or reset_sequences
            or ("transactional_db" in request.fixturenames or "live_server" in request.fixturenames)
        )
        reset_sequences = reset_sequences or ("django_db_reset_sequences" in request.fixturenames)
        serialized_rollback = serialized_rollback or (
            "django_db_serialized_rollback" in request.fixturenames
        )
    
        with django_db_blocker.unblock():
            import django.db
            import django.test
    
            if transactional:
                test_case_class = django.test.TransactionTestCase
            else:
                test_case_class = django.test.TestCase
    
            _reset_sequences = reset_sequences
            _serialized_rollback = serialized_rollback
            _databases = databases
            _available_apps = available_apps
    
            class PytestDjangoTestCase(test_case_class):  # type: ignore[misc,valid-type]
                reset_sequences = _reset_sequences
                serialized_rollback = _serialized_rollback
                if _databases is not None:
                    databases = _databases
                if _available_apps is not None:
                    available_apps = _available_apps
    
                # For non-transactional tests, skip executing `django.test.TestCase`'s
                # `setUpClass`/`tearDownClass`, only execute the super class ones.
                #
                # `TestCase`'s class setup manages the `setUpTestData`/class-level
                # transaction functionality. We don't use it; instead we (will) offer
                # our own alternatives. So it only adds overhead, and does some things
                # which conflict with our (planned) functionality, particularly, it
                # closes all database connections in `tearDownClass` which inhibits
                # wrapping tests in higher-scoped transactions.
                #
                # It's possible a new version of Django will add some unrelated
                # functionality to these methods, in which case skipping them completely
                # would not be desirable. Let's cross that bridge when we get there...
                if not transactional:
    
                    @classmethod
                    def setUpClass(cls) -> None:
                        super(django.test.TestCase, cls).setUpClass()
    
                    @classmethod
                    def tearDownClass(cls) -> None:
                        super(django.test.TestCase, cls).tearDownClass()
    
            PytestDjangoTestCase.setUpClass()
    
            test_case = PytestDjangoTestCase(methodName="__init__")
            test_case._pre_setup()
    
            yield
    
>           test_case._post_teardown()

.venv\Lib\site-packages\pytest_django\fixtures.py:296: 
_ _ _ _ _ _ _ _ _ _ _ _ _ _ _ _ _ _ _ _ _ _ _ _ _ _ _ _ _ _ _ _ _ _ _ _ _ _ _ _
.venv\Lib\site-packages\django\test\testcases.py:1227: in _post_teardown
    self._fixture_teardown()
.venv\Lib\site-packages\django\test\testcases.py:1262: in _fixture_teardown
    call_command(
.venv\Lib\site-packages\django\core\management\__init__.py:194: in call_command
    return command.execute(*args, **defaults)
           ^^^^^^^^^^^^^^^^^^^^^^^^^^^^^^^^^^
.venv\Lib\site-packages\django\core\management\base.py:460: in execute
    output = self.handle(*args, **options)
             ^^^^^^^^^^^^^^^^^^^^^^^^^^^^^
_ _ _ _ _ _ _ _ _ _ _ _ _ _ _ _ _ _ _ _ _ _ _ _ _ _ _ _ _ _ _ _ _ _ _ _ _ _ _ _

self = <django.core.management.commands.flush.Command object at 0x0000028344B0D1D0>
options = {'allow_cascade': False, 'database': 'default', 'force_color': False, 'inhibit_post_migrate': False, ...}
database = 'default'
connection = <DatabaseWrapper vendor='postgresql' alias='default'>
verbosity = 0, interactive = False, reset_sequences = False
allow_cascade = False, inhibit_post_migrate = False

        def handle(self, **options):
            database = options["database"]
            connection = connections[database]
            verbosity = options["verbosity"]
            interactive = options["interactive"]
            # The following are stealth options used by Django's internals.
            reset_sequences = options.get("reset_sequences", True)
            allow_cascade = options.get("allow_cascade", False)
            inhibit_post_migrate = options.get("inhibit_post_migrate", False)
    
            self.style = no_style()
    
            # Import the 'management' module within each installed app, to register
            # dispatcher events.
            for app_config in apps.get_app_configs():
                try:
                    import_module(".management", app_config.name)
                except ImportError:
                    pass
    
            sql_list = sql_flush(
                self.style,
                connection,
                reset_sequences=reset_sequences,
                allow_cascade=allow_cascade,
            )
    
            if interactive:
                confirm = input(
                    """You have requested a flush of the database.
    This will IRREVERSIBLY DESTROY all data currently in the "%s" database,
    and return each table to an empty state.
    Are you sure you want to do this?
    
        Type 'yes' to continue, or 'no' to cancel: """
                    % connection.settings_dict["NAME"]
                )
            else:
                confirm = "yes"
    
            if confirm == "yes":
                try:
                    connection.ops.execute_sql_flush(sql_list)
                except Exception as exc:
>                   raise CommandError(
                        "Database %s couldn't be flushed. Possible reasons:\n"
                        "  * The database isn't running or isn't configured correctly.\n"
                        "  * At least one of the expected database tables doesn't exist.\n"
                        "  * The SQL was invalid.\n"
                        "Hint: Look at the output of 'django-admin sqlflush'. "
                        "That's the SQL this command wasn't able to run."
                        % (connection.settings_dict["NAME"],)
                    ) from exc
E                   django.core.management.base.CommandError: Database test_gpp_plataform couldn't be flushed. Possible reasons:
E                     * The database isn't running or isn't configured correctly.
E                     * At least one of the expected database tables doesn't exist.
E                     * The SQL was invalid.
E                   Hint: Look at the output of 'django-admin sqlflush'. That's the SQL this command wasn't able to run.

.venv\Lib\site-packages\django\core\management\commands\flush.py:76: CommandError
---------------------------- Captured stderr setup ----------------------------
2026-03-23 15:05:40,932 [WARNING] gpp.security:38 | APP_CONTEXT_NONE path=/api/accounts/login/ ù application could not be resolved, leaving as None
2026-03-23 15:05:41,256 [INFO] gpp.security:153 | LOGIN_SUCCESS user_id=176 username=gestor_test app_context=ACOES_PNGI session_key=idhbc1i9ur072rb2meobupmc4gknsdn9
----------------------------- Captured log setup ------------------------------
WARNING  gpp.security:application_context.py:38 APP_CONTEXT_NONE path=/api/accounts/login/ ù application could not be resolved, leaving as None
INFO     gpp.security:views.py:153 LOGIN_SUCCESS user_id=176 username=gestor_test app_context=ACOES_PNGI session_key=idhbc1i9ur072rb2meobupmc4gknsdn9
---------------------------- Captured stderr call -----------------------------
2026-03-23 15:05:41,260 [WARNING] gpp.security:38 | APP_CONTEXT_NONE path=/api/accounts/logout/ ù application could not be resolved, leaving as None
2026-03-23 15:05:41,261 [INFO] gpp.security:179 | LOGOUT user_id=176 session_key=idhbc1i9ur072rb2meobupmc4gknsdn9
------------------------------ Captured log call ------------------------------
WARNING  gpp.security:application_context.py:38 APP_CONTEXT_NONE path=/api/accounts/logout/ ù application could not be resolved, leaving as None
INFO     gpp.security:views.py:179 LOGOUT user_id=176 session_key=idhbc1i9ur072rb2meobupmc4gknsdn9
_ ERROR at teardown of TestLogout.test_logout_sem_autenticacao_retorna_401_ou_403 _

self = <django.db.backends.utils.CursorWrapper object at 0x000002834506D9D0>
sql = 'TRUNCATE "auth_group", "auth_user_user_permissions", "accounts_userrole", "tblusuario", "tbltipousuario", "accounts_a... "tblstatususuario", "auth_group_permissions", "tblaplicacao", "accounts_session", "auth_permission", "accounts_role";'
params = None
ignored_wrapper_args = (False, {'connection': <DatabaseWrapper vendor='postgresql' alias='default'>, 'cursor': <django.db.backends.utils.CursorWrapper object at 0x000002834506D9D0>})

    def _execute(self, sql, params, *ignored_wrapper_args):
        # Raise a warning during app initialization (stored_app_configs is only
        # ever set during testing).
        if not apps.ready and not apps.stored_app_configs:
            warnings.warn(self.APPS_NOT_READY_WARNING_MSG, category=RuntimeWarning)
        self.db.validate_no_broken_transaction()
        with self.db.wrap_database_errors:
            if params is None:
                # params default might be backend specific.
>               return self.cursor.execute(sql)
                       ^^^^^^^^^^^^^^^^^^^^^^^^

.venv\Lib\site-packages\django\db\backends\utils.py:103: 
_ _ _ _ _ _ _ _ _ _ _ _ _ _ _ _ _ _ _ _ _ _ _ _ _ _ _ _ _ _ _ _ _ _ _ _ _ _ _ _

self = <django.db.backends.postgresql.base.Cursor [closed] [IDLE] (host=localhost user=postgres database=test_gpp_plataform) at 0x283443ee680>
query = 'TRUNCATE "auth_group", "auth_user_user_permissions", "accounts_userrole", "tblusuario", "tbltipousuario", "accounts_a... "tblstatususuario", "auth_group_permissions", "tblaplicacao", "accounts_session", "auth_permission", "accounts_role";'
params = None

    def execute(
        self,
        query: Query,
        params: Params | None = None,
        *,
        prepare: bool | None = None,
        binary: bool | None = None,
    ) -> Self:
        """
        Execute a query or command to the database.
        """
        try:
            with self._conn.lock:
                self._conn.wait(
                    self._execute_gen(query, params, prepare=prepare, binary=binary)
                )
        except e._NO_TRACEBACK as ex:
>           raise ex.with_traceback(None)
E           psycopg.errors.FeatureNotSupported: nÒo Ú possÝvel truncar uma tabela referenciada em uma restriþÒo de chave estrangeira
E           DETAIL:  Tabela "tblusuarioresponsavel" referencia "auth_user".
E           HINT:  Trunque a tabela "tblusuarioresponsavel" ao mesmo tempo, ou use TRUNCATE ... CASCADE.

.venv\Lib\site-packages\psycopg\cursor.py:117: FeatureNotSupported

The above exception was the direct cause of the following exception:

self = <django.core.management.commands.flush.Command object at 0x00000283443EDF30>
options = {'allow_cascade': False, 'database': 'default', 'force_color': False, 'inhibit_post_migrate': False, ...}
database = 'default'
connection = <DatabaseWrapper vendor='postgresql' alias='default'>
verbosity = 0, interactive = False, reset_sequences = False
allow_cascade = False, inhibit_post_migrate = False

        def handle(self, **options):
            database = options["database"]
            connection = connections[database]
            verbosity = options["verbosity"]
            interactive = options["interactive"]
            # The following are stealth options used by Django's internals.
            reset_sequences = options.get("reset_sequences", True)
            allow_cascade = options.get("allow_cascade", False)
            inhibit_post_migrate = options.get("inhibit_post_migrate", False)
    
            self.style = no_style()
    
            # Import the 'management' module within each installed app, to register
            # dispatcher events.
            for app_config in apps.get_app_configs():
                try:
                    import_module(".management", app_config.name)
                except ImportError:
                    pass
    
            sql_list = sql_flush(
                self.style,
                connection,
                reset_sequences=reset_sequences,
                allow_cascade=allow_cascade,
            )
    
            if interactive:
                confirm = input(
                    """You have requested a flush of the database.
    This will IRREVERSIBLY DESTROY all data currently in the "%s" database,
    and return each table to an empty state.
    Are you sure you want to do this?
    
        Type 'yes' to continue, or 'no' to cancel: """
                    % connection.settings_dict["NAME"]
                )
            else:
                confirm = "yes"
    
            if confirm == "yes":
                try:
>                   connection.ops.execute_sql_flush(sql_list)

.venv\Lib\site-packages\django\core\management\commands\flush.py:74: 
_ _ _ _ _ _ _ _ _ _ _ _ _ _ _ _ _ _ _ _ _ _ _ _ _ _ _ _ _ _ _ _ _ _ _ _ _ _ _ _
.venv\Lib\site-packages\django\db\backends\base\operations.py:473: in execute_sql_flush
    cursor.execute(sql)
.venv\Lib\site-packages\django\db\backends\utils.py:79: in execute
    return self._execute_with_wrappers(
.venv\Lib\site-packages\django\db\backends\utils.py:92: in _execute_with_wrappers
    return executor(sql, params, many, context)
           ^^^^^^^^^^^^^^^^^^^^^^^^^^^^^^^^^^^^
.venv\Lib\site-packages\django\db\backends\utils.py:100: in _execute
    with self.db.wrap_database_errors:
         ^^^^^^^^^^^^^^^^^^^^^^^^^^^^
.venv\Lib\site-packages\django\db\utils.py:91: in __exit__
    raise dj_exc_value.with_traceback(traceback) from exc_value
.venv\Lib\site-packages\django\db\backends\utils.py:103: in _execute
    return self.cursor.execute(sql)
           ^^^^^^^^^^^^^^^^^^^^^^^^
_ _ _ _ _ _ _ _ _ _ _ _ _ _ _ _ _ _ _ _ _ _ _ _ _ _ _ _ _ _ _ _ _ _ _ _ _ _ _ _

self = <django.db.backends.postgresql.base.Cursor [closed] [IDLE] (host=localhost user=postgres database=test_gpp_plataform) at 0x283443ee680>
query = 'TRUNCATE "auth_group", "auth_user_user_permissions", "accounts_userrole", "tblusuario", "tbltipousuario", "accounts_a... "tblstatususuario", "auth_group_permissions", "tblaplicacao", "accounts_session", "auth_permission", "accounts_role";'
params = None

    def execute(
        self,
        query: Query,
        params: Params | None = None,
        *,
        prepare: bool | None = None,
        binary: bool | None = None,
    ) -> Self:
        """
        Execute a query or command to the database.
        """
        try:
            with self._conn.lock:
                self._conn.wait(
                    self._execute_gen(query, params, prepare=prepare, binary=binary)
                )
        except e._NO_TRACEBACK as ex:
>           raise ex.with_traceback(None)
E           django.db.utils.NotSupportedError: nÒo Ú possÝvel truncar uma tabela referenciada em uma restriþÒo de chave estrangeira
E           DETAIL:  Tabela "tblusuarioresponsavel" referencia "auth_user".
E           HINT:  Trunque a tabela "tblusuarioresponsavel" ao mesmo tempo, ou use TRUNCATE ... CASCADE.

.venv\Lib\site-packages\psycopg\cursor.py:117: NotSupportedError

The above exception was the direct cause of the following exception:

request = <SubRequest '_django_db_helper' for <Function test_logout_sem_autenticacao_retorna_401_ou_403>>
django_db_setup = None
django_db_blocker = <pytest_django.plugin.DjangoDbBlocker object at 0x0000028342085FD0>

    @pytest.fixture
    def _django_db_helper(
        request: pytest.FixtureRequest,
        django_db_setup: None,  # noqa: ARG001
        django_db_blocker: DjangoDbBlocker,
    ) -> Generator[None, None, None]:
        if is_django_unittest(request):
            yield
            return
    
        marker = request.node.get_closest_marker("django_db")
        if marker:
            (
                transactional,
                reset_sequences,
                databases,
                serialized_rollback,
                available_apps,
            ) = validate_django_db(marker)
        else:
            (
                transactional,
                reset_sequences,
                databases,
                serialized_rollback,
                available_apps,
            ) = False, False, None, False, None
    
        transactional = (
            transactional
            or reset_sequences
            or ("transactional_db" in request.fixturenames or "live_server" in request.fixturenames)
        )
        reset_sequences = reset_sequences or ("django_db_reset_sequences" in request.fixturenames)
        serialized_rollback = serialized_rollback or (
            "django_db_serialized_rollback" in request.fixturenames
        )
    
        with django_db_blocker.unblock():
            import django.db
            import django.test
    
            if transactional:
                test_case_class = django.test.TransactionTestCase
            else:
                test_case_class = django.test.TestCase
    
            _reset_sequences = reset_sequences
            _serialized_rollback = serialized_rollback
            _databases = databases
            _available_apps = available_apps
    
            class PytestDjangoTestCase(test_case_class):  # type: ignore[misc,valid-type]
                reset_sequences = _reset_sequences
                serialized_rollback = _serialized_rollback
                if _databases is not None:
                    databases = _databases
                if _available_apps is not None:
                    available_apps = _available_apps
    
                # For non-transactional tests, skip executing `django.test.TestCase`'s
                # `setUpClass`/`tearDownClass`, only execute the super class ones.
                #
                # `TestCase`'s class setup manages the `setUpTestData`/class-level
                # transaction functionality. We don't use it; instead we (will) offer
                # our own alternatives. So it only adds overhead, and does some things
                # which conflict with our (planned) functionality, particularly, it
                # closes all database connections in `tearDownClass` which inhibits
                # wrapping tests in higher-scoped transactions.
                #
                # It's possible a new version of Django will add some unrelated
                # functionality to these methods, in which case skipping them completely
                # would not be desirable. Let's cross that bridge when we get there...
                if not transactional:
    
                    @classmethod
                    def setUpClass(cls) -> None:
                        super(django.test.TestCase, cls).setUpClass()
    
                    @classmethod
                    def tearDownClass(cls) -> None:
                        super(django.test.TestCase, cls).tearDownClass()
    
            PytestDjangoTestCase.setUpClass()
    
            test_case = PytestDjangoTestCase(methodName="__init__")
            test_case._pre_setup()
    
            yield
    
>           test_case._post_teardown()

.venv\Lib\site-packages\pytest_django\fixtures.py:296: 
_ _ _ _ _ _ _ _ _ _ _ _ _ _ _ _ _ _ _ _ _ _ _ _ _ _ _ _ _ _ _ _ _ _ _ _ _ _ _ _
.venv\Lib\site-packages\django\test\testcases.py:1227: in _post_teardown
    self._fixture_teardown()
.venv\Lib\site-packages\django\test\testcases.py:1262: in _fixture_teardown
    call_command(
.venv\Lib\site-packages\django\core\management\__init__.py:194: in call_command
    return command.execute(*args, **defaults)
           ^^^^^^^^^^^^^^^^^^^^^^^^^^^^^^^^^^
.venv\Lib\site-packages\django\core\management\base.py:460: in execute
    output = self.handle(*args, **options)
             ^^^^^^^^^^^^^^^^^^^^^^^^^^^^^
_ _ _ _ _ _ _ _ _ _ _ _ _ _ _ _ _ _ _ _ _ _ _ _ _ _ _ _ _ _ _ _ _ _ _ _ _ _ _ _

self = <django.core.management.commands.flush.Command object at 0x00000283443EDF30>
options = {'allow_cascade': False, 'database': 'default', 'force_color': False, 'inhibit_post_migrate': False, ...}
database = 'default'
connection = <DatabaseWrapper vendor='postgresql' alias='default'>
verbosity = 0, interactive = False, reset_sequences = False
allow_cascade = False, inhibit_post_migrate = False

        def handle(self, **options):
            database = options["database"]
            connection = connections[database]
            verbosity = options["verbosity"]
            interactive = options["interactive"]
            # The following are stealth options used by Django's internals.
            reset_sequences = options.get("reset_sequences", True)
            allow_cascade = options.get("allow_cascade", False)
            inhibit_post_migrate = options.get("inhibit_post_migrate", False)
    
            self.style = no_style()
    
            # Import the 'management' module within each installed app, to register
            # dispatcher events.
            for app_config in apps.get_app_configs():
                try:
                    import_module(".management", app_config.name)
                except ImportError:
                    pass
    
            sql_list = sql_flush(
                self.style,
                connection,
                reset_sequences=reset_sequences,
                allow_cascade=allow_cascade,
            )
    
            if interactive:
                confirm = input(
                    """You have requested a flush of the database.
    This will IRREVERSIBLY DESTROY all data currently in the "%s" database,
    and return each table to an empty state.
    Are you sure you want to do this?
    
        Type 'yes' to continue, or 'no' to cancel: """
                    % connection.settings_dict["NAME"]
                )
            else:
                confirm = "yes"
    
            if confirm == "yes":
                try:
                    connection.ops.execute_sql_flush(sql_list)
                except Exception as exc:
>                   raise CommandError(
                        "Database %s couldn't be flushed. Possible reasons:\n"
                        "  * The database isn't running or isn't configured correctly.\n"
                        "  * At least one of the expected database tables doesn't exist.\n"
                        "  * The SQL was invalid.\n"
                        "Hint: Look at the output of 'django-admin sqlflush'. "
                        "That's the SQL this command wasn't able to run."
                        % (connection.settings_dict["NAME"],)
                    ) from exc
E                   django.core.management.base.CommandError: Database test_gpp_plataform couldn't be flushed. Possible reasons:
E                     * The database isn't running or isn't configured correctly.
E                     * At least one of the expected database tables doesn't exist.
E                     * The SQL was invalid.
E                   Hint: Look at the output of 'django-admin sqlflush'. That's the SQL this command wasn't able to run.

.venv\Lib\site-packages\django\core\management\commands\flush.py:76: CommandError
---------------------------- Captured stderr call -----------------------------
2026-03-23 15:05:41,364 [WARNING] gpp.security:38 | APP_CONTEXT_NONE path=/api/accounts/logout/ ù application could not be resolved, leaving as None
2026-03-23 15:05:41,364 [WARNING] gpp.security:31 | 401_UNAUTHORIZED user_id=None path=/api/accounts/logout/
2026-03-23 15:05:41,365 [WARNING] django.request:248 | Forbidden: /api/accounts/logout/
------------------------------ Captured log call ------------------------------
WARNING  gpp.security:application_context.py:38 APP_CONTEXT_NONE path=/api/accounts/logout/ ù application could not be resolved, leaving as None
WARNING  gpp.security:exceptions.py:31 401_UNAUTHORIZED user_id=None path=/api/accounts/logout/
WARNING  django.request:log.py:248 Forbidden: /api/accounts/logout/
____ ERROR at teardown of TestSwitchApp.test_switch_app_cria_nova_session _____

self = <django.db.backends.utils.CursorWrapper object at 0x000002834509C3B0>
sql = 'TRUNCATE "auth_group", "auth_user_user_permissions", "accounts_userrole", "tblusuario", "tbltipousuario", "accounts_a... "tblstatususuario", "auth_group_permissions", "tblaplicacao", "accounts_session", "auth_permission", "accounts_role";'
params = None
ignored_wrapper_args = (False, {'connection': <DatabaseWrapper vendor='postgresql' alias='default'>, 'cursor': <django.db.backends.utils.CursorWrapper object at 0x000002834509C3B0>})

    def _execute(self, sql, params, *ignored_wrapper_args):
        # Raise a warning during app initialization (stored_app_configs is only
        # ever set during testing).
        if not apps.ready and not apps.stored_app_configs:
            warnings.warn(self.APPS_NOT_READY_WARNING_MSG, category=RuntimeWarning)
        self.db.validate_no_broken_transaction()
        with self.db.wrap_database_errors:
            if params is None:
                # params default might be backend specific.
>               return self.cursor.execute(sql)
                       ^^^^^^^^^^^^^^^^^^^^^^^^

.venv\Lib\site-packages\django\db\backends\utils.py:103: 
_ _ _ _ _ _ _ _ _ _ _ _ _ _ _ _ _ _ _ _ _ _ _ _ _ _ _ _ _ _ _ _ _ _ _ _ _ _ _ _

self = <django.db.backends.postgresql.base.Cursor [closed] [IDLE] (host=localhost user=postgres database=test_gpp_plataform) at 0x2834720c7a0>
query = 'TRUNCATE "auth_group", "auth_user_user_permissions", "accounts_userrole", "tblusuario", "tbltipousuario", "accounts_a... "tblstatususuario", "auth_group_permissions", "tblaplicacao", "accounts_session", "auth_permission", "accounts_role";'
params = None

    def execute(
        self,
        query: Query,
        params: Params | None = None,
        *,
        prepare: bool | None = None,
        binary: bool | None = None,
    ) -> Self:
        """
        Execute a query or command to the database.
        """
        try:
            with self._conn.lock:
                self._conn.wait(
                    self._execute_gen(query, params, prepare=prepare, binary=binary)
                )
        except e._NO_TRACEBACK as ex:
>           raise ex.with_traceback(None)
E           psycopg.errors.FeatureNotSupported: nÒo Ú possÝvel truncar uma tabela referenciada em uma restriþÒo de chave estrangeira
E           DETAIL:  Tabela "tblusuarioresponsavel" referencia "auth_user".
E           HINT:  Trunque a tabela "tblusuarioresponsavel" ao mesmo tempo, ou use TRUNCATE ... CASCADE.

.venv\Lib\site-packages\psycopg\cursor.py:117: FeatureNotSupported

The above exception was the direct cause of the following exception:

self = <django.core.management.commands.flush.Command object at 0x0000028344CE6D50>
options = {'allow_cascade': False, 'database': 'default', 'force_color': False, 'inhibit_post_migrate': False, ...}
database = 'default'
connection = <DatabaseWrapper vendor='postgresql' alias='default'>
verbosity = 0, interactive = False, reset_sequences = False
allow_cascade = False, inhibit_post_migrate = False

        def handle(self, **options):
            database = options["database"]
            connection = connections[database]
            verbosity = options["verbosity"]
            interactive = options["interactive"]
            # The following are stealth options used by Django's internals.
            reset_sequences = options.get("reset_sequences", True)
            allow_cascade = options.get("allow_cascade", False)
            inhibit_post_migrate = options.get("inhibit_post_migrate", False)
    
            self.style = no_style()
    
            # Import the 'management' module within each installed app, to register
            # dispatcher events.
            for app_config in apps.get_app_configs():
                try:
                    import_module(".management", app_config.name)
                except ImportError:
                    pass
    
            sql_list = sql_flush(
                self.style,
                connection,
                reset_sequences=reset_sequences,
                allow_cascade=allow_cascade,
            )
    
            if interactive:
                confirm = input(
                    """You have requested a flush of the database.
    This will IRREVERSIBLY DESTROY all data currently in the "%s" database,
    and return each table to an empty state.
    Are you sure you want to do this?
    
        Type 'yes' to continue, or 'no' to cancel: """
                    % connection.settings_dict["NAME"]
                )
            else:
                confirm = "yes"
    
            if confirm == "yes":
                try:
>                   connection.ops.execute_sql_flush(sql_list)

.venv\Lib\site-packages\django\core\management\commands\flush.py:74: 
_ _ _ _ _ _ _ _ _ _ _ _ _ _ _ _ _ _ _ _ _ _ _ _ _ _ _ _ _ _ _ _ _ _ _ _ _ _ _ _
.venv\Lib\site-packages\django\db\backends\base\operations.py:473: in execute_sql_flush
    cursor.execute(sql)
.venv\Lib\site-packages\django\db\backends\utils.py:79: in execute
    return self._execute_with_wrappers(
.venv\Lib\site-packages\django\db\backends\utils.py:92: in _execute_with_wrappers
    return executor(sql, params, many, context)
           ^^^^^^^^^^^^^^^^^^^^^^^^^^^^^^^^^^^^
.venv\Lib\site-packages\django\db\backends\utils.py:100: in _execute
    with self.db.wrap_database_errors:
         ^^^^^^^^^^^^^^^^^^^^^^^^^^^^
.venv\Lib\site-packages\django\db\utils.py:91: in __exit__
    raise dj_exc_value.with_traceback(traceback) from exc_value
.venv\Lib\site-packages\django\db\backends\utils.py:103: in _execute
    return self.cursor.execute(sql)
           ^^^^^^^^^^^^^^^^^^^^^^^^
_ _ _ _ _ _ _ _ _ _ _ _ _ _ _ _ _ _ _ _ _ _ _ _ _ _ _ _ _ _ _ _ _ _ _ _ _ _ _ _

self = <django.db.backends.postgresql.base.Cursor [closed] [IDLE] (host=localhost user=postgres database=test_gpp_plataform) at 0x2834720c7a0>
query = 'TRUNCATE "auth_group", "auth_user_user_permissions", "accounts_userrole", "tblusuario", "tbltipousuario", "accounts_a... "tblstatususuario", "auth_group_permissions", "tblaplicacao", "accounts_session", "auth_permission", "accounts_role";'
params = None

    def execute(
        self,
        query: Query,
        params: Params | None = None,
        *,
        prepare: bool | None = None,
        binary: bool | None = None,
    ) -> Self:
        """
        Execute a query or command to the database.
        """
        try:
            with self._conn.lock:
                self._conn.wait(
                    self._execute_gen(query, params, prepare=prepare, binary=binary)
                )
        except e._NO_TRACEBACK as ex:
>           raise ex.with_traceback(None)
E           django.db.utils.NotSupportedError: nÒo Ú possÝvel truncar uma tabela referenciada em uma restriþÒo de chave estrangeira
E           DETAIL:  Tabela "tblusuarioresponsavel" referencia "auth_user".
E           HINT:  Trunque a tabela "tblusuarioresponsavel" ao mesmo tempo, ou use TRUNCATE ... CASCADE.

.venv\Lib\site-packages\psycopg\cursor.py:117: NotSupportedError

The above exception was the direct cause of the following exception:

request = <SubRequest '_django_db_helper' for <Function test_switch_app_cria_nova_session>>
django_db_setup = None
django_db_blocker = <pytest_django.plugin.DjangoDbBlocker object at 0x0000028342085FD0>

    @pytest.fixture
    def _django_db_helper(
        request: pytest.FixtureRequest,
        django_db_setup: None,  # noqa: ARG001
        django_db_blocker: DjangoDbBlocker,
    ) -> Generator[None, None, None]:
        if is_django_unittest(request):
            yield
            return
    
        marker = request.node.get_closest_marker("django_db")
        if marker:
            (
                transactional,
                reset_sequences,
                databases,
                serialized_rollback,
                available_apps,
            ) = validate_django_db(marker)
        else:
            (
                transactional,
                reset_sequences,
                databases,
                serialized_rollback,
                available_apps,
            ) = False, False, None, False, None
    
        transactional = (
            transactional
            or reset_sequences
            or ("transactional_db" in request.fixturenames or "live_server" in request.fixturenames)
        )
        reset_sequences = reset_sequences or ("django_db_reset_sequences" in request.fixturenames)
        serialized_rollback = serialized_rollback or (
            "django_db_serialized_rollback" in request.fixturenames
        )
    
        with django_db_blocker.unblock():
            import django.db
            import django.test
    
            if transactional:
                test_case_class = django.test.TransactionTestCase
            else:
                test_case_class = django.test.TestCase
    
            _reset_sequences = reset_sequences
            _serialized_rollback = serialized_rollback
            _databases = databases
            _available_apps = available_apps
    
            class PytestDjangoTestCase(test_case_class):  # type: ignore[misc,valid-type]
                reset_sequences = _reset_sequences
                serialized_rollback = _serialized_rollback
                if _databases is not None:
                    databases = _databases
                if _available_apps is not None:
                    available_apps = _available_apps
    
                # For non-transactional tests, skip executing `django.test.TestCase`'s
                # `setUpClass`/`tearDownClass`, only execute the super class ones.
                #
                # `TestCase`'s class setup manages the `setUpTestData`/class-level
                # transaction functionality. We don't use it; instead we (will) offer
                # our own alternatives. So it only adds overhead, and does some things
                # which conflict with our (planned) functionality, particularly, it
                # closes all database connections in `tearDownClass` which inhibits
                # wrapping tests in higher-scoped transactions.
                #
                # It's possible a new version of Django will add some unrelated
                # functionality to these methods, in which case skipping them completely
                # would not be desirable. Let's cross that bridge when we get there...
                if not transactional:
    
                    @classmethod
                    def setUpClass(cls) -> None:
                        super(django.test.TestCase, cls).setUpClass()
    
                    @classmethod
                    def tearDownClass(cls) -> None:
                        super(django.test.TestCase, cls).tearDownClass()
    
            PytestDjangoTestCase.setUpClass()
    
            test_case = PytestDjangoTestCase(methodName="__init__")
            test_case._pre_setup()
    
            yield
    
>           test_case._post_teardown()

.venv\Lib\site-packages\pytest_django\fixtures.py:296: 
_ _ _ _ _ _ _ _ _ _ _ _ _ _ _ _ _ _ _ _ _ _ _ _ _ _ _ _ _ _ _ _ _ _ _ _ _ _ _ _
.venv\Lib\site-packages\django\test\testcases.py:1227: in _post_teardown
    self._fixture_teardown()
.venv\Lib\site-packages\django\test\testcases.py:1262: in _fixture_teardown
    call_command(
.venv\Lib\site-packages\django\core\management\__init__.py:194: in call_command
    return command.execute(*args, **defaults)
           ^^^^^^^^^^^^^^^^^^^^^^^^^^^^^^^^^^
.venv\Lib\site-packages\django\core\management\base.py:460: in execute
    output = self.handle(*args, **options)
             ^^^^^^^^^^^^^^^^^^^^^^^^^^^^^
_ _ _ _ _ _ _ _ _ _ _ _ _ _ _ _ _ _ _ _ _ _ _ _ _ _ _ _ _ _ _ _ _ _ _ _ _ _ _ _

self = <django.core.management.commands.flush.Command object at 0x0000028344CE6D50>
options = {'allow_cascade': False, 'database': 'default', 'force_color': False, 'inhibit_post_migrate': False, ...}
database = 'default'
connection = <DatabaseWrapper vendor='postgresql' alias='default'>
verbosity = 0, interactive = False, reset_sequences = False
allow_cascade = False, inhibit_post_migrate = False

        def handle(self, **options):
            database = options["database"]
            connection = connections[database]
            verbosity = options["verbosity"]
            interactive = options["interactive"]
            # The following are stealth options used by Django's internals.
            reset_sequences = options.get("reset_sequences", True)
            allow_cascade = options.get("allow_cascade", False)
            inhibit_post_migrate = options.get("inhibit_post_migrate", False)
    
            self.style = no_style()
    
            # Import the 'management' module within each installed app, to register
            # dispatcher events.
            for app_config in apps.get_app_configs():
                try:
                    import_module(".management", app_config.name)
                except ImportError:
                    pass
    
            sql_list = sql_flush(
                self.style,
                connection,
                reset_sequences=reset_sequences,
                allow_cascade=allow_cascade,
            )
    
            if interactive:
                confirm = input(
                    """You have requested a flush of the database.
    This will IRREVERSIBLY DESTROY all data currently in the "%s" database,
    and return each table to an empty state.
    Are you sure you want to do this?
    
        Type 'yes' to continue, or 'no' to cancel: """
                    % connection.settings_dict["NAME"]
                )
            else:
                confirm = "yes"
    
            if confirm == "yes":
                try:
                    connection.ops.execute_sql_flush(sql_list)
                except Exception as exc:
>                   raise CommandError(
                        "Database %s couldn't be flushed. Possible reasons:\n"
                        "  * The database isn't running or isn't configured correctly.\n"
                        "  * At least one of the expected database tables doesn't exist.\n"
                        "  * The SQL was invalid.\n"
                        "Hint: Look at the output of 'django-admin sqlflush'. "
                        "That's the SQL this command wasn't able to run."
                        % (connection.settings_dict["NAME"],)
                    ) from exc
E                   django.core.management.base.CommandError: Database test_gpp_plataform couldn't be flushed. Possible reasons:
E                     * The database isn't running or isn't configured correctly.
E                     * At least one of the expected database tables doesn't exist.
E                     * The SQL was invalid.
E                   Hint: Look at the output of 'django-admin sqlflush'. That's the SQL this command wasn't able to run.

.venv\Lib\site-packages\django\core\management\commands\flush.py:76: CommandError
---------------------------- Captured stderr setup ----------------------------
2026-03-23 15:05:41,758 [WARNING] gpp.security:38 | APP_CONTEXT_NONE path=/api/accounts/login/ ù application could not be resolved, leaving as None
2026-03-23 15:05:42,076 [INFO] gpp.security:153 | LOGIN_SUCCESS user_id=176 username=gestor_test app_context=ACOES_PNGI session_key=xp8z4qh6tr3l9j7lv0prhfw8ecgsfflb
----------------------------- Captured log setup ------------------------------
WARNING  gpp.security:application_context.py:38 APP_CONTEXT_NONE path=/api/accounts/login/ ù application could not be resolved, leaving as None
INFO     gpp.security:views.py:153 LOGIN_SUCCESS user_id=176 username=gestor_test app_context=ACOES_PNGI session_key=xp8z4qh6tr3l9j7lv0prhfw8ecgsfflb
---------------------------- Captured stderr call -----------------------------
2026-03-23 15:05:42,080 [INFO] gpp.security:56 | CACHE_VERSION_BUMPED user_id=176
2026-03-23 15:05:42,080 [WARNING] gpp.security:69 | USERROLE_CHANGED user_id=176 role_id=6 app=CARGA_ORG_LOT
2026-03-23 15:05:42,082 [WARNING] gpp.security:38 | APP_CONTEXT_NONE path=/api/accounts/switch-app/ ù application could not be resolved, leaving as None
2026-03-23 15:05:42,083 [INFO] gpp.security:102 | ROLE_SWITCH user_id=176 from=['GESTOR_PNGI'] to=['GESTOR_CARGA', 'GESTOR_PNGI'] path=/api/accounts/switch-app/
2026-03-23 15:05:42,083 [INFO] gpp.security:116 | ROLES_LOADED user_id=176 app=none roles=['GESTOR_PNGI', 'GESTOR_CARGA'] is_admin=False
2026-03-23 15:05:42,087 [INFO] gpp.security:269 | SWITCH_APP user_id=176 from_app=ACOES_PNGI to_app=CARGA_ORG_LOT session_key=xp8z4qh6tr3l9j7lv0prhfw8ecgsfflb
------------------------------ Captured log call ------------------------------
INFO     gpp.security:signals.py:56 CACHE_VERSION_BUMPED user_id=176
WARNING  gpp.security:signals.py:69 USERROLE_CHANGED user_id=176 role_id=6 app=CARGA_ORG_LOT
WARNING  gpp.security:application_context.py:38 APP_CONTEXT_NONE path=/api/accounts/switch-app/ ù application could not be resolved, leaving as None
INFO     gpp.security:role_context.py:102 ROLE_SWITCH user_id=176 from=['GESTOR_PNGI'] to=['GESTOR_CARGA', 'GESTOR_PNGI'] path=/api/accounts/switch-app/
INFO     gpp.security:role_context.py:116 ROLES_LOADED user_id=176 app=none roles=['GESTOR_PNGI', 'GESTOR_CARGA'] is_admin=False
INFO     gpp.security:views.py:269 SWITCH_APP user_id=176 from_app=ACOES_PNGI to_app=CARGA_ORG_LOT session_key=xp8z4qh6tr3l9j7lv0prhfw8ecgsfflb
_ ERROR at teardown of TestSwitchApp.test_switch_app_revoga_session_anterior __

self = <django.db.backends.utils.CursorWrapper object at 0x000002834503D8B0>
sql = 'TRUNCATE "auth_group", "auth_user_user_permissions", "accounts_userrole", "tblusuario", "tbltipousuario", "accounts_a... "tblstatususuario", "auth_group_permissions", "tblaplicacao", "accounts_session", "auth_permission", "accounts_role";'
params = None
ignored_wrapper_args = (False, {'connection': <DatabaseWrapper vendor='postgresql' alias='default'>, 'cursor': <django.db.backends.utils.CursorWrapper object at 0x000002834503D8B0>})

    def _execute(self, sql, params, *ignored_wrapper_args):
        # Raise a warning during app initialization (stored_app_configs is only
        # ever set during testing).
        if not apps.ready and not apps.stored_app_configs:
            warnings.warn(self.APPS_NOT_READY_WARNING_MSG, category=RuntimeWarning)
        self.db.validate_no_broken_transaction()
        with self.db.wrap_database_errors:
            if params is None:
                # params default might be backend specific.
>               return self.cursor.execute(sql)
                       ^^^^^^^^^^^^^^^^^^^^^^^^

.venv\Lib\site-packages\django\db\backends\utils.py:103: 
_ _ _ _ _ _ _ _ _ _ _ _ _ _ _ _ _ _ _ _ _ _ _ _ _ _ _ _ _ _ _ _ _ _ _ _ _ _ _ _

self = <django.db.backends.postgresql.base.Cursor [closed] [IDLE] (host=localhost user=postgres database=test_gpp_plataform) at 0x2834593cbb0>
query = 'TRUNCATE "auth_group", "auth_user_user_permissions", "accounts_userrole", "tblusuario", "tbltipousuario", "accounts_a... "tblstatususuario", "auth_group_permissions", "tblaplicacao", "accounts_session", "auth_permission", "accounts_role";'
params = None

    def execute(
        self,
        query: Query,
        params: Params | None = None,
        *,
        prepare: bool | None = None,
        binary: bool | None = None,
    ) -> Self:
        """
        Execute a query or command to the database.
        """
        try:
            with self._conn.lock:
                self._conn.wait(
                    self._execute_gen(query, params, prepare=prepare, binary=binary)
                )
        except e._NO_TRACEBACK as ex:
>           raise ex.with_traceback(None)
E           psycopg.errors.FeatureNotSupported: nÒo Ú possÝvel truncar uma tabela referenciada em uma restriþÒo de chave estrangeira
E           DETAIL:  Tabela "tblusuarioresponsavel" referencia "auth_user".
E           HINT:  Trunque a tabela "tblusuarioresponsavel" ao mesmo tempo, ou use TRUNCATE ... CASCADE.

.venv\Lib\site-packages\psycopg\cursor.py:117: FeatureNotSupported

The above exception was the direct cause of the following exception:

self = <django.core.management.commands.flush.Command object at 0x0000028344AB9F10>
options = {'allow_cascade': False, 'database': 'default', 'force_color': False, 'inhibit_post_migrate': False, ...}
database = 'default'
connection = <DatabaseWrapper vendor='postgresql' alias='default'>
verbosity = 0, interactive = False, reset_sequences = False
allow_cascade = False, inhibit_post_migrate = False

        def handle(self, **options):
            database = options["database"]
            connection = connections[database]
            verbosity = options["verbosity"]
            interactive = options["interactive"]
            # The following are stealth options used by Django's internals.
            reset_sequences = options.get("reset_sequences", True)
            allow_cascade = options.get("allow_cascade", False)
            inhibit_post_migrate = options.get("inhibit_post_migrate", False)
    
            self.style = no_style()
    
            # Import the 'management' module within each installed app, to register
            # dispatcher events.
            for app_config in apps.get_app_configs():
                try:
                    import_module(".management", app_config.name)
                except ImportError:
                    pass
    
            sql_list = sql_flush(
                self.style,
                connection,
                reset_sequences=reset_sequences,
                allow_cascade=allow_cascade,
            )
    
            if interactive:
                confirm = input(
                    """You have requested a flush of the database.
    This will IRREVERSIBLY DESTROY all data currently in the "%s" database,
    and return each table to an empty state.
    Are you sure you want to do this?
    
        Type 'yes' to continue, or 'no' to cancel: """
                    % connection.settings_dict["NAME"]
                )
            else:
                confirm = "yes"
    
            if confirm == "yes":
                try:
>                   connection.ops.execute_sql_flush(sql_list)

.venv\Lib\site-packages\django\core\management\commands\flush.py:74: 
_ _ _ _ _ _ _ _ _ _ _ _ _ _ _ _ _ _ _ _ _ _ _ _ _ _ _ _ _ _ _ _ _ _ _ _ _ _ _ _
.venv\Lib\site-packages\django\db\backends\base\operations.py:473: in execute_sql_flush
    cursor.execute(sql)
.venv\Lib\site-packages\django\db\backends\utils.py:79: in execute
    return self._execute_with_wrappers(
.venv\Lib\site-packages\django\db\backends\utils.py:92: in _execute_with_wrappers
    return executor(sql, params, many, context)
           ^^^^^^^^^^^^^^^^^^^^^^^^^^^^^^^^^^^^
.venv\Lib\site-packages\django\db\backends\utils.py:100: in _execute
    with self.db.wrap_database_errors:
         ^^^^^^^^^^^^^^^^^^^^^^^^^^^^
.venv\Lib\site-packages\django\db\utils.py:91: in __exit__
    raise dj_exc_value.with_traceback(traceback) from exc_value
.venv\Lib\site-packages\django\db\backends\utils.py:103: in _execute
    return self.cursor.execute(sql)
           ^^^^^^^^^^^^^^^^^^^^^^^^
_ _ _ _ _ _ _ _ _ _ _ _ _ _ _ _ _ _ _ _ _ _ _ _ _ _ _ _ _ _ _ _ _ _ _ _ _ _ _ _

self = <django.db.backends.postgresql.base.Cursor [closed] [IDLE] (host=localhost user=postgres database=test_gpp_plataform) at 0x2834593cbb0>
query = 'TRUNCATE "auth_group", "auth_user_user_permissions", "accounts_userrole", "tblusuario", "tbltipousuario", "accounts_a... "tblstatususuario", "auth_group_permissions", "tblaplicacao", "accounts_session", "auth_permission", "accounts_role";'
params = None

    def execute(
        self,
        query: Query,
        params: Params | None = None,
        *,
        prepare: bool | None = None,
        binary: bool | None = None,
    ) -> Self:
        """
        Execute a query or command to the database.
        """
        try:
            with self._conn.lock:
                self._conn.wait(
                    self._execute_gen(query, params, prepare=prepare, binary=binary)
                )
        except e._NO_TRACEBACK as ex:
>           raise ex.with_traceback(None)
E           django.db.utils.NotSupportedError: nÒo Ú possÝvel truncar uma tabela referenciada em uma restriþÒo de chave estrangeira
E           DETAIL:  Tabela "tblusuarioresponsavel" referencia "auth_user".
E           HINT:  Trunque a tabela "tblusuarioresponsavel" ao mesmo tempo, ou use TRUNCATE ... CASCADE.

.venv\Lib\site-packages\psycopg\cursor.py:117: NotSupportedError

The above exception was the direct cause of the following exception:

request = <SubRequest '_django_db_helper' for <Function test_switch_app_revoga_session_anterior>>
django_db_setup = None
django_db_blocker = <pytest_django.plugin.DjangoDbBlocker object at 0x0000028342085FD0>

    @pytest.fixture
    def _django_db_helper(
        request: pytest.FixtureRequest,
        django_db_setup: None,  # noqa: ARG001
        django_db_blocker: DjangoDbBlocker,
    ) -> Generator[None, None, None]:
        if is_django_unittest(request):
            yield
            return
    
        marker = request.node.get_closest_marker("django_db")
        if marker:
            (
                transactional,
                reset_sequences,
                databases,
                serialized_rollback,
                available_apps,
            ) = validate_django_db(marker)
        else:
            (
                transactional,
                reset_sequences,
                databases,
                serialized_rollback,
                available_apps,
            ) = False, False, None, False, None
    
        transactional = (
            transactional
            or reset_sequences
            or ("transactional_db" in request.fixturenames or "live_server" in request.fixturenames)
        )
        reset_sequences = reset_sequences or ("django_db_reset_sequences" in request.fixturenames)
        serialized_rollback = serialized_rollback or (
            "django_db_serialized_rollback" in request.fixturenames
        )
    
        with django_db_blocker.unblock():
            import django.db
            import django.test
    
            if transactional:
                test_case_class = django.test.TransactionTestCase
            else:
                test_case_class = django.test.TestCase
    
            _reset_sequences = reset_sequences
            _serialized_rollback = serialized_rollback
            _databases = databases
            _available_apps = available_apps
    
            class PytestDjangoTestCase(test_case_class):  # type: ignore[misc,valid-type]
                reset_sequences = _reset_sequences
                serialized_rollback = _serialized_rollback
                if _databases is not None:
                    databases = _databases
                if _available_apps is not None:
                    available_apps = _available_apps
    
                # For non-transactional tests, skip executing `django.test.TestCase`'s
                # `setUpClass`/`tearDownClass`, only execute the super class ones.
                #
                # `TestCase`'s class setup manages the `setUpTestData`/class-level
                # transaction functionality. We don't use it; instead we (will) offer
                # our own alternatives. So it only adds overhead, and does some things
                # which conflict with our (planned) functionality, particularly, it
                # closes all database connections in `tearDownClass` which inhibits
                # wrapping tests in higher-scoped transactions.
                #
                # It's possible a new version of Django will add some unrelated
                # functionality to these methods, in which case skipping them completely
                # would not be desirable. Let's cross that bridge when we get there...
                if not transactional:
    
                    @classmethod
                    def setUpClass(cls) -> None:
                        super(django.test.TestCase, cls).setUpClass()
    
                    @classmethod
                    def tearDownClass(cls) -> None:
                        super(django.test.TestCase, cls).tearDownClass()
    
            PytestDjangoTestCase.setUpClass()
    
            test_case = PytestDjangoTestCase(methodName="__init__")
            test_case._pre_setup()
    
            yield
    
>           test_case._post_teardown()

.venv\Lib\site-packages\pytest_django\fixtures.py:296: 
_ _ _ _ _ _ _ _ _ _ _ _ _ _ _ _ _ _ _ _ _ _ _ _ _ _ _ _ _ _ _ _ _ _ _ _ _ _ _ _
.venv\Lib\site-packages\django\test\testcases.py:1227: in _post_teardown
    self._fixture_teardown()
.venv\Lib\site-packages\django\test\testcases.py:1262: in _fixture_teardown
    call_command(
.venv\Lib\site-packages\django\core\management\__init__.py:194: in call_command
    return command.execute(*args, **defaults)
           ^^^^^^^^^^^^^^^^^^^^^^^^^^^^^^^^^^
.venv\Lib\site-packages\django\core\management\base.py:460: in execute
    output = self.handle(*args, **options)
             ^^^^^^^^^^^^^^^^^^^^^^^^^^^^^
_ _ _ _ _ _ _ _ _ _ _ _ _ _ _ _ _ _ _ _ _ _ _ _ _ _ _ _ _ _ _ _ _ _ _ _ _ _ _ _

self = <django.core.management.commands.flush.Command object at 0x0000028344AB9F10>
options = {'allow_cascade': False, 'database': 'default', 'force_color': False, 'inhibit_post_migrate': False, ...}
database = 'default'
connection = <DatabaseWrapper vendor='postgresql' alias='default'>
verbosity = 0, interactive = False, reset_sequences = False
allow_cascade = False, inhibit_post_migrate = False

        def handle(self, **options):
            database = options["database"]
            connection = connections[database]
            verbosity = options["verbosity"]
            interactive = options["interactive"]
            # The following are stealth options used by Django's internals.
            reset_sequences = options.get("reset_sequences", True)
            allow_cascade = options.get("allow_cascade", False)
            inhibit_post_migrate = options.get("inhibit_post_migrate", False)
    
            self.style = no_style()
    
            # Import the 'management' module within each installed app, to register
            # dispatcher events.
            for app_config in apps.get_app_configs():
                try:
                    import_module(".management", app_config.name)
                except ImportError:
                    pass
    
            sql_list = sql_flush(
                self.style,
                connection,
                reset_sequences=reset_sequences,
                allow_cascade=allow_cascade,
            )
    
            if interactive:
                confirm = input(
                    """You have requested a flush of the database.
    This will IRREVERSIBLY DESTROY all data currently in the "%s" database,
    and return each table to an empty state.
    Are you sure you want to do this?
    
        Type 'yes' to continue, or 'no' to cancel: """
                    % connection.settings_dict["NAME"]
                )
            else:
                confirm = "yes"
    
            if confirm == "yes":
                try:
                    connection.ops.execute_sql_flush(sql_list)
                except Exception as exc:
>                   raise CommandError(
                        "Database %s couldn't be flushed. Possible reasons:\n"
                        "  * The database isn't running or isn't configured correctly.\n"
                        "  * At least one of the expected database tables doesn't exist.\n"
                        "  * The SQL was invalid.\n"
                        "Hint: Look at the output of 'django-admin sqlflush'. "
                        "That's the SQL this command wasn't able to run."
                        % (connection.settings_dict["NAME"],)
                    ) from exc
E                   django.core.management.base.CommandError: Database test_gpp_plataform couldn't be flushed. Possible reasons:
E                     * The database isn't running or isn't configured correctly.
E                     * At least one of the expected database tables doesn't exist.
E                     * The SQL was invalid.
E                   Hint: Look at the output of 'django-admin sqlflush'. That's the SQL this command wasn't able to run.

.venv\Lib\site-packages\django\core\management\commands\flush.py:76: CommandError
---------------------------- Captured stderr setup ----------------------------
2026-03-23 15:05:42,486 [WARNING] gpp.security:38 | APP_CONTEXT_NONE path=/api/accounts/login/ ù application could not be resolved, leaving as None
2026-03-23 15:05:42,806 [INFO] gpp.security:153 | LOGIN_SUCCESS user_id=176 username=gestor_test app_context=ACOES_PNGI session_key=agiy7gfqzq8k81za97ajrkq7tjckdtzd
----------------------------- Captured log setup ------------------------------
WARNING  gpp.security:application_context.py:38 APP_CONTEXT_NONE path=/api/accounts/login/ ù application could not be resolved, leaving as None
INFO     gpp.security:views.py:153 LOGIN_SUCCESS user_id=176 username=gestor_test app_context=ACOES_PNGI session_key=agiy7gfqzq8k81za97ajrkq7tjckdtzd
---------------------------- Captured stderr call -----------------------------
2026-03-23 15:05:42,811 [WARNING] gpp.security:38 | APP_CONTEXT_NONE path=/api/accounts/switch-app/ ù application could not be resolved, leaving as None
2026-03-23 15:05:42,814 [INFO] gpp.security:269 | SWITCH_APP user_id=176 from_app=ACOES_PNGI to_app=CARGA_ORG_LOT session_key=agiy7gfqzq8k81za97ajrkq7tjckdtzd
------------------------------ Captured log call ------------------------------
WARNING  gpp.security:application_context.py:38 APP_CONTEXT_NONE path=/api/accounts/switch-app/ ù application could not be resolved, leaving as None
INFO     gpp.security:views.py:269 SWITCH_APP user_id=176 from_app=ACOES_PNGI to_app=CARGA_ORG_LOT session_key=agiy7gfqzq8k81za97ajrkq7tjckdtzd
__ ERROR at teardown of TestSwitchApp.test_switch_app_sem_acesso_retorna_403 __

self = <django.db.backends.utils.CursorWrapper object at 0x0000028346E5DE50>
sql = 'TRUNCATE "auth_group", "auth_user_user_permissions", "accounts_userrole", "tblusuario", "tbltipousuario", "accounts_a... "tblstatususuario", "auth_group_permissions", "tblaplicacao", "accounts_session", "auth_permission", "accounts_role";'
params = None
ignored_wrapper_args = (False, {'connection': <DatabaseWrapper vendor='postgresql' alias='default'>, 'cursor': <django.db.backends.utils.CursorWrapper object at 0x0000028346E5DE50>})

    def _execute(self, sql, params, *ignored_wrapper_args):
        # Raise a warning during app initialization (stored_app_configs is only
        # ever set during testing).
        if not apps.ready and not apps.stored_app_configs:
            warnings.warn(self.APPS_NOT_READY_WARNING_MSG, category=RuntimeWarning)
        self.db.validate_no_broken_transaction()
        with self.db.wrap_database_errors:
            if params is None:
                # params default might be backend specific.
>               return self.cursor.execute(sql)
                       ^^^^^^^^^^^^^^^^^^^^^^^^

.venv\Lib\site-packages\django\db\backends\utils.py:103: 
_ _ _ _ _ _ _ _ _ _ _ _ _ _ _ _ _ _ _ _ _ _ _ _ _ _ _ _ _ _ _ _ _ _ _ _ _ _ _ _

self = <django.db.backends.postgresql.base.Cursor [closed] [IDLE] (host=localhost user=postgres database=test_gpp_plataform) at 0x2834535da50>
query = 'TRUNCATE "auth_group", "auth_user_user_permissions", "accounts_userrole", "tblusuario", "tbltipousuario", "accounts_a... "tblstatususuario", "auth_group_permissions", "tblaplicacao", "accounts_session", "auth_permission", "accounts_role";'
params = None

    def execute(
        self,
        query: Query,
        params: Params | None = None,
        *,
        prepare: bool | None = None,
        binary: bool | None = None,
    ) -> Self:
        """
        Execute a query or command to the database.
        """
        try:
            with self._conn.lock:
                self._conn.wait(
                    self._execute_gen(query, params, prepare=prepare, binary=binary)
                )
        except e._NO_TRACEBACK as ex:
>           raise ex.with_traceback(None)
E           psycopg.errors.FeatureNotSupported: nÒo Ú possÝvel truncar uma tabela referenciada em uma restriþÒo de chave estrangeira
E           DETAIL:  Tabela "tblusuarioresponsavel" referencia "auth_user".
E           HINT:  Trunque a tabela "tblusuarioresponsavel" ao mesmo tempo, ou use TRUNCATE ... CASCADE.

.venv\Lib\site-packages\psycopg\cursor.py:117: FeatureNotSupported

The above exception was the direct cause of the following exception:

self = <django.core.management.commands.flush.Command object at 0x0000028345727540>
options = {'allow_cascade': False, 'database': 'default', 'force_color': False, 'inhibit_post_migrate': False, ...}
database = 'default'
connection = <DatabaseWrapper vendor='postgresql' alias='default'>
verbosity = 0, interactive = False, reset_sequences = False
allow_cascade = False, inhibit_post_migrate = False

        def handle(self, **options):
            database = options["database"]
            connection = connections[database]
            verbosity = options["verbosity"]
            interactive = options["interactive"]
            # The following are stealth options used by Django's internals.
            reset_sequences = options.get("reset_sequences", True)
            allow_cascade = options.get("allow_cascade", False)
            inhibit_post_migrate = options.get("inhibit_post_migrate", False)
    
            self.style = no_style()
    
            # Import the 'management' module within each installed app, to register
            # dispatcher events.
            for app_config in apps.get_app_configs():
                try:
                    import_module(".management", app_config.name)
                except ImportError:
                    pass
    
            sql_list = sql_flush(
                self.style,
                connection,
                reset_sequences=reset_sequences,
                allow_cascade=allow_cascade,
            )
    
            if interactive:
                confirm = input(
                    """You have requested a flush of the database.
    This will IRREVERSIBLY DESTROY all data currently in the "%s" database,
    and return each table to an empty state.
    Are you sure you want to do this?
    
        Type 'yes' to continue, or 'no' to cancel: """
                    % connection.settings_dict["NAME"]
                )
            else:
                confirm = "yes"
    
            if confirm == "yes":
                try:
>                   connection.ops.execute_sql_flush(sql_list)

.venv\Lib\site-packages\django\core\management\commands\flush.py:74: 
_ _ _ _ _ _ _ _ _ _ _ _ _ _ _ _ _ _ _ _ _ _ _ _ _ _ _ _ _ _ _ _ _ _ _ _ _ _ _ _
.venv\Lib\site-packages\django\db\backends\base\operations.py:473: in execute_sql_flush
    cursor.execute(sql)
.venv\Lib\site-packages\django\db\backends\utils.py:79: in execute
    return self._execute_with_wrappers(
.venv\Lib\site-packages\django\db\backends\utils.py:92: in _execute_with_wrappers
    return executor(sql, params, many, context)
           ^^^^^^^^^^^^^^^^^^^^^^^^^^^^^^^^^^^^
.venv\Lib\site-packages\django\db\backends\utils.py:100: in _execute
    with self.db.wrap_database_errors:
         ^^^^^^^^^^^^^^^^^^^^^^^^^^^^
.venv\Lib\site-packages\django\db\utils.py:91: in __exit__
    raise dj_exc_value.with_traceback(traceback) from exc_value
.venv\Lib\site-packages\django\db\backends\utils.py:103: in _execute
    return self.cursor.execute(sql)
           ^^^^^^^^^^^^^^^^^^^^^^^^
_ _ _ _ _ _ _ _ _ _ _ _ _ _ _ _ _ _ _ _ _ _ _ _ _ _ _ _ _ _ _ _ _ _ _ _ _ _ _ _

self = <django.db.backends.postgresql.base.Cursor [closed] [IDLE] (host=localhost user=postgres database=test_gpp_plataform) at 0x2834535da50>
query = 'TRUNCATE "auth_group", "auth_user_user_permissions", "accounts_userrole", "tblusuario", "tbltipousuario", "accounts_a... "tblstatususuario", "auth_group_permissions", "tblaplicacao", "accounts_session", "auth_permission", "accounts_role";'
params = None

    def execute(
        self,
        query: Query,
        params: Params | None = None,
        *,
        prepare: bool | None = None,
        binary: bool | None = None,
    ) -> Self:
        """
        Execute a query or command to the database.
        """
        try:
            with self._conn.lock:
                self._conn.wait(
                    self._execute_gen(query, params, prepare=prepare, binary=binary)
                )
        except e._NO_TRACEBACK as ex:
>           raise ex.with_traceback(None)
E           django.db.utils.NotSupportedError: nÒo Ú possÝvel truncar uma tabela referenciada em uma restriþÒo de chave estrangeira
E           DETAIL:  Tabela "tblusuarioresponsavel" referencia "auth_user".
E           HINT:  Trunque a tabela "tblusuarioresponsavel" ao mesmo tempo, ou use TRUNCATE ... CASCADE.

.venv\Lib\site-packages\psycopg\cursor.py:117: NotSupportedError

The above exception was the direct cause of the following exception:

request = <SubRequest '_django_db_helper' for <Function test_switch_app_sem_acesso_retorna_403>>
django_db_setup = None
django_db_blocker = <pytest_django.plugin.DjangoDbBlocker object at 0x0000028342085FD0>

    @pytest.fixture
    def _django_db_helper(
        request: pytest.FixtureRequest,
        django_db_setup: None,  # noqa: ARG001
        django_db_blocker: DjangoDbBlocker,
    ) -> Generator[None, None, None]:
        if is_django_unittest(request):
            yield
            return
    
        marker = request.node.get_closest_marker("django_db")
        if marker:
            (
                transactional,
                reset_sequences,
                databases,
                serialized_rollback,
                available_apps,
            ) = validate_django_db(marker)
        else:
            (
                transactional,
                reset_sequences,
                databases,
                serialized_rollback,
                available_apps,
            ) = False, False, None, False, None
    
        transactional = (
            transactional
            or reset_sequences
            or ("transactional_db" in request.fixturenames or "live_server" in request.fixturenames)
        )
        reset_sequences = reset_sequences or ("django_db_reset_sequences" in request.fixturenames)
        serialized_rollback = serialized_rollback or (
            "django_db_serialized_rollback" in request.fixturenames
        )
    
        with django_db_blocker.unblock():
            import django.db
            import django.test
    
            if transactional:
                test_case_class = django.test.TransactionTestCase
            else:
                test_case_class = django.test.TestCase
    
            _reset_sequences = reset_sequences
            _serialized_rollback = serialized_rollback
            _databases = databases
            _available_apps = available_apps
    
            class PytestDjangoTestCase(test_case_class):  # type: ignore[misc,valid-type]
                reset_sequences = _reset_sequences
                serialized_rollback = _serialized_rollback
                if _databases is not None:
                    databases = _databases
                if _available_apps is not None:
                    available_apps = _available_apps
    
                # For non-transactional tests, skip executing `django.test.TestCase`'s
                # `setUpClass`/`tearDownClass`, only execute the super class ones.
                #
                # `TestCase`'s class setup manages the `setUpTestData`/class-level
                # transaction functionality. We don't use it; instead we (will) offer
                # our own alternatives. So it only adds overhead, and does some things
                # which conflict with our (planned) functionality, particularly, it
                # closes all database connections in `tearDownClass` which inhibits
                # wrapping tests in higher-scoped transactions.
                #
                # It's possible a new version of Django will add some unrelated
                # functionality to these methods, in which case skipping them completely
                # would not be desirable. Let's cross that bridge when we get there...
                if not transactional:
    
                    @classmethod
                    def setUpClass(cls) -> None:
                        super(django.test.TestCase, cls).setUpClass()
    
                    @classmethod
                    def tearDownClass(cls) -> None:
                        super(django.test.TestCase, cls).tearDownClass()
    
            PytestDjangoTestCase.setUpClass()
    
            test_case = PytestDjangoTestCase(methodName="__init__")
            test_case._pre_setup()
    
            yield
    
>           test_case._post_teardown()

.venv\Lib\site-packages\pytest_django\fixtures.py:296: 
_ _ _ _ _ _ _ _ _ _ _ _ _ _ _ _ _ _ _ _ _ _ _ _ _ _ _ _ _ _ _ _ _ _ _ _ _ _ _ _
.venv\Lib\site-packages\django\test\testcases.py:1227: in _post_teardown
    self._fixture_teardown()
.venv\Lib\site-packages\django\test\testcases.py:1262: in _fixture_teardown
    call_command(
.venv\Lib\site-packages\django\core\management\__init__.py:194: in call_command
    return command.execute(*args, **defaults)
           ^^^^^^^^^^^^^^^^^^^^^^^^^^^^^^^^^^
.venv\Lib\site-packages\django\core\management\base.py:460: in execute
    output = self.handle(*args, **options)
             ^^^^^^^^^^^^^^^^^^^^^^^^^^^^^
_ _ _ _ _ _ _ _ _ _ _ _ _ _ _ _ _ _ _ _ _ _ _ _ _ _ _ _ _ _ _ _ _ _ _ _ _ _ _ _

self = <django.core.management.commands.flush.Command object at 0x0000028345727540>
options = {'allow_cascade': False, 'database': 'default', 'force_color': False, 'inhibit_post_migrate': False, ...}
database = 'default'
connection = <DatabaseWrapper vendor='postgresql' alias='default'>
verbosity = 0, interactive = False, reset_sequences = False
allow_cascade = False, inhibit_post_migrate = False

        def handle(self, **options):
            database = options["database"]
            connection = connections[database]
            verbosity = options["verbosity"]
            interactive = options["interactive"]
            # The following are stealth options used by Django's internals.
            reset_sequences = options.get("reset_sequences", True)
            allow_cascade = options.get("allow_cascade", False)
            inhibit_post_migrate = options.get("inhibit_post_migrate", False)
    
            self.style = no_style()
    
            # Import the 'management' module within each installed app, to register
            # dispatcher events.
            for app_config in apps.get_app_configs():
                try:
                    import_module(".management", app_config.name)
                except ImportError:
                    pass
    
            sql_list = sql_flush(
                self.style,
                connection,
                reset_sequences=reset_sequences,
                allow_cascade=allow_cascade,
            )
    
            if interactive:
                confirm = input(
                    """You have requested a flush of the database.
    This will IRREVERSIBLY DESTROY all data currently in the "%s" database,
    and return each table to an empty state.
    Are you sure you want to do this?
    
        Type 'yes' to continue, or 'no' to cancel: """
                    % connection.settings_dict["NAME"]
                )
            else:
                confirm = "yes"
    
            if confirm == "yes":
                try:
                    connection.ops.execute_sql_flush(sql_list)
                except Exception as exc:
>                   raise CommandError(
                        "Database %s couldn't be flushed. Possible reasons:\n"
                        "  * The database isn't running or isn't configured correctly.\n"
                        "  * At least one of the expected database tables doesn't exist.\n"
                        "  * The SQL was invalid.\n"
                        "Hint: Look at the output of 'django-admin sqlflush'. "
                        "That's the SQL this command wasn't able to run."
                        % (connection.settings_dict["NAME"],)
                    ) from exc
E                   django.core.management.base.CommandError: Database test_gpp_plataform couldn't be flushed. Possible reasons:
E                     * The database isn't running or isn't configured correctly.
E                     * At least one of the expected database tables doesn't exist.
E                     * The SQL was invalid.
E                   Hint: Look at the output of 'django-admin sqlflush'. That's the SQL this command wasn't able to run.

.venv\Lib\site-packages\django\core\management\commands\flush.py:76: CommandError
---------------------------- Captured stderr setup ----------------------------
2026-03-23 15:05:43,213 [WARNING] gpp.security:38 | APP_CONTEXT_NONE path=/api/accounts/login/ ù application could not be resolved, leaving as None
2026-03-23 15:05:43,532 [INFO] gpp.security:153 | LOGIN_SUCCESS user_id=176 username=gestor_test app_context=ACOES_PNGI session_key=9fylt468yu9ga160rzuhbdisa0w5qkr4
----------------------------- Captured log setup ------------------------------
WARNING  gpp.security:application_context.py:38 APP_CONTEXT_NONE path=/api/accounts/login/ ù application could not be resolved, leaving as None
INFO     gpp.security:views.py:153 LOGIN_SUCCESS user_id=176 username=gestor_test app_context=ACOES_PNGI session_key=9fylt468yu9ga160rzuhbdisa0w5qkr4
---------------------------- Captured stderr call -----------------------------
2026-03-23 15:05:43,536 [WARNING] gpp.security:38 | APP_CONTEXT_NONE path=/api/accounts/switch-app/ ù application could not be resolved, leaving as None
2026-03-23 15:05:43,541 [INFO] gpp.security:269 | SWITCH_APP user_id=176 from_app=ACOES_PNGI to_app=CARGA_ORG_LOT session_key=9fylt468yu9ga160rzuhbdisa0w5qkr4
------------------------------ Captured log call ------------------------------
WARNING  gpp.security:application_context.py:38 APP_CONTEXT_NONE path=/api/accounts/switch-app/ ù application could not be resolved, leaving as None
INFO     gpp.security:views.py:269 SWITCH_APP user_id=176 from_app=ACOES_PNGI to_app=CARGA_ORG_LOT session_key=9fylt468yu9ga160rzuhbdisa0w5qkr4
___ ERROR at teardown of TestSwitchApp.test_switch_app_invalida_retorna_403 ___

self = <django.db.backends.utils.CursorWrapper object at 0x0000028346D39D30>
sql = 'TRUNCATE "auth_group", "auth_user_user_permissions", "accounts_userrole", "tblusuario", "tbltipousuario", "accounts_a... "tblstatususuario", "auth_group_permissions", "tblaplicacao", "accounts_session", "auth_permission", "accounts_role";'
params = None
ignored_wrapper_args = (False, {'connection': <DatabaseWrapper vendor='postgresql' alias='default'>, 'cursor': <django.db.backends.utils.CursorWrapper object at 0x0000028346D39D30>})

    def _execute(self, sql, params, *ignored_wrapper_args):
        # Raise a warning during app initialization (stored_app_configs is only
        # ever set during testing).
        if not apps.ready and not apps.stored_app_configs:
            warnings.warn(self.APPS_NOT_READY_WARNING_MSG, category=RuntimeWarning)
        self.db.validate_no_broken_transaction()
        with self.db.wrap_database_errors:
            if params is None:
                # params default might be backend specific.
>               return self.cursor.execute(sql)
                       ^^^^^^^^^^^^^^^^^^^^^^^^

.venv\Lib\site-packages\django\db\backends\utils.py:103: 
_ _ _ _ _ _ _ _ _ _ _ _ _ _ _ _ _ _ _ _ _ _ _ _ _ _ _ _ _ _ _ _ _ _ _ _ _ _ _ _

self = <django.db.backends.postgresql.base.Cursor [closed] [IDLE] (host=localhost user=postgres database=test_gpp_plataform) at 0x28345aa9230>
query = 'TRUNCATE "auth_group", "auth_user_user_permissions", "accounts_userrole", "tblusuario", "tbltipousuario", "accounts_a... "tblstatususuario", "auth_group_permissions", "tblaplicacao", "accounts_session", "auth_permission", "accounts_role";'
params = None

    def execute(
        self,
        query: Query,
        params: Params | None = None,
        *,
        prepare: bool | None = None,
        binary: bool | None = None,
    ) -> Self:
        """
        Execute a query or command to the database.
        """
        try:
            with self._conn.lock:
                self._conn.wait(
                    self._execute_gen(query, params, prepare=prepare, binary=binary)
                )
        except e._NO_TRACEBACK as ex:
>           raise ex.with_traceback(None)
E           psycopg.errors.FeatureNotSupported: nÒo Ú possÝvel truncar uma tabela referenciada em uma restriþÒo de chave estrangeira
E           DETAIL:  Tabela "tblusuarioresponsavel" referencia "auth_user".
E           HINT:  Trunque a tabela "tblusuarioresponsavel" ao mesmo tempo, ou use TRUNCATE ... CASCADE.

.venv\Lib\site-packages\psycopg\cursor.py:117: FeatureNotSupported

The above exception was the direct cause of the following exception:

self = <django.core.management.commands.flush.Command object at 0x0000028345265E90>
options = {'allow_cascade': False, 'database': 'default', 'force_color': False, 'inhibit_post_migrate': False, ...}
database = 'default'
connection = <DatabaseWrapper vendor='postgresql' alias='default'>
verbosity = 0, interactive = False, reset_sequences = False
allow_cascade = False, inhibit_post_migrate = False

        def handle(self, **options):
            database = options["database"]
            connection = connections[database]
            verbosity = options["verbosity"]
            interactive = options["interactive"]
            # The following are stealth options used by Django's internals.
            reset_sequences = options.get("reset_sequences", True)
            allow_cascade = options.get("allow_cascade", False)
            inhibit_post_migrate = options.get("inhibit_post_migrate", False)
    
            self.style = no_style()
    
            # Import the 'management' module within each installed app, to register
            # dispatcher events.
            for app_config in apps.get_app_configs():
                try:
                    import_module(".management", app_config.name)
                except ImportError:
                    pass
    
            sql_list = sql_flush(
                self.style,
                connection,
                reset_sequences=reset_sequences,
                allow_cascade=allow_cascade,
            )
    
            if interactive:
                confirm = input(
                    """You have requested a flush of the database.
    This will IRREVERSIBLY DESTROY all data currently in the "%s" database,
    and return each table to an empty state.
    Are you sure you want to do this?
    
        Type 'yes' to continue, or 'no' to cancel: """
                    % connection.settings_dict["NAME"]
                )
            else:
                confirm = "yes"
    
            if confirm == "yes":
                try:
>                   connection.ops.execute_sql_flush(sql_list)

.venv\Lib\site-packages\django\core\management\commands\flush.py:74: 
_ _ _ _ _ _ _ _ _ _ _ _ _ _ _ _ _ _ _ _ _ _ _ _ _ _ _ _ _ _ _ _ _ _ _ _ _ _ _ _
.venv\Lib\site-packages\django\db\backends\base\operations.py:473: in execute_sql_flush
    cursor.execute(sql)
.venv\Lib\site-packages\django\db\backends\utils.py:79: in execute
    return self._execute_with_wrappers(
.venv\Lib\site-packages\django\db\backends\utils.py:92: in _execute_with_wrappers
    return executor(sql, params, many, context)
           ^^^^^^^^^^^^^^^^^^^^^^^^^^^^^^^^^^^^
.venv\Lib\site-packages\django\db\backends\utils.py:100: in _execute
    with self.db.wrap_database_errors:
         ^^^^^^^^^^^^^^^^^^^^^^^^^^^^
.venv\Lib\site-packages\django\db\utils.py:91: in __exit__
    raise dj_exc_value.with_traceback(traceback) from exc_value
.venv\Lib\site-packages\django\db\backends\utils.py:103: in _execute
    return self.cursor.execute(sql)
           ^^^^^^^^^^^^^^^^^^^^^^^^
_ _ _ _ _ _ _ _ _ _ _ _ _ _ _ _ _ _ _ _ _ _ _ _ _ _ _ _ _ _ _ _ _ _ _ _ _ _ _ _

self = <django.db.backends.postgresql.base.Cursor [closed] [IDLE] (host=localhost user=postgres database=test_gpp_plataform) at 0x28345aa9230>
query = 'TRUNCATE "auth_group", "auth_user_user_permissions", "accounts_userrole", "tblusuario", "tbltipousuario", "accounts_a... "tblstatususuario", "auth_group_permissions", "tblaplicacao", "accounts_session", "auth_permission", "accounts_role";'
params = None

    def execute(
        self,
        query: Query,
        params: Params | None = None,
        *,
        prepare: bool | None = None,
        binary: bool | None = None,
    ) -> Self:
        """
        Execute a query or command to the database.
        """
        try:
            with self._conn.lock:
                self._conn.wait(
                    self._execute_gen(query, params, prepare=prepare, binary=binary)
                )
        except e._NO_TRACEBACK as ex:
>           raise ex.with_traceback(None)
E           django.db.utils.NotSupportedError: nÒo Ú possÝvel truncar uma tabela referenciada em uma restriþÒo de chave estrangeira
E           DETAIL:  Tabela "tblusuarioresponsavel" referencia "auth_user".
E           HINT:  Trunque a tabela "tblusuarioresponsavel" ao mesmo tempo, ou use TRUNCATE ... CASCADE.

.venv\Lib\site-packages\psycopg\cursor.py:117: NotSupportedError

The above exception was the direct cause of the following exception:

request = <SubRequest '_django_db_helper' for <Function test_switch_app_invalida_retorna_403>>
django_db_setup = None
django_db_blocker = <pytest_django.plugin.DjangoDbBlocker object at 0x0000028342085FD0>

    @pytest.fixture
    def _django_db_helper(
        request: pytest.FixtureRequest,
        django_db_setup: None,  # noqa: ARG001
        django_db_blocker: DjangoDbBlocker,
    ) -> Generator[None, None, None]:
        if is_django_unittest(request):
            yield
            return
    
        marker = request.node.get_closest_marker("django_db")
        if marker:
            (
                transactional,
                reset_sequences,
                databases,
                serialized_rollback,
                available_apps,
            ) = validate_django_db(marker)
        else:
            (
                transactional,
                reset_sequences,
                databases,
                serialized_rollback,
                available_apps,
            ) = False, False, None, False, None
    
        transactional = (
            transactional
            or reset_sequences
            or ("transactional_db" in request.fixturenames or "live_server" in request.fixturenames)
        )
        reset_sequences = reset_sequences or ("django_db_reset_sequences" in request.fixturenames)
        serialized_rollback = serialized_rollback or (
            "django_db_serialized_rollback" in request.fixturenames
        )
    
        with django_db_blocker.unblock():
            import django.db
            import django.test
    
            if transactional:
                test_case_class = django.test.TransactionTestCase
            else:
                test_case_class = django.test.TestCase
    
            _reset_sequences = reset_sequences
            _serialized_rollback = serialized_rollback
            _databases = databases
            _available_apps = available_apps
    
            class PytestDjangoTestCase(test_case_class):  # type: ignore[misc,valid-type]
                reset_sequences = _reset_sequences
                serialized_rollback = _serialized_rollback
                if _databases is not None:
                    databases = _databases
                if _available_apps is not None:
                    available_apps = _available_apps
    
                # For non-transactional tests, skip executing `django.test.TestCase`'s
                # `setUpClass`/`tearDownClass`, only execute the super class ones.
                #
                # `TestCase`'s class setup manages the `setUpTestData`/class-level
                # transaction functionality. We don't use it; instead we (will) offer
                # our own alternatives. So it only adds overhead, and does some things
                # which conflict with our (planned) functionality, particularly, it
                # closes all database connections in `tearDownClass` which inhibits
                # wrapping tests in higher-scoped transactions.
                #
                # It's possible a new version of Django will add some unrelated
                # functionality to these methods, in which case skipping them completely
                # would not be desirable. Let's cross that bridge when we get there...
                if not transactional:
    
                    @classmethod
                    def setUpClass(cls) -> None:
                        super(django.test.TestCase, cls).setUpClass()
    
                    @classmethod
                    def tearDownClass(cls) -> None:
                        super(django.test.TestCase, cls).tearDownClass()
    
            PytestDjangoTestCase.setUpClass()
    
            test_case = PytestDjangoTestCase(methodName="__init__")
            test_case._pre_setup()
    
            yield
    
>           test_case._post_teardown()

.venv\Lib\site-packages\pytest_django\fixtures.py:296: 
_ _ _ _ _ _ _ _ _ _ _ _ _ _ _ _ _ _ _ _ _ _ _ _ _ _ _ _ _ _ _ _ _ _ _ _ _ _ _ _
.venv\Lib\site-packages\django\test\testcases.py:1227: in _post_teardown
    self._fixture_teardown()
.venv\Lib\site-packages\django\test\testcases.py:1262: in _fixture_teardown
    call_command(
.venv\Lib\site-packages\django\core\management\__init__.py:194: in call_command
    return command.execute(*args, **defaults)
           ^^^^^^^^^^^^^^^^^^^^^^^^^^^^^^^^^^
.venv\Lib\site-packages\django\core\management\base.py:460: in execute
    output = self.handle(*args, **options)
             ^^^^^^^^^^^^^^^^^^^^^^^^^^^^^
_ _ _ _ _ _ _ _ _ _ _ _ _ _ _ _ _ _ _ _ _ _ _ _ _ _ _ _ _ _ _ _ _ _ _ _ _ _ _ _

self = <django.core.management.commands.flush.Command object at 0x0000028345265E90>
options = {'allow_cascade': False, 'database': 'default', 'force_color': False, 'inhibit_post_migrate': False, ...}
database = 'default'
connection = <DatabaseWrapper vendor='postgresql' alias='default'>
verbosity = 0, interactive = False, reset_sequences = False
allow_cascade = False, inhibit_post_migrate = False

        def handle(self, **options):
            database = options["database"]
            connection = connections[database]
            verbosity = options["verbosity"]
            interactive = options["interactive"]
            # The following are stealth options used by Django's internals.
            reset_sequences = options.get("reset_sequences", True)
            allow_cascade = options.get("allow_cascade", False)
            inhibit_post_migrate = options.get("inhibit_post_migrate", False)
    
            self.style = no_style()
    
            # Import the 'management' module within each installed app, to register
            # dispatcher events.
            for app_config in apps.get_app_configs():
                try:
                    import_module(".management", app_config.name)
                except ImportError:
                    pass
    
            sql_list = sql_flush(
                self.style,
                connection,
                reset_sequences=reset_sequences,
                allow_cascade=allow_cascade,
            )
    
            if interactive:
                confirm = input(
                    """You have requested a flush of the database.
    This will IRREVERSIBLY DESTROY all data currently in the "%s" database,
    and return each table to an empty state.
    Are you sure you want to do this?
    
        Type 'yes' to continue, or 'no' to cancel: """
                    % connection.settings_dict["NAME"]
                )
            else:
                confirm = "yes"
    
            if confirm == "yes":
                try:
                    connection.ops.execute_sql_flush(sql_list)
                except Exception as exc:
>                   raise CommandError(
                        "Database %s couldn't be flushed. Possible reasons:\n"
                        "  * The database isn't running or isn't configured correctly.\n"
                        "  * At least one of the expected database tables doesn't exist.\n"
                        "  * The SQL was invalid.\n"
                        "Hint: Look at the output of 'django-admin sqlflush'. "
                        "That's the SQL this command wasn't able to run."
                        % (connection.settings_dict["NAME"],)
                    ) from exc
E                   django.core.management.base.CommandError: Database test_gpp_plataform couldn't be flushed. Possible reasons:
E                     * The database isn't running or isn't configured correctly.
E                     * At least one of the expected database tables doesn't exist.
E                     * The SQL was invalid.
E                   Hint: Look at the output of 'django-admin sqlflush'. That's the SQL this command wasn't able to run.

.venv\Lib\site-packages\django\core\management\commands\flush.py:76: CommandError
---------------------------- Captured stderr setup ----------------------------
2026-03-23 15:05:43,944 [WARNING] gpp.security:38 | APP_CONTEXT_NONE path=/api/accounts/login/ ù application could not be resolved, leaving as None
2026-03-23 15:05:44,261 [INFO] gpp.security:153 | LOGIN_SUCCESS user_id=176 username=gestor_test app_context=ACOES_PNGI session_key=x3ogpcikwqtzv6cb7eoy02d5je2dqngd
----------------------------- Captured log setup ------------------------------
WARNING  gpp.security:application_context.py:38 APP_CONTEXT_NONE path=/api/accounts/login/ ù application could not be resolved, leaving as None
INFO     gpp.security:views.py:153 LOGIN_SUCCESS user_id=176 username=gestor_test app_context=ACOES_PNGI session_key=x3ogpcikwqtzv6cb7eoy02d5je2dqngd
---------------------------- Captured stderr call -----------------------------
2026-03-23 15:05:44,265 [WARNING] gpp.security:38 | APP_CONTEXT_NONE path=/api/accounts/switch-app/ ù application could not be resolved, leaving as None
2026-03-23 15:05:44,266 [WARNING] gpp.security:213 | SWITCH_APP_DENIED user_id=176 to_app=NAO_EXISTE reason=invalid_app
2026-03-23 15:05:44,267 [WARNING] django.request:248 | Forbidden: /api/accounts/switch-app/
------------------------------ Captured log call ------------------------------
WARNING  gpp.security:application_context.py:38 APP_CONTEXT_NONE path=/api/accounts/switch-app/ ù application could not be resolved, leaving as None
WARNING  gpp.security:views.py:213 SWITCH_APP_DENIED user_id=176 to_app=NAO_EXISTE reason=invalid_app
WARNING  django.request:log.py:248 Forbidden: /api/accounts/switch-app/
_ ERROR at teardown of TestSwitchApp.test_switch_app_sem_autenticacao_retorna_401_ou_403 _

self = <django.db.backends.utils.CursorWrapper object at 0x0000028346CE4590>
sql = 'TRUNCATE "auth_group", "auth_user_user_permissions", "accounts_userrole", "tblusuario", "tbltipousuario", "accounts_a... "tblstatususuario", "auth_group_permissions", "tblaplicacao", "accounts_session", "auth_permission", "accounts_role";'
params = None
ignored_wrapper_args = (False, {'connection': <DatabaseWrapper vendor='postgresql' alias='default'>, 'cursor': <django.db.backends.utils.CursorWrapper object at 0x0000028346CE4590>})

    def _execute(self, sql, params, *ignored_wrapper_args):
        # Raise a warning during app initialization (stored_app_configs is only
        # ever set during testing).
        if not apps.ready and not apps.stored_app_configs:
            warnings.warn(self.APPS_NOT_READY_WARNING_MSG, category=RuntimeWarning)
        self.db.validate_no_broken_transaction()
        with self.db.wrap_database_errors:
            if params is None:
                # params default might be backend specific.
>               return self.cursor.execute(sql)
                       ^^^^^^^^^^^^^^^^^^^^^^^^

.venv\Lib\site-packages\django\db\backends\utils.py:103: 
_ _ _ _ _ _ _ _ _ _ _ _ _ _ _ _ _ _ _ _ _ _ _ _ _ _ _ _ _ _ _ _ _ _ _ _ _ _ _ _

self = <django.db.backends.postgresql.base.Cursor [closed] [IDLE] (host=localhost user=postgres database=test_gpp_plataform) at 0x28345127110>
query = 'TRUNCATE "auth_group", "auth_user_user_permissions", "accounts_userrole", "tblusuario", "tbltipousuario", "accounts_a... "tblstatususuario", "auth_group_permissions", "tblaplicacao", "accounts_session", "auth_permission", "accounts_role";'
params = None

    def execute(
        self,
        query: Query,
        params: Params | None = None,
        *,
        prepare: bool | None = None,
        binary: bool | None = None,
    ) -> Self:
        """
        Execute a query or command to the database.
        """
        try:
            with self._conn.lock:
                self._conn.wait(
                    self._execute_gen(query, params, prepare=prepare, binary=binary)
                )
        except e._NO_TRACEBACK as ex:
>           raise ex.with_traceback(None)
E           psycopg.errors.FeatureNotSupported: nÒo Ú possÝvel truncar uma tabela referenciada em uma restriþÒo de chave estrangeira
E           DETAIL:  Tabela "tblusuarioresponsavel" referencia "auth_user".
E           HINT:  Trunque a tabela "tblusuarioresponsavel" ao mesmo tempo, ou use TRUNCATE ... CASCADE.

.venv\Lib\site-packages\psycopg\cursor.py:117: FeatureNotSupported

The above exception was the direct cause of the following exception:

self = <django.core.management.commands.flush.Command object at 0x0000028345161C70>
options = {'allow_cascade': False, 'database': 'default', 'force_color': False, 'inhibit_post_migrate': False, ...}
database = 'default'
connection = <DatabaseWrapper vendor='postgresql' alias='default'>
verbosity = 0, interactive = False, reset_sequences = False
allow_cascade = False, inhibit_post_migrate = False

        def handle(self, **options):
            database = options["database"]
            connection = connections[database]
            verbosity = options["verbosity"]
            interactive = options["interactive"]
            # The following are stealth options used by Django's internals.
            reset_sequences = options.get("reset_sequences", True)
            allow_cascade = options.get("allow_cascade", False)
            inhibit_post_migrate = options.get("inhibit_post_migrate", False)
    
            self.style = no_style()
    
            # Import the 'management' module within each installed app, to register
            # dispatcher events.
            for app_config in apps.get_app_configs():
                try:
                    import_module(".management", app_config.name)
                except ImportError:
                    pass
    
            sql_list = sql_flush(
                self.style,
                connection,
                reset_sequences=reset_sequences,
                allow_cascade=allow_cascade,
            )
    
            if interactive:
                confirm = input(
                    """You have requested a flush of the database.
    This will IRREVERSIBLY DESTROY all data currently in the "%s" database,
    and return each table to an empty state.
    Are you sure you want to do this?
    
        Type 'yes' to continue, or 'no' to cancel: """
                    % connection.settings_dict["NAME"]
                )
            else:
                confirm = "yes"
    
            if confirm == "yes":
                try:
>                   connection.ops.execute_sql_flush(sql_list)

.venv\Lib\site-packages\django\core\management\commands\flush.py:74: 
_ _ _ _ _ _ _ _ _ _ _ _ _ _ _ _ _ _ _ _ _ _ _ _ _ _ _ _ _ _ _ _ _ _ _ _ _ _ _ _
.venv\Lib\site-packages\django\db\backends\base\operations.py:473: in execute_sql_flush
    cursor.execute(sql)
.venv\Lib\site-packages\django\db\backends\utils.py:79: in execute
    return self._execute_with_wrappers(
.venv\Lib\site-packages\django\db\backends\utils.py:92: in _execute_with_wrappers
    return executor(sql, params, many, context)
           ^^^^^^^^^^^^^^^^^^^^^^^^^^^^^^^^^^^^
.venv\Lib\site-packages\django\db\backends\utils.py:100: in _execute
    with self.db.wrap_database_errors:
         ^^^^^^^^^^^^^^^^^^^^^^^^^^^^
.venv\Lib\site-packages\django\db\utils.py:91: in __exit__
    raise dj_exc_value.with_traceback(traceback) from exc_value
.venv\Lib\site-packages\django\db\backends\utils.py:103: in _execute
    return self.cursor.execute(sql)
           ^^^^^^^^^^^^^^^^^^^^^^^^
_ _ _ _ _ _ _ _ _ _ _ _ _ _ _ _ _ _ _ _ _ _ _ _ _ _ _ _ _ _ _ _ _ _ _ _ _ _ _ _

self = <django.db.backends.postgresql.base.Cursor [closed] [IDLE] (host=localhost user=postgres database=test_gpp_plataform) at 0x28345127110>
query = 'TRUNCATE "auth_group", "auth_user_user_permissions", "accounts_userrole", "tblusuario", "tbltipousuario", "accounts_a... "tblstatususuario", "auth_group_permissions", "tblaplicacao", "accounts_session", "auth_permission", "accounts_role";'
params = None

    def execute(
        self,
        query: Query,
        params: Params | None = None,
        *,
        prepare: bool | None = None,
        binary: bool | None = None,
    ) -> Self:
        """
        Execute a query or command to the database.
        """
        try:
            with self._conn.lock:
                self._conn.wait(
                    self._execute_gen(query, params, prepare=prepare, binary=binary)
                )
        except e._NO_TRACEBACK as ex:
>           raise ex.with_traceback(None)
E           django.db.utils.NotSupportedError: nÒo Ú possÝvel truncar uma tabela referenciada em uma restriþÒo de chave estrangeira
E           DETAIL:  Tabela "tblusuarioresponsavel" referencia "auth_user".
E           HINT:  Trunque a tabela "tblusuarioresponsavel" ao mesmo tempo, ou use TRUNCATE ... CASCADE.

.venv\Lib\site-packages\psycopg\cursor.py:117: NotSupportedError

The above exception was the direct cause of the following exception:

request = <SubRequest '_django_db_helper' for <Function test_switch_app_sem_autenticacao_retorna_401_ou_403>>
django_db_setup = None
django_db_blocker = <pytest_django.plugin.DjangoDbBlocker object at 0x0000028342085FD0>

    @pytest.fixture
    def _django_db_helper(
        request: pytest.FixtureRequest,
        django_db_setup: None,  # noqa: ARG001
        django_db_blocker: DjangoDbBlocker,
    ) -> Generator[None, None, None]:
        if is_django_unittest(request):
            yield
            return
    
        marker = request.node.get_closest_marker("django_db")
        if marker:
            (
                transactional,
                reset_sequences,
                databases,
                serialized_rollback,
                available_apps,
            ) = validate_django_db(marker)
        else:
            (
                transactional,
                reset_sequences,
                databases,
                serialized_rollback,
                available_apps,
            ) = False, False, None, False, None
    
        transactional = (
            transactional
            or reset_sequences
            or ("transactional_db" in request.fixturenames or "live_server" in request.fixturenames)
        )
        reset_sequences = reset_sequences or ("django_db_reset_sequences" in request.fixturenames)
        serialized_rollback = serialized_rollback or (
            "django_db_serialized_rollback" in request.fixturenames
        )
    
        with django_db_blocker.unblock():
            import django.db
            import django.test
    
            if transactional:
                test_case_class = django.test.TransactionTestCase
            else:
                test_case_class = django.test.TestCase
    
            _reset_sequences = reset_sequences
            _serialized_rollback = serialized_rollback
            _databases = databases
            _available_apps = available_apps
    
            class PytestDjangoTestCase(test_case_class):  # type: ignore[misc,valid-type]
                reset_sequences = _reset_sequences
                serialized_rollback = _serialized_rollback
                if _databases is not None:
                    databases = _databases
                if _available_apps is not None:
                    available_apps = _available_apps
    
                # For non-transactional tests, skip executing `django.test.TestCase`'s
                # `setUpClass`/`tearDownClass`, only execute the super class ones.
                #
                # `TestCase`'s class setup manages the `setUpTestData`/class-level
                # transaction functionality. We don't use it; instead we (will) offer
                # our own alternatives. So it only adds overhead, and does some things
                # which conflict with our (planned) functionality, particularly, it
                # closes all database connections in `tearDownClass` which inhibits
                # wrapping tests in higher-scoped transactions.
                #
                # It's possible a new version of Django will add some unrelated
                # functionality to these methods, in which case skipping them completely
                # would not be desirable. Let's cross that bridge when we get there...
                if not transactional:
    
                    @classmethod
                    def setUpClass(cls) -> None:
                        super(django.test.TestCase, cls).setUpClass()
    
                    @classmethod
                    def tearDownClass(cls) -> None:
                        super(django.test.TestCase, cls).tearDownClass()
    
            PytestDjangoTestCase.setUpClass()
    
            test_case = PytestDjangoTestCase(methodName="__init__")
            test_case._pre_setup()
    
            yield
    
>           test_case._post_teardown()

.venv\Lib\site-packages\pytest_django\fixtures.py:296: 
_ _ _ _ _ _ _ _ _ _ _ _ _ _ _ _ _ _ _ _ _ _ _ _ _ _ _ _ _ _ _ _ _ _ _ _ _ _ _ _
.venv\Lib\site-packages\django\test\testcases.py:1227: in _post_teardown
    self._fixture_teardown()
.venv\Lib\site-packages\django\test\testcases.py:1262: in _fixture_teardown
    call_command(
.venv\Lib\site-packages\django\core\management\__init__.py:194: in call_command
    return command.execute(*args, **defaults)
           ^^^^^^^^^^^^^^^^^^^^^^^^^^^^^^^^^^
.venv\Lib\site-packages\django\core\management\base.py:460: in execute
    output = self.handle(*args, **options)
             ^^^^^^^^^^^^^^^^^^^^^^^^^^^^^
_ _ _ _ _ _ _ _ _ _ _ _ _ _ _ _ _ _ _ _ _ _ _ _ _ _ _ _ _ _ _ _ _ _ _ _ _ _ _ _

self = <django.core.management.commands.flush.Command object at 0x0000028345161C70>
options = {'allow_cascade': False, 'database': 'default', 'force_color': False, 'inhibit_post_migrate': False, ...}
database = 'default'
connection = <DatabaseWrapper vendor='postgresql' alias='default'>
verbosity = 0, interactive = False, reset_sequences = False
allow_cascade = False, inhibit_post_migrate = False

        def handle(self, **options):
            database = options["database"]
            connection = connections[database]
            verbosity = options["verbosity"]
            interactive = options["interactive"]
            # The following are stealth options used by Django's internals.
            reset_sequences = options.get("reset_sequences", True)
            allow_cascade = options.get("allow_cascade", False)
            inhibit_post_migrate = options.get("inhibit_post_migrate", False)
    
            self.style = no_style()
    
            # Import the 'management' module within each installed app, to register
            # dispatcher events.
            for app_config in apps.get_app_configs():
                try:
                    import_module(".management", app_config.name)
                except ImportError:
                    pass
    
            sql_list = sql_flush(
                self.style,
                connection,
                reset_sequences=reset_sequences,
                allow_cascade=allow_cascade,
            )
    
            if interactive:
                confirm = input(
                    """You have requested a flush of the database.
    This will IRREVERSIBLY DESTROY all data currently in the "%s" database,
    and return each table to an empty state.
    Are you sure you want to do this?
    
        Type 'yes' to continue, or 'no' to cancel: """
                    % connection.settings_dict["NAME"]
                )
            else:
                confirm = "yes"
    
            if confirm == "yes":
                try:
                    connection.ops.execute_sql_flush(sql_list)
                except Exception as exc:
>                   raise CommandError(
                        "Database %s couldn't be flushed. Possible reasons:\n"
                        "  * The database isn't running or isn't configured correctly.\n"
                        "  * At least one of the expected database tables doesn't exist.\n"
                        "  * The SQL was invalid.\n"
                        "Hint: Look at the output of 'django-admin sqlflush'. "
                        "That's the SQL this command wasn't able to run."
                        % (connection.settings_dict["NAME"],)
                    ) from exc
E                   django.core.management.base.CommandError: Database test_gpp_plataform couldn't be flushed. Possible reasons:
E                     * The database isn't running or isn't configured correctly.
E                     * At least one of the expected database tables doesn't exist.
E                     * The SQL was invalid.
E                   Hint: Look at the output of 'django-admin sqlflush'. That's the SQL this command wasn't able to run.

.venv\Lib\site-packages\django\core\management\commands\flush.py:76: CommandError
---------------------------- Captured stderr call -----------------------------
2026-03-23 15:05:44,345 [WARNING] gpp.security:38 | APP_CONTEXT_NONE path=/api/accounts/switch-app/ ù application could not be resolved, leaving as None
2026-03-23 15:05:44,345 [WARNING] gpp.security:55 | 401_UNAUTHORIZED path=/api/accounts/switch-app/ method=POST
2026-03-23 15:05:44,345 [WARNING] django.request:248 | Unauthorized: /api/accounts/switch-app/
------------------------------ Captured log call ------------------------------
WARNING  gpp.security:application_context.py:38 APP_CONTEXT_NONE path=/api/accounts/switch-app/ ù application could not be resolved, leaving as None
WARNING  gpp.security:authorization.py:55 401_UNAUTHORIZED path=/api/accounts/switch-app/ method=POST
WARNING  django.request:log.py:248 Unauthorized: /api/accounts/switch-app/
_____________ ERROR at teardown of TestMeView.test_me_retorna_200 _____________

self = <django.db.backends.utils.CursorWrapper object at 0x0000028346D40770>
sql = 'TRUNCATE "auth_group", "auth_user_user_permissions", "accounts_userrole", "tblusuario", "tbltipousuario", "accounts_a... "tblstatususuario", "auth_group_permissions", "tblaplicacao", "accounts_session", "auth_permission", "accounts_role";'
params = None
ignored_wrapper_args = (False, {'connection': <DatabaseWrapper vendor='postgresql' alias='default'>, 'cursor': <django.db.backends.utils.CursorWrapper object at 0x0000028346D40770>})

    def _execute(self, sql, params, *ignored_wrapper_args):
        # Raise a warning during app initialization (stored_app_configs is only
        # ever set during testing).
        if not apps.ready and not apps.stored_app_configs:
            warnings.warn(self.APPS_NOT_READY_WARNING_MSG, category=RuntimeWarning)
        self.db.validate_no_broken_transaction()
        with self.db.wrap_database_errors:
            if params is None:
                # params default might be backend specific.
>               return self.cursor.execute(sql)
                       ^^^^^^^^^^^^^^^^^^^^^^^^

.venv\Lib\site-packages\django\db\backends\utils.py:103: 
_ _ _ _ _ _ _ _ _ _ _ _ _ _ _ _ _ _ _ _ _ _ _ _ _ _ _ _ _ _ _ _ _ _ _ _ _ _ _ _

self = <django.db.backends.postgresql.base.Cursor [closed] [IDLE] (host=localhost user=postgres database=test_gpp_plataform) at 0x2834535db20>
query = 'TRUNCATE "auth_group", "auth_user_user_permissions", "accounts_userrole", "tblusuario", "tbltipousuario", "accounts_a... "tblstatususuario", "auth_group_permissions", "tblaplicacao", "accounts_session", "auth_permission", "accounts_role";'
params = None

    def execute(
        self,
        query: Query,
        params: Params | None = None,
        *,
        prepare: bool | None = None,
        binary: bool | None = None,
    ) -> Self:
        """
        Execute a query or command to the database.
        """
        try:
            with self._conn.lock:
                self._conn.wait(
                    self._execute_gen(query, params, prepare=prepare, binary=binary)
                )
        except e._NO_TRACEBACK as ex:
>           raise ex.with_traceback(None)
E           psycopg.errors.FeatureNotSupported: nÒo Ú possÝvel truncar uma tabela referenciada em uma restriþÒo de chave estrangeira
E           DETAIL:  Tabela "tblusuarioresponsavel" referencia "auth_user".
E           HINT:  Trunque a tabela "tblusuarioresponsavel" ao mesmo tempo, ou use TRUNCATE ... CASCADE.

.venv\Lib\site-packages\psycopg\cursor.py:117: FeatureNotSupported

The above exception was the direct cause of the following exception:

self = <django.core.management.commands.flush.Command object at 0x0000028345160230>
options = {'allow_cascade': False, 'database': 'default', 'force_color': False, 'inhibit_post_migrate': False, ...}
database = 'default'
connection = <DatabaseWrapper vendor='postgresql' alias='default'>
verbosity = 0, interactive = False, reset_sequences = False
allow_cascade = False, inhibit_post_migrate = False

        def handle(self, **options):
            database = options["database"]
            connection = connections[database]
            verbosity = options["verbosity"]
            interactive = options["interactive"]
            # The following are stealth options used by Django's internals.
            reset_sequences = options.get("reset_sequences", True)
            allow_cascade = options.get("allow_cascade", False)
            inhibit_post_migrate = options.get("inhibit_post_migrate", False)
    
            self.style = no_style()
    
            # Import the 'management' module within each installed app, to register
            # dispatcher events.
            for app_config in apps.get_app_configs():
                try:
                    import_module(".management", app_config.name)
                except ImportError:
                    pass
    
            sql_list = sql_flush(
                self.style,
                connection,
                reset_sequences=reset_sequences,
                allow_cascade=allow_cascade,
            )
    
            if interactive:
                confirm = input(
                    """You have requested a flush of the database.
    This will IRREVERSIBLY DESTROY all data currently in the "%s" database,
    and return each table to an empty state.
    Are you sure you want to do this?
    
        Type 'yes' to continue, or 'no' to cancel: """
                    % connection.settings_dict["NAME"]
                )
            else:
                confirm = "yes"
    
            if confirm == "yes":
                try:
>                   connection.ops.execute_sql_flush(sql_list)

.venv\Lib\site-packages\django\core\management\commands\flush.py:74: 
_ _ _ _ _ _ _ _ _ _ _ _ _ _ _ _ _ _ _ _ _ _ _ _ _ _ _ _ _ _ _ _ _ _ _ _ _ _ _ _
.venv\Lib\site-packages\django\db\backends\base\operations.py:473: in execute_sql_flush
    cursor.execute(sql)
.venv\Lib\site-packages\django\db\backends\utils.py:79: in execute
    return self._execute_with_wrappers(
.venv\Lib\site-packages\django\db\backends\utils.py:92: in _execute_with_wrappers
    return executor(sql, params, many, context)
           ^^^^^^^^^^^^^^^^^^^^^^^^^^^^^^^^^^^^
.venv\Lib\site-packages\django\db\backends\utils.py:100: in _execute
    with self.db.wrap_database_errors:
         ^^^^^^^^^^^^^^^^^^^^^^^^^^^^
.venv\Lib\site-packages\django\db\utils.py:91: in __exit__
    raise dj_exc_value.with_traceback(traceback) from exc_value
.venv\Lib\site-packages\django\db\backends\utils.py:103: in _execute
    return self.cursor.execute(sql)
           ^^^^^^^^^^^^^^^^^^^^^^^^
_ _ _ _ _ _ _ _ _ _ _ _ _ _ _ _ _ _ _ _ _ _ _ _ _ _ _ _ _ _ _ _ _ _ _ _ _ _ _ _

self = <django.db.backends.postgresql.base.Cursor [closed] [IDLE] (host=localhost user=postgres database=test_gpp_plataform) at 0x2834535db20>
query = 'TRUNCATE "auth_group", "auth_user_user_permissions", "accounts_userrole", "tblusuario", "tbltipousuario", "accounts_a... "tblstatususuario", "auth_group_permissions", "tblaplicacao", "accounts_session", "auth_permission", "accounts_role";'
params = None

    def execute(
        self,
        query: Query,
        params: Params | None = None,
        *,
        prepare: bool | None = None,
        binary: bool | None = None,
    ) -> Self:
        """
        Execute a query or command to the database.
        """
        try:
            with self._conn.lock:
                self._conn.wait(
                    self._execute_gen(query, params, prepare=prepare, binary=binary)
                )
        except e._NO_TRACEBACK as ex:
>           raise ex.with_traceback(None)
E           django.db.utils.NotSupportedError: nÒo Ú possÝvel truncar uma tabela referenciada em uma restriþÒo de chave estrangeira
E           DETAIL:  Tabela "tblusuarioresponsavel" referencia "auth_user".
E           HINT:  Trunque a tabela "tblusuarioresponsavel" ao mesmo tempo, ou use TRUNCATE ... CASCADE.

.venv\Lib\site-packages\psycopg\cursor.py:117: NotSupportedError

The above exception was the direct cause of the following exception:

request = <SubRequest '_django_db_helper' for <Function test_me_retorna_200>>
django_db_setup = None
django_db_blocker = <pytest_django.plugin.DjangoDbBlocker object at 0x0000028342085FD0>

    @pytest.fixture
    def _django_db_helper(
        request: pytest.FixtureRequest,
        django_db_setup: None,  # noqa: ARG001
        django_db_blocker: DjangoDbBlocker,
    ) -> Generator[None, None, None]:
        if is_django_unittest(request):
            yield
            return
    
        marker = request.node.get_closest_marker("django_db")
        if marker:
            (
                transactional,
                reset_sequences,
                databases,
                serialized_rollback,
                available_apps,
            ) = validate_django_db(marker)
        else:
            (
                transactional,
                reset_sequences,
                databases,
                serialized_rollback,
                available_apps,
            ) = False, False, None, False, None
    
        transactional = (
            transactional
            or reset_sequences
            or ("transactional_db" in request.fixturenames or "live_server" in request.fixturenames)
        )
        reset_sequences = reset_sequences or ("django_db_reset_sequences" in request.fixturenames)
        serialized_rollback = serialized_rollback or (
            "django_db_serialized_rollback" in request.fixturenames
        )
    
        with django_db_blocker.unblock():
            import django.db
            import django.test
    
            if transactional:
                test_case_class = django.test.TransactionTestCase
            else:
                test_case_class = django.test.TestCase
    
            _reset_sequences = reset_sequences
            _serialized_rollback = serialized_rollback
            _databases = databases
            _available_apps = available_apps
    
            class PytestDjangoTestCase(test_case_class):  # type: ignore[misc,valid-type]
                reset_sequences = _reset_sequences
                serialized_rollback = _serialized_rollback
                if _databases is not None:
                    databases = _databases
                if _available_apps is not None:
                    available_apps = _available_apps
    
                # For non-transactional tests, skip executing `django.test.TestCase`'s
                # `setUpClass`/`tearDownClass`, only execute the super class ones.
                #
                # `TestCase`'s class setup manages the `setUpTestData`/class-level
                # transaction functionality. We don't use it; instead we (will) offer
                # our own alternatives. So it only adds overhead, and does some things
                # which conflict with our (planned) functionality, particularly, it
                # closes all database connections in `tearDownClass` which inhibits
                # wrapping tests in higher-scoped transactions.
                #
                # It's possible a new version of Django will add some unrelated
                # functionality to these methods, in which case skipping them completely
                # would not be desirable. Let's cross that bridge when we get there...
                if not transactional:
    
                    @classmethod
                    def setUpClass(cls) -> None:
                        super(django.test.TestCase, cls).setUpClass()
    
                    @classmethod
                    def tearDownClass(cls) -> None:
                        super(django.test.TestCase, cls).tearDownClass()
    
            PytestDjangoTestCase.setUpClass()
    
            test_case = PytestDjangoTestCase(methodName="__init__")
            test_case._pre_setup()
    
            yield
    
>           test_case._post_teardown()

.venv\Lib\site-packages\pytest_django\fixtures.py:296: 
_ _ _ _ _ _ _ _ _ _ _ _ _ _ _ _ _ _ _ _ _ _ _ _ _ _ _ _ _ _ _ _ _ _ _ _ _ _ _ _
.venv\Lib\site-packages\django\test\testcases.py:1227: in _post_teardown
    self._fixture_teardown()
.venv\Lib\site-packages\django\test\testcases.py:1262: in _fixture_teardown
    call_command(
.venv\Lib\site-packages\django\core\management\__init__.py:194: in call_command
    return command.execute(*args, **defaults)
           ^^^^^^^^^^^^^^^^^^^^^^^^^^^^^^^^^^
.venv\Lib\site-packages\django\core\management\base.py:460: in execute
    output = self.handle(*args, **options)
             ^^^^^^^^^^^^^^^^^^^^^^^^^^^^^
_ _ _ _ _ _ _ _ _ _ _ _ _ _ _ _ _ _ _ _ _ _ _ _ _ _ _ _ _ _ _ _ _ _ _ _ _ _ _ _

self = <django.core.management.commands.flush.Command object at 0x0000028345160230>
options = {'allow_cascade': False, 'database': 'default', 'force_color': False, 'inhibit_post_migrate': False, ...}
database = 'default'
connection = <DatabaseWrapper vendor='postgresql' alias='default'>
verbosity = 0, interactive = False, reset_sequences = False
allow_cascade = False, inhibit_post_migrate = False

        def handle(self, **options):
            database = options["database"]
            connection = connections[database]
            verbosity = options["verbosity"]
            interactive = options["interactive"]
            # The following are stealth options used by Django's internals.
            reset_sequences = options.get("reset_sequences", True)
            allow_cascade = options.get("allow_cascade", False)
            inhibit_post_migrate = options.get("inhibit_post_migrate", False)
    
            self.style = no_style()
    
            # Import the 'management' module within each installed app, to register
            # dispatcher events.
            for app_config in apps.get_app_configs():
                try:
                    import_module(".management", app_config.name)
                except ImportError:
                    pass
    
            sql_list = sql_flush(
                self.style,
                connection,
                reset_sequences=reset_sequences,
                allow_cascade=allow_cascade,
            )
    
            if interactive:
                confirm = input(
                    """You have requested a flush of the database.
    This will IRREVERSIBLY DESTROY all data currently in the "%s" database,
    and return each table to an empty state.
    Are you sure you want to do this?
    
        Type 'yes' to continue, or 'no' to cancel: """
                    % connection.settings_dict["NAME"]
                )
            else:
                confirm = "yes"
    
            if confirm == "yes":
                try:
                    connection.ops.execute_sql_flush(sql_list)
                except Exception as exc:
>                   raise CommandError(
                        "Database %s couldn't be flushed. Possible reasons:\n"
                        "  * The database isn't running or isn't configured correctly.\n"
                        "  * At least one of the expected database tables doesn't exist.\n"
                        "  * The SQL was invalid.\n"
                        "Hint: Look at the output of 'django-admin sqlflush'. "
                        "That's the SQL this command wasn't able to run."
                        % (connection.settings_dict["NAME"],)
                    ) from exc
E                   django.core.management.base.CommandError: Database test_gpp_plataform couldn't be flushed. Possible reasons:
E                     * The database isn't running or isn't configured correctly.
E                     * At least one of the expected database tables doesn't exist.
E                     * The SQL was invalid.
E                   Hint: Look at the output of 'django-admin sqlflush'. That's the SQL this command wasn't able to run.

.venv\Lib\site-packages\django\core\management\commands\flush.py:76: CommandError
---------------------------- Captured stderr setup ----------------------------
2026-03-23 15:05:44,738 [WARNING] gpp.security:38 | APP_CONTEXT_NONE path=/api/accounts/login/ ù application could not be resolved, leaving as None
2026-03-23 15:05:45,060 [INFO] gpp.security:153 | LOGIN_SUCCESS user_id=176 username=gestor_test app_context=ACOES_PNGI session_key=lp4nt14xk3d3jyyevzmybri3y702ve3b
----------------------------- Captured log setup ------------------------------
WARNING  gpp.security:application_context.py:38 APP_CONTEXT_NONE path=/api/accounts/login/ ù application could not be resolved, leaving as None
INFO     gpp.security:views.py:153 LOGIN_SUCCESS user_id=176 username=gestor_test app_context=ACOES_PNGI session_key=lp4nt14xk3d3jyyevzmybri3y702ve3b
---------------------------- Captured stderr call -----------------------------
2026-03-23 15:05:45,065 [WARNING] gpp.security:38 | APP_CONTEXT_NONE path=/api/accounts/me/ ù application could not be resolved, leaving as None
------------------------------ Captured log call ------------------------------
WARNING  gpp.security:application_context.py:38 APP_CONTEXT_NONE path=/api/accounts/me/ ù application could not be resolved, leaving as None
______ ERROR at teardown of TestMeView.test_me_retorna_username_correto _______

self = <django.db.backends.utils.CursorWrapper object at 0x0000028346D43EF0>
sql = 'TRUNCATE "auth_group", "auth_user_user_permissions", "accounts_userrole", "tblusuario", "tbltipousuario", "accounts_a... "tblstatususuario", "auth_group_permissions", "tblaplicacao", "accounts_session", "auth_permission", "accounts_role";'
params = None
ignored_wrapper_args = (False, {'connection': <DatabaseWrapper vendor='postgresql' alias='default'>, 'cursor': <django.db.backends.utils.CursorWrapper object at 0x0000028346D43EF0>})

    def _execute(self, sql, params, *ignored_wrapper_args):
        # Raise a warning during app initialization (stored_app_configs is only
        # ever set during testing).
        if not apps.ready and not apps.stored_app_configs:
            warnings.warn(self.APPS_NOT_READY_WARNING_MSG, category=RuntimeWarning)
        self.db.validate_no_broken_transaction()
        with self.db.wrap_database_errors:
            if params is None:
                # params default might be backend specific.
>               return self.cursor.execute(sql)
                       ^^^^^^^^^^^^^^^^^^^^^^^^

.venv\Lib\site-packages\django\db\backends\utils.py:103: 
_ _ _ _ _ _ _ _ _ _ _ _ _ _ _ _ _ _ _ _ _ _ _ _ _ _ _ _ _ _ _ _ _ _ _ _ _ _ _ _

self = <django.db.backends.postgresql.base.Cursor [closed] [IDLE] (host=localhost user=postgres database=test_gpp_plataform) at 0x28344bfd160>
query = 'TRUNCATE "auth_group", "auth_user_user_permissions", "accounts_userrole", "tblusuario", "tbltipousuario", "accounts_a... "tblstatususuario", "auth_group_permissions", "tblaplicacao", "accounts_session", "auth_permission", "accounts_role";'
params = None

    def execute(
        self,
        query: Query,
        params: Params | None = None,
        *,
        prepare: bool | None = None,
        binary: bool | None = None,
    ) -> Self:
        """
        Execute a query or command to the database.
        """
        try:
            with self._conn.lock:
                self._conn.wait(
                    self._execute_gen(query, params, prepare=prepare, binary=binary)
                )
        except e._NO_TRACEBACK as ex:
>           raise ex.with_traceback(None)
E           psycopg.errors.FeatureNotSupported: nÒo Ú possÝvel truncar uma tabela referenciada em uma restriþÒo de chave estrangeira
E           DETAIL:  Tabela "tblusuarioresponsavel" referencia "auth_user".
E           HINT:  Trunque a tabela "tblusuarioresponsavel" ao mesmo tempo, ou use TRUNCATE ... CASCADE.

.venv\Lib\site-packages\psycopg\cursor.py:117: FeatureNotSupported

The above exception was the direct cause of the following exception:

self = <django.core.management.commands.flush.Command object at 0x0000028344BCEDE0>
options = {'allow_cascade': False, 'database': 'default', 'force_color': False, 'inhibit_post_migrate': False, ...}
database = 'default'
connection = <DatabaseWrapper vendor='postgresql' alias='default'>
verbosity = 0, interactive = False, reset_sequences = False
allow_cascade = False, inhibit_post_migrate = False

        def handle(self, **options):
            database = options["database"]
            connection = connections[database]
            verbosity = options["verbosity"]
            interactive = options["interactive"]
            # The following are stealth options used by Django's internals.
            reset_sequences = options.get("reset_sequences", True)
            allow_cascade = options.get("allow_cascade", False)
            inhibit_post_migrate = options.get("inhibit_post_migrate", False)
    
            self.style = no_style()
    
            # Import the 'management' module within each installed app, to register
            # dispatcher events.
            for app_config in apps.get_app_configs():
                try:
                    import_module(".management", app_config.name)
                except ImportError:
                    pass
    
            sql_list = sql_flush(
                self.style,
                connection,
                reset_sequences=reset_sequences,
                allow_cascade=allow_cascade,
            )
    
            if interactive:
                confirm = input(
                    """You have requested a flush of the database.
    This will IRREVERSIBLY DESTROY all data currently in the "%s" database,
    and return each table to an empty state.
    Are you sure you want to do this?
    
        Type 'yes' to continue, or 'no' to cancel: """
                    % connection.settings_dict["NAME"]
                )
            else:
                confirm = "yes"
    
            if confirm == "yes":
                try:
>                   connection.ops.execute_sql_flush(sql_list)

.venv\Lib\site-packages\django\core\management\commands\flush.py:74: 
_ _ _ _ _ _ _ _ _ _ _ _ _ _ _ _ _ _ _ _ _ _ _ _ _ _ _ _ _ _ _ _ _ _ _ _ _ _ _ _
.venv\Lib\site-packages\django\db\backends\base\operations.py:473: in execute_sql_flush
    cursor.execute(sql)
.venv\Lib\site-packages\django\db\backends\utils.py:79: in execute
    return self._execute_with_wrappers(
.venv\Lib\site-packages\django\db\backends\utils.py:92: in _execute_with_wrappers
    return executor(sql, params, many, context)
           ^^^^^^^^^^^^^^^^^^^^^^^^^^^^^^^^^^^^
.venv\Lib\site-packages\django\db\backends\utils.py:100: in _execute
    with self.db.wrap_database_errors:
         ^^^^^^^^^^^^^^^^^^^^^^^^^^^^
.venv\Lib\site-packages\django\db\utils.py:91: in __exit__
    raise dj_exc_value.with_traceback(traceback) from exc_value
.venv\Lib\site-packages\django\db\backends\utils.py:103: in _execute
    return self.cursor.execute(sql)
           ^^^^^^^^^^^^^^^^^^^^^^^^
_ _ _ _ _ _ _ _ _ _ _ _ _ _ _ _ _ _ _ _ _ _ _ _ _ _ _ _ _ _ _ _ _ _ _ _ _ _ _ _

self = <django.db.backends.postgresql.base.Cursor [closed] [IDLE] (host=localhost user=postgres database=test_gpp_plataform) at 0x28344bfd160>
query = 'TRUNCATE "auth_group", "auth_user_user_permissions", "accounts_userrole", "tblusuario", "tbltipousuario", "accounts_a... "tblstatususuario", "auth_group_permissions", "tblaplicacao", "accounts_session", "auth_permission", "accounts_role";'
params = None

    def execute(
        self,
        query: Query,
        params: Params | None = None,
        *,
        prepare: bool | None = None,
        binary: bool | None = None,
    ) -> Self:
        """
        Execute a query or command to the database.
        """
        try:
            with self._conn.lock:
                self._conn.wait(
                    self._execute_gen(query, params, prepare=prepare, binary=binary)
                )
        except e._NO_TRACEBACK as ex:
>           raise ex.with_traceback(None)
E           django.db.utils.NotSupportedError: nÒo Ú possÝvel truncar uma tabela referenciada em uma restriþÒo de chave estrangeira
E           DETAIL:  Tabela "tblusuarioresponsavel" referencia "auth_user".
E           HINT:  Trunque a tabela "tblusuarioresponsavel" ao mesmo tempo, ou use TRUNCATE ... CASCADE.

.venv\Lib\site-packages\psycopg\cursor.py:117: NotSupportedError

The above exception was the direct cause of the following exception:

request = <SubRequest '_django_db_helper' for <Function test_me_retorna_username_correto>>
django_db_setup = None
django_db_blocker = <pytest_django.plugin.DjangoDbBlocker object at 0x0000028342085FD0>

    @pytest.fixture
    def _django_db_helper(
        request: pytest.FixtureRequest,
        django_db_setup: None,  # noqa: ARG001
        django_db_blocker: DjangoDbBlocker,
    ) -> Generator[None, None, None]:
        if is_django_unittest(request):
            yield
            return
    
        marker = request.node.get_closest_marker("django_db")
        if marker:
            (
                transactional,
                reset_sequences,
                databases,
                serialized_rollback,
                available_apps,
            ) = validate_django_db(marker)
        else:
            (
                transactional,
                reset_sequences,
                databases,
                serialized_rollback,
                available_apps,
            ) = False, False, None, False, None
    
        transactional = (
            transactional
            or reset_sequences
            or ("transactional_db" in request.fixturenames or "live_server" in request.fixturenames)
        )
        reset_sequences = reset_sequences or ("django_db_reset_sequences" in request.fixturenames)
        serialized_rollback = serialized_rollback or (
            "django_db_serialized_rollback" in request.fixturenames
        )
    
        with django_db_blocker.unblock():
            import django.db
            import django.test
    
            if transactional:
                test_case_class = django.test.TransactionTestCase
            else:
                test_case_class = django.test.TestCase
    
            _reset_sequences = reset_sequences
            _serialized_rollback = serialized_rollback
            _databases = databases
            _available_apps = available_apps
    
            class PytestDjangoTestCase(test_case_class):  # type: ignore[misc,valid-type]
                reset_sequences = _reset_sequences
                serialized_rollback = _serialized_rollback
                if _databases is not None:
                    databases = _databases
                if _available_apps is not None:
                    available_apps = _available_apps
    
                # For non-transactional tests, skip executing `django.test.TestCase`'s
                # `setUpClass`/`tearDownClass`, only execute the super class ones.
                #
                # `TestCase`'s class setup manages the `setUpTestData`/class-level
                # transaction functionality. We don't use it; instead we (will) offer
                # our own alternatives. So it only adds overhead, and does some things
                # which conflict with our (planned) functionality, particularly, it
                # closes all database connections in `tearDownClass` which inhibits
                # wrapping tests in higher-scoped transactions.
                #
                # It's possible a new version of Django will add some unrelated
                # functionality to these methods, in which case skipping them completely
                # would not be desirable. Let's cross that bridge when we get there...
                if not transactional:
    
                    @classmethod
                    def setUpClass(cls) -> None:
                        super(django.test.TestCase, cls).setUpClass()
    
                    @classmethod
                    def tearDownClass(cls) -> None:
                        super(django.test.TestCase, cls).tearDownClass()
    
            PytestDjangoTestCase.setUpClass()
    
            test_case = PytestDjangoTestCase(methodName="__init__")
            test_case._pre_setup()
    
            yield
    
>           test_case._post_teardown()

.venv\Lib\site-packages\pytest_django\fixtures.py:296: 
_ _ _ _ _ _ _ _ _ _ _ _ _ _ _ _ _ _ _ _ _ _ _ _ _ _ _ _ _ _ _ _ _ _ _ _ _ _ _ _
.venv\Lib\site-packages\django\test\testcases.py:1227: in _post_teardown
    self._fixture_teardown()
.venv\Lib\site-packages\django\test\testcases.py:1262: in _fixture_teardown
    call_command(
.venv\Lib\site-packages\django\core\management\__init__.py:194: in call_command
    return command.execute(*args, **defaults)
           ^^^^^^^^^^^^^^^^^^^^^^^^^^^^^^^^^^
.venv\Lib\site-packages\django\core\management\base.py:460: in execute
    output = self.handle(*args, **options)
             ^^^^^^^^^^^^^^^^^^^^^^^^^^^^^
_ _ _ _ _ _ _ _ _ _ _ _ _ _ _ _ _ _ _ _ _ _ _ _ _ _ _ _ _ _ _ _ _ _ _ _ _ _ _ _

self = <django.core.management.commands.flush.Command object at 0x0000028344BCEDE0>
options = {'allow_cascade': False, 'database': 'default', 'force_color': False, 'inhibit_post_migrate': False, ...}
database = 'default'
connection = <DatabaseWrapper vendor='postgresql' alias='default'>
verbosity = 0, interactive = False, reset_sequences = False
allow_cascade = False, inhibit_post_migrate = False

        def handle(self, **options):
            database = options["database"]
            connection = connections[database]
            verbosity = options["verbosity"]
            interactive = options["interactive"]
            # The following are stealth options used by Django's internals.
            reset_sequences = options.get("reset_sequences", True)
            allow_cascade = options.get("allow_cascade", False)
            inhibit_post_migrate = options.get("inhibit_post_migrate", False)
    
            self.style = no_style()
    
            # Import the 'management' module within each installed app, to register
            # dispatcher events.
            for app_config in apps.get_app_configs():
                try:
                    import_module(".management", app_config.name)
                except ImportError:
                    pass
    
            sql_list = sql_flush(
                self.style,
                connection,
                reset_sequences=reset_sequences,
                allow_cascade=allow_cascade,
            )
    
            if interactive:
                confirm = input(
                    """You have requested a flush of the database.
    This will IRREVERSIBLY DESTROY all data currently in the "%s" database,
    and return each table to an empty state.
    Are you sure you want to do this?
    
        Type 'yes' to continue, or 'no' to cancel: """
                    % connection.settings_dict["NAME"]
                )
            else:
                confirm = "yes"
    
            if confirm == "yes":
                try:
                    connection.ops.execute_sql_flush(sql_list)
                except Exception as exc:
>                   raise CommandError(
                        "Database %s couldn't be flushed. Possible reasons:\n"
                        "  * The database isn't running or isn't configured correctly.\n"
                        "  * At least one of the expected database tables doesn't exist.\n"
                        "  * The SQL was invalid.\n"
                        "Hint: Look at the output of 'django-admin sqlflush'. "
                        "That's the SQL this command wasn't able to run."
                        % (connection.settings_dict["NAME"],)
                    ) from exc
E                   django.core.management.base.CommandError: Database test_gpp_plataform couldn't be flushed. Possible reasons:
E                     * The database isn't running or isn't configured correctly.
E                     * At least one of the expected database tables doesn't exist.
E                     * The SQL was invalid.
E                   Hint: Look at the output of 'django-admin sqlflush'. That's the SQL this command wasn't able to run.

.venv\Lib\site-packages\django\core\management\commands\flush.py:76: CommandError
---------------------------- Captured stderr setup ----------------------------
2026-03-23 15:05:45,473 [WARNING] gpp.security:38 | APP_CONTEXT_NONE path=/api/accounts/login/ ù application could not be resolved, leaving as None
2026-03-23 15:05:45,794 [INFO] gpp.security:153 | LOGIN_SUCCESS user_id=176 username=gestor_test app_context=ACOES_PNGI session_key=48ndph52gdegotubw9ouuc54muygh3fs
----------------------------- Captured log setup ------------------------------
WARNING  gpp.security:application_context.py:38 APP_CONTEXT_NONE path=/api/accounts/login/ ù application could not be resolved, leaving as None
INFO     gpp.security:views.py:153 LOGIN_SUCCESS user_id=176 username=gestor_test app_context=ACOES_PNGI session_key=48ndph52gdegotubw9ouuc54muygh3fs
---------------------------- Captured stderr call -----------------------------
2026-03-23 15:05:45,797 [WARNING] gpp.security:38 | APP_CONTEXT_NONE path=/api/accounts/me/ ù application could not be resolved, leaving as None
------------------------------ Captured log call ------------------------------
WARNING  gpp.security:application_context.py:38 APP_CONTEXT_NONE path=/api/accounts/me/ ù application could not be resolved, leaving as None
__ ERROR at teardown of TestMeView.test_me_contem_campo_roles_ou_user_roles ___

self = <django.db.backends.utils.CursorWrapper object at 0x000002834503ECF0>
sql = 'TRUNCATE "auth_group", "auth_user_user_permissions", "accounts_userrole", "tblusuario", "tbltipousuario", "accounts_a... "tblstatususuario", "auth_group_permissions", "tblaplicacao", "accounts_session", "auth_permission", "accounts_role";'
params = None
ignored_wrapper_args = (False, {'connection': <DatabaseWrapper vendor='postgresql' alias='default'>, 'cursor': <django.db.backends.utils.CursorWrapper object at 0x000002834503ECF0>})

    def _execute(self, sql, params, *ignored_wrapper_args):
        # Raise a warning during app initialization (stored_app_configs is only
        # ever set during testing).
        if not apps.ready and not apps.stored_app_configs:
            warnings.warn(self.APPS_NOT_READY_WARNING_MSG, category=RuntimeWarning)
        self.db.validate_no_broken_transaction()
        with self.db.wrap_database_errors:
            if params is None:
                # params default might be backend specific.
>               return self.cursor.execute(sql)
                       ^^^^^^^^^^^^^^^^^^^^^^^^

.venv\Lib\site-packages\django\db\backends\utils.py:103: 
_ _ _ _ _ _ _ _ _ _ _ _ _ _ _ _ _ _ _ _ _ _ _ _ _ _ _ _ _ _ _ _ _ _ _ _ _ _ _ _

self = <django.db.backends.postgresql.base.Cursor [closed] [IDLE] (host=localhost user=postgres database=test_gpp_plataform) at 0x28347188050>
query = 'TRUNCATE "auth_group", "auth_user_user_permissions", "accounts_userrole", "tblusuario", "tbltipousuario", "accounts_a... "tblstatususuario", "auth_group_permissions", "tblaplicacao", "accounts_session", "auth_permission", "accounts_role";'
params = None

    def execute(
        self,
        query: Query,
        params: Params | None = None,
        *,
        prepare: bool | None = None,
        binary: bool | None = None,
    ) -> Self:
        """
        Execute a query or command to the database.
        """
        try:
            with self._conn.lock:
                self._conn.wait(
                    self._execute_gen(query, params, prepare=prepare, binary=binary)
                )
        except e._NO_TRACEBACK as ex:
>           raise ex.with_traceback(None)
E           psycopg.errors.FeatureNotSupported: nÒo Ú possÝvel truncar uma tabela referenciada em uma restriþÒo de chave estrangeira
E           DETAIL:  Tabela "tblusuarioresponsavel" referencia "auth_user".
E           HINT:  Trunque a tabela "tblusuarioresponsavel" ao mesmo tempo, ou use TRUNCATE ... CASCADE.

.venv\Lib\site-packages\psycopg\cursor.py:117: FeatureNotSupported

The above exception was the direct cause of the following exception:

self = <django.core.management.commands.flush.Command object at 0x0000028345202450>
options = {'allow_cascade': False, 'database': 'default', 'force_color': False, 'inhibit_post_migrate': False, ...}
database = 'default'
connection = <DatabaseWrapper vendor='postgresql' alias='default'>
verbosity = 0, interactive = False, reset_sequences = False
allow_cascade = False, inhibit_post_migrate = False

        def handle(self, **options):
            database = options["database"]
            connection = connections[database]
            verbosity = options["verbosity"]
            interactive = options["interactive"]
            # The following are stealth options used by Django's internals.
            reset_sequences = options.get("reset_sequences", True)
            allow_cascade = options.get("allow_cascade", False)
            inhibit_post_migrate = options.get("inhibit_post_migrate", False)
    
            self.style = no_style()
    
            # Import the 'management' module within each installed app, to register
            # dispatcher events.
            for app_config in apps.get_app_configs():
                try:
                    import_module(".management", app_config.name)
                except ImportError:
                    pass
    
            sql_list = sql_flush(
                self.style,
                connection,
                reset_sequences=reset_sequences,
                allow_cascade=allow_cascade,
            )
    
            if interactive:
                confirm = input(
                    """You have requested a flush of the database.
    This will IRREVERSIBLY DESTROY all data currently in the "%s" database,
    and return each table to an empty state.
    Are you sure you want to do this?
    
        Type 'yes' to continue, or 'no' to cancel: """
                    % connection.settings_dict["NAME"]
                )
            else:
                confirm = "yes"
    
            if confirm == "yes":
                try:
>                   connection.ops.execute_sql_flush(sql_list)

.venv\Lib\site-packages\django\core\management\commands\flush.py:74: 
_ _ _ _ _ _ _ _ _ _ _ _ _ _ _ _ _ _ _ _ _ _ _ _ _ _ _ _ _ _ _ _ _ _ _ _ _ _ _ _
.venv\Lib\site-packages\django\db\backends\base\operations.py:473: in execute_sql_flush
    cursor.execute(sql)
.venv\Lib\site-packages\django\db\backends\utils.py:79: in execute
    return self._execute_with_wrappers(
.venv\Lib\site-packages\django\db\backends\utils.py:92: in _execute_with_wrappers
    return executor(sql, params, many, context)
           ^^^^^^^^^^^^^^^^^^^^^^^^^^^^^^^^^^^^
.venv\Lib\site-packages\django\db\backends\utils.py:100: in _execute
    with self.db.wrap_database_errors:
         ^^^^^^^^^^^^^^^^^^^^^^^^^^^^
.venv\Lib\site-packages\django\db\utils.py:91: in __exit__
    raise dj_exc_value.with_traceback(traceback) from exc_value
.venv\Lib\site-packages\django\db\backends\utils.py:103: in _execute
    return self.cursor.execute(sql)
           ^^^^^^^^^^^^^^^^^^^^^^^^
_ _ _ _ _ _ _ _ _ _ _ _ _ _ _ _ _ _ _ _ _ _ _ _ _ _ _ _ _ _ _ _ _ _ _ _ _ _ _ _

self = <django.db.backends.postgresql.base.Cursor [closed] [IDLE] (host=localhost user=postgres database=test_gpp_plataform) at 0x28347188050>
query = 'TRUNCATE "auth_group", "auth_user_user_permissions", "accounts_userrole", "tblusuario", "tbltipousuario", "accounts_a... "tblstatususuario", "auth_group_permissions", "tblaplicacao", "accounts_session", "auth_permission", "accounts_role";'
params = None

    def execute(
        self,
        query: Query,
        params: Params | None = None,
        *,
        prepare: bool | None = None,
        binary: bool | None = None,
    ) -> Self:
        """
        Execute a query or command to the database.
        """
        try:
            with self._conn.lock:
                self._conn.wait(
                    self._execute_gen(query, params, prepare=prepare, binary=binary)
                )
        except e._NO_TRACEBACK as ex:
>           raise ex.with_traceback(None)
E           django.db.utils.NotSupportedError: nÒo Ú possÝvel truncar uma tabela referenciada em uma restriþÒo de chave estrangeira
E           DETAIL:  Tabela "tblusuarioresponsavel" referencia "auth_user".
E           HINT:  Trunque a tabela "tblusuarioresponsavel" ao mesmo tempo, ou use TRUNCATE ... CASCADE.

.venv\Lib\site-packages\psycopg\cursor.py:117: NotSupportedError

The above exception was the direct cause of the following exception:

request = <SubRequest '_django_db_helper' for <Function test_me_contem_campo_roles_ou_user_roles>>
django_db_setup = None
django_db_blocker = <pytest_django.plugin.DjangoDbBlocker object at 0x0000028342085FD0>

    @pytest.fixture
    def _django_db_helper(
        request: pytest.FixtureRequest,
        django_db_setup: None,  # noqa: ARG001
        django_db_blocker: DjangoDbBlocker,
    ) -> Generator[None, None, None]:
        if is_django_unittest(request):
            yield
            return
    
        marker = request.node.get_closest_marker("django_db")
        if marker:
            (
                transactional,
                reset_sequences,
                databases,
                serialized_rollback,
                available_apps,
            ) = validate_django_db(marker)
        else:
            (
                transactional,
                reset_sequences,
                databases,
                serialized_rollback,
                available_apps,
            ) = False, False, None, False, None
    
        transactional = (
            transactional
            or reset_sequences
            or ("transactional_db" in request.fixturenames or "live_server" in request.fixturenames)
        )
        reset_sequences = reset_sequences or ("django_db_reset_sequences" in request.fixturenames)
        serialized_rollback = serialized_rollback or (
            "django_db_serialized_rollback" in request.fixturenames
        )
    
        with django_db_blocker.unblock():
            import django.db
            import django.test
    
            if transactional:
                test_case_class = django.test.TransactionTestCase
            else:
                test_case_class = django.test.TestCase
    
            _reset_sequences = reset_sequences
            _serialized_rollback = serialized_rollback
            _databases = databases
            _available_apps = available_apps
    
            class PytestDjangoTestCase(test_case_class):  # type: ignore[misc,valid-type]
                reset_sequences = _reset_sequences
                serialized_rollback = _serialized_rollback
                if _databases is not None:
                    databases = _databases
                if _available_apps is not None:
                    available_apps = _available_apps
    
                # For non-transactional tests, skip executing `django.test.TestCase`'s
                # `setUpClass`/`tearDownClass`, only execute the super class ones.
                #
                # `TestCase`'s class setup manages the `setUpTestData`/class-level
                # transaction functionality. We don't use it; instead we (will) offer
                # our own alternatives. So it only adds overhead, and does some things
                # which conflict with our (planned) functionality, particularly, it
                # closes all database connections in `tearDownClass` which inhibits
                # wrapping tests in higher-scoped transactions.
                #
                # It's possible a new version of Django will add some unrelated
                # functionality to these methods, in which case skipping them completely
                # would not be desirable. Let's cross that bridge when we get there...
                if not transactional:
    
                    @classmethod
                    def setUpClass(cls) -> None:
                        super(django.test.TestCase, cls).setUpClass()
    
                    @classmethod
                    def tearDownClass(cls) -> None:
                        super(django.test.TestCase, cls).tearDownClass()
    
            PytestDjangoTestCase.setUpClass()
    
            test_case = PytestDjangoTestCase(methodName="__init__")
            test_case._pre_setup()
    
            yield
    
>           test_case._post_teardown()

.venv\Lib\site-packages\pytest_django\fixtures.py:296: 
_ _ _ _ _ _ _ _ _ _ _ _ _ _ _ _ _ _ _ _ _ _ _ _ _ _ _ _ _ _ _ _ _ _ _ _ _ _ _ _
.venv\Lib\site-packages\django\test\testcases.py:1227: in _post_teardown
    self._fixture_teardown()
.venv\Lib\site-packages\django\test\testcases.py:1262: in _fixture_teardown
    call_command(
.venv\Lib\site-packages\django\core\management\__init__.py:194: in call_command
    return command.execute(*args, **defaults)
           ^^^^^^^^^^^^^^^^^^^^^^^^^^^^^^^^^^
.venv\Lib\site-packages\django\core\management\base.py:460: in execute
    output = self.handle(*args, **options)
             ^^^^^^^^^^^^^^^^^^^^^^^^^^^^^
_ _ _ _ _ _ _ _ _ _ _ _ _ _ _ _ _ _ _ _ _ _ _ _ _ _ _ _ _ _ _ _ _ _ _ _ _ _ _ _

self = <django.core.management.commands.flush.Command object at 0x0000028345202450>
options = {'allow_cascade': False, 'database': 'default', 'force_color': False, 'inhibit_post_migrate': False, ...}
database = 'default'
connection = <DatabaseWrapper vendor='postgresql' alias='default'>
verbosity = 0, interactive = False, reset_sequences = False
allow_cascade = False, inhibit_post_migrate = False

        def handle(self, **options):
            database = options["database"]
            connection = connections[database]
            verbosity = options["verbosity"]
            interactive = options["interactive"]
            # The following are stealth options used by Django's internals.
            reset_sequences = options.get("reset_sequences", True)
            allow_cascade = options.get("allow_cascade", False)
            inhibit_post_migrate = options.get("inhibit_post_migrate", False)
    
            self.style = no_style()
    
            # Import the 'management' module within each installed app, to register
            # dispatcher events.
            for app_config in apps.get_app_configs():
                try:
                    import_module(".management", app_config.name)
                except ImportError:
                    pass
    
            sql_list = sql_flush(
                self.style,
                connection,
                reset_sequences=reset_sequences,
                allow_cascade=allow_cascade,
            )
    
            if interactive:
                confirm = input(
                    """You have requested a flush of the database.
    This will IRREVERSIBLY DESTROY all data currently in the "%s" database,
    and return each table to an empty state.
    Are you sure you want to do this?
    
        Type 'yes' to continue, or 'no' to cancel: """
                    % connection.settings_dict["NAME"]
                )
            else:
                confirm = "yes"
    
            if confirm == "yes":
                try:
                    connection.ops.execute_sql_flush(sql_list)
                except Exception as exc:
>                   raise CommandError(
                        "Database %s couldn't be flushed. Possible reasons:\n"
                        "  * The database isn't running or isn't configured correctly.\n"
                        "  * At least one of the expected database tables doesn't exist.\n"
                        "  * The SQL was invalid.\n"
                        "Hint: Look at the output of 'django-admin sqlflush'. "
                        "That's the SQL this command wasn't able to run."
                        % (connection.settings_dict["NAME"],)
                    ) from exc
E                   django.core.management.base.CommandError: Database test_gpp_plataform couldn't be flushed. Possible reasons:
E                     * The database isn't running or isn't configured correctly.
E                     * At least one of the expected database tables doesn't exist.
E                     * The SQL was invalid.
E                   Hint: Look at the output of 'django-admin sqlflush'. That's the SQL this command wasn't able to run.

.venv\Lib\site-packages\django\core\management\commands\flush.py:76: CommandError
---------------------------- Captured stderr setup ----------------------------
2026-03-23 15:05:46,201 [WARNING] gpp.security:38 | APP_CONTEXT_NONE path=/api/accounts/login/ ù application could not be resolved, leaving as None
2026-03-23 15:05:46,519 [INFO] gpp.security:153 | LOGIN_SUCCESS user_id=176 username=gestor_test app_context=ACOES_PNGI session_key=kc46izd8pxnlxy6lxf89do148wun83vp
----------------------------- Captured log setup ------------------------------
WARNING  gpp.security:application_context.py:38 APP_CONTEXT_NONE path=/api/accounts/login/ ù application could not be resolved, leaving as None
INFO     gpp.security:views.py:153 LOGIN_SUCCESS user_id=176 username=gestor_test app_context=ACOES_PNGI session_key=kc46izd8pxnlxy6lxf89do148wun83vp
---------------------------- Captured stderr call -----------------------------
2026-03-23 15:05:46,523 [WARNING] gpp.security:38 | APP_CONTEXT_NONE path=/api/accounts/me/ ù application could not be resolved, leaving as None
------------------------------ Captured log call ------------------------------
WARNING  gpp.security:application_context.py:38 APP_CONTEXT_NONE path=/api/accounts/me/ ù application could not be resolved, leaving as None
_ ERROR at teardown of TestMeView.test_me_coordenador_retorna_dados_corretos __

self = <django.db.backends.utils.CursorWrapper object at 0x000002834517D730>
sql = 'TRUNCATE "auth_group", "auth_user_user_permissions", "accounts_userrole", "tblusuario", "tbltipousuario", "accounts_a... "tblstatususuario", "auth_group_permissions", "tblaplicacao", "accounts_session", "auth_permission", "accounts_role";'
params = None
ignored_wrapper_args = (False, {'connection': <DatabaseWrapper vendor='postgresql' alias='default'>, 'cursor': <django.db.backends.utils.CursorWrapper object at 0x000002834517D730>})

    def _execute(self, sql, params, *ignored_wrapper_args):
        # Raise a warning during app initialization (stored_app_configs is only
        # ever set during testing).
        if not apps.ready and not apps.stored_app_configs:
            warnings.warn(self.APPS_NOT_READY_WARNING_MSG, category=RuntimeWarning)
        self.db.validate_no_broken_transaction()
        with self.db.wrap_database_errors:
            if params is None:
                # params default might be backend specific.
>               return self.cursor.execute(sql)
                       ^^^^^^^^^^^^^^^^^^^^^^^^

.venv\Lib\site-packages\django\db\backends\utils.py:103: 
_ _ _ _ _ _ _ _ _ _ _ _ _ _ _ _ _ _ _ _ _ _ _ _ _ _ _ _ _ _ _ _ _ _ _ _ _ _ _ _

self = <django.db.backends.postgresql.base.Cursor [closed] [IDLE] (host=localhost user=postgres database=test_gpp_plataform) at 0x28346d775f0>
query = 'TRUNCATE "auth_group", "auth_user_user_permissions", "accounts_userrole", "tblusuario", "tbltipousuario", "accounts_a... "tblstatususuario", "auth_group_permissions", "tblaplicacao", "accounts_session", "auth_permission", "accounts_role";'
params = None

    def execute(
        self,
        query: Query,
        params: Params | None = None,
        *,
        prepare: bool | None = None,
        binary: bool | None = None,
    ) -> Self:
        """
        Execute a query or command to the database.
        """
        try:
            with self._conn.lock:
                self._conn.wait(
                    self._execute_gen(query, params, prepare=prepare, binary=binary)
                )
        except e._NO_TRACEBACK as ex:
>           raise ex.with_traceback(None)
E           psycopg.errors.FeatureNotSupported: nÒo Ú possÝvel truncar uma tabela referenciada em uma restriþÒo de chave estrangeira
E           DETAIL:  Tabela "tblusuarioresponsavel" referencia "auth_user".
E           HINT:  Trunque a tabela "tblusuarioresponsavel" ao mesmo tempo, ou use TRUNCATE ... CASCADE.

.venv\Lib\site-packages\psycopg\cursor.py:117: FeatureNotSupported

The above exception was the direct cause of the following exception:

self = <django.core.management.commands.flush.Command object at 0x000002834537C450>
options = {'allow_cascade': False, 'database': 'default', 'force_color': False, 'inhibit_post_migrate': False, ...}
database = 'default'
connection = <DatabaseWrapper vendor='postgresql' alias='default'>
verbosity = 0, interactive = False, reset_sequences = False
allow_cascade = False, inhibit_post_migrate = False

        def handle(self, **options):
            database = options["database"]
            connection = connections[database]
            verbosity = options["verbosity"]
            interactive = options["interactive"]
            # The following are stealth options used by Django's internals.
            reset_sequences = options.get("reset_sequences", True)
            allow_cascade = options.get("allow_cascade", False)
            inhibit_post_migrate = options.get("inhibit_post_migrate", False)
    
            self.style = no_style()
    
            # Import the 'management' module within each installed app, to register
            # dispatcher events.
            for app_config in apps.get_app_configs():
                try:
                    import_module(".management", app_config.name)
                except ImportError:
                    pass
    
            sql_list = sql_flush(
                self.style,
                connection,
                reset_sequences=reset_sequences,
                allow_cascade=allow_cascade,
            )
    
            if interactive:
                confirm = input(
                    """You have requested a flush of the database.
    This will IRREVERSIBLY DESTROY all data currently in the "%s" database,
    and return each table to an empty state.
    Are you sure you want to do this?
    
        Type 'yes' to continue, or 'no' to cancel: """
                    % connection.settings_dict["NAME"]
                )
            else:
                confirm = "yes"
    
            if confirm == "yes":
                try:
>                   connection.ops.execute_sql_flush(sql_list)

.venv\Lib\site-packages\django\core\management\commands\flush.py:74: 
_ _ _ _ _ _ _ _ _ _ _ _ _ _ _ _ _ _ _ _ _ _ _ _ _ _ _ _ _ _ _ _ _ _ _ _ _ _ _ _
.venv\Lib\site-packages\django\db\backends\base\operations.py:473: in execute_sql_flush
    cursor.execute(sql)
.venv\Lib\site-packages\django\db\backends\utils.py:79: in execute
    return self._execute_with_wrappers(
.venv\Lib\site-packages\django\db\backends\utils.py:92: in _execute_with_wrappers
    return executor(sql, params, many, context)
           ^^^^^^^^^^^^^^^^^^^^^^^^^^^^^^^^^^^^
.venv\Lib\site-packages\django\db\backends\utils.py:100: in _execute
    with self.db.wrap_database_errors:
         ^^^^^^^^^^^^^^^^^^^^^^^^^^^^
.venv\Lib\site-packages\django\db\utils.py:91: in __exit__
    raise dj_exc_value.with_traceback(traceback) from exc_value
.venv\Lib\site-packages\django\db\backends\utils.py:103: in _execute
    return self.cursor.execute(sql)
           ^^^^^^^^^^^^^^^^^^^^^^^^
_ _ _ _ _ _ _ _ _ _ _ _ _ _ _ _ _ _ _ _ _ _ _ _ _ _ _ _ _ _ _ _ _ _ _ _ _ _ _ _

self = <django.db.backends.postgresql.base.Cursor [closed] [IDLE] (host=localhost user=postgres database=test_gpp_plataform) at 0x28346d775f0>
query = 'TRUNCATE "auth_group", "auth_user_user_permissions", "accounts_userrole", "tblusuario", "tbltipousuario", "accounts_a... "tblstatususuario", "auth_group_permissions", "tblaplicacao", "accounts_session", "auth_permission", "accounts_role";'
params = None

    def execute(
        self,
        query: Query,
        params: Params | None = None,
        *,
        prepare: bool | None = None,
        binary: bool | None = None,
    ) -> Self:
        """
        Execute a query or command to the database.
        """
        try:
            with self._conn.lock:
                self._conn.wait(
                    self._execute_gen(query, params, prepare=prepare, binary=binary)
                )
        except e._NO_TRACEBACK as ex:
>           raise ex.with_traceback(None)
E           django.db.utils.NotSupportedError: nÒo Ú possÝvel truncar uma tabela referenciada em uma restriþÒo de chave estrangeira
E           DETAIL:  Tabela "tblusuarioresponsavel" referencia "auth_user".
E           HINT:  Trunque a tabela "tblusuarioresponsavel" ao mesmo tempo, ou use TRUNCATE ... CASCADE.

.venv\Lib\site-packages\psycopg\cursor.py:117: NotSupportedError

The above exception was the direct cause of the following exception:

request = <SubRequest '_django_db_helper' for <Function test_me_coordenador_retorna_dados_corretos>>
django_db_setup = None
django_db_blocker = <pytest_django.plugin.DjangoDbBlocker object at 0x0000028342085FD0>

    @pytest.fixture
    def _django_db_helper(
        request: pytest.FixtureRequest,
        django_db_setup: None,  # noqa: ARG001
        django_db_blocker: DjangoDbBlocker,
    ) -> Generator[None, None, None]:
        if is_django_unittest(request):
            yield
            return
    
        marker = request.node.get_closest_marker("django_db")
        if marker:
            (
                transactional,
                reset_sequences,
                databases,
                serialized_rollback,
                available_apps,
            ) = validate_django_db(marker)
        else:
            (
                transactional,
                reset_sequences,
                databases,
                serialized_rollback,
                available_apps,
            ) = False, False, None, False, None
    
        transactional = (
            transactional
            or reset_sequences
            or ("transactional_db" in request.fixturenames or "live_server" in request.fixturenames)
        )
        reset_sequences = reset_sequences or ("django_db_reset_sequences" in request.fixturenames)
        serialized_rollback = serialized_rollback or (
            "django_db_serialized_rollback" in request.fixturenames
        )
    
        with django_db_blocker.unblock():
            import django.db
            import django.test
    
            if transactional:
                test_case_class = django.test.TransactionTestCase
            else:
                test_case_class = django.test.TestCase
    
            _reset_sequences = reset_sequences
            _serialized_rollback = serialized_rollback
            _databases = databases
            _available_apps = available_apps
    
            class PytestDjangoTestCase(test_case_class):  # type: ignore[misc,valid-type]
                reset_sequences = _reset_sequences
                serialized_rollback = _serialized_rollback
                if _databases is not None:
                    databases = _databases
                if _available_apps is not None:
                    available_apps = _available_apps
    
                # For non-transactional tests, skip executing `django.test.TestCase`'s
                # `setUpClass`/`tearDownClass`, only execute the super class ones.
                #
                # `TestCase`'s class setup manages the `setUpTestData`/class-level
                # transaction functionality. We don't use it; instead we (will) offer
                # our own alternatives. So it only adds overhead, and does some things
                # which conflict with our (planned) functionality, particularly, it
                # closes all database connections in `tearDownClass` which inhibits
                # wrapping tests in higher-scoped transactions.
                #
                # It's possible a new version of Django will add some unrelated
                # functionality to these methods, in which case skipping them completely
                # would not be desirable. Let's cross that bridge when we get there...
                if not transactional:
    
                    @classmethod
                    def setUpClass(cls) -> None:
                        super(django.test.TestCase, cls).setUpClass()
    
                    @classmethod
                    def tearDownClass(cls) -> None:
                        super(django.test.TestCase, cls).tearDownClass()
    
            PytestDjangoTestCase.setUpClass()
    
            test_case = PytestDjangoTestCase(methodName="__init__")
            test_case._pre_setup()
    
            yield
    
>           test_case._post_teardown()

.venv\Lib\site-packages\pytest_django\fixtures.py:296: 
_ _ _ _ _ _ _ _ _ _ _ _ _ _ _ _ _ _ _ _ _ _ _ _ _ _ _ _ _ _ _ _ _ _ _ _ _ _ _ _
.venv\Lib\site-packages\django\test\testcases.py:1227: in _post_teardown
    self._fixture_teardown()
.venv\Lib\site-packages\django\test\testcases.py:1262: in _fixture_teardown
    call_command(
.venv\Lib\site-packages\django\core\management\__init__.py:194: in call_command
    return command.execute(*args, **defaults)
           ^^^^^^^^^^^^^^^^^^^^^^^^^^^^^^^^^^
.venv\Lib\site-packages\django\core\management\base.py:460: in execute
    output = self.handle(*args, **options)
             ^^^^^^^^^^^^^^^^^^^^^^^^^^^^^
_ _ _ _ _ _ _ _ _ _ _ _ _ _ _ _ _ _ _ _ _ _ _ _ _ _ _ _ _ _ _ _ _ _ _ _ _ _ _ _

self = <django.core.management.commands.flush.Command object at 0x000002834537C450>
options = {'allow_cascade': False, 'database': 'default', 'force_color': False, 'inhibit_post_migrate': False, ...}
database = 'default'
connection = <DatabaseWrapper vendor='postgresql' alias='default'>
verbosity = 0, interactive = False, reset_sequences = False
allow_cascade = False, inhibit_post_migrate = False

        def handle(self, **options):
            database = options["database"]
            connection = connections[database]
            verbosity = options["verbosity"]
            interactive = options["interactive"]
            # The following are stealth options used by Django's internals.
            reset_sequences = options.get("reset_sequences", True)
            allow_cascade = options.get("allow_cascade", False)
            inhibit_post_migrate = options.get("inhibit_post_migrate", False)
    
            self.style = no_style()
    
            # Import the 'management' module within each installed app, to register
            # dispatcher events.
            for app_config in apps.get_app_configs():
                try:
                    import_module(".management", app_config.name)
                except ImportError:
                    pass
    
            sql_list = sql_flush(
                self.style,
                connection,
                reset_sequences=reset_sequences,
                allow_cascade=allow_cascade,
            )
    
            if interactive:
                confirm = input(
                    """You have requested a flush of the database.
    This will IRREVERSIBLY DESTROY all data currently in the "%s" database,
    and return each table to an empty state.
    Are you sure you want to do this?
    
        Type 'yes' to continue, or 'no' to cancel: """
                    % connection.settings_dict["NAME"]
                )
            else:
                confirm = "yes"
    
            if confirm == "yes":
                try:
                    connection.ops.execute_sql_flush(sql_list)
                except Exception as exc:
>                   raise CommandError(
                        "Database %s couldn't be flushed. Possible reasons:\n"
                        "  * The database isn't running or isn't configured correctly.\n"
                        "  * At least one of the expected database tables doesn't exist.\n"
                        "  * The SQL was invalid.\n"
                        "Hint: Look at the output of 'django-admin sqlflush'. "
                        "That's the SQL this command wasn't able to run."
                        % (connection.settings_dict["NAME"],)
                    ) from exc
E                   django.core.management.base.CommandError: Database test_gpp_plataform couldn't be flushed. Possible reasons:
E                     * The database isn't running or isn't configured correctly.
E                     * At least one of the expected database tables doesn't exist.
E                     * The SQL was invalid.
E                   Hint: Look at the output of 'django-admin sqlflush'. That's the SQL this command wasn't able to run.

.venv\Lib\site-packages\django\core\management\commands\flush.py:76: CommandError
---------------------------- Captured stderr setup ----------------------------
2026-03-23 15:05:46,936 [WARNING] gpp.security:38 | APP_CONTEXT_NONE path=/api/accounts/login/ ù application could not be resolved, leaving as None
2026-03-23 15:05:47,258 [INFO] gpp.security:153 | LOGIN_SUCCESS user_id=180 username=coordenador_test app_context=ACOES_PNGI session_key=s630wqlxhapr51bi2sruky1979q0k2qt
----------------------------- Captured log setup ------------------------------
WARNING  gpp.security:application_context.py:38 APP_CONTEXT_NONE path=/api/accounts/login/ ù application could not be resolved, leaving as None
INFO     gpp.security:views.py:153 LOGIN_SUCCESS user_id=180 username=coordenador_test app_context=ACOES_PNGI session_key=s630wqlxhapr51bi2sruky1979q0k2qt
---------------------------- Captured stderr call -----------------------------
2026-03-23 15:05:47,263 [WARNING] gpp.security:38 | APP_CONTEXT_NONE path=/api/accounts/me/ ù application could not be resolved, leaving as None
2026-03-23 15:05:47,264 [INFO] gpp.security:116 | ROLES_LOADED user_id=180 app=none roles=['COORDENADOR_PNGI'] is_admin=False
------------------------------ Captured log call ------------------------------
WARNING  gpp.security:application_context.py:38 APP_CONTEXT_NONE path=/api/accounts/me/ ù application could not be resolved, leaving as None
INFO     gpp.security:role_context.py:116 ROLES_LOADED user_id=180 app=none roles=['COORDENADOR_PNGI'] is_admin=False
_ ERROR at teardown of TestMeView.test_me_nao_autenticado_retorna_401_ou_403 __

self = <django.db.backends.utils.CursorWrapper object at 0x0000028346D38290>
sql = 'TRUNCATE "auth_group", "auth_user_user_permissions", "accounts_userrole", "tblusuario", "tbltipousuario", "accounts_a... "tblstatususuario", "auth_group_permissions", "tblaplicacao", "accounts_session", "auth_permission", "accounts_role";'
params = None
ignored_wrapper_args = (False, {'connection': <DatabaseWrapper vendor='postgresql' alias='default'>, 'cursor': <django.db.backends.utils.CursorWrapper object at 0x0000028346D38290>})

    def _execute(self, sql, params, *ignored_wrapper_args):
        # Raise a warning during app initialization (stored_app_configs is only
        # ever set during testing).
        if not apps.ready and not apps.stored_app_configs:
            warnings.warn(self.APPS_NOT_READY_WARNING_MSG, category=RuntimeWarning)
        self.db.validate_no_broken_transaction()
        with self.db.wrap_database_errors:
            if params is None:
                # params default might be backend specific.
>               return self.cursor.execute(sql)
                       ^^^^^^^^^^^^^^^^^^^^^^^^

.venv\Lib\site-packages\django\db\backends\utils.py:103: 
_ _ _ _ _ _ _ _ _ _ _ _ _ _ _ _ _ _ _ _ _ _ _ _ _ _ _ _ _ _ _ _ _ _ _ _ _ _ _ _

self = <django.db.backends.postgresql.base.Cursor [closed] [IDLE] (host=localhost user=postgres database=test_gpp_plataform) at 0x283458cce20>
query = 'TRUNCATE "auth_group", "auth_user_user_permissions", "accounts_userrole", "tblusuario", "tbltipousuario", "accounts_a... "tblstatususuario", "auth_group_permissions", "tblaplicacao", "accounts_session", "auth_permission", "accounts_role";'
params = None

    def execute(
        self,
        query: Query,
        params: Params | None = None,
        *,
        prepare: bool | None = None,
        binary: bool | None = None,
    ) -> Self:
        """
        Execute a query or command to the database.
        """
        try:
            with self._conn.lock:
                self._conn.wait(
                    self._execute_gen(query, params, prepare=prepare, binary=binary)
                )
        except e._NO_TRACEBACK as ex:
>           raise ex.with_traceback(None)
E           psycopg.errors.FeatureNotSupported: nÒo Ú possÝvel truncar uma tabela referenciada em uma restriþÒo de chave estrangeira
E           DETAIL:  Tabela "tblusuarioresponsavel" referencia "auth_user".
E           HINT:  Trunque a tabela "tblusuarioresponsavel" ao mesmo tempo, ou use TRUNCATE ... CASCADE.

.venv\Lib\site-packages\psycopg\cursor.py:117: FeatureNotSupported

The above exception was the direct cause of the following exception:

self = <django.core.management.commands.flush.Command object at 0x0000028344C41240>
options = {'allow_cascade': False, 'database': 'default', 'force_color': False, 'inhibit_post_migrate': False, ...}
database = 'default'
connection = <DatabaseWrapper vendor='postgresql' alias='default'>
verbosity = 0, interactive = False, reset_sequences = False
allow_cascade = False, inhibit_post_migrate = False

        def handle(self, **options):
            database = options["database"]
            connection = connections[database]
            verbosity = options["verbosity"]
            interactive = options["interactive"]
            # The following are stealth options used by Django's internals.
            reset_sequences = options.get("reset_sequences", True)
            allow_cascade = options.get("allow_cascade", False)
            inhibit_post_migrate = options.get("inhibit_post_migrate", False)
    
            self.style = no_style()
    
            # Import the 'management' module within each installed app, to register
            # dispatcher events.
            for app_config in apps.get_app_configs():
                try:
                    import_module(".management", app_config.name)
                except ImportError:
                    pass
    
            sql_list = sql_flush(
                self.style,
                connection,
                reset_sequences=reset_sequences,
                allow_cascade=allow_cascade,
            )
    
            if interactive:
                confirm = input(
                    """You have requested a flush of the database.
    This will IRREVERSIBLY DESTROY all data currently in the "%s" database,
    and return each table to an empty state.
    Are you sure you want to do this?
    
        Type 'yes' to continue, or 'no' to cancel: """
                    % connection.settings_dict["NAME"]
                )
            else:
                confirm = "yes"
    
            if confirm == "yes":
                try:
>                   connection.ops.execute_sql_flush(sql_list)

.venv\Lib\site-packages\django\core\management\commands\flush.py:74: 
_ _ _ _ _ _ _ _ _ _ _ _ _ _ _ _ _ _ _ _ _ _ _ _ _ _ _ _ _ _ _ _ _ _ _ _ _ _ _ _
.venv\Lib\site-packages\django\db\backends\base\operations.py:473: in execute_sql_flush
    cursor.execute(sql)
.venv\Lib\site-packages\django\db\backends\utils.py:79: in execute
    return self._execute_with_wrappers(
.venv\Lib\site-packages\django\db\backends\utils.py:92: in _execute_with_wrappers
    return executor(sql, params, many, context)
           ^^^^^^^^^^^^^^^^^^^^^^^^^^^^^^^^^^^^
.venv\Lib\site-packages\django\db\backends\utils.py:100: in _execute
    with self.db.wrap_database_errors:
         ^^^^^^^^^^^^^^^^^^^^^^^^^^^^
.venv\Lib\site-packages\django\db\utils.py:91: in __exit__
    raise dj_exc_value.with_traceback(traceback) from exc_value
.venv\Lib\site-packages\django\db\backends\utils.py:103: in _execute
    return self.cursor.execute(sql)
           ^^^^^^^^^^^^^^^^^^^^^^^^
_ _ _ _ _ _ _ _ _ _ _ _ _ _ _ _ _ _ _ _ _ _ _ _ _ _ _ _ _ _ _ _ _ _ _ _ _ _ _ _

self = <django.db.backends.postgresql.base.Cursor [closed] [IDLE] (host=localhost user=postgres database=test_gpp_plataform) at 0x283458cce20>
query = 'TRUNCATE "auth_group", "auth_user_user_permissions", "accounts_userrole", "tblusuario", "tbltipousuario", "accounts_a... "tblstatususuario", "auth_group_permissions", "tblaplicacao", "accounts_session", "auth_permission", "accounts_role";'
params = None

    def execute(
        self,
        query: Query,
        params: Params | None = None,
        *,
        prepare: bool | None = None,
        binary: bool | None = None,
    ) -> Self:
        """
        Execute a query or command to the database.
        """
        try:
            with self._conn.lock:
                self._conn.wait(
                    self._execute_gen(query, params, prepare=prepare, binary=binary)
                )
        except e._NO_TRACEBACK as ex:
>           raise ex.with_traceback(None)
E           django.db.utils.NotSupportedError: nÒo Ú possÝvel truncar uma tabela referenciada em uma restriþÒo de chave estrangeira
E           DETAIL:  Tabela "tblusuarioresponsavel" referencia "auth_user".
E           HINT:  Trunque a tabela "tblusuarioresponsavel" ao mesmo tempo, ou use TRUNCATE ... CASCADE.

.venv\Lib\site-packages\psycopg\cursor.py:117: NotSupportedError

The above exception was the direct cause of the following exception:

request = <SubRequest '_django_db_helper' for <Function test_me_nao_autenticado_retorna_401_ou_403>>
django_db_setup = None
django_db_blocker = <pytest_django.plugin.DjangoDbBlocker object at 0x0000028342085FD0>

    @pytest.fixture
    def _django_db_helper(
        request: pytest.FixtureRequest,
        django_db_setup: None,  # noqa: ARG001
        django_db_blocker: DjangoDbBlocker,
    ) -> Generator[None, None, None]:
        if is_django_unittest(request):
            yield
            return
    
        marker = request.node.get_closest_marker("django_db")
        if marker:
            (
                transactional,
                reset_sequences,
                databases,
                serialized_rollback,
                available_apps,
            ) = validate_django_db(marker)
        else:
            (
                transactional,
                reset_sequences,
                databases,
                serialized_rollback,
                available_apps,
            ) = False, False, None, False, None
    
        transactional = (
            transactional
            or reset_sequences
            or ("transactional_db" in request.fixturenames or "live_server" in request.fixturenames)
        )
        reset_sequences = reset_sequences or ("django_db_reset_sequences" in request.fixturenames)
        serialized_rollback = serialized_rollback or (
            "django_db_serialized_rollback" in request.fixturenames
        )
    
        with django_db_blocker.unblock():
            import django.db
            import django.test
    
            if transactional:
                test_case_class = django.test.TransactionTestCase
            else:
                test_case_class = django.test.TestCase
    
            _reset_sequences = reset_sequences
            _serialized_rollback = serialized_rollback
            _databases = databases
            _available_apps = available_apps
    
            class PytestDjangoTestCase(test_case_class):  # type: ignore[misc,valid-type]
                reset_sequences = _reset_sequences
                serialized_rollback = _serialized_rollback
                if _databases is not None:
                    databases = _databases
                if _available_apps is not None:
                    available_apps = _available_apps
    
                # For non-transactional tests, skip executing `django.test.TestCase`'s
                # `setUpClass`/`tearDownClass`, only execute the super class ones.
                #
                # `TestCase`'s class setup manages the `setUpTestData`/class-level
                # transaction functionality. We don't use it; instead we (will) offer
                # our own alternatives. So it only adds overhead, and does some things
                # which conflict with our (planned) functionality, particularly, it
                # closes all database connections in `tearDownClass` which inhibits
                # wrapping tests in higher-scoped transactions.
                #
                # It's possible a new version of Django will add some unrelated
                # functionality to these methods, in which case skipping them completely
                # would not be desirable. Let's cross that bridge when we get there...
                if not transactional:
    
                    @classmethod
                    def setUpClass(cls) -> None:
                        super(django.test.TestCase, cls).setUpClass()
    
                    @classmethod
                    def tearDownClass(cls) -> None:
                        super(django.test.TestCase, cls).tearDownClass()
    
            PytestDjangoTestCase.setUpClass()
    
            test_case = PytestDjangoTestCase(methodName="__init__")
            test_case._pre_setup()
    
            yield
    
>           test_case._post_teardown()

.venv\Lib\site-packages\pytest_django\fixtures.py:296: 
_ _ _ _ _ _ _ _ _ _ _ _ _ _ _ _ _ _ _ _ _ _ _ _ _ _ _ _ _ _ _ _ _ _ _ _ _ _ _ _
.venv\Lib\site-packages\django\test\testcases.py:1227: in _post_teardown
    self._fixture_teardown()
.venv\Lib\site-packages\django\test\testcases.py:1262: in _fixture_teardown
    call_command(
.venv\Lib\site-packages\django\core\management\__init__.py:194: in call_command
    return command.execute(*args, **defaults)
           ^^^^^^^^^^^^^^^^^^^^^^^^^^^^^^^^^^
.venv\Lib\site-packages\django\core\management\base.py:460: in execute
    output = self.handle(*args, **options)
             ^^^^^^^^^^^^^^^^^^^^^^^^^^^^^
_ _ _ _ _ _ _ _ _ _ _ _ _ _ _ _ _ _ _ _ _ _ _ _ _ _ _ _ _ _ _ _ _ _ _ _ _ _ _ _

self = <django.core.management.commands.flush.Command object at 0x0000028344C41240>
options = {'allow_cascade': False, 'database': 'default', 'force_color': False, 'inhibit_post_migrate': False, ...}
database = 'default'
connection = <DatabaseWrapper vendor='postgresql' alias='default'>
verbosity = 0, interactive = False, reset_sequences = False
allow_cascade = False, inhibit_post_migrate = False

        def handle(self, **options):
            database = options["database"]
            connection = connections[database]
            verbosity = options["verbosity"]
            interactive = options["interactive"]
            # The following are stealth options used by Django's internals.
            reset_sequences = options.get("reset_sequences", True)
            allow_cascade = options.get("allow_cascade", False)
            inhibit_post_migrate = options.get("inhibit_post_migrate", False)
    
            self.style = no_style()
    
            # Import the 'management' module within each installed app, to register
            # dispatcher events.
            for app_config in apps.get_app_configs():
                try:
                    import_module(".management", app_config.name)
                except ImportError:
                    pass
    
            sql_list = sql_flush(
                self.style,
                connection,
                reset_sequences=reset_sequences,
                allow_cascade=allow_cascade,
            )
    
            if interactive:
                confirm = input(
                    """You have requested a flush of the database.
    This will IRREVERSIBLY DESTROY all data currently in the "%s" database,
    and return each table to an empty state.
    Are you sure you want to do this?
    
        Type 'yes' to continue, or 'no' to cancel: """
                    % connection.settings_dict["NAME"]
                )
            else:
                confirm = "yes"
    
            if confirm == "yes":
                try:
                    connection.ops.execute_sql_flush(sql_list)
                except Exception as exc:
>                   raise CommandError(
                        "Database %s couldn't be flushed. Possible reasons:\n"
                        "  * The database isn't running or isn't configured correctly.\n"
                        "  * At least one of the expected database tables doesn't exist.\n"
                        "  * The SQL was invalid.\n"
                        "Hint: Look at the output of 'django-admin sqlflush'. "
                        "That's the SQL this command wasn't able to run."
                        % (connection.settings_dict["NAME"],)
                    ) from exc
E                   django.core.management.base.CommandError: Database test_gpp_plataform couldn't be flushed. Possible reasons:
E                     * The database isn't running or isn't configured correctly.
E                     * At least one of the expected database tables doesn't exist.
E                     * The SQL was invalid.
E                   Hint: Look at the output of 'django-admin sqlflush'. That's the SQL this command wasn't able to run.

.venv\Lib\site-packages\django\core\management\commands\flush.py:76: CommandError
---------------------------- Captured stderr call -----------------------------
2026-03-23 15:05:47,347 [WARNING] gpp.security:38 | APP_CONTEXT_NONE path=/api/accounts/me/ ù application could not be resolved, leaving as None
2026-03-23 15:05:47,348 [WARNING] gpp.security:55 | 401_UNAUTHORIZED path=/api/accounts/me/ method=GET
2026-03-23 15:05:47,348 [WARNING] django.request:248 | Unauthorized: /api/accounts/me/
------------------------------ Captured log call ------------------------------
WARNING  gpp.security:application_context.py:38 APP_CONTEXT_NONE path=/api/accounts/me/ ù application could not be resolved, leaving as None
WARNING  gpp.security:authorization.py:55 401_UNAUTHORIZED path=/api/accounts/me/ method=GET
WARNING  django.request:log.py:248 Unauthorized: /api/accounts/me/
_ ERROR at teardown of TestRoleConstraints.test_codigoperfil_duplicado_mesma_app_gera_integrity_error _

self = <django.db.backends.utils.CursorWrapper object at 0x0000028346E52AB0>
sql = 'TRUNCATE "auth_group", "auth_user_user_permissions", "accounts_userrole", "tblusuario", "tbltipousuario", "accounts_a... "tblstatususuario", "auth_group_permissions", "tblaplicacao", "accounts_session", "auth_permission", "accounts_role";'
params = None
ignored_wrapper_args = (False, {'connection': <DatabaseWrapper vendor='postgresql' alias='default'>, 'cursor': <django.db.backends.utils.CursorWrapper object at 0x0000028346E52AB0>})

    def _execute(self, sql, params, *ignored_wrapper_args):
        # Raise a warning during app initialization (stored_app_configs is only
        # ever set during testing).
        if not apps.ready and not apps.stored_app_configs:
            warnings.warn(self.APPS_NOT_READY_WARNING_MSG, category=RuntimeWarning)
        self.db.validate_no_broken_transaction()
        with self.db.wrap_database_errors:
            if params is None:
                # params default might be backend specific.
>               return self.cursor.execute(sql)
                       ^^^^^^^^^^^^^^^^^^^^^^^^

.venv\Lib\site-packages\django\db\backends\utils.py:103: 
_ _ _ _ _ _ _ _ _ _ _ _ _ _ _ _ _ _ _ _ _ _ _ _ _ _ _ _ _ _ _ _ _ _ _ _ _ _ _ _

self = <django.db.backends.postgresql.base.Cursor [closed] [IDLE] (host=localhost user=postgres database=test_gpp_plataform) at 0x28345601b20>
query = 'TRUNCATE "auth_group", "auth_user_user_permissions", "accounts_userrole", "tblusuario", "tbltipousuario", "accounts_a... "tblstatususuario", "auth_group_permissions", "tblaplicacao", "accounts_session", "auth_permission", "accounts_role";'
params = None

    def execute(
        self,
        query: Query,
        params: Params | None = None,
        *,
        prepare: bool | None = None,
        binary: bool | None = None,
    ) -> Self:
        """
        Execute a query or command to the database.
        """
        try:
            with self._conn.lock:
                self._conn.wait(
                    self._execute_gen(query, params, prepare=prepare, binary=binary)
                )
        except e._NO_TRACEBACK as ex:
>           raise ex.with_traceback(None)
E           psycopg.errors.FeatureNotSupported: nÒo Ú possÝvel truncar uma tabela referenciada em uma restriþÒo de chave estrangeira
E           DETAIL:  Tabela "tblusuarioresponsavel" referencia "auth_user".
E           HINT:  Trunque a tabela "tblusuarioresponsavel" ao mesmo tempo, ou use TRUNCATE ... CASCADE.

.venv\Lib\site-packages\psycopg\cursor.py:117: FeatureNotSupported

The above exception was the direct cause of the following exception:

self = <django.core.management.commands.flush.Command object at 0x0000028344C0F540>
options = {'allow_cascade': False, 'database': 'default', 'force_color': False, 'inhibit_post_migrate': False, ...}
database = 'default'
connection = <DatabaseWrapper vendor='postgresql' alias='default'>
verbosity = 0, interactive = False, reset_sequences = False
allow_cascade = False, inhibit_post_migrate = False

        def handle(self, **options):
            database = options["database"]
            connection = connections[database]
            verbosity = options["verbosity"]
            interactive = options["interactive"]
            # The following are stealth options used by Django's internals.
            reset_sequences = options.get("reset_sequences", True)
            allow_cascade = options.get("allow_cascade", False)
            inhibit_post_migrate = options.get("inhibit_post_migrate", False)
    
            self.style = no_style()
    
            # Import the 'management' module within each installed app, to register
            # dispatcher events.
            for app_config in apps.get_app_configs():
                try:
                    import_module(".management", app_config.name)
                except ImportError:
                    pass
    
            sql_list = sql_flush(
                self.style,
                connection,
                reset_sequences=reset_sequences,
                allow_cascade=allow_cascade,
            )
    
            if interactive:
                confirm = input(
                    """You have requested a flush of the database.
    This will IRREVERSIBLY DESTROY all data currently in the "%s" database,
    and return each table to an empty state.
    Are you sure you want to do this?
    
        Type 'yes' to continue, or 'no' to cancel: """
                    % connection.settings_dict["NAME"]
                )
            else:
                confirm = "yes"
    
            if confirm == "yes":
                try:
>                   connection.ops.execute_sql_flush(sql_list)

.venv\Lib\site-packages\django\core\management\commands\flush.py:74: 
_ _ _ _ _ _ _ _ _ _ _ _ _ _ _ _ _ _ _ _ _ _ _ _ _ _ _ _ _ _ _ _ _ _ _ _ _ _ _ _
.venv\Lib\site-packages\django\db\backends\base\operations.py:473: in execute_sql_flush
    cursor.execute(sql)
.venv\Lib\site-packages\django\db\backends\utils.py:79: in execute
    return self._execute_with_wrappers(
.venv\Lib\site-packages\django\db\backends\utils.py:92: in _execute_with_wrappers
    return executor(sql, params, many, context)
           ^^^^^^^^^^^^^^^^^^^^^^^^^^^^^^^^^^^^
.venv\Lib\site-packages\django\db\backends\utils.py:100: in _execute
    with self.db.wrap_database_errors:
         ^^^^^^^^^^^^^^^^^^^^^^^^^^^^
.venv\Lib\site-packages\django\db\utils.py:91: in __exit__
    raise dj_exc_value.with_traceback(traceback) from exc_value
.venv\Lib\site-packages\django\db\backends\utils.py:103: in _execute
    return self.cursor.execute(sql)
           ^^^^^^^^^^^^^^^^^^^^^^^^
_ _ _ _ _ _ _ _ _ _ _ _ _ _ _ _ _ _ _ _ _ _ _ _ _ _ _ _ _ _ _ _ _ _ _ _ _ _ _ _

self = <django.db.backends.postgresql.base.Cursor [closed] [IDLE] (host=localhost user=postgres database=test_gpp_plataform) at 0x28345601b20>
query = 'TRUNCATE "auth_group", "auth_user_user_permissions", "accounts_userrole", "tblusuario", "tbltipousuario", "accounts_a... "tblstatususuario", "auth_group_permissions", "tblaplicacao", "accounts_session", "auth_permission", "accounts_role";'
params = None

    def execute(
        self,
        query: Query,
        params: Params | None = None,
        *,
        prepare: bool | None = None,
        binary: bool | None = None,
    ) -> Self:
        """
        Execute a query or command to the database.
        """
        try:
            with self._conn.lock:
                self._conn.wait(
                    self._execute_gen(query, params, prepare=prepare, binary=binary)
                )
        except e._NO_TRACEBACK as ex:
>           raise ex.with_traceback(None)
E           django.db.utils.NotSupportedError: nÒo Ú possÝvel truncar uma tabela referenciada em uma restriþÒo de chave estrangeira
E           DETAIL:  Tabela "tblusuarioresponsavel" referencia "auth_user".
E           HINT:  Trunque a tabela "tblusuarioresponsavel" ao mesmo tempo, ou use TRUNCATE ... CASCADE.

.venv\Lib\site-packages\psycopg\cursor.py:117: NotSupportedError

The above exception was the direct cause of the following exception:

request = <SubRequest '_django_db_helper' for <Function test_codigoperfil_duplicado_mesma_app_gera_integrity_error>>
django_db_setup = None
django_db_blocker = <pytest_django.plugin.DjangoDbBlocker object at 0x0000028342085FD0>

    @pytest.fixture
    def _django_db_helper(
        request: pytest.FixtureRequest,
        django_db_setup: None,  # noqa: ARG001
        django_db_blocker: DjangoDbBlocker,
    ) -> Generator[None, None, None]:
        if is_django_unittest(request):
            yield
            return
    
        marker = request.node.get_closest_marker("django_db")
        if marker:
            (
                transactional,
                reset_sequences,
                databases,
                serialized_rollback,
                available_apps,
            ) = validate_django_db(marker)
        else:
            (
                transactional,
                reset_sequences,
                databases,
                serialized_rollback,
                available_apps,
            ) = False, False, None, False, None
    
        transactional = (
            transactional
            or reset_sequences
            or ("transactional_db" in request.fixturenames or "live_server" in request.fixturenames)
        )
        reset_sequences = reset_sequences or ("django_db_reset_sequences" in request.fixturenames)
        serialized_rollback = serialized_rollback or (
            "django_db_serialized_rollback" in request.fixturenames
        )
    
        with django_db_blocker.unblock():
            import django.db
            import django.test
    
            if transactional:
                test_case_class = django.test.TransactionTestCase
            else:
                test_case_class = django.test.TestCase
    
            _reset_sequences = reset_sequences
            _serialized_rollback = serialized_rollback
            _databases = databases
            _available_apps = available_apps
    
            class PytestDjangoTestCase(test_case_class):  # type: ignore[misc,valid-type]
                reset_sequences = _reset_sequences
                serialized_rollback = _serialized_rollback
                if _databases is not None:
                    databases = _databases
                if _available_apps is not None:
                    available_apps = _available_apps
    
                # For non-transactional tests, skip executing `django.test.TestCase`'s
                # `setUpClass`/`tearDownClass`, only execute the super class ones.
                #
                # `TestCase`'s class setup manages the `setUpTestData`/class-level
                # transaction functionality. We don't use it; instead we (will) offer
                # our own alternatives. So it only adds overhead, and does some things
                # which conflict with our (planned) functionality, particularly, it
                # closes all database connections in `tearDownClass` which inhibits
                # wrapping tests in higher-scoped transactions.
                #
                # It's possible a new version of Django will add some unrelated
                # functionality to these methods, in which case skipping them completely
                # would not be desirable. Let's cross that bridge when we get there...
                if not transactional:
    
                    @classmethod
                    def setUpClass(cls) -> None:
                        super(django.test.TestCase, cls).setUpClass()
    
                    @classmethod
                    def tearDownClass(cls) -> None:
                        super(django.test.TestCase, cls).tearDownClass()
    
            PytestDjangoTestCase.setUpClass()
    
            test_case = PytestDjangoTestCase(methodName="__init__")
            test_case._pre_setup()
    
            yield
    
>           test_case._post_teardown()

.venv\Lib\site-packages\pytest_django\fixtures.py:296: 
_ _ _ _ _ _ _ _ _ _ _ _ _ _ _ _ _ _ _ _ _ _ _ _ _ _ _ _ _ _ _ _ _ _ _ _ _ _ _ _
.venv\Lib\site-packages\django\test\testcases.py:1227: in _post_teardown
    self._fixture_teardown()
.venv\Lib\site-packages\django\test\testcases.py:1262: in _fixture_teardown
    call_command(
.venv\Lib\site-packages\django\core\management\__init__.py:194: in call_command
    return command.execute(*args, **defaults)
           ^^^^^^^^^^^^^^^^^^^^^^^^^^^^^^^^^^
.venv\Lib\site-packages\django\core\management\base.py:460: in execute
    output = self.handle(*args, **options)
             ^^^^^^^^^^^^^^^^^^^^^^^^^^^^^
_ _ _ _ _ _ _ _ _ _ _ _ _ _ _ _ _ _ _ _ _ _ _ _ _ _ _ _ _ _ _ _ _ _ _ _ _ _ _ _

self = <django.core.management.commands.flush.Command object at 0x0000028344C0F540>
options = {'allow_cascade': False, 'database': 'default', 'force_color': False, 'inhibit_post_migrate': False, ...}
database = 'default'
connection = <DatabaseWrapper vendor='postgresql' alias='default'>
verbosity = 0, interactive = False, reset_sequences = False
allow_cascade = False, inhibit_post_migrate = False

        def handle(self, **options):
            database = options["database"]
            connection = connections[database]
            verbosity = options["verbosity"]
            interactive = options["interactive"]
            # The following are stealth options used by Django's internals.
            reset_sequences = options.get("reset_sequences", True)
            allow_cascade = options.get("allow_cascade", False)
            inhibit_post_migrate = options.get("inhibit_post_migrate", False)
    
            self.style = no_style()
    
            # Import the 'management' module within each installed app, to register
            # dispatcher events.
            for app_config in apps.get_app_configs():
                try:
                    import_module(".management", app_config.name)
                except ImportError:
                    pass
    
            sql_list = sql_flush(
                self.style,
                connection,
                reset_sequences=reset_sequences,
                allow_cascade=allow_cascade,
            )
    
            if interactive:
                confirm = input(
                    """You have requested a flush of the database.
    This will IRREVERSIBLY DESTROY all data currently in the "%s" database,
    and return each table to an empty state.
    Are you sure you want to do this?
    
        Type 'yes' to continue, or 'no' to cancel: """
                    % connection.settings_dict["NAME"]
                )
            else:
                confirm = "yes"
    
            if confirm == "yes":
                try:
                    connection.ops.execute_sql_flush(sql_list)
                except Exception as exc:
>                   raise CommandError(
                        "Database %s couldn't be flushed. Possible reasons:\n"
                        "  * The database isn't running or isn't configured correctly.\n"
                        "  * At least one of the expected database tables doesn't exist.\n"
                        "  * The SQL was invalid.\n"
                        "Hint: Look at the output of 'django-admin sqlflush'. "
                        "That's the SQL this command wasn't able to run."
                        % (connection.settings_dict["NAME"],)
                    ) from exc
E                   django.core.management.base.CommandError: Database test_gpp_plataform couldn't be flushed. Possible reasons:
E                     * The database isn't running or isn't configured correctly.
E                     * At least one of the expected database tables doesn't exist.
E                     * The SQL was invalid.
E                   Hint: Look at the output of 'django-admin sqlflush'. That's the SQL this command wasn't able to run.

.venv\Lib\site-packages\django\core\management\commands\flush.py:76: CommandError
_ ERROR at teardown of TestRoleConstraints.test_mesmo_codigoperfil_em_apps_diferentes_e_permitido _

self = <django.db.backends.utils.CursorWrapper object at 0x0000028346DEFA70>
sql = 'TRUNCATE "auth_group", "auth_user_user_permissions", "accounts_userrole", "tblusuario", "tbltipousuario", "accounts_a... "tblstatususuario", "auth_group_permissions", "tblaplicacao", "accounts_session", "auth_permission", "accounts_role";'
params = None
ignored_wrapper_args = (False, {'connection': <DatabaseWrapper vendor='postgresql' alias='default'>, 'cursor': <django.db.backends.utils.CursorWrapper object at 0x0000028346DEFA70>})

    def _execute(self, sql, params, *ignored_wrapper_args):
        # Raise a warning during app initialization (stored_app_configs is only
        # ever set during testing).
        if not apps.ready and not apps.stored_app_configs:
            warnings.warn(self.APPS_NOT_READY_WARNING_MSG, category=RuntimeWarning)
        self.db.validate_no_broken_transaction()
        with self.db.wrap_database_errors:
            if params is None:
                # params default might be backend specific.
>               return self.cursor.execute(sql)
                       ^^^^^^^^^^^^^^^^^^^^^^^^

.venv\Lib\site-packages\django\db\backends\utils.py:103: 
_ _ _ _ _ _ _ _ _ _ _ _ _ _ _ _ _ _ _ _ _ _ _ _ _ _ _ _ _ _ _ _ _ _ _ _ _ _ _ _

self = <django.db.backends.postgresql.base.Cursor [closed] [IDLE] (host=localhost user=postgres database=test_gpp_plataform) at 0x283471c1980>
query = 'TRUNCATE "auth_group", "auth_user_user_permissions", "accounts_userrole", "tblusuario", "tbltipousuario", "accounts_a... "tblstatususuario", "auth_group_permissions", "tblaplicacao", "accounts_session", "auth_permission", "accounts_role";'
params = None

    def execute(
        self,
        query: Query,
        params: Params | None = None,
        *,
        prepare: bool | None = None,
        binary: bool | None = None,
    ) -> Self:
        """
        Execute a query or command to the database.
        """
        try:
            with self._conn.lock:
                self._conn.wait(
                    self._execute_gen(query, params, prepare=prepare, binary=binary)
                )
        except e._NO_TRACEBACK as ex:
>           raise ex.with_traceback(None)
E           psycopg.errors.FeatureNotSupported: nÒo Ú possÝvel truncar uma tabela referenciada em uma restriþÒo de chave estrangeira
E           DETAIL:  Tabela "tblusuarioresponsavel" referencia "auth_user".
E           HINT:  Trunque a tabela "tblusuarioresponsavel" ao mesmo tempo, ou use TRUNCATE ... CASCADE.

.venv\Lib\site-packages\psycopg\cursor.py:117: FeatureNotSupported

The above exception was the direct cause of the following exception:

self = <django.core.management.commands.flush.Command object at 0x00000283451E9490>
options = {'allow_cascade': False, 'database': 'default', 'force_color': False, 'inhibit_post_migrate': False, ...}
database = 'default'
connection = <DatabaseWrapper vendor='postgresql' alias='default'>
verbosity = 0, interactive = False, reset_sequences = False
allow_cascade = False, inhibit_post_migrate = False

        def handle(self, **options):
            database = options["database"]
            connection = connections[database]
            verbosity = options["verbosity"]
            interactive = options["interactive"]
            # The following are stealth options used by Django's internals.
            reset_sequences = options.get("reset_sequences", True)
            allow_cascade = options.get("allow_cascade", False)
            inhibit_post_migrate = options.get("inhibit_post_migrate", False)
    
            self.style = no_style()
    
            # Import the 'management' module within each installed app, to register
            # dispatcher events.
            for app_config in apps.get_app_configs():
                try:
                    import_module(".management", app_config.name)
                except ImportError:
                    pass
    
            sql_list = sql_flush(
                self.style,
                connection,
                reset_sequences=reset_sequences,
                allow_cascade=allow_cascade,
            )
    
            if interactive:
                confirm = input(
                    """You have requested a flush of the database.
    This will IRREVERSIBLY DESTROY all data currently in the "%s" database,
    and return each table to an empty state.
    Are you sure you want to do this?
    
        Type 'yes' to continue, or 'no' to cancel: """
                    % connection.settings_dict["NAME"]
                )
            else:
                confirm = "yes"
    
            if confirm == "yes":
                try:
>                   connection.ops.execute_sql_flush(sql_list)

.venv\Lib\site-packages\django\core\management\commands\flush.py:74: 
_ _ _ _ _ _ _ _ _ _ _ _ _ _ _ _ _ _ _ _ _ _ _ _ _ _ _ _ _ _ _ _ _ _ _ _ _ _ _ _
.venv\Lib\site-packages\django\db\backends\base\operations.py:473: in execute_sql_flush
    cursor.execute(sql)
.venv\Lib\site-packages\django\db\backends\utils.py:79: in execute
    return self._execute_with_wrappers(
.venv\Lib\site-packages\django\db\backends\utils.py:92: in _execute_with_wrappers
    return executor(sql, params, many, context)
           ^^^^^^^^^^^^^^^^^^^^^^^^^^^^^^^^^^^^
.venv\Lib\site-packages\django\db\backends\utils.py:100: in _execute
    with self.db.wrap_database_errors:
         ^^^^^^^^^^^^^^^^^^^^^^^^^^^^
.venv\Lib\site-packages\django\db\utils.py:91: in __exit__
    raise dj_exc_value.with_traceback(traceback) from exc_value
.venv\Lib\site-packages\django\db\backends\utils.py:103: in _execute
    return self.cursor.execute(sql)
           ^^^^^^^^^^^^^^^^^^^^^^^^
_ _ _ _ _ _ _ _ _ _ _ _ _ _ _ _ _ _ _ _ _ _ _ _ _ _ _ _ _ _ _ _ _ _ _ _ _ _ _ _

self = <django.db.backends.postgresql.base.Cursor [closed] [IDLE] (host=localhost user=postgres database=test_gpp_plataform) at 0x283471c1980>
query = 'TRUNCATE "auth_group", "auth_user_user_permissions", "accounts_userrole", "tblusuario", "tbltipousuario", "accounts_a... "tblstatususuario", "auth_group_permissions", "tblaplicacao", "accounts_session", "auth_permission", "accounts_role";'
params = None

    def execute(
        self,
        query: Query,
        params: Params | None = None,
        *,
        prepare: bool | None = None,
        binary: bool | None = None,
    ) -> Self:
        """
        Execute a query or command to the database.
        """
        try:
            with self._conn.lock:
                self._conn.wait(
                    self._execute_gen(query, params, prepare=prepare, binary=binary)
                )
        except e._NO_TRACEBACK as ex:
>           raise ex.with_traceback(None)
E           django.db.utils.NotSupportedError: nÒo Ú possÝvel truncar uma tabela referenciada em uma restriþÒo de chave estrangeira
E           DETAIL:  Tabela "tblusuarioresponsavel" referencia "auth_user".
E           HINT:  Trunque a tabela "tblusuarioresponsavel" ao mesmo tempo, ou use TRUNCATE ... CASCADE.

.venv\Lib\site-packages\psycopg\cursor.py:117: NotSupportedError

The above exception was the direct cause of the following exception:

request = <SubRequest '_django_db_helper' for <Function test_mesmo_codigoperfil_em_apps_diferentes_e_permitido>>
django_db_setup = None
django_db_blocker = <pytest_django.plugin.DjangoDbBlocker object at 0x0000028342085FD0>

    @pytest.fixture
    def _django_db_helper(
        request: pytest.FixtureRequest,
        django_db_setup: None,  # noqa: ARG001
        django_db_blocker: DjangoDbBlocker,
    ) -> Generator[None, None, None]:
        if is_django_unittest(request):
            yield
            return
    
        marker = request.node.get_closest_marker("django_db")
        if marker:
            (
                transactional,
                reset_sequences,
                databases,
                serialized_rollback,
                available_apps,
            ) = validate_django_db(marker)
        else:
            (
                transactional,
                reset_sequences,
                databases,
                serialized_rollback,
                available_apps,
            ) = False, False, None, False, None
    
        transactional = (
            transactional
            or reset_sequences
            or ("transactional_db" in request.fixturenames or "live_server" in request.fixturenames)
        )
        reset_sequences = reset_sequences or ("django_db_reset_sequences" in request.fixturenames)
        serialized_rollback = serialized_rollback or (
            "django_db_serialized_rollback" in request.fixturenames
        )
    
        with django_db_blocker.unblock():
            import django.db
            import django.test
    
            if transactional:
                test_case_class = django.test.TransactionTestCase
            else:
                test_case_class = django.test.TestCase
    
            _reset_sequences = reset_sequences
            _serialized_rollback = serialized_rollback
            _databases = databases
            _available_apps = available_apps
    
            class PytestDjangoTestCase(test_case_class):  # type: ignore[misc,valid-type]
                reset_sequences = _reset_sequences
                serialized_rollback = _serialized_rollback
                if _databases is not None:
                    databases = _databases
                if _available_apps is not None:
                    available_apps = _available_apps
    
                # For non-transactional tests, skip executing `django.test.TestCase`'s
                # `setUpClass`/`tearDownClass`, only execute the super class ones.
                #
                # `TestCase`'s class setup manages the `setUpTestData`/class-level
                # transaction functionality. We don't use it; instead we (will) offer
                # our own alternatives. So it only adds overhead, and does some things
                # which conflict with our (planned) functionality, particularly, it
                # closes all database connections in `tearDownClass` which inhibits
                # wrapping tests in higher-scoped transactions.
                #
                # It's possible a new version of Django will add some unrelated
                # functionality to these methods, in which case skipping them completely
                # would not be desirable. Let's cross that bridge when we get there...
                if not transactional:
    
                    @classmethod
                    def setUpClass(cls) -> None:
                        super(django.test.TestCase, cls).setUpClass()
    
                    @classmethod
                    def tearDownClass(cls) -> None:
                        super(django.test.TestCase, cls).tearDownClass()
    
            PytestDjangoTestCase.setUpClass()
    
            test_case = PytestDjangoTestCase(methodName="__init__")
            test_case._pre_setup()
    
            yield
    
>           test_case._post_teardown()

.venv\Lib\site-packages\pytest_django\fixtures.py:296: 
_ _ _ _ _ _ _ _ _ _ _ _ _ _ _ _ _ _ _ _ _ _ _ _ _ _ _ _ _ _ _ _ _ _ _ _ _ _ _ _
.venv\Lib\site-packages\django\test\testcases.py:1227: in _post_teardown
    self._fixture_teardown()
.venv\Lib\site-packages\django\test\testcases.py:1262: in _fixture_teardown
    call_command(
.venv\Lib\site-packages\django\core\management\__init__.py:194: in call_command
    return command.execute(*args, **defaults)
           ^^^^^^^^^^^^^^^^^^^^^^^^^^^^^^^^^^
.venv\Lib\site-packages\django\core\management\base.py:460: in execute
    output = self.handle(*args, **options)
             ^^^^^^^^^^^^^^^^^^^^^^^^^^^^^
_ _ _ _ _ _ _ _ _ _ _ _ _ _ _ _ _ _ _ _ _ _ _ _ _ _ _ _ _ _ _ _ _ _ _ _ _ _ _ _

self = <django.core.management.commands.flush.Command object at 0x00000283451E9490>
options = {'allow_cascade': False, 'database': 'default', 'force_color': False, 'inhibit_post_migrate': False, ...}
database = 'default'
connection = <DatabaseWrapper vendor='postgresql' alias='default'>
verbosity = 0, interactive = False, reset_sequences = False
allow_cascade = False, inhibit_post_migrate = False

        def handle(self, **options):
            database = options["database"]
            connection = connections[database]
            verbosity = options["verbosity"]
            interactive = options["interactive"]
            # The following are stealth options used by Django's internals.
            reset_sequences = options.get("reset_sequences", True)
            allow_cascade = options.get("allow_cascade", False)
            inhibit_post_migrate = options.get("inhibit_post_migrate", False)
    
            self.style = no_style()
    
            # Import the 'management' module within each installed app, to register
            # dispatcher events.
            for app_config in apps.get_app_configs():
                try:
                    import_module(".management", app_config.name)
                except ImportError:
                    pass
    
            sql_list = sql_flush(
                self.style,
                connection,
                reset_sequences=reset_sequences,
                allow_cascade=allow_cascade,
            )
    
            if interactive:
                confirm = input(
                    """You have requested a flush of the database.
    This will IRREVERSIBLY DESTROY all data currently in the "%s" database,
    and return each table to an empty state.
    Are you sure you want to do this?
    
        Type 'yes' to continue, or 'no' to cancel: """
                    % connection.settings_dict["NAME"]
                )
            else:
                confirm = "yes"
    
            if confirm == "yes":
                try:
                    connection.ops.execute_sql_flush(sql_list)
                except Exception as exc:
>                   raise CommandError(
                        "Database %s couldn't be flushed. Possible reasons:\n"
                        "  * The database isn't running or isn't configured correctly.\n"
                        "  * At least one of the expected database tables doesn't exist.\n"
                        "  * The SQL was invalid.\n"
                        "Hint: Look at the output of 'django-admin sqlflush'. "
                        "That's the SQL this command wasn't able to run."
                        % (connection.settings_dict["NAME"],)
                    ) from exc
E                   django.core.management.base.CommandError: Database test_gpp_plataform couldn't be flushed. Possible reasons:
E                     * The database isn't running or isn't configured correctly.
E                     * At least one of the expected database tables doesn't exist.
E                     * The SQL was invalid.
E                   Hint: Look at the output of 'django-admin sqlflush'. That's the SQL this command wasn't able to run.

.venv\Lib\site-packages\django\core\management\commands\flush.py:76: CommandError
---------------------------- Captured stderr call -----------------------------
2026-03-23 15:05:47,523 [INFO] gpp.security:34 | ROLE_GROUP_CREATED role_id=7 group=ACOES_PNGI_ROLE_CROSS_APP_TEST
2026-03-23 15:05:47,525 [INFO] gpp.security:34 | ROLE_GROUP_CREATED role_id=8 group=CARGA_ORG_LOT_ROLE_CROSS_APP_TEST
------------------------------ Captured log call ------------------------------
INFO     gpp.security:signals.py:34 ROLE_GROUP_CREATED role_id=7 group=ACOES_PNGI_ROLE_CROSS_APP_TEST
INFO     gpp.security:signals.py:34 ROLE_GROUP_CREATED role_id=8 group=CARGA_ORG_LOT_ROLE_CROSS_APP_TEST
_ ERROR at teardown of TestUserRoleConstraints.test_usuario_com_dois_roles_mesma_app_gera_integrity_error _

self = <django.db.backends.utils.CursorWrapper object at 0x0000028346E16570>
sql = 'TRUNCATE "auth_group", "auth_user_user_permissions", "accounts_userrole", "tblusuario", "tbltipousuario", "accounts_a... "tblstatususuario", "auth_group_permissions", "tblaplicacao", "accounts_session", "auth_permission", "accounts_role";'
params = None
ignored_wrapper_args = (False, {'connection': <DatabaseWrapper vendor='postgresql' alias='default'>, 'cursor': <django.db.backends.utils.CursorWrapper object at 0x0000028346E16570>})

    def _execute(self, sql, params, *ignored_wrapper_args):
        # Raise a warning during app initialization (stored_app_configs is only
        # ever set during testing).
        if not apps.ready and not apps.stored_app_configs:
            warnings.warn(self.APPS_NOT_READY_WARNING_MSG, category=RuntimeWarning)
        self.db.validate_no_broken_transaction()
        with self.db.wrap_database_errors:
            if params is None:
                # params default might be backend specific.
>               return self.cursor.execute(sql)
                       ^^^^^^^^^^^^^^^^^^^^^^^^

.venv\Lib\site-packages\django\db\backends\utils.py:103: 
_ _ _ _ _ _ _ _ _ _ _ _ _ _ _ _ _ _ _ _ _ _ _ _ _ _ _ _ _ _ _ _ _ _ _ _ _ _ _ _

self = <django.db.backends.postgresql.base.Cursor [closed] [IDLE] (host=localhost user=postgres database=test_gpp_plataform) at 0x283470f9e60>
query = 'TRUNCATE "auth_group", "auth_user_user_permissions", "accounts_userrole", "tblusuario", "tbltipousuario", "accounts_a... "tblstatususuario", "auth_group_permissions", "tblaplicacao", "accounts_session", "auth_permission", "accounts_role";'
params = None

    def execute(
        self,
        query: Query,
        params: Params | None = None,
        *,
        prepare: bool | None = None,
        binary: bool | None = None,
    ) -> Self:
        """
        Execute a query or command to the database.
        """
        try:
            with self._conn.lock:
                self._conn.wait(
                    self._execute_gen(query, params, prepare=prepare, binary=binary)
                )
        except e._NO_TRACEBACK as ex:
>           raise ex.with_traceback(None)
E           psycopg.errors.FeatureNotSupported: nÒo Ú possÝvel truncar uma tabela referenciada em uma restriþÒo de chave estrangeira
E           DETAIL:  Tabela "tblusuarioresponsavel" referencia "auth_user".
E           HINT:  Trunque a tabela "tblusuarioresponsavel" ao mesmo tempo, ou use TRUNCATE ... CASCADE.

.venv\Lib\site-packages\psycopg\cursor.py:117: FeatureNotSupported

The above exception was the direct cause of the following exception:

self = <django.core.management.commands.flush.Command object at 0x0000028346E16F30>
options = {'allow_cascade': False, 'database': 'default', 'force_color': False, 'inhibit_post_migrate': False, ...}
database = 'default'
connection = <DatabaseWrapper vendor='postgresql' alias='default'>
verbosity = 0, interactive = False, reset_sequences = False
allow_cascade = False, inhibit_post_migrate = False

        def handle(self, **options):
            database = options["database"]
            connection = connections[database]
            verbosity = options["verbosity"]
            interactive = options["interactive"]
            # The following are stealth options used by Django's internals.
            reset_sequences = options.get("reset_sequences", True)
            allow_cascade = options.get("allow_cascade", False)
            inhibit_post_migrate = options.get("inhibit_post_migrate", False)
    
            self.style = no_style()
    
            # Import the 'management' module within each installed app, to register
            # dispatcher events.
            for app_config in apps.get_app_configs():
                try:
                    import_module(".management", app_config.name)
                except ImportError:
                    pass
    
            sql_list = sql_flush(
                self.style,
                connection,
                reset_sequences=reset_sequences,
                allow_cascade=allow_cascade,
            )
    
            if interactive:
                confirm = input(
                    """You have requested a flush of the database.
    This will IRREVERSIBLY DESTROY all data currently in the "%s" database,
    and return each table to an empty state.
    Are you sure you want to do this?
    
        Type 'yes' to continue, or 'no' to cancel: """
                    % connection.settings_dict["NAME"]
                )
            else:
                confirm = "yes"
    
            if confirm == "yes":
                try:
>                   connection.ops.execute_sql_flush(sql_list)

.venv\Lib\site-packages\django\core\management\commands\flush.py:74: 
_ _ _ _ _ _ _ _ _ _ _ _ _ _ _ _ _ _ _ _ _ _ _ _ _ _ _ _ _ _ _ _ _ _ _ _ _ _ _ _
.venv\Lib\site-packages\django\db\backends\base\operations.py:473: in execute_sql_flush
    cursor.execute(sql)
.venv\Lib\site-packages\django\db\backends\utils.py:79: in execute
    return self._execute_with_wrappers(
.venv\Lib\site-packages\django\db\backends\utils.py:92: in _execute_with_wrappers
    return executor(sql, params, many, context)
           ^^^^^^^^^^^^^^^^^^^^^^^^^^^^^^^^^^^^
.venv\Lib\site-packages\django\db\backends\utils.py:100: in _execute
    with self.db.wrap_database_errors:
         ^^^^^^^^^^^^^^^^^^^^^^^^^^^^
.venv\Lib\site-packages\django\db\utils.py:91: in __exit__
    raise dj_exc_value.with_traceback(traceback) from exc_value
.venv\Lib\site-packages\django\db\backends\utils.py:103: in _execute
    return self.cursor.execute(sql)
           ^^^^^^^^^^^^^^^^^^^^^^^^
_ _ _ _ _ _ _ _ _ _ _ _ _ _ _ _ _ _ _ _ _ _ _ _ _ _ _ _ _ _ _ _ _ _ _ _ _ _ _ _

self = <django.db.backends.postgresql.base.Cursor [closed] [IDLE] (host=localhost user=postgres database=test_gpp_plataform) at 0x283470f9e60>
query = 'TRUNCATE "auth_group", "auth_user_user_permissions", "accounts_userrole", "tblusuario", "tbltipousuario", "accounts_a... "tblstatususuario", "auth_group_permissions", "tblaplicacao", "accounts_session", "auth_permission", "accounts_role";'
params = None

    def execute(
        self,
        query: Query,
        params: Params | None = None,
        *,
        prepare: bool | None = None,
        binary: bool | None = None,
    ) -> Self:
        """
        Execute a query or command to the database.
        """
        try:
            with self._conn.lock:
                self._conn.wait(
                    self._execute_gen(query, params, prepare=prepare, binary=binary)
                )
        except e._NO_TRACEBACK as ex:
>           raise ex.with_traceback(None)
E           django.db.utils.NotSupportedError: nÒo Ú possÝvel truncar uma tabela referenciada em uma restriþÒo de chave estrangeira
E           DETAIL:  Tabela "tblusuarioresponsavel" referencia "auth_user".
E           HINT:  Trunque a tabela "tblusuarioresponsavel" ao mesmo tempo, ou use TRUNCATE ... CASCADE.

.venv\Lib\site-packages\psycopg\cursor.py:117: NotSupportedError

The above exception was the direct cause of the following exception:

request = <SubRequest '_django_db_helper' for <Function test_usuario_com_dois_roles_mesma_app_gera_integrity_error>>
django_db_setup = None
django_db_blocker = <pytest_django.plugin.DjangoDbBlocker object at 0x0000028342085FD0>

    @pytest.fixture
    def _django_db_helper(
        request: pytest.FixtureRequest,
        django_db_setup: None,  # noqa: ARG001
        django_db_blocker: DjangoDbBlocker,
    ) -> Generator[None, None, None]:
        if is_django_unittest(request):
            yield
            return
    
        marker = request.node.get_closest_marker("django_db")
        if marker:
            (
                transactional,
                reset_sequences,
                databases,
                serialized_rollback,
                available_apps,
            ) = validate_django_db(marker)
        else:
            (
                transactional,
                reset_sequences,
                databases,
                serialized_rollback,
                available_apps,
            ) = False, False, None, False, None
    
        transactional = (
            transactional
            or reset_sequences
            or ("transactional_db" in request.fixturenames or "live_server" in request.fixturenames)
        )
        reset_sequences = reset_sequences or ("django_db_reset_sequences" in request.fixturenames)
        serialized_rollback = serialized_rollback or (
            "django_db_serialized_rollback" in request.fixturenames
        )
    
        with django_db_blocker.unblock():
            import django.db
            import django.test
    
            if transactional:
                test_case_class = django.test.TransactionTestCase
            else:
                test_case_class = django.test.TestCase
    
            _reset_sequences = reset_sequences
            _serialized_rollback = serialized_rollback
            _databases = databases
            _available_apps = available_apps
    
            class PytestDjangoTestCase(test_case_class):  # type: ignore[misc,valid-type]
                reset_sequences = _reset_sequences
                serialized_rollback = _serialized_rollback
                if _databases is not None:
                    databases = _databases
                if _available_apps is not None:
                    available_apps = _available_apps
    
                # For non-transactional tests, skip executing `django.test.TestCase`'s
                # `setUpClass`/`tearDownClass`, only execute the super class ones.
                #
                # `TestCase`'s class setup manages the `setUpTestData`/class-level
                # transaction functionality. We don't use it; instead we (will) offer
                # our own alternatives. So it only adds overhead, and does some things
                # which conflict with our (planned) functionality, particularly, it
                # closes all database connections in `tearDownClass` which inhibits
                # wrapping tests in higher-scoped transactions.
                #
                # It's possible a new version of Django will add some unrelated
                # functionality to these methods, in which case skipping them completely
                # would not be desirable. Let's cross that bridge when we get there...
                if not transactional:
    
                    @classmethod
                    def setUpClass(cls) -> None:
                        super(django.test.TestCase, cls).setUpClass()
    
                    @classmethod
                    def tearDownClass(cls) -> None:
                        super(django.test.TestCase, cls).tearDownClass()
    
            PytestDjangoTestCase.setUpClass()
    
            test_case = PytestDjangoTestCase(methodName="__init__")
            test_case._pre_setup()
    
            yield
    
>           test_case._post_teardown()

.venv\Lib\site-packages\pytest_django\fixtures.py:296: 
_ _ _ _ _ _ _ _ _ _ _ _ _ _ _ _ _ _ _ _ _ _ _ _ _ _ _ _ _ _ _ _ _ _ _ _ _ _ _ _
.venv\Lib\site-packages\django\test\testcases.py:1227: in _post_teardown
    self._fixture_teardown()
.venv\Lib\site-packages\django\test\testcases.py:1262: in _fixture_teardown
    call_command(
.venv\Lib\site-packages\django\core\management\__init__.py:194: in call_command
    return command.execute(*args, **defaults)
           ^^^^^^^^^^^^^^^^^^^^^^^^^^^^^^^^^^
.venv\Lib\site-packages\django\core\management\base.py:460: in execute
    output = self.handle(*args, **options)
             ^^^^^^^^^^^^^^^^^^^^^^^^^^^^^
_ _ _ _ _ _ _ _ _ _ _ _ _ _ _ _ _ _ _ _ _ _ _ _ _ _ _ _ _ _ _ _ _ _ _ _ _ _ _ _

self = <django.core.management.commands.flush.Command object at 0x0000028346E16F30>
options = {'allow_cascade': False, 'database': 'default', 'force_color': False, 'inhibit_post_migrate': False, ...}
database = 'default'
connection = <DatabaseWrapper vendor='postgresql' alias='default'>
verbosity = 0, interactive = False, reset_sequences = False
allow_cascade = False, inhibit_post_migrate = False

        def handle(self, **options):
            database = options["database"]
            connection = connections[database]
            verbosity = options["verbosity"]
            interactive = options["interactive"]
            # The following are stealth options used by Django's internals.
            reset_sequences = options.get("reset_sequences", True)
            allow_cascade = options.get("allow_cascade", False)
            inhibit_post_migrate = options.get("inhibit_post_migrate", False)
    
            self.style = no_style()
    
            # Import the 'management' module within each installed app, to register
            # dispatcher events.
            for app_config in apps.get_app_configs():
                try:
                    import_module(".management", app_config.name)
                except ImportError:
                    pass
    
            sql_list = sql_flush(
                self.style,
                connection,
                reset_sequences=reset_sequences,
                allow_cascade=allow_cascade,
            )
    
            if interactive:
                confirm = input(
                    """You have requested a flush of the database.
    This will IRREVERSIBLY DESTROY all data currently in the "%s" database,
    and return each table to an empty state.
    Are you sure you want to do this?
    
        Type 'yes' to continue, or 'no' to cancel: """
                    % connection.settings_dict["NAME"]
                )
            else:
                confirm = "yes"
    
            if confirm == "yes":
                try:
                    connection.ops.execute_sql_flush(sql_list)
                except Exception as exc:
>                   raise CommandError(
                        "Database %s couldn't be flushed. Possible reasons:\n"
                        "  * The database isn't running or isn't configured correctly.\n"
                        "  * At least one of the expected database tables doesn't exist.\n"
                        "  * The SQL was invalid.\n"
                        "Hint: Look at the output of 'django-admin sqlflush'. "
                        "That's the SQL this command wasn't able to run."
                        % (connection.settings_dict["NAME"],)
                    ) from exc
E                   django.core.management.base.CommandError: Database test_gpp_plataform couldn't be flushed. Possible reasons:
E                     * The database isn't running or isn't configured correctly.
E                     * At least one of the expected database tables doesn't exist.
E                     * The SQL was invalid.
E                   Hint: Look at the output of 'django-admin sqlflush'. That's the SQL this command wasn't able to run.

.venv\Lib\site-packages\django\core\management\commands\flush.py:76: CommandError
_ ERROR at teardown of TestUserRoleConstraints.test_usuario_pode_ter_roles_em_apps_diferentes _

self = <django.db.backends.utils.CursorWrapper object at 0x0000028346E15250>
sql = 'TRUNCATE "auth_group", "auth_user_user_permissions", "accounts_userrole", "tblusuario", "tbltipousuario", "accounts_a... "tblstatususuario", "auth_group_permissions", "tblaplicacao", "accounts_session", "auth_permission", "accounts_role";'
params = None
ignored_wrapper_args = (False, {'connection': <DatabaseWrapper vendor='postgresql' alias='default'>, 'cursor': <django.db.backends.utils.CursorWrapper object at 0x0000028346E15250>})

    def _execute(self, sql, params, *ignored_wrapper_args):
        # Raise a warning during app initialization (stored_app_configs is only
        # ever set during testing).
        if not apps.ready and not apps.stored_app_configs:
            warnings.warn(self.APPS_NOT_READY_WARNING_MSG, category=RuntimeWarning)
        self.db.validate_no_broken_transaction()
        with self.db.wrap_database_errors:
            if params is None:
                # params default might be backend specific.
>               return self.cursor.execute(sql)
                       ^^^^^^^^^^^^^^^^^^^^^^^^

.venv\Lib\site-packages\django\db\backends\utils.py:103: 
_ _ _ _ _ _ _ _ _ _ _ _ _ _ _ _ _ _ _ _ _ _ _ _ _ _ _ _ _ _ _ _ _ _ _ _ _ _ _ _

self = <django.db.backends.postgresql.base.Cursor [closed] [IDLE] (host=localhost user=postgres database=test_gpp_plataform) at 0x28344bf7ba0>
query = 'TRUNCATE "auth_group", "auth_user_user_permissions", "accounts_userrole", "tblusuario", "tbltipousuario", "accounts_a... "tblstatususuario", "auth_group_permissions", "tblaplicacao", "accounts_session", "auth_permission", "accounts_role";'
params = None

    def execute(
        self,
        query: Query,
        params: Params | None = None,
        *,
        prepare: bool | None = None,
        binary: bool | None = None,
    ) -> Self:
        """
        Execute a query or command to the database.
        """
        try:
            with self._conn.lock:
                self._conn.wait(
                    self._execute_gen(query, params, prepare=prepare, binary=binary)
                )
        except e._NO_TRACEBACK as ex:
>           raise ex.with_traceback(None)
E           psycopg.errors.FeatureNotSupported: nÒo Ú possÝvel truncar uma tabela referenciada em uma restriþÒo de chave estrangeira
E           DETAIL:  Tabela "tblusuarioresponsavel" referencia "auth_user".
E           HINT:  Trunque a tabela "tblusuarioresponsavel" ao mesmo tempo, ou use TRUNCATE ... CASCADE.

.venv\Lib\site-packages\psycopg\cursor.py:117: FeatureNotSupported

The above exception was the direct cause of the following exception:

self = <django.core.management.commands.flush.Command object at 0x0000028346E15EB0>
options = {'allow_cascade': False, 'database': 'default', 'force_color': False, 'inhibit_post_migrate': False, ...}
database = 'default'
connection = <DatabaseWrapper vendor='postgresql' alias='default'>
verbosity = 0, interactive = False, reset_sequences = False
allow_cascade = False, inhibit_post_migrate = False

        def handle(self, **options):
            database = options["database"]
            connection = connections[database]
            verbosity = options["verbosity"]
            interactive = options["interactive"]
            # The following are stealth options used by Django's internals.
            reset_sequences = options.get("reset_sequences", True)
            allow_cascade = options.get("allow_cascade", False)
            inhibit_post_migrate = options.get("inhibit_post_migrate", False)
    
            self.style = no_style()
    
            # Import the 'management' module within each installed app, to register
            # dispatcher events.
            for app_config in apps.get_app_configs():
                try:
                    import_module(".management", app_config.name)
                except ImportError:
                    pass
    
            sql_list = sql_flush(
                self.style,
                connection,
                reset_sequences=reset_sequences,
                allow_cascade=allow_cascade,
            )
    
            if interactive:
                confirm = input(
                    """You have requested a flush of the database.
    This will IRREVERSIBLY DESTROY all data currently in the "%s" database,
    and return each table to an empty state.
    Are you sure you want to do this?
    
        Type 'yes' to continue, or 'no' to cancel: """
                    % connection.settings_dict["NAME"]
                )
            else:
                confirm = "yes"
    
            if confirm == "yes":
                try:
>                   connection.ops.execute_sql_flush(sql_list)

.venv\Lib\site-packages\django\core\management\commands\flush.py:74: 
_ _ _ _ _ _ _ _ _ _ _ _ _ _ _ _ _ _ _ _ _ _ _ _ _ _ _ _ _ _ _ _ _ _ _ _ _ _ _ _
.venv\Lib\site-packages\django\db\backends\base\operations.py:473: in execute_sql_flush
    cursor.execute(sql)
.venv\Lib\site-packages\django\db\backends\utils.py:79: in execute
    return self._execute_with_wrappers(
.venv\Lib\site-packages\django\db\backends\utils.py:92: in _execute_with_wrappers
    return executor(sql, params, many, context)
           ^^^^^^^^^^^^^^^^^^^^^^^^^^^^^^^^^^^^
.venv\Lib\site-packages\django\db\backends\utils.py:100: in _execute
    with self.db.wrap_database_errors:
         ^^^^^^^^^^^^^^^^^^^^^^^^^^^^
.venv\Lib\site-packages\django\db\utils.py:91: in __exit__
    raise dj_exc_value.with_traceback(traceback) from exc_value
.venv\Lib\site-packages\django\db\backends\utils.py:103: in _execute
    return self.cursor.execute(sql)
           ^^^^^^^^^^^^^^^^^^^^^^^^
_ _ _ _ _ _ _ _ _ _ _ _ _ _ _ _ _ _ _ _ _ _ _ _ _ _ _ _ _ _ _ _ _ _ _ _ _ _ _ _

self = <django.db.backends.postgresql.base.Cursor [closed] [IDLE] (host=localhost user=postgres database=test_gpp_plataform) at 0x28344bf7ba0>
query = 'TRUNCATE "auth_group", "auth_user_user_permissions", "accounts_userrole", "tblusuario", "tbltipousuario", "accounts_a... "tblstatususuario", "auth_group_permissions", "tblaplicacao", "accounts_session", "auth_permission", "accounts_role";'
params = None

    def execute(
        self,
        query: Query,
        params: Params | None = None,
        *,
        prepare: bool | None = None,
        binary: bool | None = None,
    ) -> Self:
        """
        Execute a query or command to the database.
        """
        try:
            with self._conn.lock:
                self._conn.wait(
                    self._execute_gen(query, params, prepare=prepare, binary=binary)
                )
        except e._NO_TRACEBACK as ex:
>           raise ex.with_traceback(None)
E           django.db.utils.NotSupportedError: nÒo Ú possÝvel truncar uma tabela referenciada em uma restriþÒo de chave estrangeira
E           DETAIL:  Tabela "tblusuarioresponsavel" referencia "auth_user".
E           HINT:  Trunque a tabela "tblusuarioresponsavel" ao mesmo tempo, ou use TRUNCATE ... CASCADE.

.venv\Lib\site-packages\psycopg\cursor.py:117: NotSupportedError

The above exception was the direct cause of the following exception:

request = <SubRequest '_django_db_helper' for <Function test_usuario_pode_ter_roles_em_apps_diferentes>>
django_db_setup = None
django_db_blocker = <pytest_django.plugin.DjangoDbBlocker object at 0x0000028342085FD0>

    @pytest.fixture
    def _django_db_helper(
        request: pytest.FixtureRequest,
        django_db_setup: None,  # noqa: ARG001
        django_db_blocker: DjangoDbBlocker,
    ) -> Generator[None, None, None]:
        if is_django_unittest(request):
            yield
            return
    
        marker = request.node.get_closest_marker("django_db")
        if marker:
            (
                transactional,
                reset_sequences,
                databases,
                serialized_rollback,
                available_apps,
            ) = validate_django_db(marker)
        else:
            (
                transactional,
                reset_sequences,
                databases,
                serialized_rollback,
                available_apps,
            ) = False, False, None, False, None
    
        transactional = (
            transactional
            or reset_sequences
            or ("transactional_db" in request.fixturenames or "live_server" in request.fixturenames)
        )
        reset_sequences = reset_sequences or ("django_db_reset_sequences" in request.fixturenames)
        serialized_rollback = serialized_rollback or (
            "django_db_serialized_rollback" in request.fixturenames
        )
    
        with django_db_blocker.unblock():
            import django.db
            import django.test
    
            if transactional:
                test_case_class = django.test.TransactionTestCase
            else:
                test_case_class = django.test.TestCase
    
            _reset_sequences = reset_sequences
            _serialized_rollback = serialized_rollback
            _databases = databases
            _available_apps = available_apps
    
            class PytestDjangoTestCase(test_case_class):  # type: ignore[misc,valid-type]
                reset_sequences = _reset_sequences
                serialized_rollback = _serialized_rollback
                if _databases is not None:
                    databases = _databases
                if _available_apps is not None:
                    available_apps = _available_apps
    
                # For non-transactional tests, skip executing `django.test.TestCase`'s
                # `setUpClass`/`tearDownClass`, only execute the super class ones.
                #
                # `TestCase`'s class setup manages the `setUpTestData`/class-level
                # transaction functionality. We don't use it; instead we (will) offer
                # our own alternatives. So it only adds overhead, and does some things
                # which conflict with our (planned) functionality, particularly, it
                # closes all database connections in `tearDownClass` which inhibits
                # wrapping tests in higher-scoped transactions.
                #
                # It's possible a new version of Django will add some unrelated
                # functionality to these methods, in which case skipping them completely
                # would not be desirable. Let's cross that bridge when we get there...
                if not transactional:
    
                    @classmethod
                    def setUpClass(cls) -> None:
                        super(django.test.TestCase, cls).setUpClass()
    
                    @classmethod
                    def tearDownClass(cls) -> None:
                        super(django.test.TestCase, cls).tearDownClass()
    
            PytestDjangoTestCase.setUpClass()
    
            test_case = PytestDjangoTestCase(methodName="__init__")
            test_case._pre_setup()
    
            yield
    
>           test_case._post_teardown()

.venv\Lib\site-packages\pytest_django\fixtures.py:296: 
_ _ _ _ _ _ _ _ _ _ _ _ _ _ _ _ _ _ _ _ _ _ _ _ _ _ _ _ _ _ _ _ _ _ _ _ _ _ _ _
.venv\Lib\site-packages\django\test\testcases.py:1227: in _post_teardown
    self._fixture_teardown()
.venv\Lib\site-packages\django\test\testcases.py:1262: in _fixture_teardown
    call_command(
.venv\Lib\site-packages\django\core\management\__init__.py:194: in call_command
    return command.execute(*args, **defaults)
           ^^^^^^^^^^^^^^^^^^^^^^^^^^^^^^^^^^
.venv\Lib\site-packages\django\core\management\base.py:460: in execute
    output = self.handle(*args, **options)
             ^^^^^^^^^^^^^^^^^^^^^^^^^^^^^
_ _ _ _ _ _ _ _ _ _ _ _ _ _ _ _ _ _ _ _ _ _ _ _ _ _ _ _ _ _ _ _ _ _ _ _ _ _ _ _

self = <django.core.management.commands.flush.Command object at 0x0000028346E15EB0>
options = {'allow_cascade': False, 'database': 'default', 'force_color': False, 'inhibit_post_migrate': False, ...}
database = 'default'
connection = <DatabaseWrapper vendor='postgresql' alias='default'>
verbosity = 0, interactive = False, reset_sequences = False
allow_cascade = False, inhibit_post_migrate = False

        def handle(self, **options):
            database = options["database"]
            connection = connections[database]
            verbosity = options["verbosity"]
            interactive = options["interactive"]
            # The following are stealth options used by Django's internals.
            reset_sequences = options.get("reset_sequences", True)
            allow_cascade = options.get("allow_cascade", False)
            inhibit_post_migrate = options.get("inhibit_post_migrate", False)
    
            self.style = no_style()
    
            # Import the 'management' module within each installed app, to register
            # dispatcher events.
            for app_config in apps.get_app_configs():
                try:
                    import_module(".management", app_config.name)
                except ImportError:
                    pass
    
            sql_list = sql_flush(
                self.style,
                connection,
                reset_sequences=reset_sequences,
                allow_cascade=allow_cascade,
            )
    
            if interactive:
                confirm = input(
                    """You have requested a flush of the database.
    This will IRREVERSIBLY DESTROY all data currently in the "%s" database,
    and return each table to an empty state.
    Are you sure you want to do this?
    
        Type 'yes' to continue, or 'no' to cancel: """
                    % connection.settings_dict["NAME"]
                )
            else:
                confirm = "yes"
    
            if confirm == "yes":
                try:
                    connection.ops.execute_sql_flush(sql_list)
                except Exception as exc:
>                   raise CommandError(
                        "Database %s couldn't be flushed. Possible reasons:\n"
                        "  * The database isn't running or isn't configured correctly.\n"
                        "  * At least one of the expected database tables doesn't exist.\n"
                        "  * The SQL was invalid.\n"
                        "Hint: Look at the output of 'django-admin sqlflush'. "
                        "That's the SQL this command wasn't able to run."
                        % (connection.settings_dict["NAME"],)
                    ) from exc
E                   django.core.management.base.CommandError: Database test_gpp_plataform couldn't be flushed. Possible reasons:
E                     * The database isn't running or isn't configured correctly.
E                     * At least one of the expected database tables doesn't exist.
E                     * The SQL was invalid.
E                   Hint: Look at the output of 'django-admin sqlflush'. That's the SQL this command wasn't able to run.

.venv\Lib\site-packages\django\core\management\commands\flush.py:76: CommandError
_ ERROR at teardown of TestAttributeConstraints.test_atributo_duplicado_gera_integrity_error _

self = <django.db.backends.utils.CursorWrapper object at 0x0000028346D6E390>
sql = 'TRUNCATE "auth_group", "auth_user_user_permissions", "accounts_userrole", "tblusuario", "tbltipousuario", "accounts_a... "tblstatususuario", "auth_group_permissions", "tblaplicacao", "accounts_session", "auth_permission", "accounts_role";'
params = None
ignored_wrapper_args = (False, {'connection': <DatabaseWrapper vendor='postgresql' alias='default'>, 'cursor': <django.db.backends.utils.CursorWrapper object at 0x0000028346D6E390>})

    def _execute(self, sql, params, *ignored_wrapper_args):
        # Raise a warning during app initialization (stored_app_configs is only
        # ever set during testing).
        if not apps.ready and not apps.stored_app_configs:
            warnings.warn(self.APPS_NOT_READY_WARNING_MSG, category=RuntimeWarning)
        self.db.validate_no_broken_transaction()
        with self.db.wrap_database_errors:
            if params is None:
                # params default might be backend specific.
>               return self.cursor.execute(sql)
                       ^^^^^^^^^^^^^^^^^^^^^^^^

.venv\Lib\site-packages\django\db\backends\utils.py:103: 
_ _ _ _ _ _ _ _ _ _ _ _ _ _ _ _ _ _ _ _ _ _ _ _ _ _ _ _ _ _ _ _ _ _ _ _ _ _ _ _

self = <django.db.backends.postgresql.base.Cursor [closed] [IDLE] (host=localhost user=postgres database=test_gpp_plataform) at 0x28346ef7860>
query = 'TRUNCATE "auth_group", "auth_user_user_permissions", "accounts_userrole", "tblusuario", "tbltipousuario", "accounts_a... "tblstatususuario", "auth_group_permissions", "tblaplicacao", "accounts_session", "auth_permission", "accounts_role";'
params = None

    def execute(
        self,
        query: Query,
        params: Params | None = None,
        *,
        prepare: bool | None = None,
        binary: bool | None = None,
    ) -> Self:
        """
        Execute a query or command to the database.
        """
        try:
            with self._conn.lock:
                self._conn.wait(
                    self._execute_gen(query, params, prepare=prepare, binary=binary)
                )
        except e._NO_TRACEBACK as ex:
>           raise ex.with_traceback(None)
E           psycopg.errors.FeatureNotSupported: nÒo Ú possÝvel truncar uma tabela referenciada em uma restriþÒo de chave estrangeira
E           DETAIL:  Tabela "tblusuarioresponsavel" referencia "auth_user".
E           HINT:  Trunque a tabela "tblusuarioresponsavel" ao mesmo tempo, ou use TRUNCATE ... CASCADE.

.venv\Lib\site-packages\psycopg\cursor.py:117: FeatureNotSupported

The above exception was the direct cause of the following exception:

self = <django.core.management.commands.flush.Command object at 0x0000028346D6CDD0>
options = {'allow_cascade': False, 'database': 'default', 'force_color': False, 'inhibit_post_migrate': False, ...}
database = 'default'
connection = <DatabaseWrapper vendor='postgresql' alias='default'>
verbosity = 0, interactive = False, reset_sequences = False
allow_cascade = False, inhibit_post_migrate = False

        def handle(self, **options):
            database = options["database"]
            connection = connections[database]
            verbosity = options["verbosity"]
            interactive = options["interactive"]
            # The following are stealth options used by Django's internals.
            reset_sequences = options.get("reset_sequences", True)
            allow_cascade = options.get("allow_cascade", False)
            inhibit_post_migrate = options.get("inhibit_post_migrate", False)
    
            self.style = no_style()
    
            # Import the 'management' module within each installed app, to register
            # dispatcher events.
            for app_config in apps.get_app_configs():
                try:
                    import_module(".management", app_config.name)
                except ImportError:
                    pass
    
            sql_list = sql_flush(
                self.style,
                connection,
                reset_sequences=reset_sequences,
                allow_cascade=allow_cascade,
            )
    
            if interactive:
                confirm = input(
                    """You have requested a flush of the database.
    This will IRREVERSIBLY DESTROY all data currently in the "%s" database,
    and return each table to an empty state.
    Are you sure you want to do this?
    
        Type 'yes' to continue, or 'no' to cancel: """
                    % connection.settings_dict["NAME"]
                )
            else:
                confirm = "yes"
    
            if confirm == "yes":
                try:
>                   connection.ops.execute_sql_flush(sql_list)

.venv\Lib\site-packages\django\core\management\commands\flush.py:74: 
_ _ _ _ _ _ _ _ _ _ _ _ _ _ _ _ _ _ _ _ _ _ _ _ _ _ _ _ _ _ _ _ _ _ _ _ _ _ _ _
.venv\Lib\site-packages\django\db\backends\base\operations.py:473: in execute_sql_flush
    cursor.execute(sql)
.venv\Lib\site-packages\django\db\backends\utils.py:79: in execute
    return self._execute_with_wrappers(
.venv\Lib\site-packages\django\db\backends\utils.py:92: in _execute_with_wrappers
    return executor(sql, params, many, context)
           ^^^^^^^^^^^^^^^^^^^^^^^^^^^^^^^^^^^^
.venv\Lib\site-packages\django\db\backends\utils.py:100: in _execute
    with self.db.wrap_database_errors:
         ^^^^^^^^^^^^^^^^^^^^^^^^^^^^
.venv\Lib\site-packages\django\db\utils.py:91: in __exit__
    raise dj_exc_value.with_traceback(traceback) from exc_value
.venv\Lib\site-packages\django\db\backends\utils.py:103: in _execute
    return self.cursor.execute(sql)
           ^^^^^^^^^^^^^^^^^^^^^^^^
_ _ _ _ _ _ _ _ _ _ _ _ _ _ _ _ _ _ _ _ _ _ _ _ _ _ _ _ _ _ _ _ _ _ _ _ _ _ _ _

self = <django.db.backends.postgresql.base.Cursor [closed] [IDLE] (host=localhost user=postgres database=test_gpp_plataform) at 0x28346ef7860>
query = 'TRUNCATE "auth_group", "auth_user_user_permissions", "accounts_userrole", "tblusuario", "tbltipousuario", "accounts_a... "tblstatususuario", "auth_group_permissions", "tblaplicacao", "accounts_session", "auth_permission", "accounts_role";'
params = None

    def execute(
        self,
        query: Query,
        params: Params | None = None,
        *,
        prepare: bool | None = None,
        binary: bool | None = None,
    ) -> Self:
        """
        Execute a query or command to the database.
        """
        try:
            with self._conn.lock:
                self._conn.wait(
                    self._execute_gen(query, params, prepare=prepare, binary=binary)
                )
        except e._NO_TRACEBACK as ex:
>           raise ex.with_traceback(None)
E           django.db.utils.NotSupportedError: nÒo Ú possÝvel truncar uma tabela referenciada em uma restriþÒo de chave estrangeira
E           DETAIL:  Tabela "tblusuarioresponsavel" referencia "auth_user".
E           HINT:  Trunque a tabela "tblusuarioresponsavel" ao mesmo tempo, ou use TRUNCATE ... CASCADE.

.venv\Lib\site-packages\psycopg\cursor.py:117: NotSupportedError

The above exception was the direct cause of the following exception:

request = <SubRequest '_django_db_helper' for <Function test_atributo_duplicado_gera_integrity_error>>
django_db_setup = None
django_db_blocker = <pytest_django.plugin.DjangoDbBlocker object at 0x0000028342085FD0>

    @pytest.fixture
    def _django_db_helper(
        request: pytest.FixtureRequest,
        django_db_setup: None,  # noqa: ARG001
        django_db_blocker: DjangoDbBlocker,
    ) -> Generator[None, None, None]:
        if is_django_unittest(request):
            yield
            return
    
        marker = request.node.get_closest_marker("django_db")
        if marker:
            (
                transactional,
                reset_sequences,
                databases,
                serialized_rollback,
                available_apps,
            ) = validate_django_db(marker)
        else:
            (
                transactional,
                reset_sequences,
                databases,
                serialized_rollback,
                available_apps,
            ) = False, False, None, False, None
    
        transactional = (
            transactional
            or reset_sequences
            or ("transactional_db" in request.fixturenames or "live_server" in request.fixturenames)
        )
        reset_sequences = reset_sequences or ("django_db_reset_sequences" in request.fixturenames)
        serialized_rollback = serialized_rollback or (
            "django_db_serialized_rollback" in request.fixturenames
        )
    
        with django_db_blocker.unblock():
            import django.db
            import django.test
    
            if transactional:
                test_case_class = django.test.TransactionTestCase
            else:
                test_case_class = django.test.TestCase
    
            _reset_sequences = reset_sequences
            _serialized_rollback = serialized_rollback
            _databases = databases
            _available_apps = available_apps
    
            class PytestDjangoTestCase(test_case_class):  # type: ignore[misc,valid-type]
                reset_sequences = _reset_sequences
                serialized_rollback = _serialized_rollback
                if _databases is not None:
                    databases = _databases
                if _available_apps is not None:
                    available_apps = _available_apps
    
                # For non-transactional tests, skip executing `django.test.TestCase`'s
                # `setUpClass`/`tearDownClass`, only execute the super class ones.
                #
                # `TestCase`'s class setup manages the `setUpTestData`/class-level
                # transaction functionality. We don't use it; instead we (will) offer
                # our own alternatives. So it only adds overhead, and does some things
                # which conflict with our (planned) functionality, particularly, it
                # closes all database connections in `tearDownClass` which inhibits
                # wrapping tests in higher-scoped transactions.
                #
                # It's possible a new version of Django will add some unrelated
                # functionality to these methods, in which case skipping them completely
                # would not be desirable. Let's cross that bridge when we get there...
                if not transactional:
    
                    @classmethod
                    def setUpClass(cls) -> None:
                        super(django.test.TestCase, cls).setUpClass()
    
                    @classmethod
                    def tearDownClass(cls) -> None:
                        super(django.test.TestCase, cls).tearDownClass()
    
            PytestDjangoTestCase.setUpClass()
    
            test_case = PytestDjangoTestCase(methodName="__init__")
            test_case._pre_setup()
    
            yield
    
>           test_case._post_teardown()

.venv\Lib\site-packages\pytest_django\fixtures.py:296: 
_ _ _ _ _ _ _ _ _ _ _ _ _ _ _ _ _ _ _ _ _ _ _ _ _ _ _ _ _ _ _ _ _ _ _ _ _ _ _ _
.venv\Lib\site-packages\django\test\testcases.py:1227: in _post_teardown
    self._fixture_teardown()
.venv\Lib\site-packages\django\test\testcases.py:1262: in _fixture_teardown
    call_command(
.venv\Lib\site-packages\django\core\management\__init__.py:194: in call_command
    return command.execute(*args, **defaults)
           ^^^^^^^^^^^^^^^^^^^^^^^^^^^^^^^^^^
.venv\Lib\site-packages\django\core\management\base.py:460: in execute
    output = self.handle(*args, **options)
             ^^^^^^^^^^^^^^^^^^^^^^^^^^^^^
_ _ _ _ _ _ _ _ _ _ _ _ _ _ _ _ _ _ _ _ _ _ _ _ _ _ _ _ _ _ _ _ _ _ _ _ _ _ _ _

self = <django.core.management.commands.flush.Command object at 0x0000028346D6CDD0>
options = {'allow_cascade': False, 'database': 'default', 'force_color': False, 'inhibit_post_migrate': False, ...}
database = 'default'
connection = <DatabaseWrapper vendor='postgresql' alias='default'>
verbosity = 0, interactive = False, reset_sequences = False
allow_cascade = False, inhibit_post_migrate = False

        def handle(self, **options):
            database = options["database"]
            connection = connections[database]
            verbosity = options["verbosity"]
            interactive = options["interactive"]
            # The following are stealth options used by Django's internals.
            reset_sequences = options.get("reset_sequences", True)
            allow_cascade = options.get("allow_cascade", False)
            inhibit_post_migrate = options.get("inhibit_post_migrate", False)
    
            self.style = no_style()
    
            # Import the 'management' module within each installed app, to register
            # dispatcher events.
            for app_config in apps.get_app_configs():
                try:
                    import_module(".management", app_config.name)
                except ImportError:
                    pass
    
            sql_list = sql_flush(
                self.style,
                connection,
                reset_sequences=reset_sequences,
                allow_cascade=allow_cascade,
            )
    
            if interactive:
                confirm = input(
                    """You have requested a flush of the database.
    This will IRREVERSIBLY DESTROY all data currently in the "%s" database,
    and return each table to an empty state.
    Are you sure you want to do this?
    
        Type 'yes' to continue, or 'no' to cancel: """
                    % connection.settings_dict["NAME"]
                )
            else:
                confirm = "yes"
    
            if confirm == "yes":
                try:
                    connection.ops.execute_sql_flush(sql_list)
                except Exception as exc:
>                   raise CommandError(
                        "Database %s couldn't be flushed. Possible reasons:\n"
                        "  * The database isn't running or isn't configured correctly.\n"
                        "  * At least one of the expected database tables doesn't exist.\n"
                        "  * The SQL was invalid.\n"
                        "Hint: Look at the output of 'django-admin sqlflush'. "
                        "That's the SQL this command wasn't able to run."
                        % (connection.settings_dict["NAME"],)
                    ) from exc
E                   django.core.management.base.CommandError: Database test_gpp_plataform couldn't be flushed. Possible reasons:
E                     * The database isn't running or isn't configured correctly.
E                     * At least one of the expected database tables doesn't exist.
E                     * The SQL was invalid.
E                   Hint: Look at the output of 'django-admin sqlflush'. That's the SQL this command wasn't able to run.

.venv\Lib\site-packages\django\core\management\commands\flush.py:76: CommandError
_ ERROR at teardown of TestAttributeConstraints.test_mesma_key_em_app_diferente_e_permitido _

self = <django.db.backends.utils.CursorWrapper object at 0x0000028344CD2F30>
sql = 'TRUNCATE "auth_group", "auth_user_user_permissions", "accounts_userrole", "tblusuario", "tbltipousuario", "accounts_a... "tblstatususuario", "auth_group_permissions", "tblaplicacao", "accounts_session", "auth_permission", "accounts_role";'
params = None
ignored_wrapper_args = (False, {'connection': <DatabaseWrapper vendor='postgresql' alias='default'>, 'cursor': <django.db.backends.utils.CursorWrapper object at 0x0000028344CD2F30>})

    def _execute(self, sql, params, *ignored_wrapper_args):
        # Raise a warning during app initialization (stored_app_configs is only
        # ever set during testing).
        if not apps.ready and not apps.stored_app_configs:
            warnings.warn(self.APPS_NOT_READY_WARNING_MSG, category=RuntimeWarning)
        self.db.validate_no_broken_transaction()
        with self.db.wrap_database_errors:
            if params is None:
                # params default might be backend specific.
>               return self.cursor.execute(sql)
                       ^^^^^^^^^^^^^^^^^^^^^^^^

.venv\Lib\site-packages\django\db\backends\utils.py:103: 
_ _ _ _ _ _ _ _ _ _ _ _ _ _ _ _ _ _ _ _ _ _ _ _ _ _ _ _ _ _ _ _ _ _ _ _ _ _ _ _

self = <django.db.backends.postgresql.base.Cursor [closed] [IDLE] (host=localhost user=postgres database=test_gpp_plataform) at 0x28345a29570>
query = 'TRUNCATE "auth_group", "auth_user_user_permissions", "accounts_userrole", "tblusuario", "tbltipousuario", "accounts_a... "tblstatususuario", "auth_group_permissions", "tblaplicacao", "accounts_session", "auth_permission", "accounts_role";'
params = None

    def execute(
        self,
        query: Query,
        params: Params | None = None,
        *,
        prepare: bool | None = None,
        binary: bool | None = None,
    ) -> Self:
        """
        Execute a query or command to the database.
        """
        try:
            with self._conn.lock:
                self._conn.wait(
                    self._execute_gen(query, params, prepare=prepare, binary=binary)
                )
        except e._NO_TRACEBACK as ex:
>           raise ex.with_traceback(None)
E           psycopg.errors.FeatureNotSupported: nÒo Ú possÝvel truncar uma tabela referenciada em uma restriþÒo de chave estrangeira
E           DETAIL:  Tabela "tblusuarioresponsavel" referencia "auth_user".
E           HINT:  Trunque a tabela "tblusuarioresponsavel" ao mesmo tempo, ou use TRUNCATE ... CASCADE.

.venv\Lib\site-packages\psycopg\cursor.py:117: FeatureNotSupported

The above exception was the direct cause of the following exception:

self = <django.core.management.commands.flush.Command object at 0x00000283451EB6B0>
options = {'allow_cascade': False, 'database': 'default', 'force_color': False, 'inhibit_post_migrate': False, ...}
database = 'default'
connection = <DatabaseWrapper vendor='postgresql' alias='default'>
verbosity = 0, interactive = False, reset_sequences = False
allow_cascade = False, inhibit_post_migrate = False

        def handle(self, **options):
            database = options["database"]
            connection = connections[database]
            verbosity = options["verbosity"]
            interactive = options["interactive"]
            # The following are stealth options used by Django's internals.
            reset_sequences = options.get("reset_sequences", True)
            allow_cascade = options.get("allow_cascade", False)
            inhibit_post_migrate = options.get("inhibit_post_migrate", False)
    
            self.style = no_style()
    
            # Import the 'management' module within each installed app, to register
            # dispatcher events.
            for app_config in apps.get_app_configs():
                try:
                    import_module(".management", app_config.name)
                except ImportError:
                    pass
    
            sql_list = sql_flush(
                self.style,
                connection,
                reset_sequences=reset_sequences,
                allow_cascade=allow_cascade,
            )
    
            if interactive:
                confirm = input(
                    """You have requested a flush of the database.
    This will IRREVERSIBLY DESTROY all data currently in the "%s" database,
    and return each table to an empty state.
    Are you sure you want to do this?
    
        Type 'yes' to continue, or 'no' to cancel: """
                    % connection.settings_dict["NAME"]
                )
            else:
                confirm = "yes"
    
            if confirm == "yes":
                try:
>                   connection.ops.execute_sql_flush(sql_list)

.venv\Lib\site-packages\django\core\management\commands\flush.py:74: 
_ _ _ _ _ _ _ _ _ _ _ _ _ _ _ _ _ _ _ _ _ _ _ _ _ _ _ _ _ _ _ _ _ _ _ _ _ _ _ _
.venv\Lib\site-packages\django\db\backends\base\operations.py:473: in execute_sql_flush
    cursor.execute(sql)
.venv\Lib\site-packages\django\db\backends\utils.py:79: in execute
    return self._execute_with_wrappers(
.venv\Lib\site-packages\django\db\backends\utils.py:92: in _execute_with_wrappers
    return executor(sql, params, many, context)
           ^^^^^^^^^^^^^^^^^^^^^^^^^^^^^^^^^^^^
.venv\Lib\site-packages\django\db\backends\utils.py:100: in _execute
    with self.db.wrap_database_errors:
         ^^^^^^^^^^^^^^^^^^^^^^^^^^^^
.venv\Lib\site-packages\django\db\utils.py:91: in __exit__
    raise dj_exc_value.with_traceback(traceback) from exc_value
.venv\Lib\site-packages\django\db\backends\utils.py:103: in _execute
    return self.cursor.execute(sql)
           ^^^^^^^^^^^^^^^^^^^^^^^^
_ _ _ _ _ _ _ _ _ _ _ _ _ _ _ _ _ _ _ _ _ _ _ _ _ _ _ _ _ _ _ _ _ _ _ _ _ _ _ _

self = <django.db.backends.postgresql.base.Cursor [closed] [IDLE] (host=localhost user=postgres database=test_gpp_plataform) at 0x28345a29570>
query = 'TRUNCATE "auth_group", "auth_user_user_permissions", "accounts_userrole", "tblusuario", "tbltipousuario", "accounts_a... "tblstatususuario", "auth_group_permissions", "tblaplicacao", "accounts_session", "auth_permission", "accounts_role";'
params = None

    def execute(
        self,
        query: Query,
        params: Params | None = None,
        *,
        prepare: bool | None = None,
        binary: bool | None = None,
    ) -> Self:
        """
        Execute a query or command to the database.
        """
        try:
            with self._conn.lock:
                self._conn.wait(
                    self._execute_gen(query, params, prepare=prepare, binary=binary)
                )
        except e._NO_TRACEBACK as ex:
>           raise ex.with_traceback(None)
E           django.db.utils.NotSupportedError: nÒo Ú possÝvel truncar uma tabela referenciada em uma restriþÒo de chave estrangeira
E           DETAIL:  Tabela "tblusuarioresponsavel" referencia "auth_user".
E           HINT:  Trunque a tabela "tblusuarioresponsavel" ao mesmo tempo, ou use TRUNCATE ... CASCADE.

.venv\Lib\site-packages\psycopg\cursor.py:117: NotSupportedError

The above exception was the direct cause of the following exception:

request = <SubRequest '_django_db_helper' for <Function test_mesma_key_em_app_diferente_e_permitido>>
django_db_setup = None
django_db_blocker = <pytest_django.plugin.DjangoDbBlocker object at 0x0000028342085FD0>

    @pytest.fixture
    def _django_db_helper(
        request: pytest.FixtureRequest,
        django_db_setup: None,  # noqa: ARG001
        django_db_blocker: DjangoDbBlocker,
    ) -> Generator[None, None, None]:
        if is_django_unittest(request):
            yield
            return
    
        marker = request.node.get_closest_marker("django_db")
        if marker:
            (
                transactional,
                reset_sequences,
                databases,
                serialized_rollback,
                available_apps,
            ) = validate_django_db(marker)
        else:
            (
                transactional,
                reset_sequences,
                databases,
                serialized_rollback,
                available_apps,
            ) = False, False, None, False, None
    
        transactional = (
            transactional
            or reset_sequences
            or ("transactional_db" in request.fixturenames or "live_server" in request.fixturenames)
        )
        reset_sequences = reset_sequences or ("django_db_reset_sequences" in request.fixturenames)
        serialized_rollback = serialized_rollback or (
            "django_db_serialized_rollback" in request.fixturenames
        )
    
        with django_db_blocker.unblock():
            import django.db
            import django.test
    
            if transactional:
                test_case_class = django.test.TransactionTestCase
            else:
                test_case_class = django.test.TestCase
    
            _reset_sequences = reset_sequences
            _serialized_rollback = serialized_rollback
            _databases = databases
            _available_apps = available_apps
    
            class PytestDjangoTestCase(test_case_class):  # type: ignore[misc,valid-type]
                reset_sequences = _reset_sequences
                serialized_rollback = _serialized_rollback
                if _databases is not None:
                    databases = _databases
                if _available_apps is not None:
                    available_apps = _available_apps
    
                # For non-transactional tests, skip executing `django.test.TestCase`'s
                # `setUpClass`/`tearDownClass`, only execute the super class ones.
                #
                # `TestCase`'s class setup manages the `setUpTestData`/class-level
                # transaction functionality. We don't use it; instead we (will) offer
                # our own alternatives. So it only adds overhead, and does some things
                # which conflict with our (planned) functionality, particularly, it
                # closes all database connections in `tearDownClass` which inhibits
                # wrapping tests in higher-scoped transactions.
                #
                # It's possible a new version of Django will add some unrelated
                # functionality to these methods, in which case skipping them completely
                # would not be desirable. Let's cross that bridge when we get there...
                if not transactional:
    
                    @classmethod
                    def setUpClass(cls) -> None:
                        super(django.test.TestCase, cls).setUpClass()
    
                    @classmethod
                    def tearDownClass(cls) -> None:
                        super(django.test.TestCase, cls).tearDownClass()
    
            PytestDjangoTestCase.setUpClass()
    
            test_case = PytestDjangoTestCase(methodName="__init__")
            test_case._pre_setup()
    
            yield
    
>           test_case._post_teardown()

.venv\Lib\site-packages\pytest_django\fixtures.py:296: 
_ _ _ _ _ _ _ _ _ _ _ _ _ _ _ _ _ _ _ _ _ _ _ _ _ _ _ _ _ _ _ _ _ _ _ _ _ _ _ _
.venv\Lib\site-packages\django\test\testcases.py:1227: in _post_teardown
    self._fixture_teardown()
.venv\Lib\site-packages\django\test\testcases.py:1262: in _fixture_teardown
    call_command(
.venv\Lib\site-packages\django\core\management\__init__.py:194: in call_command
    return command.execute(*args, **defaults)
           ^^^^^^^^^^^^^^^^^^^^^^^^^^^^^^^^^^
.venv\Lib\site-packages\django\core\management\base.py:460: in execute
    output = self.handle(*args, **options)
             ^^^^^^^^^^^^^^^^^^^^^^^^^^^^^
_ _ _ _ _ _ _ _ _ _ _ _ _ _ _ _ _ _ _ _ _ _ _ _ _ _ _ _ _ _ _ _ _ _ _ _ _ _ _ _

self = <django.core.management.commands.flush.Command object at 0x00000283451EB6B0>
options = {'allow_cascade': False, 'database': 'default', 'force_color': False, 'inhibit_post_migrate': False, ...}
database = 'default'
connection = <DatabaseWrapper vendor='postgresql' alias='default'>
verbosity = 0, interactive = False, reset_sequences = False
allow_cascade = False, inhibit_post_migrate = False

        def handle(self, **options):
            database = options["database"]
            connection = connections[database]
            verbosity = options["verbosity"]
            interactive = options["interactive"]
            # The following are stealth options used by Django's internals.
            reset_sequences = options.get("reset_sequences", True)
            allow_cascade = options.get("allow_cascade", False)
            inhibit_post_migrate = options.get("inhibit_post_migrate", False)
    
            self.style = no_style()
    
            # Import the 'management' module within each installed app, to register
            # dispatcher events.
            for app_config in apps.get_app_configs():
                try:
                    import_module(".management", app_config.name)
                except ImportError:
                    pass
    
            sql_list = sql_flush(
                self.style,
                connection,
                reset_sequences=reset_sequences,
                allow_cascade=allow_cascade,
            )
    
            if interactive:
                confirm = input(
                    """You have requested a flush of the database.
    This will IRREVERSIBLY DESTROY all data currently in the "%s" database,
    and return each table to an empty state.
    Are you sure you want to do this?
    
        Type 'yes' to continue, or 'no' to cancel: """
                    % connection.settings_dict["NAME"]
                )
            else:
                confirm = "yes"
    
            if confirm == "yes":
                try:
                    connection.ops.execute_sql_flush(sql_list)
                except Exception as exc:
>                   raise CommandError(
                        "Database %s couldn't be flushed. Possible reasons:\n"
                        "  * The database isn't running or isn't configured correctly.\n"
                        "  * At least one of the expected database tables doesn't exist.\n"
                        "  * The SQL was invalid.\n"
                        "Hint: Look at the output of 'django-admin sqlflush'. "
                        "That's the SQL this command wasn't able to run."
                        % (connection.settings_dict["NAME"],)
                    ) from exc
E                   django.core.management.base.CommandError: Database test_gpp_plataform couldn't be flushed. Possible reasons:
E                     * The database isn't running or isn't configured correctly.
E                     * At least one of the expected database tables doesn't exist.
E                     * The SQL was invalid.
E                   Hint: Look at the output of 'django-admin sqlflush'. That's the SQL this command wasn't able to run.

.venv\Lib\site-packages\django\core\management\commands\flush.py:76: CommandError
_ ERROR at teardown of TestAttributeConstraints.test_key_diferente_mesma_app_e_permitido _

self = <django.db.backends.utils.CursorWrapper object at 0x0000028346D6FE30>
sql = 'TRUNCATE "auth_group", "auth_user_user_permissions", "accounts_userrole", "tblusuario", "tbltipousuario", "accounts_a... "tblstatususuario", "auth_group_permissions", "tblaplicacao", "accounts_session", "auth_permission", "accounts_role";'
params = None
ignored_wrapper_args = (False, {'connection': <DatabaseWrapper vendor='postgresql' alias='default'>, 'cursor': <django.db.backends.utils.CursorWrapper object at 0x0000028346D6FE30>})

    def _execute(self, sql, params, *ignored_wrapper_args):
        # Raise a warning during app initialization (stored_app_configs is only
        # ever set during testing).
        if not apps.ready and not apps.stored_app_configs:
            warnings.warn(self.APPS_NOT_READY_WARNING_MSG, category=RuntimeWarning)
        self.db.validate_no_broken_transaction()
        with self.db.wrap_database_errors:
            if params is None:
                # params default might be backend specific.
>               return self.cursor.execute(sql)
                       ^^^^^^^^^^^^^^^^^^^^^^^^

.venv\Lib\site-packages\django\db\backends\utils.py:103: 
_ _ _ _ _ _ _ _ _ _ _ _ _ _ _ _ _ _ _ _ _ _ _ _ _ _ _ _ _ _ _ _ _ _ _ _ _ _ _ _

self = <django.db.backends.postgresql.base.Cursor [closed] [IDLE] (host=localhost user=postgres database=test_gpp_plataform) at 0x28345661d90>
query = 'TRUNCATE "auth_group", "auth_user_user_permissions", "accounts_userrole", "tblusuario", "tbltipousuario", "accounts_a... "tblstatususuario", "auth_group_permissions", "tblaplicacao", "accounts_session", "auth_permission", "accounts_role";'
params = None

    def execute(
        self,
        query: Query,
        params: Params | None = None,
        *,
        prepare: bool | None = None,
        binary: bool | None = None,
    ) -> Self:
        """
        Execute a query or command to the database.
        """
        try:
            with self._conn.lock:
                self._conn.wait(
                    self._execute_gen(query, params, prepare=prepare, binary=binary)
                )
        except e._NO_TRACEBACK as ex:
>           raise ex.with_traceback(None)
E           psycopg.errors.FeatureNotSupported: nÒo Ú possÝvel truncar uma tabela referenciada em uma restriþÒo de chave estrangeira
E           DETAIL:  Tabela "tblusuarioresponsavel" referencia "auth_user".
E           HINT:  Trunque a tabela "tblusuarioresponsavel" ao mesmo tempo, ou use TRUNCATE ... CASCADE.

.venv\Lib\site-packages\psycopg\cursor.py:117: FeatureNotSupported

The above exception was the direct cause of the following exception:

self = <django.core.management.commands.flush.Command object at 0x0000028346D6DDF0>
options = {'allow_cascade': False, 'database': 'default', 'force_color': False, 'inhibit_post_migrate': False, ...}
database = 'default'
connection = <DatabaseWrapper vendor='postgresql' alias='default'>
verbosity = 0, interactive = False, reset_sequences = False
allow_cascade = False, inhibit_post_migrate = False

        def handle(self, **options):
            database = options["database"]
            connection = connections[database]
            verbosity = options["verbosity"]
            interactive = options["interactive"]
            # The following are stealth options used by Django's internals.
            reset_sequences = options.get("reset_sequences", True)
            allow_cascade = options.get("allow_cascade", False)
            inhibit_post_migrate = options.get("inhibit_post_migrate", False)
    
            self.style = no_style()
    
            # Import the 'management' module within each installed app, to register
            # dispatcher events.
            for app_config in apps.get_app_configs():
                try:
                    import_module(".management", app_config.name)
                except ImportError:
                    pass
    
            sql_list = sql_flush(
                self.style,
                connection,
                reset_sequences=reset_sequences,
                allow_cascade=allow_cascade,
            )
    
            if interactive:
                confirm = input(
                    """You have requested a flush of the database.
    This will IRREVERSIBLY DESTROY all data currently in the "%s" database,
    and return each table to an empty state.
    Are you sure you want to do this?
    
        Type 'yes' to continue, or 'no' to cancel: """
                    % connection.settings_dict["NAME"]
                )
            else:
                confirm = "yes"
    
            if confirm == "yes":
                try:
>                   connection.ops.execute_sql_flush(sql_list)

.venv\Lib\site-packages\django\core\management\commands\flush.py:74: 
_ _ _ _ _ _ _ _ _ _ _ _ _ _ _ _ _ _ _ _ _ _ _ _ _ _ _ _ _ _ _ _ _ _ _ _ _ _ _ _
.venv\Lib\site-packages\django\db\backends\base\operations.py:473: in execute_sql_flush
    cursor.execute(sql)
.venv\Lib\site-packages\django\db\backends\utils.py:79: in execute
    return self._execute_with_wrappers(
.venv\Lib\site-packages\django\db\backends\utils.py:92: in _execute_with_wrappers
    return executor(sql, params, many, context)
           ^^^^^^^^^^^^^^^^^^^^^^^^^^^^^^^^^^^^
.venv\Lib\site-packages\django\db\backends\utils.py:100: in _execute
    with self.db.wrap_database_errors:
         ^^^^^^^^^^^^^^^^^^^^^^^^^^^^
.venv\Lib\site-packages\django\db\utils.py:91: in __exit__
    raise dj_exc_value.with_traceback(traceback) from exc_value
.venv\Lib\site-packages\django\db\backends\utils.py:103: in _execute
    return self.cursor.execute(sql)
           ^^^^^^^^^^^^^^^^^^^^^^^^
_ _ _ _ _ _ _ _ _ _ _ _ _ _ _ _ _ _ _ _ _ _ _ _ _ _ _ _ _ _ _ _ _ _ _ _ _ _ _ _

self = <django.db.backends.postgresql.base.Cursor [closed] [IDLE] (host=localhost user=postgres database=test_gpp_plataform) at 0x28345661d90>
query = 'TRUNCATE "auth_group", "auth_user_user_permissions", "accounts_userrole", "tblusuario", "tbltipousuario", "accounts_a... "tblstatususuario", "auth_group_permissions", "tblaplicacao", "accounts_session", "auth_permission", "accounts_role";'
params = None

    def execute(
        self,
        query: Query,
        params: Params | None = None,
        *,
        prepare: bool | None = None,
        binary: bool | None = None,
    ) -> Self:
        """
        Execute a query or command to the database.
        """
        try:
            with self._conn.lock:
                self._conn.wait(
                    self._execute_gen(query, params, prepare=prepare, binary=binary)
                )
        except e._NO_TRACEBACK as ex:
>           raise ex.with_traceback(None)
E           django.db.utils.NotSupportedError: nÒo Ú possÝvel truncar uma tabela referenciada em uma restriþÒo de chave estrangeira
E           DETAIL:  Tabela "tblusuarioresponsavel" referencia "auth_user".
E           HINT:  Trunque a tabela "tblusuarioresponsavel" ao mesmo tempo, ou use TRUNCATE ... CASCADE.

.venv\Lib\site-packages\psycopg\cursor.py:117: NotSupportedError

The above exception was the direct cause of the following exception:

request = <SubRequest '_django_db_helper' for <Function test_key_diferente_mesma_app_e_permitido>>
django_db_setup = None
django_db_blocker = <pytest_django.plugin.DjangoDbBlocker object at 0x0000028342085FD0>

    @pytest.fixture
    def _django_db_helper(
        request: pytest.FixtureRequest,
        django_db_setup: None,  # noqa: ARG001
        django_db_blocker: DjangoDbBlocker,
    ) -> Generator[None, None, None]:
        if is_django_unittest(request):
            yield
            return
    
        marker = request.node.get_closest_marker("django_db")
        if marker:
            (
                transactional,
                reset_sequences,
                databases,
                serialized_rollback,
                available_apps,
            ) = validate_django_db(marker)
        else:
            (
                transactional,
                reset_sequences,
                databases,
                serialized_rollback,
                available_apps,
            ) = False, False, None, False, None
    
        transactional = (
            transactional
            or reset_sequences
            or ("transactional_db" in request.fixturenames or "live_server" in request.fixturenames)
        )
        reset_sequences = reset_sequences or ("django_db_reset_sequences" in request.fixturenames)
        serialized_rollback = serialized_rollback or (
            "django_db_serialized_rollback" in request.fixturenames
        )
    
        with django_db_blocker.unblock():
            import django.db
            import django.test
    
            if transactional:
                test_case_class = django.test.TransactionTestCase
            else:
                test_case_class = django.test.TestCase
    
            _reset_sequences = reset_sequences
            _serialized_rollback = serialized_rollback
            _databases = databases
            _available_apps = available_apps
    
            class PytestDjangoTestCase(test_case_class):  # type: ignore[misc,valid-type]
                reset_sequences = _reset_sequences
                serialized_rollback = _serialized_rollback
                if _databases is not None:
                    databases = _databases
                if _available_apps is not None:
                    available_apps = _available_apps
    
                # For non-transactional tests, skip executing `django.test.TestCase`'s
                # `setUpClass`/`tearDownClass`, only execute the super class ones.
                #
                # `TestCase`'s class setup manages the `setUpTestData`/class-level
                # transaction functionality. We don't use it; instead we (will) offer
                # our own alternatives. So it only adds overhead, and does some things
                # which conflict with our (planned) functionality, particularly, it
                # closes all database connections in `tearDownClass` which inhibits
                # wrapping tests in higher-scoped transactions.
                #
                # It's possible a new version of Django will add some unrelated
                # functionality to these methods, in which case skipping them completely
                # would not be desirable. Let's cross that bridge when we get there...
                if not transactional:
    
                    @classmethod
                    def setUpClass(cls) -> None:
                        super(django.test.TestCase, cls).setUpClass()
    
                    @classmethod
                    def tearDownClass(cls) -> None:
                        super(django.test.TestCase, cls).tearDownClass()
    
            PytestDjangoTestCase.setUpClass()
    
            test_case = PytestDjangoTestCase(methodName="__init__")
            test_case._pre_setup()
    
            yield
    
>           test_case._post_teardown()

.venv\Lib\site-packages\pytest_django\fixtures.py:296: 
_ _ _ _ _ _ _ _ _ _ _ _ _ _ _ _ _ _ _ _ _ _ _ _ _ _ _ _ _ _ _ _ _ _ _ _ _ _ _ _
.venv\Lib\site-packages\django\test\testcases.py:1227: in _post_teardown
    self._fixture_teardown()
.venv\Lib\site-packages\django\test\testcases.py:1262: in _fixture_teardown
    call_command(
.venv\Lib\site-packages\django\core\management\__init__.py:194: in call_command
    return command.execute(*args, **defaults)
           ^^^^^^^^^^^^^^^^^^^^^^^^^^^^^^^^^^
.venv\Lib\site-packages\django\core\management\base.py:460: in execute
    output = self.handle(*args, **options)
             ^^^^^^^^^^^^^^^^^^^^^^^^^^^^^
_ _ _ _ _ _ _ _ _ _ _ _ _ _ _ _ _ _ _ _ _ _ _ _ _ _ _ _ _ _ _ _ _ _ _ _ _ _ _ _

self = <django.core.management.commands.flush.Command object at 0x0000028346D6DDF0>
options = {'allow_cascade': False, 'database': 'default', 'force_color': False, 'inhibit_post_migrate': False, ...}
database = 'default'
connection = <DatabaseWrapper vendor='postgresql' alias='default'>
verbosity = 0, interactive = False, reset_sequences = False
allow_cascade = False, inhibit_post_migrate = False

        def handle(self, **options):
            database = options["database"]
            connection = connections[database]
            verbosity = options["verbosity"]
            interactive = options["interactive"]
            # The following are stealth options used by Django's internals.
            reset_sequences = options.get("reset_sequences", True)
            allow_cascade = options.get("allow_cascade", False)
            inhibit_post_migrate = options.get("inhibit_post_migrate", False)
    
            self.style = no_style()
    
            # Import the 'management' module within each installed app, to register
            # dispatcher events.
            for app_config in apps.get_app_configs():
                try:
                    import_module(".management", app_config.name)
                except ImportError:
                    pass
    
            sql_list = sql_flush(
                self.style,
                connection,
                reset_sequences=reset_sequences,
                allow_cascade=allow_cascade,
            )
    
            if interactive:
                confirm = input(
                    """You have requested a flush of the database.
    This will IRREVERSIBLY DESTROY all data currently in the "%s" database,
    and return each table to an empty state.
    Are you sure you want to do this?
    
        Type 'yes' to continue, or 'no' to cancel: """
                    % connection.settings_dict["NAME"]
                )
            else:
                confirm = "yes"
    
            if confirm == "yes":
                try:
                    connection.ops.execute_sql_flush(sql_list)
                except Exception as exc:
>                   raise CommandError(
                        "Database %s couldn't be flushed. Possible reasons:\n"
                        "  * The database isn't running or isn't configured correctly.\n"
                        "  * At least one of the expected database tables doesn't exist.\n"
                        "  * The SQL was invalid.\n"
                        "Hint: Look at the output of 'django-admin sqlflush'. "
                        "That's the SQL this command wasn't able to run."
                        % (connection.settings_dict["NAME"],)
                    ) from exc
E                   django.core.management.base.CommandError: Database test_gpp_plataform couldn't be flushed. Possible reasons:
E                     * The database isn't running or isn't configured correctly.
E                     * At least one of the expected database tables doesn't exist.
E                     * The SQL was invalid.
E                   Hint: Look at the output of 'django-admin sqlflush'. That's the SQL this command wasn't able to run.

.venv\Lib\site-packages\django\core\management\commands\flush.py:76: CommandError
================================== FAILURES ===================================
_________ TestUserCreate.test_gestor_sem_permissao_criar_retorna_403 __________

self = <apps.accounts.tests.test_users.TestUserCreate object at 0x00000283445F9910>
client_gestor = <rest_framework.test.APIClient object at 0x000002834587EFC0>

    def test_gestor_sem_permissao_criar_retorna_403(self, client_gestor):
        resp = client_gestor.post(
            USERS_URL, _payload_usuario("forbidden"), format="json"
        )
>       assert resp.status_code == 403
E       assert 201 == 403
E        +  where 201 = <Response status_code=201, "application/json">.status_code

apps\accounts\tests\test_users.py:61: AssertionError
---------------------------- Captured stderr setup ----------------------------
2026-03-23 15:05:17,682 [INFO] gpp.security:48 | APP_REGISTRY_INVALIDATED
2026-03-23 15:05:17,682 [INFO] gpp.security:114 | APP_REGISTRY_INVALIDATED_BY_SIGNAL app=PORTAL
2026-03-23 15:05:17,683 [INFO] gpp.security:48 | APP_REGISTRY_INVALIDATED
2026-03-23 15:05:17,683 [INFO] gpp.security:114 | APP_REGISTRY_INVALIDATED_BY_SIGNAL app=ACOES_PNGI
2026-03-23 15:05:17,684 [INFO] gpp.security:48 | APP_REGISTRY_INVALIDATED
2026-03-23 15:05:17,684 [INFO] gpp.security:114 | APP_REGISTRY_INVALIDATED_BY_SIGNAL app=CARGA_ORG_LOT
2026-03-23 15:05:17,685 [INFO] gpp.security:48 | APP_REGISTRY_INVALIDATED
2026-03-23 15:05:17,685 [INFO] gpp.security:114 | APP_REGISTRY_INVALIDATED_BY_SIGNAL app=APP_BLOQUEADA
2026-03-23 15:05:17,686 [INFO] gpp.security:48 | APP_REGISTRY_INVALIDATED
2026-03-23 15:05:17,686 [INFO] gpp.security:114 | APP_REGISTRY_INVALIDATED_BY_SIGNAL app=APP_NAO_PRONTA
2026-03-23 15:05:18,015 [INFO] gpp.security:56 | CACHE_VERSION_BUMPED user_id=149
2026-03-23 15:05:18,016 [WARNING] gpp.security:69 | USERROLE_CHANGED user_id=149 role_id=2 app=ACOES_PNGI
2026-03-23 15:05:18,017 [INFO] gpp.security:64 | APP_REGISTRY_LOADED count=5
2026-03-23 15:05:18,017 [WARNING] gpp.security:38 | APP_CONTEXT_NONE path=/api/accounts/login/ ù application could not be resolved, leaving as None
2026-03-23 15:05:18,338 [INFO] gpp.security:153 | LOGIN_SUCCESS user_id=149 username=gestor_test app_context=ACOES_PNGI session_key=u6qjmunzklmzbyuhqhp2booi97yizvmr
----------------------------- Captured log setup ------------------------------
INFO     gpp.security:application_registry.py:48 APP_REGISTRY_INVALIDATED
INFO     gpp.security:signals.py:114 APP_REGISTRY_INVALIDATED_BY_SIGNAL app=PORTAL
INFO     gpp.security:application_registry.py:48 APP_REGISTRY_INVALIDATED
INFO     gpp.security:signals.py:114 APP_REGISTRY_INVALIDATED_BY_SIGNAL app=ACOES_PNGI
INFO     gpp.security:application_registry.py:48 APP_REGISTRY_INVALIDATED
INFO     gpp.security:signals.py:114 APP_REGISTRY_INVALIDATED_BY_SIGNAL app=CARGA_ORG_LOT
INFO     gpp.security:application_registry.py:48 APP_REGISTRY_INVALIDATED
INFO     gpp.security:signals.py:114 APP_REGISTRY_INVALIDATED_BY_SIGNAL app=APP_BLOQUEADA
INFO     gpp.security:application_registry.py:48 APP_REGISTRY_INVALIDATED
INFO     gpp.security:signals.py:114 APP_REGISTRY_INVALIDATED_BY_SIGNAL app=APP_NAO_PRONTA
INFO     gpp.security:signals.py:56 CACHE_VERSION_BUMPED user_id=149
WARNING  gpp.security:signals.py:69 USERROLE_CHANGED user_id=149 role_id=2 app=ACOES_PNGI
INFO     gpp.security:application_registry.py:64 APP_REGISTRY_LOADED count=5
WARNING  gpp.security:application_context.py:38 APP_CONTEXT_NONE path=/api/accounts/login/ ù application could not be resolved, leaving as None
INFO     gpp.security:views.py:153 LOGIN_SUCCESS user_id=149 username=gestor_test app_context=ACOES_PNGI session_key=u6qjmunzklmzbyuhqhp2booi97yizvmr
---------------------------- Captured stderr call -----------------------------
2026-03-23 15:05:18,342 [WARNING] gpp.security:38 | APP_CONTEXT_NONE path=/api/accounts/users/ ù application could not be resolved, leaving as None
2026-03-23 15:05:18,343 [INFO] gpp.security:116 | ROLES_LOADED user_id=149 app=none roles=['GESTOR_PNGI'] is_admin=False
2026-03-23 15:05:18,346 [INFO] gpp.security:70 | AUTHZ_USER_CREATE user_id=149 classificacao_id=2 classificacao=Gestor result=True
2026-03-23 15:05:18,666 [INFO] gpp.security:352 | USER_CREATED admin_id=149 new_user_id=150 username=novo_user_forbidden
------------------------------ Captured log call ------------------------------
WARNING  gpp.security:application_context.py:38 APP_CONTEXT_NONE path=/api/accounts/users/ ù application could not be resolved, leaving as None
INFO     gpp.security:role_context.py:116 ROLES_LOADED user_id=149 app=none roles=['GESTOR_PNGI'] is_admin=False
INFO     gpp.security:user_policy.py:70 AUTHZ_USER_CREATE user_id=149 classificacao_id=2 classificacao=Gestor result=True
INFO     gpp.security:views.py:352 USER_CREATED admin_id=149 new_user_id=150 username=novo_user_forbidden
_______ TestUserCreateWithRole.test_gestor_nao_pode_criar_user_com_role _______

self = <apps.accounts.tests.test_users.TestUserCreateWithRole object at 0x0000028344B04490>
client_gestor = <rest_framework.test.APIClient object at 0x00000283456599C0>

    def test_gestor_nao_pode_criar_user_com_role(self, client_gestor):
        resp = client_gestor.post(
            CREATE_ROLE_URL, self._payload_com_role("forbidden"), format="json"
        )
>       assert resp.status_code == 403
E       assert 201 == 403
E        +  where 201 = <Response status_code=201, "application/json">.status_code

apps\accounts\tests\test_users.py:153: AssertionError
---------------------------- Captured stderr setup ----------------------------
2026-03-23 15:05:24,232 [INFO] gpp.security:48 | APP_REGISTRY_INVALIDATED
2026-03-23 15:05:24,232 [INFO] gpp.security:114 | APP_REGISTRY_INVALIDATED_BY_SIGNAL app=PORTAL
2026-03-23 15:05:24,233 [INFO] gpp.security:48 | APP_REGISTRY_INVALIDATED
2026-03-23 15:05:24,233 [INFO] gpp.security:114 | APP_REGISTRY_INVALIDATED_BY_SIGNAL app=ACOES_PNGI
2026-03-23 15:05:24,235 [INFO] gpp.security:48 | APP_REGISTRY_INVALIDATED
2026-03-23 15:05:24,235 [INFO] gpp.security:114 | APP_REGISTRY_INVALIDATED_BY_SIGNAL app=CARGA_ORG_LOT
2026-03-23 15:05:24,236 [INFO] gpp.security:48 | APP_REGISTRY_INVALIDATED
2026-03-23 15:05:24,236 [INFO] gpp.security:114 | APP_REGISTRY_INVALIDATED_BY_SIGNAL app=APP_BLOQUEADA
2026-03-23 15:05:24,237 [INFO] gpp.security:48 | APP_REGISTRY_INVALIDATED
2026-03-23 15:05:24,237 [INFO] gpp.security:114 | APP_REGISTRY_INVALIDATED_BY_SIGNAL app=APP_NAO_PRONTA
2026-03-23 15:05:24,566 [INFO] gpp.security:56 | CACHE_VERSION_BUMPED user_id=161
2026-03-23 15:05:24,566 [WARNING] gpp.security:69 | USERROLE_CHANGED user_id=161 role_id=2 app=ACOES_PNGI
2026-03-23 15:05:24,568 [INFO] gpp.security:64 | APP_REGISTRY_LOADED count=5
2026-03-23 15:05:24,568 [WARNING] gpp.security:38 | APP_CONTEXT_NONE path=/api/accounts/login/ ù application could not be resolved, leaving as None
2026-03-23 15:05:24,885 [INFO] gpp.security:153 | LOGIN_SUCCESS user_id=161 username=gestor_test app_context=ACOES_PNGI session_key=ay0uouicz3ppxuu9dgl1vf5kfnpp8ko2
----------------------------- Captured log setup ------------------------------
INFO     gpp.security:application_registry.py:48 APP_REGISTRY_INVALIDATED
INFO     gpp.security:signals.py:114 APP_REGISTRY_INVALIDATED_BY_SIGNAL app=PORTAL
INFO     gpp.security:application_registry.py:48 APP_REGISTRY_INVALIDATED
INFO     gpp.security:signals.py:114 APP_REGISTRY_INVALIDATED_BY_SIGNAL app=ACOES_PNGI
INFO     gpp.security:application_registry.py:48 APP_REGISTRY_INVALIDATED
INFO     gpp.security:signals.py:114 APP_REGISTRY_INVALIDATED_BY_SIGNAL app=CARGA_ORG_LOT
INFO     gpp.security:application_registry.py:48 APP_REGISTRY_INVALIDATED
INFO     gpp.security:signals.py:114 APP_REGISTRY_INVALIDATED_BY_SIGNAL app=APP_BLOQUEADA
INFO     gpp.security:application_registry.py:48 APP_REGISTRY_INVALIDATED
INFO     gpp.security:signals.py:114 APP_REGISTRY_INVALIDATED_BY_SIGNAL app=APP_NAO_PRONTA
INFO     gpp.security:signals.py:56 CACHE_VERSION_BUMPED user_id=161
WARNING  gpp.security:signals.py:69 USERROLE_CHANGED user_id=161 role_id=2 app=ACOES_PNGI
INFO     gpp.security:application_registry.py:64 APP_REGISTRY_LOADED count=5
WARNING  gpp.security:application_context.py:38 APP_CONTEXT_NONE path=/api/accounts/login/ ù application could not be resolved, leaving as None
INFO     gpp.security:views.py:153 LOGIN_SUCCESS user_id=161 username=gestor_test app_context=ACOES_PNGI session_key=ay0uouicz3ppxuu9dgl1vf5kfnpp8ko2
---------------------------- Captured stderr call -----------------------------
2026-03-23 15:05:24,890 [WARNING] gpp.security:38 | APP_CONTEXT_NONE path=/api/accounts/users/create-with-role/ ù application could not be resolved, leaving as None
2026-03-23 15:05:24,891 [INFO] gpp.security:116 | ROLES_LOADED user_id=161 app=none roles=['GESTOR_PNGI'] is_admin=False
2026-03-23 15:05:24,894 [INFO] gpp.security:70 | AUTHZ_USER_CREATE user_id=161 classificacao_id=2 classificacao=Gestor result=True
2026-03-23 15:05:24,900 [INFO] gpp.security:70 | AUTHZ_USER_CREATE user_id=161 classificacao_id=2 classificacao=Gestor result=True
2026-03-23 15:05:24,901 [INFO] gpp.security:153 | AUTHZ_CREATE_IN_APP_ALLOW user_id=161 app=ACOES_PNGI reason=has_role_in_app
2026-03-23 15:05:25,214 [INFO] gpp.security:56 | CACHE_VERSION_BUMPED user_id=162
2026-03-23 15:05:25,214 [WARNING] gpp.security:69 | USERROLE_CHANGED user_id=162 role_id=4 app=ACOES_PNGI
2026-03-23 15:05:25,218 [INFO] gpp.security:407 | USER_CREATED_WITH_ROLE admin_id=161 new_user_id=162 role=OPERADOR_ACAO app=ACOES_PNGI perms_added=0
------------------------------ Captured log call ------------------------------
WARNING  gpp.security:application_context.py:38 APP_CONTEXT_NONE path=/api/accounts/users/create-with-role/ ù application could not be resolved, leaving as None
INFO     gpp.security:role_context.py:116 ROLES_LOADED user_id=161 app=none roles=['GESTOR_PNGI'] is_admin=False
INFO     gpp.security:user_policy.py:70 AUTHZ_USER_CREATE user_id=161 classificacao_id=2 classificacao=Gestor result=True
INFO     gpp.security:user_policy.py:70 AUTHZ_USER_CREATE user_id=161 classificacao_id=2 classificacao=Gestor result=True
INFO     gpp.security:user_policy.py:153 AUTHZ_CREATE_IN_APP_ALLOW user_id=161 app=ACOES_PNGI reason=has_role_in_app
INFO     gpp.security:signals.py:56 CACHE_VERSION_BUMPED user_id=162
WARNING  gpp.security:signals.py:69 USERROLE_CHANGED user_id=162 role_id=4 app=ACOES_PNGI
INFO     gpp.security:views.py:407 USER_CREATED_WITH_ROLE admin_id=161 new_user_id=162 role=OPERADOR_ACAO app=ACOES_PNGI perms_added=0
____________ TestUserProfilePatch.test_portal_admin_altera_status _____________

self = <apps.accounts.tests.test_users.TestUserProfilePatch object at 0x0000028344B045A0>
client_portal_admin = <rest_framework.test.APIClient object at 0x000002834549A200>
gestor_pngi = <User: gestor_test>

    def test_portal_admin_altera_status(
        self, client_portal_admin, gestor_pngi
    ):
        resp = client_portal_admin.patch(
            f"{PROFILES_URL}{gestor_pngi.pk}/",
            {"status_usuario": 2},
            format="json",
        )
>       assert resp.status_code == 200
E       assert 400 == 200
E        +  where 400 = <Response status_code=400, "application/json">.status_code

apps\accounts\tests\test_users.py:216: AssertionError
---------------------------- Captured stderr setup ----------------------------
2026-03-23 15:05:29,257 [INFO] gpp.security:48 | APP_REGISTRY_INVALIDATED
2026-03-23 15:05:29,257 [INFO] gpp.security:114 | APP_REGISTRY_INVALIDATED_BY_SIGNAL app=PORTAL
2026-03-23 15:05:29,258 [INFO] gpp.security:48 | APP_REGISTRY_INVALIDATED
2026-03-23 15:05:29,258 [INFO] gpp.security:114 | APP_REGISTRY_INVALIDATED_BY_SIGNAL app=ACOES_PNGI
2026-03-23 15:05:29,259 [INFO] gpp.security:48 | APP_REGISTRY_INVALIDATED
2026-03-23 15:05:29,259 [INFO] gpp.security:114 | APP_REGISTRY_INVALIDATED_BY_SIGNAL app=CARGA_ORG_LOT
2026-03-23 15:05:29,260 [INFO] gpp.security:48 | APP_REGISTRY_INVALIDATED
2026-03-23 15:05:29,260 [INFO] gpp.security:114 | APP_REGISTRY_INVALIDATED_BY_SIGNAL app=APP_BLOQUEADA
2026-03-23 15:05:29,261 [INFO] gpp.security:48 | APP_REGISTRY_INVALIDATED
2026-03-23 15:05:29,261 [INFO] gpp.security:114 | APP_REGISTRY_INVALIDATED_BY_SIGNAL app=APP_NAO_PRONTA
2026-03-23 15:05:29,590 [INFO] gpp.security:56 | CACHE_VERSION_BUMPED user_id=170
2026-03-23 15:05:29,590 [WARNING] gpp.security:69 | USERROLE_CHANGED user_id=170 role_id=1 app=PORTAL
2026-03-23 15:05:29,591 [INFO] gpp.security:64 | APP_REGISTRY_LOADED count=5
2026-03-23 15:05:29,592 [WARNING] gpp.security:38 | APP_CONTEXT_NONE path=/api/accounts/login/ ù application could not be resolved, leaving as None
2026-03-23 15:05:29,915 [INFO] gpp.security:153 | LOGIN_SUCCESS user_id=170 username=portal_admin_test app_context=PORTAL session_key=2xzj5ngygc5p2nq6umth70ztvlx76fgt
2026-03-23 15:05:30,232 [INFO] gpp.security:56 | CACHE_VERSION_BUMPED user_id=171
2026-03-23 15:05:30,232 [WARNING] gpp.security:69 | USERROLE_CHANGED user_id=171 role_id=2 app=ACOES_PNGI
----------------------------- Captured log setup ------------------------------
INFO     gpp.security:application_registry.py:48 APP_REGISTRY_INVALIDATED
INFO     gpp.security:signals.py:114 APP_REGISTRY_INVALIDATED_BY_SIGNAL app=PORTAL
INFO     gpp.security:application_registry.py:48 APP_REGISTRY_INVALIDATED
INFO     gpp.security:signals.py:114 APP_REGISTRY_INVALIDATED_BY_SIGNAL app=ACOES_PNGI
INFO     gpp.security:application_registry.py:48 APP_REGISTRY_INVALIDATED
INFO     gpp.security:signals.py:114 APP_REGISTRY_INVALIDATED_BY_SIGNAL app=CARGA_ORG_LOT
INFO     gpp.security:application_registry.py:48 APP_REGISTRY_INVALIDATED
INFO     gpp.security:signals.py:114 APP_REGISTRY_INVALIDATED_BY_SIGNAL app=APP_BLOQUEADA
INFO     gpp.security:application_registry.py:48 APP_REGISTRY_INVALIDATED
INFO     gpp.security:signals.py:114 APP_REGISTRY_INVALIDATED_BY_SIGNAL app=APP_NAO_PRONTA
INFO     gpp.security:signals.py:56 CACHE_VERSION_BUMPED user_id=170
WARNING  gpp.security:signals.py:69 USERROLE_CHANGED user_id=170 role_id=1 app=PORTAL
INFO     gpp.security:application_registry.py:64 APP_REGISTRY_LOADED count=5
WARNING  gpp.security:application_context.py:38 APP_CONTEXT_NONE path=/api/accounts/login/ ù application could not be resolved, leaving as None
INFO     gpp.security:views.py:153 LOGIN_SUCCESS user_id=170 username=portal_admin_test app_context=PORTAL session_key=2xzj5ngygc5p2nq6umth70ztvlx76fgt
INFO     gpp.security:signals.py:56 CACHE_VERSION_BUMPED user_id=171
WARNING  gpp.security:signals.py:69 USERROLE_CHANGED user_id=171 role_id=2 app=ACOES_PNGI
---------------------------- Captured stderr call -----------------------------
2026-03-23 15:05:30,235 [WARNING] gpp.security:38 | APP_CONTEXT_NONE path=/api/accounts/profiles/171/ ù application could not be resolved, leaving as None
2026-03-23 15:05:30,237 [INFO] gpp.security:116 | ROLES_LOADED user_id=170 app=none roles=['PORTAL_ADMIN'] is_admin=True
2026-03-23 15:05:30,238 [INFO] gpp.security:90 | AUTHZ_USER_EDIT user_id=170 reason=portal_admin
2026-03-23 15:05:30,239 [INFO] gpp.security:106 | AUTHZ_PROFILE_EDIT_ALLOW actor_id=170 target_user_id=171 reason=privileged
2026-03-23 15:05:30,239 [INFO] gpp.security:172 | AUTHZ_PROFILE_STATUS_ALLOW actor_id=170 target_user_id=171 reason=privileged
2026-03-23 15:05:30,242 [WARNING] django.request:248 | Bad Request: /api/accounts/profiles/171/
------------------------------ Captured log call ------------------------------
WARNING  gpp.security:application_context.py:38 APP_CONTEXT_NONE path=/api/accounts/profiles/171/ ù application could not be resolved, leaving as None
INFO     gpp.security:role_context.py:116 ROLES_LOADED user_id=170 app=none roles=['PORTAL_ADMIN'] is_admin=True
INFO     gpp.security:user_policy.py:90 AUTHZ_USER_EDIT user_id=170 reason=portal_admin
INFO     gpp.security:userprofile_policy.py:106 AUTHZ_PROFILE_EDIT_ALLOW actor_id=170 target_user_id=171 reason=privileged
INFO     gpp.security:userprofile_policy.py:172 AUTHZ_PROFILE_STATUS_ALLOW actor_id=170 target_user_id=171 reason=privileged
WARNING  django.request:log.py:248 Bad Request: /api/accounts/profiles/171/
______________ RoleContextMiddlewareTest.test_role_switch_logged ______________

self = <test_role_context_middleware.RoleContextMiddlewareTest testMethod=test_role_switch_logged>

    def test_role_switch_logged(self):
        """Caso 4: Troca de role detectada \u2192 ROLE_SWITCH logado."""
        mock_user = MagicMock()
        mock_user.id = 3
        new_roles = [_make_user_role("COORDENADOR_PNGI")]
        mock_app = MagicMock()
        mock_app.codigointerno = "ACOES_PNGI"
    
        request = self._make_request(user=mock_user, application=mock_app)
    
        def cache_side_effect(key):
            if "previous" in key:
                return ["GESTOR_PNGI"]  # role anterior diferente
            return None  # cache miss nas roles normais
    
        with patch("apps.core.middleware.role_context.cache") as mock_cache:
            mock_cache.get.side_effect = cache_side_effect
            with patch("apps.core.middleware.role_context.UserRole") as mock_ur_model:
                mock_qs = MagicMock()
                mock_qs.filter.return_value = mock_qs
                mock_qs.__or__ = lambda self, other: mock_qs
                mock_qs.distinct.return_value = new_roles
                mock_ur_model.objects.filter.return_value.select_related.return_value = mock_qs
                with self.assertLogs("gpp.security", level="INFO") as log_ctx:
                    self.middleware(request)
    
>       self.assertTrue(any("ROLE_SWITCH" in msg for msg in log_ctx.output))
E       AssertionError: False is not true

apps\core\tests\test_role_context_middleware.py:113: AssertionError
_______________ TestLogout.test_logout_revoga_accounts_session ________________

self = <apps.accounts.tests.test_auth_session.TestLogout object at 0x00000283449C3610>
client_gestor = <rest_framework.test.APIClient object at 0x0000028345498100>
gestor_pngi = <User: gestor_test>

    def test_logout_revoga_accounts_session(self, client_gestor, gestor_pngi):
        client_gestor.post(LOGOUT_URL, format="json")
>       assert not AccountsSession.objects.filter(
            user=gestor_pngi,
            revoked=False,
        ).exists()
E       assert not True
E        +  where True = exists()
E        +    where exists = <QuerySet [<AccountsSession: 176 - e5uoes6h6y360y9li9ks4baluq7teyx3 - ACOES_PNGI>, <AccountsSession: 176 - gu0b0dllfqrl9oyfx5k0zmw49mj4par9 - ACOES_PNGI>]>.exists
E        +      where <QuerySet [<AccountsSession: 176 - e5uoes6h6y360y9li9ks4baluq7teyx3 - ACOES_PNGI>, <AccountsSession: 176 - gu0b0dllfqrl9oyfx5k0zmw49mj4par9 - ACOES_PNGI>]> = filter(user=<User: gestor_test>, revoked=False)
E        +        where filter = <django.db.models.manager.Manager object at 0x0000028345758450>.filter
E        +          where <django.db.models.manager.Manager object at 0x0000028345758450> = AccountsSession.objects

apps\accounts\tests\test_auth_session.py:157: AssertionError
---------------------------- Captured stderr setup ----------------------------
2026-03-23 15:05:40,932 [WARNING] gpp.security:38 | APP_CONTEXT_NONE path=/api/accounts/login/ ù application could not be resolved, leaving as None
2026-03-23 15:05:41,256 [INFO] gpp.security:153 | LOGIN_SUCCESS user_id=176 username=gestor_test app_context=ACOES_PNGI session_key=idhbc1i9ur072rb2meobupmc4gknsdn9
----------------------------- Captured log setup ------------------------------
WARNING  gpp.security:application_context.py:38 APP_CONTEXT_NONE path=/api/accounts/login/ ù application could not be resolved, leaving as None
INFO     gpp.security:views.py:153 LOGIN_SUCCESS user_id=176 username=gestor_test app_context=ACOES_PNGI session_key=idhbc1i9ur072rb2meobupmc4gknsdn9
---------------------------- Captured stderr call -----------------------------
2026-03-23 15:05:41,260 [WARNING] gpp.security:38 | APP_CONTEXT_NONE path=/api/accounts/logout/ ù application could not be resolved, leaving as None
2026-03-23 15:05:41,261 [INFO] gpp.security:179 | LOGOUT user_id=176 session_key=idhbc1i9ur072rb2meobupmc4gknsdn9
------------------------------ Captured log call ------------------------------
WARNING  gpp.security:application_context.py:38 APP_CONTEXT_NONE path=/api/accounts/logout/ ù application could not be resolved, leaving as None
INFO     gpp.security:views.py:179 LOGOUT user_id=176 session_key=idhbc1i9ur072rb2meobupmc4gknsdn9
____________ TestSwitchApp.test_switch_app_revoga_session_anterior ____________

self = <apps.accounts.tests.test_auth_session.TestSwitchApp object at 0x00000283449C3890>
client_gestor = <rest_framework.test.APIClient object at 0x000002834565A6D0>
gestor_pngi = <User: gestor_test>

    def test_switch_app_revoga_session_anterior(
        self, client_gestor, gestor_pngi
    ):
        from apps.accounts.models import Role, UserRole
        role_carga = Role.objects.get(pk=6)
        UserRole.objects.get_or_create(
            user=gestor_pngi,
            role=role_carga,
            aplicacao=role_carga.aplicacao,
        )
        client_gestor.post(
            SWITCH_APP_URL, {"app_context": "CARGA_ORG_LOT"}, format="json"
        )
>       assert not AccountsSession.objects.filter(
            user=gestor_pngi,
            app_context="ACOES_PNGI",
            revoked=False,
        ).exists()
E       AssertionError: assert not True
E        +  where True = exists()
E        +    where exists = <QuerySet [<AccountsSession: 176 - e5uoes6h6y360y9li9ks4baluq7teyx3 - ACOES_PNGI>, <AccountsSession: 176 - gu0b0dllfqrl9oyfx5k0zmw49mj4par9 - ACOES_PNGI>]>.exists
E        +      where <QuerySet [<AccountsSession: 176 - e5uoes6h6y360y9li9ks4baluq7teyx3 - ACOES_PNGI>, <AccountsSession: 176 - gu0b0dllfqrl9oyfx5k0zmw49mj4par9 - ACOES_PNGI>]> = filter(user=<User: gestor_test>, app_context='ACOES_PNGI', revoked=False)
E        +        where filter = <django.db.models.manager.Manager object at 0x0000028345758450>.filter
E        +          where <django.db.models.manager.Manager object at 0x0000028345758450> = AccountsSession.objects

apps\accounts\tests\test_auth_session.py:204: AssertionError
---------------------------- Captured stderr setup ----------------------------
2026-03-23 15:05:42,486 [WARNING] gpp.security:38 | APP_CONTEXT_NONE path=/api/accounts/login/ ù application could not be resolved, leaving as None
2026-03-23 15:05:42,806 [INFO] gpp.security:153 | LOGIN_SUCCESS user_id=176 username=gestor_test app_context=ACOES_PNGI session_key=agiy7gfqzq8k81za97ajrkq7tjckdtzd
----------------------------- Captured log setup ------------------------------
WARNING  gpp.security:application_context.py:38 APP_CONTEXT_NONE path=/api/accounts/login/ ù application could not be resolved, leaving as None
INFO     gpp.security:views.py:153 LOGIN_SUCCESS user_id=176 username=gestor_test app_context=ACOES_PNGI session_key=agiy7gfqzq8k81za97ajrkq7tjckdtzd
---------------------------- Captured stderr call -----------------------------
2026-03-23 15:05:42,811 [WARNING] gpp.security:38 | APP_CONTEXT_NONE path=/api/accounts/switch-app/ ù application could not be resolved, leaving as None
2026-03-23 15:05:42,814 [INFO] gpp.security:269 | SWITCH_APP user_id=176 from_app=ACOES_PNGI to_app=CARGA_ORG_LOT session_key=agiy7gfqzq8k81za97ajrkq7tjckdtzd
------------------------------ Captured log call ------------------------------
WARNING  gpp.security:application_context.py:38 APP_CONTEXT_NONE path=/api/accounts/switch-app/ ù application could not be resolved, leaving as None
INFO     gpp.security:views.py:269 SWITCH_APP user_id=176 from_app=ACOES_PNGI to_app=CARGA_ORG_LOT session_key=agiy7gfqzq8k81za97ajrkq7tjckdtzd
____________ TestSwitchApp.test_switch_app_sem_acesso_retorna_403 _____________

self = <apps.accounts.tests.test_auth_session.TestSwitchApp object at 0x0000028344A510F0>
client_gestor = <rest_framework.test.APIClient object at 0x00000283456CAD00>

    def test_switch_app_sem_acesso_retorna_403(self, client_gestor):
        """Gestor nao tem role em CARGA_ORG_LOT -- deve receber 403."""
        resp = client_gestor.post(
            SWITCH_APP_URL, {"app_context": "CARGA_ORG_LOT"}, format="json"
        )
>       assert resp.status_code == 403
E       assert 200 == 403
E        +  where 200 = <Response status_code=200, "application/json">.status_code

apps\accounts\tests\test_auth_session.py:215: AssertionError
---------------------------- Captured stderr setup ----------------------------
2026-03-23 15:05:43,213 [WARNING] gpp.security:38 | APP_CONTEXT_NONE path=/api/accounts/login/ ù application could not be resolved, leaving as None
2026-03-23 15:05:43,532 [INFO] gpp.security:153 | LOGIN_SUCCESS user_id=176 username=gestor_test app_context=ACOES_PNGI session_key=9fylt468yu9ga160rzuhbdisa0w5qkr4
----------------------------- Captured log setup ------------------------------
WARNING  gpp.security:application_context.py:38 APP_CONTEXT_NONE path=/api/accounts/login/ ù application could not be resolved, leaving as None
INFO     gpp.security:views.py:153 LOGIN_SUCCESS user_id=176 username=gestor_test app_context=ACOES_PNGI session_key=9fylt468yu9ga160rzuhbdisa0w5qkr4
---------------------------- Captured stderr call -----------------------------
2026-03-23 15:05:43,536 [WARNING] gpp.security:38 | APP_CONTEXT_NONE path=/api/accounts/switch-app/ ù application could not be resolved, leaving as None
2026-03-23 15:05:43,541 [INFO] gpp.security:269 | SWITCH_APP user_id=176 from_app=ACOES_PNGI to_app=CARGA_ORG_LOT session_key=9fylt468yu9ga160rzuhbdisa0w5qkr4
------------------------------ Captured log call ------------------------------
WARNING  gpp.security:application_context.py:38 APP_CONTEXT_NONE path=/api/accounts/switch-app/ ù application could not be resolved, leaving as None
INFO     gpp.security:views.py:269 SWITCH_APP user_id=176 from_app=ACOES_PNGI to_app=CARGA_ORG_LOT session_key=9fylt468yu9ga160rzuhbdisa0w5qkr4
___ TestUserRoleConstraints.test_usuario_pode_ter_roles_em_apps_diferentes ____

self = <django.db.backends.utils.CursorWrapper object at 0x0000028346ED9250>
sql = 'INSERT INTO "accounts_userrole" ("user_id", "aplicacao_id", "role_id") VALUES (%s, %s, %s) RETURNING "accounts_userrole"."id"'
params = (176, 3, 6)
ignored_wrapper_args = (False, {'connection': <DatabaseWrapper vendor='postgresql' alias='default'>, 'cursor': <django.db.backends.utils.CursorWrapper object at 0x0000028346ED9250>})

    def _execute(self, sql, params, *ignored_wrapper_args):
        # Raise a warning during app initialization (stored_app_configs is only
        # ever set during testing).
        if not apps.ready and not apps.stored_app_configs:
            warnings.warn(self.APPS_NOT_READY_WARNING_MSG, category=RuntimeWarning)
        self.db.validate_no_broken_transaction()
        with self.db.wrap_database_errors:
            if params is None:
                # params default might be backend specific.
                return self.cursor.execute(sql)
            else:
>               return self.cursor.execute(sql, params)
                       ^^^^^^^^^^^^^^^^^^^^^^^^^^^^^^^^

.venv\Lib\site-packages\django\db\backends\utils.py:105: 
_ _ _ _ _ _ _ _ _ _ _ _ _ _ _ _ _ _ _ _ _ _ _ _ _ _ _ _ _ _ _ _ _ _ _ _ _ _ _ _

self = <django.db.backends.postgresql.base.Cursor [closed] [IDLE] (host=localhost user=postgres database=test_gpp_plataform) at 0x283471c1300>
query = 'INSERT INTO "accounts_userrole" ("user_id", "aplicacao_id", "role_id") VALUES (%s, %s, %s) RETURNING "accounts_userrole"."id"'
params = (176, 3, 6)

    def execute(
        self,
        query: Query,
        params: Params | None = None,
        *,
        prepare: bool | None = None,
        binary: bool | None = None,
    ) -> Self:
        """
        Execute a query or command to the database.
        """
        try:
            with self._conn.lock:
                self._conn.wait(
                    self._execute_gen(query, params, prepare=prepare, binary=binary)
                )
        except e._NO_TRACEBACK as ex:
>           raise ex.with_traceback(None)
E           psycopg.errors.UniqueViolation: duplicar valor da chave viola a restriþÒo de unicidade "uq_userrole_user_aplicacao"
E           DETAIL:  Chave (user_id, aplicacao_id)=(176, 3) jß existe.

.venv\Lib\site-packages\psycopg\cursor.py:117: UniqueViolation

The above exception was the direct cause of the following exception:

self = <apps.accounts.tests.test_constraints.TestUserRoleConstraints object at 0x0000028344AD1090>
db = None, gestor_pngi = <User: gestor_test>

    def test_usuario_pode_ter_roles_em_apps_diferentes(
        self, db, gestor_pngi
    ):
        app_carga = Aplicacao.objects.get(codigointerno="CARGA_ORG_LOT")
        role_carga = Role.objects.get(codigoperfil="GESTOR_CARGA")
>       ur = UserRole.objects.create(
            user=gestor_pngi,
            role=role_carga,
            aplicacao=app_carga,
        )

apps\accounts\tests\test_constraints.py:67: 
_ _ _ _ _ _ _ _ _ _ _ _ _ _ _ _ _ _ _ _ _ _ _ _ _ _ _ _ _ _ _ _ _ _ _ _ _ _ _ _
.venv\Lib\site-packages\django\db\models\manager.py:87: in manager_method
    return getattr(self.get_queryset(), name)(*args, **kwargs)
           ^^^^^^^^^^^^^^^^^^^^^^^^^^^^^^^^^^^^^^^^^^^^^^^^^^^
.venv\Lib\site-packages\django\db\models\query.py:663: in create
    obj.save(force_insert=True, using=self.db)
.venv\Lib\site-packages\django\db\models\base.py:902: in save
    self.save_base(
.venv\Lib\site-packages\django\db\models\base.py:1008: in save_base
    updated = self._save_table(
.venv\Lib\site-packages\django\db\models\base.py:1169: in _save_table
    results = self._do_insert(
.venv\Lib\site-packages\django\db\models\base.py:1210: in _do_insert
    return manager._insert(
.venv\Lib\site-packages\django\db\models\manager.py:87: in manager_method
    return getattr(self.get_queryset(), name)(*args, **kwargs)
           ^^^^^^^^^^^^^^^^^^^^^^^^^^^^^^^^^^^^^^^^^^^^^^^^^^^
.venv\Lib\site-packages\django\db\models\query.py:1854: in _insert
    return query.get_compiler(using=using).execute_sql(returning_fields)
           ^^^^^^^^^^^^^^^^^^^^^^^^^^^^^^^^^^^^^^^^^^^^^^^^^^^^^^^^^^^^^
.venv\Lib\site-packages\django\db\models\sql\compiler.py:1881: in execute_sql
    cursor.execute(sql, params)
.venv\Lib\site-packages\django\db\backends\utils.py:79: in execute
    return self._execute_with_wrappers(
.venv\Lib\site-packages\django\db\backends\utils.py:92: in _execute_with_wrappers
    return executor(sql, params, many, context)
           ^^^^^^^^^^^^^^^^^^^^^^^^^^^^^^^^^^^^
.venv\Lib\site-packages\django\db\backends\utils.py:100: in _execute
    with self.db.wrap_database_errors:
         ^^^^^^^^^^^^^^^^^^^^^^^^^^^^
.venv\Lib\site-packages\django\db\utils.py:91: in __exit__
    raise dj_exc_value.with_traceback(traceback) from exc_value
.venv\Lib\site-packages\django\db\backends\utils.py:105: in _execute
    return self.cursor.execute(sql, params)
           ^^^^^^^^^^^^^^^^^^^^^^^^^^^^^^^^
_ _ _ _ _ _ _ _ _ _ _ _ _ _ _ _ _ _ _ _ _ _ _ _ _ _ _ _ _ _ _ _ _ _ _ _ _ _ _ _

self = <django.db.backends.postgresql.base.Cursor [closed] [IDLE] (host=localhost user=postgres database=test_gpp_plataform) at 0x283471c1300>
query = 'INSERT INTO "accounts_userrole" ("user_id", "aplicacao_id", "role_id") VALUES (%s, %s, %s) RETURNING "accounts_userrole"."id"'
params = (176, 3, 6)

    def execute(
        self,
        query: Query,
        params: Params | None = None,
        *,
        prepare: bool | None = None,
        binary: bool | None = None,
    ) -> Self:
        """
        Execute a query or command to the database.
        """
        try:
            with self._conn.lock:
                self._conn.wait(
                    self._execute_gen(query, params, prepare=prepare, binary=binary)
                )
        except e._NO_TRACEBACK as ex:
>           raise ex.with_traceback(None)
E           django.db.utils.IntegrityError: duplicar valor da chave viola a restriþÒo de unicidade "uq_userrole_user_aplicacao"
E           DETAIL:  Chave (user_id, aplicacao_id)=(176, 3) jß existe.

.venv\Lib\site-packages\psycopg\cursor.py:117: IntegrityError
____ TestAttributeConstraints.test_mesma_key_em_app_diferente_e_permitido _____

self = <django.db.backends.utils.CursorWrapper object at 0x0000028345120650>
sql = 'INSERT INTO "accounts_attribute" ("user_id", "aplicacao_id", "key", "value") VALUES (%s, %s, %s, %s) RETURNING "accounts_attribute"."id"'
params = (176, 2, 'orgao', 'SPU')
ignored_wrapper_args = (False, {'connection': <DatabaseWrapper vendor='postgresql' alias='default'>, 'cursor': <django.db.backends.utils.CursorWrapper object at 0x0000028345120650>})

    def _execute(self, sql, params, *ignored_wrapper_args):
        # Raise a warning during app initialization (stored_app_configs is only
        # ever set during testing).
        if not apps.ready and not apps.stored_app_configs:
            warnings.warn(self.APPS_NOT_READY_WARNING_MSG, category=RuntimeWarning)
        self.db.validate_no_broken_transaction()
        with self.db.wrap_database_errors:
            if params is None:
                # params default might be backend specific.
                return self.cursor.execute(sql)
            else:
>               return self.cursor.execute(sql, params)
                       ^^^^^^^^^^^^^^^^^^^^^^^^^^^^^^^^

.venv\Lib\site-packages\django\db\backends\utils.py:105: 
_ _ _ _ _ _ _ _ _ _ _ _ _ _ _ _ _ _ _ _ _ _ _ _ _ _ _ _ _ _ _ _ _ _ _ _ _ _ _ _

self = <django.db.backends.postgresql.base.Cursor [closed] [IDLE] (host=localhost user=postgres database=test_gpp_plataform) at 0x28346ef0460>
query = 'INSERT INTO "accounts_attribute" ("user_id", "aplicacao_id", "key", "value") VALUES (%s, %s, %s, %s) RETURNING "accounts_attribute"."id"'
params = (176, 2, 'orgao', 'SPU')

    def execute(
        self,
        query: Query,
        params: Params | None = None,
        *,
        prepare: bool | None = None,
        binary: bool | None = None,
    ) -> Self:
        """
        Execute a query or command to the database.
        """
        try:
            with self._conn.lock:
                self._conn.wait(
                    self._execute_gen(query, params, prepare=prepare, binary=binary)
                )
        except e._NO_TRACEBACK as ex:
>           raise ex.with_traceback(None)
E           psycopg.errors.UniqueViolation: duplicar valor da chave viola a restriþÒo de unicidade "uq_attribute_user_aplicacao_key"
E           DETAIL:  Chave (user_id, aplicacao_id, key)=(176, 2, orgao) jß existe.

.venv\Lib\site-packages\psycopg\cursor.py:117: UniqueViolation

The above exception was the direct cause of the following exception:

self = <apps.accounts.tests.test_constraints.TestAttributeConstraints object at 0x0000028344AD1310>
db = None, gestor_pngi = <User: gestor_test>

    def test_mesma_key_em_app_diferente_e_permitido(self, db, gestor_pngi):
        try:
            from apps.accounts.models import Attribute
        except ImportError:
            pytest.skip("Model Attribute nao existe nesta versao")
        app_pngi = Aplicacao.objects.get(codigointerno="ACOES_PNGI")
        app_carga = Aplicacao.objects.get(codigointerno="CARGA_ORG_LOT")
>       Attribute.objects.create(
            user=gestor_pngi, aplicacao=app_pngi, key="orgao", value="SPU"
        )

apps\accounts\tests\test_constraints.py:101: 
_ _ _ _ _ _ _ _ _ _ _ _ _ _ _ _ _ _ _ _ _ _ _ _ _ _ _ _ _ _ _ _ _ _ _ _ _ _ _ _
.venv\Lib\site-packages\django\db\models\manager.py:87: in manager_method
    return getattr(self.get_queryset(), name)(*args, **kwargs)
           ^^^^^^^^^^^^^^^^^^^^^^^^^^^^^^^^^^^^^^^^^^^^^^^^^^^
.venv\Lib\site-packages\django\db\models\query.py:663: in create
    obj.save(force_insert=True, using=self.db)
.venv\Lib\site-packages\django\db\models\base.py:902: in save
    self.save_base(
.venv\Lib\site-packages\django\db\models\base.py:1008: in save_base
    updated = self._save_table(
.venv\Lib\site-packages\django\db\models\base.py:1169: in _save_table
    results = self._do_insert(
.venv\Lib\site-packages\django\db\models\base.py:1210: in _do_insert
    return manager._insert(
.venv\Lib\site-packages\django\db\models\manager.py:87: in manager_method
    return getattr(self.get_queryset(), name)(*args, **kwargs)
           ^^^^^^^^^^^^^^^^^^^^^^^^^^^^^^^^^^^^^^^^^^^^^^^^^^^
.venv\Lib\site-packages\django\db\models\query.py:1854: in _insert
    return query.get_compiler(using=using).execute_sql(returning_fields)
           ^^^^^^^^^^^^^^^^^^^^^^^^^^^^^^^^^^^^^^^^^^^^^^^^^^^^^^^^^^^^^
.venv\Lib\site-packages\django\db\models\sql\compiler.py:1881: in execute_sql
    cursor.execute(sql, params)
.venv\Lib\site-packages\django\db\backends\utils.py:79: in execute
    return self._execute_with_wrappers(
.venv\Lib\site-packages\django\db\backends\utils.py:92: in _execute_with_wrappers
    return executor(sql, params, many, context)
           ^^^^^^^^^^^^^^^^^^^^^^^^^^^^^^^^^^^^
.venv\Lib\site-packages\django\db\backends\utils.py:100: in _execute
    with self.db.wrap_database_errors:
         ^^^^^^^^^^^^^^^^^^^^^^^^^^^^
.venv\Lib\site-packages\django\db\utils.py:91: in __exit__
    raise dj_exc_value.with_traceback(traceback) from exc_value
.venv\Lib\site-packages\django\db\backends\utils.py:105: in _execute
    return self.cursor.execute(sql, params)
           ^^^^^^^^^^^^^^^^^^^^^^^^^^^^^^^^
_ _ _ _ _ _ _ _ _ _ _ _ _ _ _ _ _ _ _ _ _ _ _ _ _ _ _ _ _ _ _ _ _ _ _ _ _ _ _ _

self = <django.db.backends.postgresql.base.Cursor [closed] [IDLE] (host=localhost user=postgres database=test_gpp_plataform) at 0x28346ef0460>
query = 'INSERT INTO "accounts_attribute" ("user_id", "aplicacao_id", "key", "value") VALUES (%s, %s, %s, %s) RETURNING "accounts_attribute"."id"'
params = (176, 2, 'orgao', 'SPU')

    def execute(
        self,
        query: Query,
        params: Params | None = None,
        *,
        prepare: bool | None = None,
        binary: bool | None = None,
    ) -> Self:
        """
        Execute a query or command to the database.
        """
        try:
            with self._conn.lock:
                self._conn.wait(
                    self._execute_gen(query, params, prepare=prepare, binary=binary)
                )
        except e._NO_TRACEBACK as ex:
>           raise ex.with_traceback(None)
E           django.db.utils.IntegrityError: duplicar valor da chave viola a restriþÒo de unicidade "uq_attribute_user_aplicacao_key"
E           DETAIL:  Chave (user_id, aplicacao_id, key)=(176, 2, orgao) jß existe.

.venv\Lib\site-packages\psycopg\cursor.py:117: IntegrityError
______ TestAttributeConstraints.test_key_diferente_mesma_app_e_permitido ______

self = <django.db.backends.utils.CursorWrapper object at 0x0000028346D6EF30>
sql = 'INSERT INTO "accounts_attribute" ("user_id", "aplicacao_id", "key", "value") VALUES (%s, %s, %s, %s) RETURNING "accounts_attribute"."id"'
params = (176, 2, 'orgao', 'SPU')
ignored_wrapper_args = (False, {'connection': <DatabaseWrapper vendor='postgresql' alias='default'>, 'cursor': <django.db.backends.utils.CursorWrapper object at 0x0000028346D6EF30>})

    def _execute(self, sql, params, *ignored_wrapper_args):
        # Raise a warning during app initialization (stored_app_configs is only
        # ever set during testing).
        if not apps.ready and not apps.stored_app_configs:
            warnings.warn(self.APPS_NOT_READY_WARNING_MSG, category=RuntimeWarning)
        self.db.validate_no_broken_transaction()
        with self.db.wrap_database_errors:
            if params is None:
                # params default might be backend specific.
                return self.cursor.execute(sql)
            else:
>               return self.cursor.execute(sql, params)
                       ^^^^^^^^^^^^^^^^^^^^^^^^^^^^^^^^

.venv\Lib\site-packages\django\db\backends\utils.py:105: 
_ _ _ _ _ _ _ _ _ _ _ _ _ _ _ _ _ _ _ _ _ _ _ _ _ _ _ _ _ _ _ _ _ _ _ _ _ _ _ _

self = <django.db.backends.postgresql.base.Cursor [closed] [IDLE] (host=localhost user=postgres database=test_gpp_plataform) at 0x2834701fad0>
query = 'INSERT INTO "accounts_attribute" ("user_id", "aplicacao_id", "key", "value") VALUES (%s, %s, %s, %s) RETURNING "accounts_attribute"."id"'
params = (176, 2, 'orgao', 'SPU')

    def execute(
        self,
        query: Query,
        params: Params | None = None,
        *,
        prepare: bool | None = None,
        binary: bool | None = None,
    ) -> Self:
        """
        Execute a query or command to the database.
        """
        try:
            with self._conn.lock:
                self._conn.wait(
                    self._execute_gen(query, params, prepare=prepare, binary=binary)
                )
        except e._NO_TRACEBACK as ex:
>           raise ex.with_traceback(None)
E           psycopg.errors.UniqueViolation: duplicar valor da chave viola a restriþÒo de unicidade "uq_attribute_user_aplicacao_key"
E           DETAIL:  Chave (user_id, aplicacao_id, key)=(176, 2, orgao) jß existe.

.venv\Lib\site-packages\psycopg\cursor.py:117: UniqueViolation

The above exception was the direct cause of the following exception:

self = <apps.accounts.tests.test_constraints.TestAttributeConstraints object at 0x0000028344A52190>
db = None, gestor_pngi = <User: gestor_test>

    def test_key_diferente_mesma_app_e_permitido(self, db, gestor_pngi):
        try:
            from apps.accounts.models import Attribute
        except ImportError:
            pytest.skip("Model Attribute nao existe nesta versao")
        app = Aplicacao.objects.get(codigointerno="ACOES_PNGI")
>       Attribute.objects.create(
            user=gestor_pngi, aplicacao=app, key="orgao", value="SPU"
        )

apps\accounts\tests\test_constraints.py:115: 
_ _ _ _ _ _ _ _ _ _ _ _ _ _ _ _ _ _ _ _ _ _ _ _ _ _ _ _ _ _ _ _ _ _ _ _ _ _ _ _
.venv\Lib\site-packages\django\db\models\manager.py:87: in manager_method
    return getattr(self.get_queryset(), name)(*args, **kwargs)
           ^^^^^^^^^^^^^^^^^^^^^^^^^^^^^^^^^^^^^^^^^^^^^^^^^^^
.venv\Lib\site-packages\django\db\models\query.py:663: in create
    obj.save(force_insert=True, using=self.db)
.venv\Lib\site-packages\django\db\models\base.py:902: in save
    self.save_base(
.venv\Lib\site-packages\django\db\models\base.py:1008: in save_base
    updated = self._save_table(
.venv\Lib\site-packages\django\db\models\base.py:1169: in _save_table
    results = self._do_insert(
.venv\Lib\site-packages\django\db\models\base.py:1210: in _do_insert
    return manager._insert(
.venv\Lib\site-packages\django\db\models\manager.py:87: in manager_method
    return getattr(self.get_queryset(), name)(*args, **kwargs)
           ^^^^^^^^^^^^^^^^^^^^^^^^^^^^^^^^^^^^^^^^^^^^^^^^^^^
.venv\Lib\site-packages\django\db\models\query.py:1854: in _insert
    return query.get_compiler(using=using).execute_sql(returning_fields)
           ^^^^^^^^^^^^^^^^^^^^^^^^^^^^^^^^^^^^^^^^^^^^^^^^^^^^^^^^^^^^^
.venv\Lib\site-packages\django\db\models\sql\compiler.py:1881: in execute_sql
    cursor.execute(sql, params)
.venv\Lib\site-packages\django\db\backends\utils.py:79: in execute
    return self._execute_with_wrappers(
.venv\Lib\site-packages\django\db\backends\utils.py:92: in _execute_with_wrappers
    return executor(sql, params, many, context)
           ^^^^^^^^^^^^^^^^^^^^^^^^^^^^^^^^^^^^
.venv\Lib\site-packages\django\db\backends\utils.py:100: in _execute
    with self.db.wrap_database_errors:
         ^^^^^^^^^^^^^^^^^^^^^^^^^^^^
.venv\Lib\site-packages\django\db\utils.py:91: in __exit__
    raise dj_exc_value.with_traceback(traceback) from exc_value
.venv\Lib\site-packages\django\db\backends\utils.py:105: in _execute
    return self.cursor.execute(sql, params)
           ^^^^^^^^^^^^^^^^^^^^^^^^^^^^^^^^
_ _ _ _ _ _ _ _ _ _ _ _ _ _ _ _ _ _ _ _ _ _ _ _ _ _ _ _ _ _ _ _ _ _ _ _ _ _ _ _

self = <django.db.backends.postgresql.base.Cursor [closed] [IDLE] (host=localhost user=postgres database=test_gpp_plataform) at 0x2834701fad0>
query = 'INSERT INTO "accounts_attribute" ("user_id", "aplicacao_id", "key", "value") VALUES (%s, %s, %s, %s) RETURNING "accounts_attribute"."id"'
params = (176, 2, 'orgao', 'SPU')

    def execute(
        self,
        query: Query,
        params: Params | None = None,
        *,
        prepare: bool | None = None,
        binary: bool | None = None,
    ) -> Self:
        """
        Execute a query or command to the database.
        """
        try:
            with self._conn.lock:
                self._conn.wait(
                    self._execute_gen(query, params, prepare=prepare, binary=binary)
                )
        except e._NO_TRACEBACK as ex:
>           raise ex.with_traceback(None)
E           django.db.utils.IntegrityError: duplicar valor da chave viola a restriþÒo de unicidade "uq_attribute_user_aplicacao_key"
E           DETAIL:  Chave (user_id, aplicacao_id, key)=(176, 2, orgao) jß existe.

.venv\Lib\site-packages\psycopg\cursor.py:117: IntegrityError
=========================== short test summary info ===========================
FAILED apps/accounts/tests/test_users.py::TestUserCreate::test_gestor_sem_permissao_criar_retorna_403
FAILED apps/accounts/tests/test_users.py::TestUserCreateWithRole::test_gestor_nao_pode_criar_user_com_role
FAILED apps/accounts/tests/test_users.py::TestUserProfilePatch::test_portal_admin_altera_status
FAILED apps/core/tests/test_role_context_middleware.py::RoleContextMiddlewareTest::test_role_switch_logged
FAILED apps/accounts/tests/test_auth_session.py::TestLogout::test_logout_revoga_accounts_session
FAILED apps/accounts/tests/test_auth_session.py::TestSwitchApp::test_switch_app_revoga_session_anterior
FAILED apps/accounts/tests/test_auth_session.py::TestSwitchApp::test_switch_app_sem_acesso_retorna_403
FAILED apps/accounts/tests/test_constraints.py::TestUserRoleConstraints::test_usuario_pode_ter_roles_em_apps_diferentes
FAILED apps/accounts/tests/test_constraints.py::TestAttributeConstraints::test_mesma_key_em_app_diferente_e_permitido
FAILED apps/accounts/tests/test_constraints.py::TestAttributeConstraints::test_key_diferente_mesma_app_e_permitido
ERROR apps/accounts/tests/test_auth_session.py::TestLogin::test_login_sucesso_acoes_pngi
ERROR apps/accounts/tests/test_auth_session.py::TestLogin::test_login_cria_accounts_session
ERROR apps/accounts/tests/test_auth_session.py::TestLogin::test_login_credenciais_invalidas
ERROR apps/accounts/tests/test_auth_session.py::TestLogin::test_login_campos_ausentes_retorna_400
ERROR apps/accounts/tests/test_auth_session.py::TestLogin::test_login_app_context_inexistente
ERROR apps/accounts/tests/test_auth_session.py::TestLogin::test_login_usuario_sem_role_na_app
ERROR apps/accounts/tests/test_auth_session.py::TestLogin::test_login_portal_rejeita_usuario_comum
ERROR apps/accounts/tests/test_auth_session.py::TestLogin::test_login_portal_admin_acessa_portal
ERROR apps/accounts/tests/test_auth_session.py::TestLogin::test_login_superuser_acessa_portal
ERROR apps/accounts/tests/test_auth_session.py::TestLogin::test_login_coordenador_pngi
ERROR apps/accounts/tests/test_auth_session.py::TestLogin::test_login_operador_acao
ERROR apps/accounts/tests/test_auth_session.py::TestLogin::test_login_gestor_carga
ERROR apps/accounts/tests/test_auth_session.py::TestLogout::test_logout_retorna_200
ERROR apps/accounts/tests/test_auth_session.py::TestLogout::test_logout_revoga_accounts_session
ERROR apps/accounts/tests/test_auth_session.py::TestLogout::test_logout_sem_autenticacao_retorna_401_ou_403
ERROR apps/accounts/tests/test_auth_session.py::TestSwitchApp::test_switch_app_cria_nova_session
ERROR apps/accounts/tests/test_auth_session.py::TestSwitchApp::test_switch_app_revoga_session_anterior
ERROR apps/accounts/tests/test_auth_session.py::TestSwitchApp::test_switch_app_sem_acesso_retorna_403
ERROR apps/accounts/tests/test_auth_session.py::TestSwitchApp::test_switch_app_invalida_retorna_403
ERROR apps/accounts/tests/test_auth_session.py::TestSwitchApp::test_switch_app_sem_autenticacao_retorna_401_ou_403
ERROR apps/accounts/tests/test_auth_session.py::TestMeView::test_me_retorna_200
ERROR apps/accounts/tests/test_auth_session.py::TestMeView::test_me_retorna_username_correto
ERROR apps/accounts/tests/test_auth_session.py::TestMeView::test_me_contem_campo_roles_ou_user_roles
ERROR apps/accounts/tests/test_auth_session.py::TestMeView::test_me_coordenador_retorna_dados_corretos
ERROR apps/accounts/tests/test_auth_session.py::TestMeView::test_me_nao_autenticado_retorna_401_ou_403
ERROR apps/accounts/tests/test_constraints.py::TestRoleConstraints::test_codigoperfil_duplicado_mesma_app_gera_integrity_error
ERROR apps/accounts/tests/test_constraints.py::TestRoleConstraints::test_mesmo_codigoperfil_em_apps_diferentes_e_permitido
ERROR apps/accounts/tests/test_constraints.py::TestUserRoleConstraints::test_usuario_com_dois_roles_mesma_app_gera_integrity_error
ERROR apps/accounts/tests/test_constraints.py::TestUserRoleConstraints::test_usuario_pode_ter_roles_em_apps_diferentes
ERROR apps/accounts/tests/test_constraints.py::TestAttributeConstraints::test_atributo_duplicado_gera_integrity_error
ERROR apps/accounts/tests/test_constraints.py::TestAttributeConstraints::test_mesma_key_em_app_diferente_e_permitido
ERROR apps/accounts/tests/test_constraints.py::TestAttributeConstraints::test_key_diferente_mesma_app_e_permitido
====== 10 failed, 336 passed, 1 skipped, 32 errors in 106.61s (0:01:46) =======
